NODE_ENV=test ./node_modules/.bin/db-migrate \
	--migrations-dir=./src/migrations \
	--config=config/database.js \
	-e api \
	reset
[INFO] Processed migration 20160221144552-order-product
[INFO] Processed migration 20160211095720-order
[INFO] Processed migration 20160211094942-product
[INFO] Processed migration 20160119145322-user
[INFO] Done
NODE_ENV=test ./node_modules/.bin/db-migrate \
	--migrations-dir=./src/migrations \
	--config=config/database.js \
	-e api \
	up
[INFO] Processed migration 20160119145322-user
[INFO] Processed migration 20160211094942-product
[INFO] Processed migration 20160211095720-order
[INFO] Processed migration 20160221144552-order-product
[INFO] Done
NODE_ENV=test NODE_PORT=3010 ./node_modules/.bin/mocha \
	--require=reify \
	--require=async-to-gen/register \
	--recursive \
	./src/api/e2e


  /api/orders
    GET
      1) should return all connected user's orders


  0 passing (2s)
  1 failing

  1) /api/orders GET should return all connected user's orders:
     Error: timeout of 2000ms exceeded. Ensure the done() callback is being called in this test.
  



makefile:174 : la recette pour la cible « test-api-functional » a échouée
NODE_ENV=test ./node_modules/.bin/db-migrate \
	--migrations-dir=./src/migrations \
	--config=config/database.js \
	-e api \
	reset
[INFO] Processed migration 20160221144552-order-product
[INFO] Processed migration 20160211095720-order
[INFO] Processed migration 20160211094942-product
[INFO] Processed migration 20160119145322-user
[INFO] Done
NODE_ENV=test ./node_modules/.bin/db-migrate \
	--migrations-dir=./src/migrations \
	--config=config/database.js \
	-e api \
	up
[INFO] Processed migration 20160119145322-user
[INFO] Processed migration 20160211094942-product
[INFO] Processed migration 20160211095720-order
[INFO] Processed migration 20160221144552-order-product
[INFO] Done
NODE_ENV=test NODE_PORT=3010 ./node_modules/.bin/mocha \
	--require=reify \
	--require=async-to-gen/register \
	--recursive \
	./src/api/e2e


  /api/orders
    GET
{ error: 
   RangeError: Maximum call stack size exceeded
       at Object.userId [as selectByUserId] (/home/gildas/projects/marmelab/javascript-boilerplate/src/api/orders/orderRepository.js:24:60)
       at Object.userId [as selectByUserId] (/home/gildas/projects/marmelab/javascript-boilerplate/src/api/orders/orderRepository.js:24:61)
       at Object.userId [as selectByUserId] (/home/gildas/projects/marmelab/javascript-boilerplate/src/api/orders/orderRepository.js:24:61)
       at Object.userId [as selectByUserId] (/home/gildas/projects/marmelab/javascript-boilerplate/src/api/orders/orderRepository.js:24:61)
       at Object.userId [as selectByUserId] (/home/gildas/projects/marmelab/javascript-boilerplate/src/api/orders/orderRepository.js:24:61)
       at Object.userId [as selectByUserId] (/home/gildas/projects/marmelab/javascript-boilerplate/src/api/orders/orderRepository.js:24:61)
       at Object.userId [as selectByUserId] (/home/gildas/projects/marmelab/javascript-boilerplate/src/api/orders/orderRepository.js:24:61)
       at Object.userId [as selectByUserId] (/home/gildas/projects/marmelab/javascript-boilerplate/src/api/orders/orderRepository.js:24:61)
       at Object.userId [as selectByUserId] (/home/gildas/projects/marmelab/javascript-boilerplate/src/api/orders/orderRepository.js:24:61)
       at Object.userId [as selectByUserId] (/home/gildas/projects/marmelab/javascript-boilerplate/src/api/orders/orderRepository.js:24:61)
       at Object.userId [as selectByUserId] (/home/gildas/projects/marmelab/javascript-boilerplate/src/api/orders/orderRepository.js:24:61)
       at Object.userId [as selectByUserId] (/home/gildas/projects/marmelab/javascript-boilerplate/src/api/orders/orderRepository.js:24:61)
       at Object.userId [as selectByUserId] (/home/gildas/projects/marmelab/javascript-boilerplate/src/api/orders/orderRepository.js:24:61)
       at Object.userId [as selectByUserId] (/home/gildas/projects/marmelab/javascript-boilerplate/src/api/orders/orderRepository.js:24:61)
       at Object.userId [as selectByUserId] (/home/gildas/projects/marmelab/javascript-boilerplate/src/api/orders/orderRepository.js:24:61)
       at Object.userId [as selectByUserId] (/home/gildas/projects/marmelab/javascript-boilerplate/src/api/orders/orderRepository.js:24:61)
       at Object.userId [as selectByUserId] (/home/gildas/projects/marmelab/javascript-boilerplate/src/api/orders/orderRepository.js:24:61)
       at Object.userId [as selectByUserId] (/home/gildas/projects/marmelab/javascript-boilerplate/src/api/orders/orderRepository.js:24:61)
       at Object.userId [as selectByUserId] (/home/gildas/projects/marmelab/javascript-boilerplate/src/api/orders/orderRepository.js:24:61)
       at Object.userId [as selectByUserId] (/home/gildas/projects/marmelab/javascript-boilerplate/src/api/orders/orderRepository.js:24:61)
       at Object.userId [as selectByUserId] (/home/gildas/projects/marmelab/javascript-boilerplate/src/api/orders/orderRepository.js:24:61)
       at Object.userId [as selectByUserId] (/home/gildas/projects/marmelab/javascript-boilerplate/src/api/orders/orderRepository.js:24:61)
       at Object.userId [as selectByUserId] (/home/gildas/projects/marmelab/javascript-boilerplate/src/api/orders/orderRepository.js:24:61)
       at Object.userId [as selectByUserId] (/home/gildas/projects/marmelab/javascript-boilerplate/src/api/orders/orderRepository.js:24:61)
       at Object.userId [as selectByUserId] (/home/gildas/projects/marmelab/javascript-boilerplate/src/api/orders/orderRepository.js:24:61)
       at Object.userId [as selectByUserId] (/home/gildas/projects/marmelab/javascript-boilerplate/src/api/orders/orderRepository.js:24:61)
       at Object.userId [as selectByUserId] (/home/gildas/projects/marmelab/javascript-boilerplate/src/api/orders/orderRepository.js:24:61)
       at Object.userId [as selectByUserId] (/home/gildas/projects/marmelab/javascript-boilerplate/src/api/orders/orderRepository.js:24:61)
       at Object.userId [as selectByUserId] (/home/gildas/projects/marmelab/javascript-boilerplate/src/api/orders/orderRepository.js:24:61)
       at Object.userId [as selectByUserId] (/home/gildas/projects/marmelab/javascript-boilerplate/src/api/orders/orderRepository.js:24:61)
       at Object.userId [as selectByUserId] (/home/gildas/projects/marmelab/javascript-boilerplate/src/api/orders/orderRepository.js:24:61)
       at Object.userId [as selectByUserId] (/home/gildas/projects/marmelab/javascript-boilerplate/src/api/orders/orderRepository.js:24:61)
       at Object.userId [as selectByUserId] (/home/gildas/projects/marmelab/javascript-boilerplate/src/api/orders/orderRepository.js:24:61)
       at Object.userId [as selectByUserId] (/home/gildas/projects/marmelab/javascript-boilerplate/src/api/orders/orderRepository.js:24:61)
       at Object.userId [as selectByUserId] (/home/gildas/projects/marmelab/javascript-boilerplate/src/api/orders/orderRepository.js:24:61)
       at Object.userId [as selectByUserId] (/home/gildas/projects/marmelab/javascript-boilerplate/src/api/orders/orderRepository.js:24:61)
       at Object.userId [as selectByUserId] (/home/gildas/projects/marmelab/javascript-boilerplate/src/api/orders/orderRepository.js:24:61)
       at Object.userId [as selectByUserId] (/home/gildas/projects/marmelab/javascript-boilerplate/src/api/orders/orderRepository.js:24:61)
       at Object.userId [as selectByUserId] (/home/gildas/projects/marmelab/javascript-boilerplate/src/api/orders/orderRepository.js:24:61)
       at Object.userId [as selectByUserId] (/home/gildas/projects/marmelab/javascript-boilerplate/src/api/orders/orderRepository.js:24:61)
       at Object.userId [as selectByUserId] (/home/gildas/projects/marmelab/javascript-boilerplate/src/api/orders/orderRepository.js:24:61)
       at Object.userId [as selectByUserId] (/home/gildas/projects/marmelab/javascript-boilerplate/src/api/orders/orderRepository.js:24:61)
       at Object.userId [as selectByUserId] (/home/gildas/projects/marmelab/javascript-boilerplate/src/api/orders/orderRepository.js:24:61)
       at Object.userId [as selectByUserId] (/home/gildas/projects/marmelab/javascript-boilerplate/src/api/orders/orderRepository.js:24:61)
       at Object.userId [as selectByUserId] (/home/gildas/projects/marmelab/javascript-boilerplate/src/api/orders/orderRepository.js:24:61)
       at Object.userId [as selectByUserId] (/home/gildas/projects/marmelab/javascript-boilerplate/src/api/orders/orderRepository.js:24:61)
       at Object.userId [as selectByUserId] (/home/gildas/projects/marmelab/javascript-boilerplate/src/api/orders/orderRepository.js:24:61)
       at Object.userId [as selectByUserId] (/home/gildas/projects/marmelab/javascript-boilerplate/src/api/orders/orderRepository.js:24:61)
       at Object.userId [as selectByUserId] (/home/gildas/projects/marmelab/javascript-boilerplate/src/api/orders/orderRepository.js:24:61)
       at Object.userId [as selectByUserId] (/home/gildas/projects/marmelab/javascript-boilerplate/src/api/orders/orderRepository.js:24:61)
       at Object.userId [as selectByUserId] (/home/gildas/projects/marmelab/javascript-boilerplate/src/api/orders/orderRepository.js:24:61)
       at Object.userId [as selectByUserId] (/home/gildas/projects/marmelab/javascript-boilerplate/src/api/orders/orderRepository.js:24:61)
       at Object.userId [as selectByUserId] (/home/gildas/projects/marmelab/javascript-boilerplate/src/api/orders/orderRepository.js:24:61)
       at Object.userId [as selectByUserId] (/home/gildas/projects/marmelab/javascript-boilerplate/src/api/orders/orderRepository.js:24:61)
       at Object.userId [as selectByUserId] (/home/gildas/projects/marmelab/javascript-boilerplate/src/api/orders/orderRepository.js:24:61)
       at Object.userId [as selectByUserId] (/home/gildas/projects/marmelab/javascript-boilerplate/src/api/orders/orderRepository.js:24:61)
       at Object.userId [as selectByUserId] (/home/gildas/projects/marmelab/javascript-boilerplate/src/api/orders/orderRepository.js:24:61)
       at Object.userId [as selectByUserId] (/home/gildas/projects/marmelab/javascript-boilerplate/src/api/orders/orderRepository.js:24:61)
       at Object.userId [as selectByUserId] (/home/gildas/projects/marmelab/javascript-boilerplate/src/api/orders/orderRepository.js:24:61)
       at Object.userId [as selectByUserId] (/home/gildas/projects/marmelab/javascript-boilerplate/src/api/orders/orderRepository.js:24:61)
       at Object.userId [as selectByUserId] (/home/gildas/projects/marmelab/javascript-boilerplate/src/api/orders/orderRepository.js:24:61)
       at Object.userId [as selectByUserId] (/home/gildas/projects/marmelab/javascript-boilerplate/src/api/orders/orderRepository.js:24:61)
       at Object.userId [as selectByUserId] (/home/gildas/projects/marmelab/javascript-boilerplate/src/api/orders/orderRepository.js:24:61)
       at Object.userId [as selectByUserId] (/home/gildas/projects/marmelab/javascript-boilerplate/src/api/orders/orderRepository.js:24:61)
       at Object.userId [as selectByUserId] (/home/gildas/projects/marmelab/javascript-boilerplate/src/api/orders/orderRepository.js:24:61)
       at Object.userId [as selectByUserId] (/home/gildas/projects/marmelab/javascript-boilerplate/src/api/orders/orderRepository.js:24:61)
       at Object.userId [as selectByUserId] (/home/gildas/projects/marmelab/javascript-boilerplate/src/api/orders/orderRepository.js:24:61)
       at Object.userId [as selectByUserId] (/home/gildas/projects/marmelab/javascript-boilerplate/src/api/orders/orderRepository.js:24:61)
       at Object.userId [as selectByUserId] (/home/gildas/projects/marmelab/javascript-boilerplate/src/api/orders/orderRepository.js:24:61)
       at Object.userId [as selectByUserId] (/home/gildas/projects/marmelab/javascript-boilerplate/src/api/orders/orderRepository.js:24:61)
       at Object.userId [as selectByUserId] (/home/gildas/projects/marmelab/javascript-boilerplate/src/api/orders/orderRepository.js:24:61)
       at Object.userId [as selectByUserId] (/home/gildas/projects/marmelab/javascript-boilerplate/src/api/orders/orderRepository.js:24:61)
       at Object.userId [as selectByUserId] (/home/gildas/projects/marmelab/javascript-boilerplate/src/api/orders/orderRepository.js:24:61)
       at Object.userId [as selectByUserId] (/home/gildas/projects/marmelab/javascript-boilerplate/src/api/orders/orderRepository.js:24:61)
       at Object.userId [as selectByUserId] (/home/gildas/projects/marmelab/javascript-boilerplate/src/api/orders/orderRepository.js:24:61)
       at Object.userId [as selectByUserId] (/home/gildas/projects/marmelab/javascript-boilerplate/src/api/orders/orderRepository.js:24:61)
       at Object.userId [as selectByUserId] (/home/gildas/projects/marmelab/javascript-boilerplate/src/api/orders/orderRepository.js:24:61)
       at Object.userId [as selectByUserId] (/home/gildas/projects/marmelab/javascript-boilerplate/src/api/orders/orderRepository.js:24:61)
       at Object.userId [as selectByUserId] (/home/gildas/projects/marmelab/javascript-boilerplate/src/api/orders/orderRepository.js:24:61)
       at Object.userId [as selectByUserId] (/home/gildas/projects/marmelab/javascript-boilerplate/src/api/orders/orderRepository.js:24:61)
       at Object.userId [as selectByUserId] (/home/gildas/projects/marmelab/javascript-boilerplate/src/api/orders/orderRepository.js:24:61)
       at Object.userId [as selectByUserId] (/home/gildas/projects/marmelab/javascript-boilerplate/src/api/orders/orderRepository.js:24:61)
       at Object.userId [as selectByUserId] (/home/gildas/projects/marmelab/javascript-boilerplate/src/api/orders/orderRepository.js:24:61)
       at Object.userId [as selectByUserId] (/home/gildas/projects/marmelab/javascript-boilerplate/src/api/orders/orderRepository.js:24:61)
       at Object.userId [as selectByUserId] (/home/gildas/projects/marmelab/javascript-boilerplate/src/api/orders/orderRepository.js:24:61)
       at Object.userId [as selectByUserId] (/home/gildas/projects/marmelab/javascript-boilerplate/src/api/orders/orderRepository.js:24:61)
       at Object.userId [as selectByUserId] (/home/gildas/projects/marmelab/javascript-boilerplate/src/api/orders/orderRepository.js:24:61)
       at Object.userId [as selectByUserId] (/home/gildas/projects/marmelab/javascript-boilerplate/src/api/orders/orderRepository.js:24:61)
       at Object.userId [as selectByUserId] (/home/gildas/projects/marmelab/javascript-boilerplate/src/api/orders/orderRepository.js:24:61)
       at Object.userId [as selectByUserId] (/home/gildas/projects/marmelab/javascript-boilerplate/src/api/orders/orderRepository.js:24:61)
       at Object.userId [as selectByUserId] (/home/gildas/projects/marmelab/javascript-boilerplate/src/api/orders/orderRepository.js:24:61)
       at Object.userId [as selectByUserId] (/home/gildas/projects/marmelab/javascript-boilerplate/src/api/orders/orderRepository.js:24:61)
       at Object.userId [as selectByUserId] (/home/gildas/projects/marmelab/javascript-boilerplate/src/api/orders/orderRepository.js:24:61)
       at Object.userId [as selectByUserId] (/home/gildas/projects/marmelab/javascript-boilerplate/src/api/orders/orderRepository.js:24:61)
       at Object.userId [as selectByUserId] (/home/gildas/projects/marmelab/javascript-boilerplate/src/api/orders/orderRepository.js:24:61)
       at Object.userId [as selectByUserId] (/home/gildas/projects/marmelab/javascript-boilerplate/src/api/orders/orderRepository.js:24:61)
       at Object.userId [as selectByUserId] (/home/gildas/projects/marmelab/javascript-boilerplate/src/api/orders/orderRepository.js:24:61)
       at Object.userId [as selectByUserId] (/home/gildas/projects/marmelab/javascript-boilerplate/src/api/orders/orderRepository.js:24:61)
       at Object.userId [as selectByUserId] (/home/gildas/projects/marmelab/javascript-boilerplate/src/api/orders/orderRepository.js:24:61)
       at Object.userId [as selectByUserId] (/home/gildas/projects/marmelab/javascript-boilerplate/src/api/orders/orderRepository.js:24:61)
       at Object.userId [as selectByUserId] (/home/gildas/projects/marmelab/javascript-boilerplate/src/api/orders/orderRepository.js:24:61)
       at Object.userId [as selectByUserId] (/home/gildas/projects/marmelab/javascript-boilerplate/src/api/orders/orderRepository.js:24:61)
       at Object.userId [as selectByUserId] (/home/gildas/projects/marmelab/javascript-boilerplate/src/api/orders/orderRepository.js:24:61)
       at Object.userId [as selectByUserId] (/home/gildas/projects/marmelab/javascript-boilerplate/src/api/orders/orderRepository.js:24:61)
       at Object.userId [as selectByUserId] (/home/gildas/projects/marmelab/javascript-boilerplate/src/api/orders/orderRepository.js:24:61)
       at Object.userId [as selectByUserId] (/home/gildas/projects/marmelab/javascript-boilerplate/src/api/orders/orderRepository.js:24:61)
       at Object.userId [as selectByUserId] (/home/gildas/projects/marmelab/javascript-boilerplate/src/api/orders/orderRepository.js:24:61)
       at Object.userId [as selectByUserId] (/home/gildas/projects/marmelab/javascript-boilerplate/src/api/orders/orderRepository.js:24:61)
       at Object.userId [as selectByUserId] (/home/gildas/projects/marmelab/javascript-boilerplate/src/api/orders/orderRepository.js:24:61)
       at Object.userId [as selectByUserId] (/home/gildas/projects/marmelab/javascript-boilerplate/src/api/orders/orderRepository.js:24:61)
       at Object.userId [as selectByUserId] (/home/gildas/projects/marmelab/javascript-boilerplate/src/api/orders/orderRepository.js:24:61)
       at Object.userId [as selectByUserId] (/home/gildas/projects/marmelab/javascript-boilerplate/src/api/orders/orderRepository.js:24:61)
       at Object.userId [as selectByUserId] (/home/gildas/projects/marmelab/javascript-boilerplate/src/api/orders/orderRepository.js:24:61)
       at Object.userId [as selectByUserId] (/home/gildas/projects/marmelab/javascript-boilerplate/src/api/orders/orderRepository.js:24:61)
       at Object.userId [as selectByUserId] (/home/gildas/projects/marmelab/javascript-boilerplate/src/api/orders/orderRepository.js:24:61)
       at Object.userId [as selectByUserId] (/home/gildas/projects/marmelab/javascript-boilerplate/src/api/orders/orderRepository.js:24:61)
       at Object.userId [as selectByUserId] (/home/gildas/projects/marmelab/javascript-boilerplate/src/api/orders/orderRepository.js:24:61)
       at Object.userId [as selectByUserId] (/home/gildas/projects/marmelab/javascript-boilerplate/src/api/orders/orderRepository.js:24:61)
       at Object.userId [as selectByUserId] (/home/gildas/projects/marmelab/javascript-boilerplate/src/api/orders/orderRepository.js:24:61)
       at Object.userId [as selectByUserId] (/home/gildas/projects/marmelab/javascript-boilerplate/src/api/orders/orderRepository.js:24:61)
       at Object.userId [as selectByUserId] (/home/gildas/projects/marmelab/javascript-boilerplate/src/api/orders/orderRepository.js:24:61)
       at Object.userId [as selectByUserId] (/home/gildas/projects/marmelab/javascript-boilerplate/src/api/orders/orderRepository.js:24:61)
       at Object.userId [as selectByUserId] (/home/gildas/projects/marmelab/javascript-boilerplate/src/api/orders/orderRepository.js:24:61)
       at Object.userId [as selectByUserId] (/home/gildas/projects/marmelab/javascript-boilerplate/src/api/orders/orderRepository.js:24:61)
       at Object.userId [as selectByUserId] (/home/gildas/projects/marmelab/javascript-boilerplate/src/api/orders/orderRepository.js:24:61)
       at Object.userId [as selectByUserId] (/home/gildas/projects/marmelab/javascript-boilerplate/src/api/orders/orderRepository.js:24:61)
       at Object.userId [as selectByUserId] (/home/gildas/projects/marmelab/javascript-boilerplate/src/api/orders/orderRepository.js:24:61)
       at Object.userId [as selectByUserId] (/home/gildas/projects/marmelab/javascript-boilerplate/src/api/orders/orderRepository.js:24:61)
       at Object.userId [as selectByUserId] (/home/gildas/projects/marmelab/javascript-boilerplate/src/api/orders/orderRepository.js:24:61)
       at Object.userId [as selectByUserId] (/home/gildas/projects/marmelab/javascript-boilerplate/src/api/orders/orderRepository.js:24:61)
       at Object.userId [as selectByUserId] (/home/gildas/projects/marmelab/javascript-boilerplate/src/api/orders/orderRepository.js:24:61)
       at Object.userId [as selectByUserId] (/home/gildas/projects/marmelab/javascript-boilerplate/src/api/orders/orderRepository.js:24:61)
       at Object.userId [as selectByUserId] (/home/gildas/projects/marmelab/javascript-boilerplate/src/api/orders/orderRepository.js:24:61)
       at Object.userId [as selectByUserId] (/home/gildas/projects/marmelab/javascript-boilerplate/src/api/orders/orderRepository.js:24:61)
       at Object.userId [as selectByUserId] (/home/gildas/projects/marmelab/javascript-boilerplate/src/api/orders/orderRepository.js:24:61)
       at Object.userId [as selectByUserId] (/home/gildas/projects/marmelab/javascript-boilerplate/src/api/orders/orderRepository.js:24:61)
       at Object.userId [as selectByUserId] (/home/gildas/projects/marmelab/javascript-boilerplate/src/api/orders/orderRepository.js:24:61)
       at Object.userId [as selectByUserId] (/home/gildas/projects/marmelab/javascript-boilerplate/src/api/orders/orderRepository.js:24:61)
       at Object.userId [as selectByUserId] (/home/gildas/projects/marmelab/javascript-boilerplate/src/api/orders/orderRepository.js:24:61)
       at Object.userId [as selectByUserId] (/home/gildas/projects/marmelab/javascript-boilerplate/src/api/orders/orderRepository.js:24:61)
       at Object.userId [as selectByUserId] (/home/gildas/projects/marmelab/javascript-boilerplate/src/api/orders/orderRepository.js:24:61)
       at Object.userId [as selectByUserId] (/home/gildas/projects/marmelab/javascript-boilerplate/src/api/orders/orderRepository.js:24:61)
       at Object.userId [as selectByUserId] (/home/gildas/projects/marmelab/javascript-boilerplate/src/api/orders/orderRepository.js:24:61)
       at Object.userId [as selectByUserId] (/home/gildas/projects/marmelab/javascript-boilerplate/src/api/orders/orderRepository.js:24:61)
       at Object.userId [as selectByUserId] (/home/gildas/projects/marmelab/javascript-boilerplate/src/api/orders/orderRepository.js:24:61)
       at Object.userId [as selectByUserId] (/home/gildas/projects/marmelab/javascript-boilerplate/src/api/orders/orderRepository.js:24:61)
       at Object.userId [as selectByUserId] (/home/gildas/projects/marmelab/javascript-boilerplate/src/api/orders/orderRepository.js:24:61)
       at Object.userId [as selectByUserId] (/home/gildas/projects/marmelab/javascript-boilerplate/src/api/orders/orderRepository.js:24:61)
       at Object.userId [as selectByUserId] (/home/gildas/projects/marmelab/javascript-boilerplate/src/api/orders/orderRepository.js:24:61)
       at Object.userId [as selectByUserId] (/home/gildas/projects/marmelab/javascript-boilerplate/src/api/orders/orderRepository.js:24:61)
       at Object.userId [as selectByUserId] (/home/gildas/projects/marmelab/javascript-boilerplate/src/api/orders/orderRepository.js:24:61)
       at Object.userId [as selectByUserId] (/home/gildas/projects/marmelab/javascript-boilerplate/src/api/orders/orderRepository.js:24:61)
       at Object.userId [as selectByUserId] (/home/gildas/projects/marmelab/javascript-boilerplate/src/api/orders/orderRepository.js:24:61)
       at Object.userId [as selectByUserId] (/home/gildas/projects/marmelab/javascript-boilerplate/src/api/orders/orderRepository.js:24:61)
       at Object.userId [as selectByUserId] (/home/gildas/projects/marmelab/javascript-boilerplate/src/api/orders/orderRepository.js:24:61)
       at Object.userId [as selectByUserId] (/home/gildas/projects/marmelab/javascript-boilerplate/src/api/orders/orderRepository.js:24:61)
       at Object.userId [as selectByUserId] (/home/gildas/projects/marmelab/javascript-boilerplate/src/api/orders/orderRepository.js:24:61)
       at Object.userId [as selectByUserId] (/home/gildas/projects/marmelab/javascript-boilerplate/src/api/orders/orderRepository.js:24:61)
       at Object.userId [as selectByUserId] (/home/gildas/projects/marmelab/javascript-boilerplate/src/api/orders/orderRepository.js:24:61)
       at Object.userId [as selectByUserId] (/home/gildas/projects/marmelab/javascript-boilerplate/src/api/orders/orderRepository.js:24:61)
       at Object.userId [as selectByUserId] (/home/gildas/projects/marmelab/javascript-boilerplate/src/api/orders/orderRepository.js:24:61)
       at Object.userId [as selectByUserId] (/home/gildas/projects/marmelab/javascript-boilerplate/src/api/orders/orderRepository.js:24:61)
       at Object.userId [as selectByUserId] (/home/gildas/projects/marmelab/javascript-boilerplate/src/api/orders/orderRepository.js:24:61)
       at Object.userId [as selectByUserId] (/home/gildas/projects/marmelab/javascript-boilerplate/src/api/orders/orderRepository.js:24:61)
       at Object.userId [as selectByUserId] (/home/gildas/projects/marmelab/javascript-boilerplate/src/api/orders/orderRepository.js:24:61)
       at Object.userId [as selectByUserId] (/home/gildas/projects/marmelab/javascript-boilerplate/src/api/orders/orderRepository.js:24:61)
       at Object.userId [as selectByUserId] (/home/gildas/projects/marmelab/javascript-boilerplate/src/api/orders/orderRepository.js:24:61)
       at Object.userId [as selectByUserId] (/home/gildas/projects/marmelab/javascript-boilerplate/src/api/orders/orderRepository.js:24:61)
       at Object.userId [as selectByUserId] (/home/gildas/projects/marmelab/javascript-boilerplate/src/api/orders/orderRepository.js:24:61)
       at Object.userId [as selectByUserId] (/home/gildas/projects/marmelab/javascript-boilerplate/src/api/orders/orderRepository.js:24:61)
       at Object.userId [as selectByUserId] (/home/gildas/projects/marmelab/javascript-boilerplate/src/api/orders/orderRepository.js:24:61)
       at Object.userId [as selectByUserId] (/home/gildas/projects/marmelab/javascript-boilerplate/src/api/orders/orderRepository.js:24:61)
       at Object.userId [as selectByUserId] (/home/gildas/projects/marmelab/javascript-boilerplate/src/api/orders/orderRepository.js:24:61)
       at Object.userId [as selectByUserId] (/home/gildas/projects/marmelab/javascript-boilerplate/src/api/orders/orderRepository.js:24:61)
       at Object.userId [as selectByUserId] (/home/gildas/projects/marmelab/javascript-boilerplate/src/api/orders/orderRepository.js:24:61)
       at Object.userId [as selectByUserId] (/home/gildas/projects/marmelab/javascript-boilerplate/src/api/orders/orderRepository.js:24:61)
       at Object.userId [as selectByUserId] (/home/gildas/projects/marmelab/javascript-boilerplate/src/api/orders/orderRepository.js:24:61)
       at Object.userId [as selectByUserId] (/home/gildas/projects/marmelab/javascript-boilerplate/src/api/orders/orderRepository.js:24:61)
       at Object.userId [as selectByUserId] (/home/gildas/projects/marmelab/javascript-boilerplate/src/api/orders/orderRepository.js:24:61)
       at Object.userId [as selectByUserId] (/home/gildas/projects/marmelab/javascript-boilerplate/src/api/orders/orderRepository.js:24:61)
       at Object.userId [as selectByUserId] (/home/gildas/projects/marmelab/javascript-boilerplate/src/api/orders/orderRepository.js:24:61)
       at Object.userId [as selectByUserId] (/home/gildas/projects/marmelab/javascript-boilerplate/src/api/orders/orderRepository.js:24:61)
       at Object.userId [as selectByUserId] (/home/gildas/projects/marmelab/javascript-boilerplate/src/api/orders/orderRepository.js:24:61)
       at Object.userId [as selectByUserId] (/home/gildas/projects/marmelab/javascript-boilerplate/src/api/orders/orderRepository.js:24:61)
       at Object.userId [as selectByUserId] (/home/gildas/projects/marmelab/javascript-boilerplate/src/api/orders/orderRepository.js:24:61)
       at Object.userId [as selectByUserId] (/home/gildas/projects/marmelab/javascript-boilerplate/src/api/orders/orderRepository.js:24:61)
       at Object.userId [as selectByUserId] (/home/gildas/projects/marmelab/javascript-boilerplate/src/api/orders/orderRepository.js:24:61)
       at Object.userId [as selectByUserId] (/home/gildas/projects/marmelab/javascript-boilerplate/src/api/orders/orderRepository.js:24:61)
       at Object.userId [as selectByUserId] (/home/gildas/projects/marmelab/javascript-boilerplate/src/api/orders/orderRepository.js:24:61)
       at Object.userId [as selectByUserId] (/home/gildas/projects/marmelab/javascript-boilerplate/src/api/orders/orderRepository.js:24:61)
       at Object.userId [as selectByUserId] (/home/gildas/projects/marmelab/javascript-boilerplate/src/api/orders/orderRepository.js:24:61)
       at Object.userId [as selectByUserId] (/home/gildas/projects/marmelab/javascript-boilerplate/src/api/orders/orderRepository.js:24:61)
       at Object.userId [as selectByUserId] (/home/gildas/projects/marmelab/javascript-boilerplate/src/api/orders/orderRepository.js:24:61)
       at Object.userId [as selectByUserId] (/home/gildas/projects/marmelab/javascript-boilerplate/src/api/orders/orderRepository.js:24:61)
       at Object.userId [as selectByUserId] (/home/gildas/projects/marmelab/javascript-boilerplate/src/api/orders/orderRepository.js:24:61)
       at Object.userId [as selectByUserId] (/home/gildas/projects/marmelab/javascript-boilerplate/src/api/orders/orderRepository.js:24:61)
       at Object.userId [as selectByUserId] (/home/gildas/projects/marmelab/javascript-boilerplate/src/api/orders/orderRepository.js:24:61)
       at Object.userId [as selectByUserId] (/home/gildas/projects/marmelab/javascript-boilerplate/src/api/orders/orderRepository.js:24:61)
       at Object.userId [as selectByUserId] (/home/gildas/projects/marmelab/javascript-boilerplate/src/api/orders/orderRepository.js:24:61)
       at Object.userId [as selectByUserId] (/home/gildas/projects/marmelab/javascript-boilerplate/src/api/orders/orderRepository.js:24:61)
       at Object.userId [as selectByUserId] (/home/gildas/projects/marmelab/javascript-boilerplate/src/api/orders/orderRepository.js:24:61)
       at Object.userId [as selectByUserId] (/home/gildas/projects/marmelab/javascript-boilerplate/src/api/orders/orderRepository.js:24:61)
       at Object.userId [as selectByUserId] (/home/gildas/projects/marmelab/javascript-boilerplate/src/api/orders/orderRepository.js:24:61)
       at Object.userId [as selectByUserId] (/home/gildas/projects/marmelab/javascript-boilerplate/src/api/orders/orderRepository.js:24:61)
       at Object.userId [as selectByUserId] (/home/gildas/projects/marmelab/javascript-boilerplate/src/api/orders/orderRepository.js:24:61)
       at Object.userId [as selectByUserId] (/home/gildas/projects/marmelab/javascript-boilerplate/src/api/orders/orderRepository.js:24:61)
       at Object.userId [as selectByUserId] (/home/gildas/projects/marmelab/javascript-boilerplate/src/api/orders/orderRepository.js:24:61)
       at Object.userId [as selectByUserId] (/home/gildas/projects/marmelab/javascript-boilerplate/src/api/orders/orderRepository.js:24:61)
       at Object.userId [as selectByUserId] (/home/gildas/projects/marmelab/javascript-boilerplate/src/api/orders/orderRepository.js:24:61)
       at Object.userId [as selectByUserId] (/home/gildas/projects/marmelab/javascript-boilerplate/src/api/orders/orderRepository.js:24:61)
       at Object.userId [as selectByUserId] (/home/gildas/projects/marmelab/javascript-boilerplate/src/api/orders/orderRepository.js:24:61)
       at Object.userId [as selectByUserId] (/home/gildas/projects/marmelab/javascript-boilerplate/src/api/orders/orderRepository.js:24:61)
       at Object.userId [as selectByUserId] (/home/gildas/projects/marmelab/javascript-boilerplate/src/api/orders/orderRepository.js:24:61)
       at Object.userId [as selectByUserId] (/home/gildas/projects/marmelab/javascript-boilerplate/src/api/orders/orderRepository.js:24:61)
       at Object.userId [as selectByUserId] (/home/gildas/projects/marmelab/javascript-boilerplate/src/api/orders/orderRepository.js:24:61)
       at Object.userId [as selectByUserId] (/home/gildas/projects/marmelab/javascript-boilerplate/src/api/orders/orderRepository.js:24:61)
       at Object.userId [as selectByUserId] (/home/gildas/projects/marmelab/javascript-boilerplate/src/api/orders/orderRepository.js:24:61)
       at Object.userId [as selectByUserId] (/home/gildas/projects/marmelab/javascript-boilerplate/src/api/orders/orderRepository.js:24:61)
       at Object.userId [as selectByUserId] (/home/gildas/projects/marmelab/javascript-boilerplate/src/api/orders/orderRepository.js:24:61)
       at Object.userId [as selectByUserId] (/home/gildas/projects/marmelab/javascript-boilerplate/src/api/orders/orderRepository.js:24:61)
       at Object.userId [as selectByUserId] (/home/gildas/projects/marmelab/javascript-boilerplate/src/api/orders/orderRepository.js:24:61)
       at Object.userId [as selectByUserId] (/home/gildas/projects/marmelab/javascript-boilerplate/src/api/orders/orderRepository.js:24:61)
       at Object.userId [as selectByUserId] (/home/gildas/projects/marmelab/javascript-boilerplate/src/api/orders/orderRepository.js:24:61)
       at Object.userId [as selectByUserId] (/home/gildas/projects/marmelab/javascript-boilerplate/src/api/orders/orderRepository.js:24:61)
       at Object.userId [as selectByUserId] (/home/gildas/projects/marmelab/javascript-boilerplate/src/api/orders/orderRepository.js:24:61)
       at Object.userId [as selectByUserId] (/home/gildas/projects/marmelab/javascript-boilerplate/src/api/orders/orderRepository.js:24:61)
       at Object.userId [as selectByUserId] (/home/gildas/projects/marmelab/javascript-boilerplate/src/api/orders/orderRepository.js:24:61)
       at Object.userId [as selectByUserId] (/home/gildas/projects/marmelab/javascript-boilerplate/src/api/orders/orderRepository.js:24:61)
       at Object.userId [as selectByUserId] (/home/gildas/projects/marmelab/javascript-boilerplate/src/api/orders/orderRepository.js:24:61)
       at Object.userId [as selectByUserId] (/home/gildas/projects/marmelab/javascript-boilerplate/src/api/orders/orderRepository.js:24:61)
       at Object.userId [as selectByUserId] (/home/gildas/projects/marmelab/javascript-boilerplate/src/api/orders/orderRepository.js:24:61)
       at Object.userId [as selectByUserId] (/home/gildas/projects/marmelab/javascript-boilerplate/src/api/orders/orderRepository.js:24:61)
       at Object.userId [as selectByUserId] (/home/gildas/projects/marmelab/javascript-boilerplate/src/api/orders/orderRepository.js:24:61)
       at Object.userId [as selectByUserId] (/home/gildas/projects/marmelab/javascript-boilerplate/src/api/orders/orderRepository.js:24:61)
       at Object.userId [as selectByUserId] (/home/gildas/projects/marmelab/javascript-boilerplate/src/api/orders/orderRepository.js:24:61)
       at Object.userId [as selectByUserId] (/home/gildas/projects/marmelab/javascript-boilerplate/src/api/orders/orderRepository.js:24:61)
       at Object.userId [as selectByUserId] (/home/gildas/projects/marmelab/javascript-boilerplate/src/api/orders/orderRepository.js:24:61)
       at Object.userId [as selectByUserId] (/home/gildas/projects/marmelab/javascript-boilerplate/src/api/orders/orderRepository.js:24:61)
       at Object.userId [as selectByUserId] (/home/gildas/projects/marmelab/javascript-boilerplate/src/api/orders/orderRepository.js:24:61)
       at Object.userId [as selectByUserId] (/home/gildas/projects/marmelab/javascript-boilerplate/src/api/orders/orderRepository.js:24:61)
       at Object.userId [as selectByUserId] (/home/gildas/projects/marmelab/javascript-boilerplate/src/api/orders/orderRepository.js:24:61)
       at Object.userId [as selectByUserId] (/home/gildas/projects/marmelab/javascript-boilerplate/src/api/orders/orderRepository.js:24:61)
       at Object.userId [as selectByUserId] (/home/gildas/projects/marmelab/javascript-boilerplate/src/api/orders/orderRepository.js:24:61)
       at Object.userId [as selectByUserId] (/home/gildas/projects/marmelab/javascript-boilerplate/src/api/orders/orderRepository.js:24:61)
       at Object.userId [as selectByUserId] (/home/gildas/projects/marmelab/javascript-boilerplate/src/api/orders/orderRepository.js:24:61)
       at Object.userId [as selectByUserId] (/home/gildas/projects/marmelab/javascript-boilerplate/src/api/orders/orderRepository.js:24:61)
       at Object.userId [as selectByUserId] (/home/gildas/projects/marmelab/javascript-boilerplate/src/api/orders/orderRepository.js:24:61)
       at Object.userId [as selectByUserId] (/home/gildas/projects/marmelab/javascript-boilerplate/src/api/orders/orderRepository.js:24:61)
       at Object.userId [as selectByUserId] (/home/gildas/projects/marmelab/javascript-boilerplate/src/api/orders/orderRepository.js:24:61)
       at Object.userId [as selectByUserId] (/home/gildas/projects/marmelab/javascript-boilerplate/src/api/orders/orderRepository.js:24:61)
       at Object.userId [as selectByUserId] (/home/gildas/projects/marmelab/javascript-boilerplate/src/api/orders/orderRepository.js:24:61)
       at Object.userId [as selectByUserId] (/home/gildas/projects/marmelab/javascript-boilerplate/src/api/orders/orderRepository.js:24:61)
       at Object.userId [as selectByUserId] (/home/gildas/projects/marmelab/javascript-boilerplate/src/api/orders/orderRepository.js:24:61)
       at Object.userId [as selectByUserId] (/home/gildas/projects/marmelab/javascript-boilerplate/src/api/orders/orderRepository.js:24:61)
       at Object.userId [as selectByUserId] (/home/gildas/projects/marmelab/javascript-boilerplate/src/api/orders/orderRepository.js:24:61)
       at Object.userId [as selectByUserId] (/home/gildas/projects/marmelab/javascript-boilerplate/src/api/orders/orderRepository.js:24:61)
       at Object.userId [as selectByUserId] (/home/gildas/projects/marmelab/javascript-boilerplate/src/api/orders/orderRepository.js:24:61)
       at Object.userId [as selectByUserId] (/home/gildas/projects/marmelab/javascript-boilerplate/src/api/orders/orderRepository.js:24:61)
       at Object.userId [as selectByUserId] (/home/gildas/projects/marmelab/javascript-boilerplate/src/api/orders/orderRepository.js:24:61)
       at Object.userId [as selectByUserId] (/home/gildas/projects/marmelab/javascript-boilerplate/src/api/orders/orderRepository.js:24:61)
       at Object.userId [as selectByUserId] (/home/gildas/projects/marmelab/javascript-boilerplate/src/api/orders/orderRepository.js:24:61)
       at Object.userId [as selectByUserId] (/home/gildas/projects/marmelab/javascript-boilerplate/src/api/orders/orderRepository.js:24:61)
       at Object.userId [as selectByUserId] (/home/gildas/projects/marmelab/javascript-boilerplate/src/api/orders/orderRepository.js:24:61)
       at Object.userId [as selectByUserId] (/home/gildas/projects/marmelab/javascript-boilerplate/src/api/orders/orderRepository.js:24:61)
       at Object.userId [as selectByUserId] (/home/gildas/projects/marmelab/javascript-boilerplate/src/api/orders/orderRepository.js:24:61)
       at Object.userId [as selectByUserId] (/home/gildas/projects/marmelab/javascript-boilerplate/src/api/orders/orderRepository.js:24:61)
       at Object.userId [as selectByUserId] (/home/gildas/projects/marmelab/javascript-boilerplate/src/api/orders/orderRepository.js:24:61)
       at Object.userId [as selectByUserId] (/home/gildas/projects/marmelab/javascript-boilerplate/src/api/orders/orderRepository.js:24:61)
       at Object.userId [as selectByUserId] (/home/gildas/projects/marmelab/javascript-boilerplate/src/api/orders/orderRepository.js:24:61)
       at Object.userId [as selectByUserId] (/home/gildas/projects/marmelab/javascript-boilerplate/src/api/orders/orderRepository.js:24:61)
       at Object.userId [as selectByUserId] (/home/gildas/projects/marmelab/javascript-boilerplate/src/api/orders/orderRepository.js:24:61)
       at Object.userId [as selectByUserId] (/home/gildas/projects/marmelab/javascript-boilerplate/src/api/orders/orderRepository.js:24:61)
       at Object.userId [as selectByUserId] (/home/gildas/projects/marmelab/javascript-boilerplate/src/api/orders/orderRepository.js:24:61)
       at Object.userId [as selectByUserId] (/home/gildas/projects/marmelab/javascript-boilerplate/src/api/orders/orderRepository.js:24:61)
       at Object.userId [as selectByUserId] (/home/gildas/projects/marmelab/javascript-boilerplate/src/api/orders/orderRepository.js:24:61)
       at Object.userId [as selectByUserId] (/home/gildas/projects/marmelab/javascript-boilerplate/src/api/orders/orderRepository.js:24:61)
       at Object.userId [as selectByUserId] (/home/gildas/projects/marmelab/javascript-boilerplate/src/api/orders/orderRepository.js:24:61)
       at Object.userId [as selectByUserId] (/home/gildas/projects/marmelab/javascript-boilerplate/src/api/orders/orderRepository.js:24:61)
       at Object.userId [as selectByUserId] (/home/gildas/projects/marmelab/javascript-boilerplate/src/api/orders/orderRepository.js:24:61)
       at Object.userId [as selectByUserId] (/home/gildas/projects/marmelab/javascript-boilerplate/src/api/orders/orderRepository.js:24:61)
       at Object.userId [as selectByUserId] (/home/gildas/projects/marmelab/javascript-boilerplate/src/api/orders/orderRepository.js:24:61)
       at Object.userId [as selectByUserId] (/home/gildas/projects/marmelab/javascript-boilerplate/src/api/orders/orderRepository.js:24:61)
       at Object.userId [as selectByUserId] (/home/gildas/projects/marmelab/javascript-boilerplate/src/api/orders/orderRepository.js:24:61)
       at Object.userId [as selectByUserId] (/home/gildas/projects/marmelab/javascript-boilerplate/src/api/orders/orderRepository.js:24:61)
       at Object.userId [as selectByUserId] (/home/gildas/projects/marmelab/javascript-boilerplate/src/api/orders/orderRepository.js:24:61)
       at Object.userId [as selectByUserId] (/home/gildas/projects/marmelab/javascript-boilerplate/src/api/orders/orderRepository.js:24:61)
       at Object.userId [as selectByUserId] (/home/gildas/projects/marmelab/javascript-boilerplate/src/api/orders/orderRepository.js:24:61)
       at Object.userId [as selectByUserId] (/home/gildas/projects/marmelab/javascript-boilerplate/src/api/orders/orderRepository.js:24:61)
       at Object.userId [as selectByUserId] (/home/gildas/projects/marmelab/javascript-boilerplate/src/api/orders/orderRepository.js:24:61)
       at Object.userId [as selectByUserId] (/home/gildas/projects/marmelab/javascript-boilerplate/src/api/orders/orderRepository.js:24:61)
       at Object.userId [as selectByUserId] (/home/gildas/projects/marmelab/javascript-boilerplate/src/api/orders/orderRepository.js:24:61)
       at Object.userId [as selectByUserId] (/home/gildas/projects/marmelab/javascript-boilerplate/src/api/orders/orderRepository.js:24:61)
       at Object.userId [as selectByUserId] (/home/gildas/projects/marmelab/javascript-boilerplate/src/api/orders/orderRepository.js:24:61)
       at Object.userId [as selectByUserId] (/home/gildas/projects/marmelab/javascript-boilerplate/src/api/orders/orderRepository.js:24:61)
       at Object.userId [as selectByUserId] (/home/gildas/projects/marmelab/javascript-boilerplate/src/api/orders/orderRepository.js:24:61)
       at Object.userId [as selectByUserId] (/home/gildas/projects/marmelab/javascript-boilerplate/src/api/orders/orderRepository.js:24:61)
       at Object.userId [as selectByUserId] (/home/gildas/projects/marmelab/javascript-boilerplate/src/api/orders/orderRepository.js:24:61)
       at Object.userId [as selectByUserId] (/home/gildas/projects/marmelab/javascript-boilerplate/src/api/orders/orderRepository.js:24:61)
       at Object.userId [as selectByUserId] (/home/gildas/projects/marmelab/javascript-boilerplate/src/api/orders/orderRepository.js:24:61)
       at Object.userId [as selectByUserId] (/home/gildas/projects/marmelab/javascript-boilerplate/src/api/orders/orderRepository.js:24:61)
       at Object.userId [as selectByUserId] (/home/gildas/projects/marmelab/javascript-boilerplate/src/api/orders/orderRepository.js:24:61)
       at Object.userId [as selectByUserId] (/home/gildas/projects/marmelab/javascript-boilerplate/src/api/orders/orderRepository.js:24:61)
       at Object.userId [as selectByUserId] (/home/gildas/projects/marmelab/javascript-boilerplate/src/api/orders/orderRepository.js:24:61)
       at Object.userId [as selectByUserId] (/home/gildas/projects/marmelab/javascript-boilerplate/src/api/orders/orderRepository.js:24:61)
       at Object.userId [as selectByUserId] (/home/gildas/projects/marmelab/javascript-boilerplate/src/api/orders/orderRepository.js:24:61)
       at Object.userId [as selectByUserId] (/home/gildas/projects/marmelab/javascript-boilerplate/src/api/orders/orderRepository.js:24:61)
       at Object.userId [as selectByUserId] (/home/gildas/projects/marmelab/javascript-boilerplate/src/api/orders/orderRepository.js:24:61)
       at Object.userId [as selectByUserId] (/home/gildas/projects/marmelab/javascript-boilerplate/src/api/orders/orderRepository.js:24:61)
       at Object.userId [as selectByUserId] (/home/gildas/projects/marmelab/javascript-boilerplate/src/api/orders/orderRepository.js:24:61)
       at Object.userId [as selectByUserId] (/home/gildas/projects/marmelab/javascript-boilerplate/src/api/orders/orderRepository.js:24:61)
       at Object.userId [as selectByUserId] (/home/gildas/projects/marmelab/javascript-boilerplate/src/api/orders/orderRepository.js:24:61)
       at Object.userId [as selectByUserId] (/home/gildas/projects/marmelab/javascript-boilerplate/src/api/orders/orderRepository.js:24:61)
       at Object.userId [as selectByUserId] (/home/gildas/projects/marmelab/javascript-boilerplate/src/api/orders/orderRepository.js:24:61)
       at Object.userId [as selectByUserId] (/home/gildas/projects/marmelab/javascript-boilerplate/src/api/orders/orderRepository.js:24:61)
       at Object.userId [as selectByUserId] (/home/gildas/projects/marmelab/javascript-boilerplate/src/api/orders/orderRepository.js:24:61)
       at Object.userId [as selectByUserId] (/home/gildas/projects/marmelab/javascript-boilerplate/src/api/orders/orderRepository.js:24:61)
       at Object.userId [as selectByUserId] (/home/gildas/projects/marmelab/javascript-boilerplate/src/api/orders/orderRepository.js:24:61)
       at Object.userId [as selectByUserId] (/home/gildas/projects/marmelab/javascript-boilerplate/src/api/orders/orderRepository.js:24:61)
       at Object.userId [as selectByUserId] (/home/gildas/projects/marmelab/javascript-boilerplate/src/api/orders/orderRepository.js:24:61)
       at Object.userId [as selectByUserId] (/home/gildas/projects/marmelab/javascript-boilerplate/src/api/orders/orderRepository.js:24:61)
       at Object.userId [as selectByUserId] (/home/gildas/projects/marmelab/javascript-boilerplate/src/api/orders/orderRepository.js:24:61)
       at Object.userId [as selectByUserId] (/home/gildas/projects/marmelab/javascript-boilerplate/src/api/orders/orderRepository.js:24:61)
       at Object.userId [as selectByUserId] (/home/gildas/projects/marmelab/javascript-boilerplate/src/api/orders/orderRepository.js:24:61)
       at Object.userId [as selectByUserId] (/home/gildas/projects/marmelab/javascript-boilerplate/src/api/orders/orderRepository.js:24:61)
       at Object.userId [as selectByUserId] (/home/gildas/projects/marmelab/javascript-boilerplate/src/api/orders/orderRepository.js:24:61)
       at Object.userId [as selectByUserId] (/home/gildas/projects/marmelab/javascript-boilerplate/src/api/orders/orderRepository.js:24:61)
       at Object.userId [as selectByUserId] (/home/gildas/projects/marmelab/javascript-boilerplate/src/api/orders/orderRepository.js:24:61)
       at Object.userId [as selectByUserId] (/home/gildas/projects/marmelab/javascript-boilerplate/src/api/orders/orderRepository.js:24:61)
       at Object.userId [as selectByUserId] (/home/gildas/projects/marmelab/javascript-boilerplate/src/api/orders/orderRepository.js:24:61)
       at Object.userId [as selectByUserId] (/home/gildas/projects/marmelab/javascript-boilerplate/src/api/orders/orderRepository.js:24:61)
       at Object.userId [as selectByUserId] (/home/gildas/projects/marmelab/javascript-boilerplate/src/api/orders/orderRepository.js:24:61)
       at Object.userId [as selectByUserId] (/home/gildas/projects/marmelab/javascript-boilerplate/src/api/orders/orderRepository.js:24:61)
       at Object.userId [as selectByUserId] (/home/gildas/projects/marmelab/javascript-boilerplate/src/api/orders/orderRepository.js:24:61)
       at Object.userId [as selectByUserId] (/home/gildas/projects/marmelab/javascript-boilerplate/src/api/orders/orderRepository.js:24:61)
       at Object.userId [as selectByUserId] (/home/gildas/projects/marmelab/javascript-boilerplate/src/api/orders/orderRepository.js:24:61)
       at Object.userId [as selectByUserId] (/home/gildas/projects/marmelab/javascript-boilerplate/src/api/orders/orderRepository.js:24:61)
       at Object.userId [as selectByUserId] (/home/gildas/projects/marmelab/javascript-boilerplate/src/api/orders/orderRepository.js:24:61)
       at Object.userId [as selectByUserId] (/home/gildas/projects/marmelab/javascript-boilerplate/src/api/orders/orderRepository.js:24:61)
       at Object.userId [as selectByUserId] (/home/gildas/projects/marmelab/javascript-boilerplate/src/api/orders/orderRepository.js:24:61)
       at Object.userId [as selectByUserId] (/home/gildas/projects/marmelab/javascript-boilerplate/src/api/orders/orderRepository.js:24:61)
       at Object.userId [as selectByUserId] (/home/gildas/projects/marmelab/javascript-boilerplate/src/api/orders/orderRepository.js:24:61)
       at Object.userId [as selectByUserId] (/home/gildas/projects/marmelab/javascript-boilerplate/src/api/orders/orderRepository.js:24:61)
       at Object.userId [as selectByUserId] (/home/gildas/projects/marmelab/javascript-boilerplate/src/api/orders/orderRepository.js:24:61)
       at Object.userId [as selectByUserId] (/home/gildas/projects/marmelab/javascript-boilerplate/src/api/orders/orderRepository.js:24:61)
       at Object.userId [as selectByUserId] (/home/gildas/projects/marmelab/javascript-boilerplate/src/api/orders/orderRepository.js:24:61)
       at Object.userId [as selectByUserId] (/home/gildas/projects/marmelab/javascript-boilerplate/src/api/orders/orderRepository.js:24:61)
       at Object.userId [as selectByUserId] (/home/gildas/projects/marmelab/javascript-boilerplate/src/api/orders/orderRepository.js:24:61)
       at Object.userId [as selectByUserId] (/home/gildas/projects/marmelab/javascript-boilerplate/src/api/orders/orderRepository.js:24:61)
       at Object.userId [as selectByUserId] (/home/gildas/projects/marmelab/javascript-boilerplate/src/api/orders/orderRepository.js:24:61)
       at Object.userId [as selectByUserId] (/home/gildas/projects/marmelab/javascript-boilerplate/src/api/orders/orderRepository.js:24:61)
       at Object.userId [as selectByUserId] (/home/gildas/projects/marmelab/javascript-boilerplate/src/api/orders/orderRepository.js:24:61)
       at Object.userId [as selectByUserId] (/home/gildas/projects/marmelab/javascript-boilerplate/src/api/orders/orderRepository.js:24:61)
       at Object.userId [as selectByUserId] (/home/gildas/projects/marmelab/javascript-boilerplate/src/api/orders/orderRepository.js:24:61)
       at Object.userId [as selectByUserId] (/home/gildas/projects/marmelab/javascript-boilerplate/src/api/orders/orderRepository.js:24:61)
       at Object.userId [as selectByUserId] (/home/gildas/projects/marmelab/javascript-boilerplate/src/api/orders/orderRepository.js:24:61)
       at Object.userId [as selectByUserId] (/home/gildas/projects/marmelab/javascript-boilerplate/src/api/orders/orderRepository.js:24:61)
       at Object.userId [as selectByUserId] (/home/gildas/projects/marmelab/javascript-boilerplate/src/api/orders/orderRepository.js:24:61)
       at Object.userId [as selectByUserId] (/home/gildas/projects/marmelab/javascript-boilerplate/src/api/orders/orderRepository.js:24:61)
       at Object.userId [as selectByUserId] (/home/gildas/projects/marmelab/javascript-boilerplate/src/api/orders/orderRepository.js:24:61)
       at Object.userId [as selectByUserId] (/home/gildas/projects/marmelab/javascript-boilerplate/src/api/orders/orderRepository.js:24:61)
       at Object.userId [as selectByUserId] (/home/gildas/projects/marmelab/javascript-boilerplate/src/api/orders/orderRepository.js:24:61)
       at Object.userId [as selectByUserId] (/home/gildas/projects/marmelab/javascript-boilerplate/src/api/orders/orderRepository.js:24:61)
       at Object.userId [as selectByUserId] (/home/gildas/projects/marmelab/javascript-boilerplate/src/api/orders/orderRepository.js:24:61)
       at Object.userId [as selectByUserId] (/home/gildas/projects/marmelab/javascript-boilerplate/src/api/orders/orderRepository.js:24:61)
       at Object.userId [as selectByUserId] (/home/gildas/projects/marmelab/javascript-boilerplate/src/api/orders/orderRepository.js:24:61)
       at Object.userId [as selectByUserId] (/home/gildas/projects/marmelab/javascript-boilerplate/src/api/orders/orderRepository.js:24:61)
       at Object.userId [as selectByUserId] (/home/gildas/projects/marmelab/javascript-boilerplate/src/api/orders/orderRepository.js:24:61)
       at Object.userId [as selectByUserId] (/home/gildas/projects/marmelab/javascript-boilerplate/src/api/orders/orderRepository.js:24:61)
       at Object.userId [as selectByUserId] (/home/gildas/projects/marmelab/javascript-boilerplate/src/api/orders/orderRepository.js:24:61)
       at Object.userId [as selectByUserId] (/home/gildas/projects/marmelab/javascript-boilerplate/src/api/orders/orderRepository.js:24:61)
       at Object.userId [as selectByUserId] (/home/gildas/projects/marmelab/javascript-boilerplate/src/api/orders/orderRepository.js:24:61)
       at Object.userId [as selectByUserId] (/home/gildas/projects/marmelab/javascript-boilerplate/src/api/orders/orderRepository.js:24:61)
       at Object.userId [as selectByUserId] (/home/gildas/projects/marmelab/javascript-boilerplate/src/api/orders/orderRepository.js:24:61)
       at Object.userId [as selectByUserId] (/home/gildas/projects/marmelab/javascript-boilerplate/src/api/orders/orderRepository.js:24:61)
       at Object.userId [as selectByUserId] (/home/gildas/projects/marmelab/javascript-boilerplate/src/api/orders/orderRepository.js:24:61)
       at Object.userId [as selectByUserId] (/home/gildas/projects/marmelab/javascript-boilerplate/src/api/orders/orderRepository.js:24:61)
       at Object.userId [as selectByUserId] (/home/gildas/projects/marmelab/javascript-boilerplate/src/api/orders/orderRepository.js:24:61)
       at Object.userId [as selectByUserId] (/home/gildas/projects/marmelab/javascript-boilerplate/src/api/orders/orderRepository.js:24:61)
       at Object.userId [as selectByUserId] (/home/gildas/projects/marmelab/javascript-boilerplate/src/api/orders/orderRepository.js:24:61)
       at Object.userId [as selectByUserId] (/home/gildas/projects/marmelab/javascript-boilerplate/src/api/orders/orderRepository.js:24:61)
       at Object.userId [as selectByUserId] (/home/gildas/projects/marmelab/javascript-boilerplate/src/api/orders/orderRepository.js:24:61)
       at Object.userId [as selectByUserId] (/home/gildas/projects/marmelab/javascript-boilerplate/src/api/orders/orderRepository.js:24:61)
       at Object.userId [as selectByUserId] (/home/gildas/projects/marmelab/javascript-boilerplate/src/api/orders/orderRepository.js:24:61)
       at Object.userId [as selectByUserId] (/home/gildas/projects/marmelab/javascript-boilerplate/src/api/orders/orderRepository.js:24:61)
       at Object.userId [as selectByUserId] (/home/gildas/projects/marmelab/javascript-boilerplate/src/api/orders/orderRepository.js:24:61)
       at Object.userId [as selectByUserId] (/home/gildas/projects/marmelab/javascript-boilerplate/src/api/orders/orderRepository.js:24:61)
       at Object.userId [as selectByUserId] (/home/gildas/projects/marmelab/javascript-boilerplate/src/api/orders/orderRepository.js:24:61)
       at Object.userId [as selectByUserId] (/home/gildas/projects/marmelab/javascript-boilerplate/src/api/orders/orderRepository.js:24:61)
       at Object.userId [as selectByUserId] (/home/gildas/projects/marmelab/javascript-boilerplate/src/api/orders/orderRepository.js:24:61)
       at Object.userId [as selectByUserId] (/home/gildas/projects/marmelab/javascript-boilerplate/src/api/orders/orderRepository.js:24:61)
       at Object.userId [as selectByUserId] (/home/gildas/projects/marmelab/javascript-boilerplate/src/api/orders/orderRepository.js:24:61)
       at Object.userId [as selectByUserId] (/home/gildas/projects/marmelab/javascript-boilerplate/src/api/orders/orderRepository.js:24:61)
       at Object.userId [as selectByUserId] (/home/gildas/projects/marmelab/javascript-boilerplate/src/api/orders/orderRepository.js:24:61)
       at Object.userId [as selectByUserId] (/home/gildas/projects/marmelab/javascript-boilerplate/src/api/orders/orderRepository.js:24:61)
       at Object.userId [as selectByUserId] (/home/gildas/projects/marmelab/javascript-boilerplate/src/api/orders/orderRepository.js:24:61)
       at Object.userId [as selectByUserId] (/home/gildas/projects/marmelab/javascript-boilerplate/src/api/orders/orderRepository.js:24:61)
       at Object.userId [as selectByUserId] (/home/gildas/projects/marmelab/javascript-boilerplate/src/api/orders/orderRepository.js:24:61)
       at Object.userId [as selectByUserId] (/home/gildas/projects/marmelab/javascript-boilerplate/src/api/orders/orderRepository.js:24:61)
       at Object.userId [as selectByUserId] (/home/gildas/projects/marmelab/javascript-boilerplate/src/api/orders/orderRepository.js:24:61)
       at Object.userId [as selectByUserId] (/home/gildas/projects/marmelab/javascript-boilerplate/src/api/orders/orderRepository.js:24:61)
       at Object.userId [as selectByUserId] (/home/gildas/projects/marmelab/javascript-boilerplate/src/api/orders/orderRepository.js:24:61)
       at Object.userId [as selectByUserId] (/home/gildas/projects/marmelab/javascript-boilerplate/src/api/orders/orderRepository.js:24:61)
       at Object.userId [as selectByUserId] (/home/gildas/projects/marmelab/javascript-boilerplate/src/api/orders/orderRepository.js:24:61)
       at Object.userId [as selectByUserId] (/home/gildas/projects/marmelab/javascript-boilerplate/src/api/orders/orderRepository.js:24:61)
       at Object.userId [as selectByUserId] (/home/gildas/projects/marmelab/javascript-boilerplate/src/api/orders/orderRepository.js:24:61)
       at Object.userId [as selectByUserId] (/home/gildas/projects/marmelab/javascript-boilerplate/src/api/orders/orderRepository.js:24:61)
       at Object.userId [as selectByUserId] (/home/gildas/projects/marmelab/javascript-boilerplate/src/api/orders/orderRepository.js:24:61)
       at Object.userId [as selectByUserId] (/home/gildas/projects/marmelab/javascript-boilerplate/src/api/orders/orderRepository.js:24:61)
       at Object.userId [as selectByUserId] (/home/gildas/projects/marmelab/javascript-boilerplate/src/api/orders/orderRepository.js:24:61)
       at Object.userId [as selectByUserId] (/home/gildas/projects/marmelab/javascript-boilerplate/src/api/orders/orderRepository.js:24:61)
       at Object.userId [as selectByUserId] (/home/gildas/projects/marmelab/javascript-boilerplate/src/api/orders/orderRepository.js:24:61)
       at Object.userId [as selectByUserId] (/home/gildas/projects/marmelab/javascript-boilerplate/src/api/orders/orderRepository.js:24:61)
       at Object.userId [as selectByUserId] (/home/gildas/projects/marmelab/javascript-boilerplate/src/api/orders/orderRepository.js:24:61)
       at Object.userId [as selectByUserId] (/home/gildas/projects/marmelab/javascript-boilerplate/src/api/orders/orderRepository.js:24:61)
       at Object.userId [as selectByUserId] (/home/gildas/projects/marmelab/javascript-boilerplate/src/api/orders/orderRepository.js:24:61)
       at Object.userId [as selectByUserId] (/home/gildas/projects/marmelab/javascript-boilerplate/src/api/orders/orderRepository.js:24:61)
       at Object.userId [as selectByUserId] (/home/gildas/projects/marmelab/javascript-boilerplate/src/api/orders/orderRepository.js:24:61)
       at Object.userId [as selectByUserId] (/home/gildas/projects/marmelab/javascript-boilerplate/src/api/orders/orderRepository.js:24:61)
       at Object.userId [as selectByUserId] (/home/gildas/projects/marmelab/javascript-boilerplate/src/api/orders/orderRepository.js:24:61)
       at Object.userId [as selectByUserId] (/home/gildas/projects/marmelab/javascript-boilerplate/src/api/orders/orderRepository.js:24:61)
       at Object.userId [as selectByUserId] (/home/gildas/projects/marmelab/javascript-boilerplate/src/api/orders/orderRepository.js:24:61)
       at Object.userId [as selectByUserId] (/home/gildas/projects/marmelab/javascript-boilerplate/src/api/orders/orderRepository.js:24:61)
       at Object.userId [as selectByUserId] (/home/gildas/projects/marmelab/javascript-boilerplate/src/api/orders/orderRepository.js:24:61)
       at Object.userId [as selectByUserId] (/home/gildas/projects/marmelab/javascript-boilerplate/src/api/orders/orderRepository.js:24:61)
       at Object.userId [as selectByUserId] (/home/gildas/projects/marmelab/javascript-boilerplate/src/api/orders/orderRepository.js:24:61)
       at Object.userId [as selectByUserId] (/home/gildas/projects/marmelab/javascript-boilerplate/src/api/orders/orderRepository.js:24:61)
       at Object.userId [as selectByUserId] (/home/gildas/projects/marmelab/javascript-boilerplate/src/api/orders/orderRepository.js:24:61)
       at Object.userId [as selectByUserId] (/home/gildas/projects/marmelab/javascript-boilerplate/src/api/orders/orderRepository.js:24:61)
       at Object.userId [as selectByUserId] (/home/gildas/projects/marmelab/javascript-boilerplate/src/api/orders/orderRepository.js:24:61)
       at Object.userId [as selectByUserId] (/home/gildas/projects/marmelab/javascript-boilerplate/src/api/orders/orderRepository.js:24:61)
       at Object.userId [as selectByUserId] (/home/gildas/projects/marmelab/javascript-boilerplate/src/api/orders/orderRepository.js:24:61)
       at Object.userId [as selectByUserId] (/home/gildas/projects/marmelab/javascript-boilerplate/src/api/orders/orderRepository.js:24:61)
       at Object.userId [as selectByUserId] (/home/gildas/projects/marmelab/javascript-boilerplate/src/api/orders/orderRepository.js:24:61)
       at Object.userId [as selectByUserId] (/home/gildas/projects/marmelab/javascript-boilerplate/src/api/orders/orderRepository.js:24:61)
       at Object.userId [as selectByUserId] (/home/gildas/projects/marmelab/javascript-boilerplate/src/api/orders/orderRepository.js:24:61)
       at Object.userId [as selectByUserId] (/home/gildas/projects/marmelab/javascript-boilerplate/src/api/orders/orderRepository.js:24:61)
       at Object.userId [as selectByUserId] (/home/gildas/projects/marmelab/javascript-boilerplate/src/api/orders/orderRepository.js:24:61)
       at Object.userId [as selectByUserId] (/home/gildas/projects/marmelab/javascript-boilerplate/src/api/orders/orderRepository.js:24:61)
       at Object.userId [as selectByUserId] (/home/gildas/projects/marmelab/javascript-boilerplate/src/api/orders/orderRepository.js:24:61)
       at Object.userId [as selectByUserId] (/home/gildas/projects/marmelab/javascript-boilerplate/src/api/orders/orderRepository.js:24:61)
       at Object.userId [as selectByUserId] (/home/gildas/projects/marmelab/javascript-boilerplate/src/api/orders/orderRepository.js:24:61)
       at Object.userId [as selectByUserId] (/home/gildas/projects/marmelab/javascript-boilerplate/src/api/orders/orderRepository.js:24:61)
       at Object.userId [as selectByUserId] (/home/gildas/projects/marmelab/javascript-boilerplate/src/api/orders/orderRepository.js:24:61)
       at Object.userId [as selectByUserId] (/home/gildas/projects/marmelab/javascript-boilerplate/src/api/orders/orderRepository.js:24:61)
       at Object.userId [as selectByUserId] (/home/gildas/projects/marmelab/javascript-boilerplate/src/api/orders/orderRepository.js:24:61)
       at Object.userId [as selectByUserId] (/home/gildas/projects/marmelab/javascript-boilerplate/src/api/orders/orderRepository.js:24:61)
       at Object.userId [as selectByUserId] (/home/gildas/projects/marmelab/javascript-boilerplate/src/api/orders/orderRepository.js:24:61)
       at Object.userId [as selectByUserId] (/home/gildas/projects/marmelab/javascript-boilerplate/src/api/orders/orderRepository.js:24:61)
       at Object.userId [as selectByUserId] (/home/gildas/projects/marmelab/javascript-boilerplate/src/api/orders/orderRepository.js:24:61)
       at Object.userId [as selectByUserId] (/home/gildas/projects/marmelab/javascript-boilerplate/src/api/orders/orderRepository.js:24:61)
       at Object.userId [as selectByUserId] (/home/gildas/projects/marmelab/javascript-boilerplate/src/api/orders/orderRepository.js:24:61)
       at Object.userId [as selectByUserId] (/home/gildas/projects/marmelab/javascript-boilerplate/src/api/orders/orderRepository.js:24:61)
       at Object.userId [as selectByUserId] (/home/gildas/projects/marmelab/javascript-boilerplate/src/api/orders/orderRepository.js:24:61)
       at Object.userId [as selectByUserId] (/home/gildas/projects/marmelab/javascript-boilerplate/src/api/orders/orderRepository.js:24:61)
       at Object.userId [as selectByUserId] (/home/gildas/projects/marmelab/javascript-boilerplate/src/api/orders/orderRepository.js:24:61)
       at Object.userId [as selectByUserId] (/home/gildas/projects/marmelab/javascript-boilerplate/src/api/orders/orderRepository.js:24:61)
       at Object.userId [as selectByUserId] (/home/gildas/projects/marmelab/javascript-boilerplate/src/api/orders/orderRepository.js:24:61)
       at Object.userId [as selectByUserId] (/home/gildas/projects/marmelab/javascript-boilerplate/src/api/orders/orderRepository.js:24:61)
       at Object.userId [as selectByUserId] (/home/gildas/projects/marmelab/javascript-boilerplate/src/api/orders/orderRepository.js:24:61)
       at Object.userId [as selectByUserId] (/home/gildas/projects/marmelab/javascript-boilerplate/src/api/orders/orderRepository.js:24:61)
       at Object.userId [as selectByUserId] (/home/gildas/projects/marmelab/javascript-boilerplate/src/api/orders/orderRepository.js:24:61)
       at Object.userId [as selectByUserId] (/home/gildas/projects/marmelab/javascript-boilerplate/src/api/orders/orderRepository.js:24:61)
       at Object.userId [as selectByUserId] (/home/gildas/projects/marmelab/javascript-boilerplate/src/api/orders/orderRepository.js:24:61)
       at Object.userId [as selectByUserId] (/home/gildas/projects/marmelab/javascript-boilerplate/src/api/orders/orderRepository.js:24:61)
       at Object.userId [as selectByUserId] (/home/gildas/projects/marmelab/javascript-boilerplate/src/api/orders/orderRepository.js:24:61)
       at Object.userId [as selectByUserId] (/home/gildas/projects/marmelab/javascript-boilerplate/src/api/orders/orderRepository.js:24:61)
       at Object.userId [as selectByUserId] (/home/gildas/projects/marmelab/javascript-boilerplate/src/api/orders/orderRepository.js:24:61)
       at Object.userId [as selectByUserId] (/home/gildas/projects/marmelab/javascript-boilerplate/src/api/orders/orderRepository.js:24:61)
       at Object.userId [as selectByUserId] (/home/gildas/projects/marmelab/javascript-boilerplate/src/api/orders/orderRepository.js:24:61)
       at Object.userId [as selectByUserId] (/home/gildas/projects/marmelab/javascript-boilerplate/src/api/orders/orderRepository.js:24:61)
       at Object.userId [as selectByUserId] (/home/gildas/projects/marmelab/javascript-boilerplate/src/api/orders/orderRepository.js:24:61)
       at Object.userId [as selectByUserId] (/home/gildas/projects/marmelab/javascript-boilerplate/src/api/orders/orderRepository.js:24:61)
       at Object.userId [as selectByUserId] (/home/gildas/projects/marmelab/javascript-boilerplate/src/api/orders/orderRepository.js:24:61)
       at Object.userId [as selectByUserId] (/home/gildas/projects/marmelab/javascript-boilerplate/src/api/orders/orderRepository.js:24:61)
       at Object.userId [as selectByUserId] (/home/gildas/projects/marmelab/javascript-boilerplate/src/api/orders/orderRepository.js:24:61)
       at Object.userId [as selectByUserId] (/home/gildas/projects/marmelab/javascript-boilerplate/src/api/orders/orderRepository.js:24:61)
       at Object.userId [as selectByUserId] (/home/gildas/projects/marmelab/javascript-boilerplate/src/api/orders/orderRepository.js:24:61)
       at Object.userId [as selectByUserId] (/home/gildas/projects/marmelab/javascript-boilerplate/src/api/orders/orderRepository.js:24:61)
       at Object.userId [as selectByUserId] (/home/gildas/projects/marmelab/javascript-boilerplate/src/api/orders/orderRepository.js:24:61)
       at Object.userId [as selectByUserId] (/home/gildas/projects/marmelab/javascript-boilerplate/src/api/orders/orderRepository.js:24:61)
       at Object.userId [as selectByUserId] (/home/gildas/projects/marmelab/javascript-boilerplate/src/api/orders/orderRepository.js:24:61)
       at Object.userId [as selectByUserId] (/home/gildas/projects/marmelab/javascript-boilerplate/src/api/orders/orderRepository.js:24:61)
       at Object.userId [as selectByUserId] (/home/gildas/projects/marmelab/javascript-boilerplate/src/api/orders/orderRepository.js:24:61)
       at Object.userId [as selectByUserId] (/home/gildas/projects/marmelab/javascript-boilerplate/src/api/orders/orderRepository.js:24:61)
       at Object.userId [as selectByUserId] (/home/gildas/projects/marmelab/javascript-boilerplate/src/api/orders/orderRepository.js:24:61)
       at Object.userId [as selectByUserId] (/home/gildas/projects/marmelab/javascript-boilerplate/src/api/orders/orderRepository.js:24:61)
       at Object.userId [as selectByUserId] (/home/gildas/projects/marmelab/javascript-boilerplate/src/api/orders/orderRepository.js:24:61)
       at Object.userId [as selectByUserId] (/home/gildas/projects/marmelab/javascript-boilerplate/src/api/orders/orderRepository.js:24:61)
       at Object.userId [as selectByUserId] (/home/gildas/projects/marmelab/javascript-boilerplate/src/api/orders/orderRepository.js:24:61)
       at Object.userId [as selectByUserId] (/home/gildas/projects/marmelab/javascript-boilerplate/src/api/orders/orderRepository.js:24:61)
       at Object.userId [as selectByUserId] (/home/gildas/projects/marmelab/javascript-boilerplate/src/api/orders/orderRepository.js:24:61)
       at Object.userId [as selectByUserId] (/home/gildas/projects/marmelab/javascript-boilerplate/src/api/orders/orderRepository.js:24:61)
       at Object.userId [as selectByUserId] (/home/gildas/projects/marmelab/javascript-boilerplate/src/api/orders/orderRepository.js:24:61)
       at Object.userId [as selectByUserId] (/home/gildas/projects/marmelab/javascript-boilerplate/src/api/orders/orderRepository.js:24:61)
       at Object.userId [as selectByUserId] (/home/gildas/projects/marmelab/javascript-boilerplate/src/api/orders/orderRepository.js:24:61)
       at Object.userId [as selectByUserId] (/home/gildas/projects/marmelab/javascript-boilerplate/src/api/orders/orderRepository.js:24:61)
       at Object.userId [as selectByUserId] (/home/gildas/projects/marmelab/javascript-boilerplate/src/api/orders/orderRepository.js:24:61)
       at Object.userId [as selectByUserId] (/home/gildas/projects/marmelab/javascript-boilerplate/src/api/orders/orderRepository.js:24:61)
       at Object.userId [as selectByUserId] (/home/gildas/projects/marmelab/javascript-boilerplate/src/api/orders/orderRepository.js:24:61)
       at Object.userId [as selectByUserId] (/home/gildas/projects/marmelab/javascript-boilerplate/src/api/orders/orderRepository.js:24:61)
       at Object.userId [as selectByUserId] (/home/gildas/projects/marmelab/javascript-boilerplate/src/api/orders/orderRepository.js:24:61)
       at Object.userId [as selectByUserId] (/home/gildas/projects/marmelab/javascript-boilerplate/src/api/orders/orderRepository.js:24:61)
       at Object.userId [as selectByUserId] (/home/gildas/projects/marmelab/javascript-boilerplate/src/api/orders/orderRepository.js:24:61)
       at Object.userId [as selectByUserId] (/home/gildas/projects/marmelab/javascript-boilerplate/src/api/orders/orderRepository.js:24:61)
       at Object.userId [as selectByUserId] (/home/gildas/projects/marmelab/javascript-boilerplate/src/api/orders/orderRepository.js:24:61)
       at Object.userId [as selectByUserId] (/home/gildas/projects/marmelab/javascript-boilerplate/src/api/orders/orderRepository.js:24:61)
       at Object.userId [as selectByUserId] (/home/gildas/projects/marmelab/javascript-boilerplate/src/api/orders/orderRepository.js:24:61)
       at Object.userId [as selectByUserId] (/home/gildas/projects/marmelab/javascript-boilerplate/src/api/orders/orderRepository.js:24:61)
       at Object.userId [as selectByUserId] (/home/gildas/projects/marmelab/javascript-boilerplate/src/api/orders/orderRepository.js:24:61)
       at Object.userId [as selectByUserId] (/home/gildas/projects/marmelab/javascript-boilerplate/src/api/orders/orderRepository.js:24:61)
       at Object.userId [as selectByUserId] (/home/gildas/projects/marmelab/javascript-boilerplate/src/api/orders/orderRepository.js:24:61)
       at Object.userId [as selectByUserId] (/home/gildas/projects/marmelab/javascript-boilerplate/src/api/orders/orderRepository.js:24:61)
       at Object.userId [as selectByUserId] (/home/gildas/projects/marmelab/javascript-boilerplate/src/api/orders/orderRepository.js:24:61)
       at Object.userId [as selectByUserId] (/home/gildas/projects/marmelab/javascript-boilerplate/src/api/orders/orderRepository.js:24:61)
       at Object.userId [as selectByUserId] (/home/gildas/projects/marmelab/javascript-boilerplate/src/api/orders/orderRepository.js:24:61)
       at Object.userId [as selectByUserId] (/home/gildas/projects/marmelab/javascript-boilerplate/src/api/orders/orderRepository.js:24:61)
       at Object.userId [as selectByUserId] (/home/gildas/projects/marmelab/javascript-boilerplate/src/api/orders/orderRepository.js:24:61)
       at Object.userId [as selectByUserId] (/home/gildas/projects/marmelab/javascript-boilerplate/src/api/orders/orderRepository.js:24:61)
       at Object.userId [as selectByUserId] (/home/gildas/projects/marmelab/javascript-boilerplate/src/api/orders/orderRepository.js:24:61)
       at Object.userId [as selectByUserId] (/home/gildas/projects/marmelab/javascript-boilerplate/src/api/orders/orderRepository.js:24:61)
       at Object.userId [as selectByUserId] (/home/gildas/projects/marmelab/javascript-boilerplate/src/api/orders/orderRepository.js:24:61)
       at Object.userId [as selectByUserId] (/home/gildas/projects/marmelab/javascript-boilerplate/src/api/orders/orderRepository.js:24:61)
       at Object.userId [as selectByUserId] (/home/gildas/projects/marmelab/javascript-boilerplate/src/api/orders/orderRepository.js:24:61)
       at Object.userId [as selectByUserId] (/home/gildas/projects/marmelab/javascript-boilerplate/src/api/orders/orderRepository.js:24:61)
       at Object.userId [as selectByUserId] (/home/gildas/projects/marmelab/javascript-boilerplate/src/api/orders/orderRepository.js:24:61)
       at Object.userId [as selectByUserId] (/home/gildas/projects/marmelab/javascript-boilerplate/src/api/orders/orderRepository.js:24:61)
       at Object.userId [as selectByUserId] (/home/gildas/projects/marmelab/javascript-boilerplate/src/api/orders/orderRepository.js:24:61)
       at Object.userId [as selectByUserId] (/home/gildas/projects/marmelab/javascript-boilerplate/src/api/orders/orderRepository.js:24:61)
       at Object.userId [as selectByUserId] (/home/gildas/projects/marmelab/javascript-boilerplate/src/api/orders/orderRepository.js:24:61)
       at Object.userId [as selectByUserId] (/home/gildas/projects/marmelab/javascript-boilerplate/src/api/orders/orderRepository.js:24:61)
       at Object.userId [as selectByUserId] (/home/gildas/projects/marmelab/javascript-boilerplate/src/api/orders/orderRepository.js:24:61)
       at Object.userId [as selectByUserId] (/home/gildas/projects/marmelab/javascript-boilerplate/src/api/orders/orderRepository.js:24:61)
       at Object.userId [as selectByUserId] (/home/gildas/projects/marmelab/javascript-boilerplate/src/api/orders/orderRepository.js:24:61)
       at Object.userId [as selectByUserId] (/home/gildas/projects/marmelab/javascript-boilerplate/src/api/orders/orderRepository.js:24:61)
       at Object.userId [as selectByUserId] (/home/gildas/projects/marmelab/javascript-boilerplate/src/api/orders/orderRepository.js:24:61)
       at Object.userId [as selectByUserId] (/home/gildas/projects/marmelab/javascript-boilerplate/src/api/orders/orderRepository.js:24:61)
       at Object.userId [as selectByUserId] (/home/gildas/projects/marmelab/javascript-boilerplate/src/api/orders/orderRepository.js:24:61)
       at Object.userId [as selectByUserId] (/home/gildas/projects/marmelab/javascript-boilerplate/src/api/orders/orderRepository.js:24:61)
       at Object.userId [as selectByUserId] (/home/gildas/projects/marmelab/javascript-boilerplate/src/api/orders/orderRepository.js:24:61)
       at Object.userId [as selectByUserId] (/home/gildas/projects/marmelab/javascript-boilerplate/src/api/orders/orderRepository.js:24:61)
       at Object.userId [as selectByUserId] (/home/gildas/projects/marmelab/javascript-boilerplate/src/api/orders/orderRepository.js:24:61)
       at Object.userId [as selectByUserId] (/home/gildas/projects/marmelab/javascript-boilerplate/src/api/orders/orderRepository.js:24:61)
       at Object.userId [as selectByUserId] (/home/gildas/projects/marmelab/javascript-boilerplate/src/api/orders/orderRepository.js:24:61)
       at Object.userId [as selectByUserId] (/home/gildas/projects/marmelab/javascript-boilerplate/src/api/orders/orderRepository.js:24:61)
       at Object.userId [as selectByUserId] (/home/gildas/projects/marmelab/javascript-boilerplate/src/api/orders/orderRepository.js:24:61)
       at Object.userId [as selectByUserId] (/home/gildas/projects/marmelab/javascript-boilerplate/src/api/orders/orderRepository.js:24:61)
       at Object.userId [as selectByUserId] (/home/gildas/projects/marmelab/javascript-boilerplate/src/api/orders/orderRepository.js:24:61)
       at Object.userId [as selectByUserId] (/home/gildas/projects/marmelab/javascript-boilerplate/src/api/orders/orderRepository.js:24:61)
       at Object.userId [as selectByUserId] (/home/gildas/projects/marmelab/javascript-boilerplate/src/api/orders/orderRepository.js:24:61)
       at Object.userId [as selectByUserId] (/home/gildas/projects/marmelab/javascript-boilerplate/src/api/orders/orderRepository.js:24:61)
       at Object.userId [as selectByUserId] (/home/gildas/projects/marmelab/javascript-boilerplate/src/api/orders/orderRepository.js:24:61)
       at Object.userId [as selectByUserId] (/home/gildas/projects/marmelab/javascript-boilerplate/src/api/orders/orderRepository.js:24:61)
       at Object.userId [as selectByUserId] (/home/gildas/projects/marmelab/javascript-boilerplate/src/api/orders/orderRepository.js:24:61)
       at Object.userId [as selectByUserId] (/home/gildas/projects/marmelab/javascript-boilerplate/src/api/orders/orderRepository.js:24:61)
       at Object.userId [as selectByUserId] (/home/gildas/projects/marmelab/javascript-boilerplate/src/api/orders/orderRepository.js:24:61)
       at Object.userId [as selectByUserId] (/home/gildas/projects/marmelab/javascript-boilerplate/src/api/orders/orderRepository.js:24:61)
       at Object.userId [as selectByUserId] (/home/gildas/projects/marmelab/javascript-boilerplate/src/api/orders/orderRepository.js:24:61)
       at Object.userId [as selectByUserId] (/home/gildas/projects/marmelab/javascript-boilerplate/src/api/orders/orderRepository.js:24:61)
       at Object.userId [as selectByUserId] (/home/gildas/projects/marmelab/javascript-boilerplate/src/api/orders/orderRepository.js:24:61)
       at Object.userId [as selectByUserId] (/home/gildas/projects/marmelab/javascript-boilerplate/src/api/orders/orderRepository.js:24:61)
       at Object.userId [as selectByUserId] (/home/gildas/projects/marmelab/javascript-boilerplate/src/api/orders/orderRepository.js:24:61)
       at Object.userId [as selectByUserId] (/home/gildas/projects/marmelab/javascript-boilerplate/src/api/orders/orderRepository.js:24:61)
       at Object.userId [as selectByUserId] (/home/gildas/projects/marmelab/javascript-boilerplate/src/api/orders/orderRepository.js:24:61)
       at Object.userId [as selectByUserId] (/home/gildas/projects/marmelab/javascript-boilerplate/src/api/orders/orderRepository.js:24:61)
       at Object.userId [as selectByUserId] (/home/gildas/projects/marmelab/javascript-boilerplate/src/api/orders/orderRepository.js:24:61)
       at Object.userId [as selectByUserId] (/home/gildas/projects/marmelab/javascript-boilerplate/src/api/orders/orderRepository.js:24:61)
       at Object.userId [as selectByUserId] (/home/gildas/projects/marmelab/javascript-boilerplate/src/api/orders/orderRepository.js:24:61)
       at Object.userId [as selectByUserId] (/home/gildas/projects/marmelab/javascript-boilerplate/src/api/orders/orderRepository.js:24:61)
       at Object.userId [as selectByUserId] (/home/gildas/projects/marmelab/javascript-boilerplate/src/api/orders/orderRepository.js:24:61)
       at Object.userId [as selectByUserId] (/home/gildas/projects/marmelab/javascript-boilerplate/src/api/orders/orderRepository.js:24:61)
       at Object.userId [as selectByUserId] (/home/gildas/projects/marmelab/javascript-boilerplate/src/api/orders/orderRepository.js:24:61)
       at Object.userId [as selectByUserId] (/home/gildas/projects/marmelab/javascript-boilerplate/src/api/orders/orderRepository.js:24:61)
       at Object.userId [as selectByUserId] (/home/gildas/projects/marmelab/javascript-boilerplate/src/api/orders/orderRepository.js:24:61)
       at Object.userId [as selectByUserId] (/home/gildas/projects/marmelab/javascript-boilerplate/src/api/orders/orderRepository.js:24:61)
       at Object.userId [as selectByUserId] (/home/gildas/projects/marmelab/javascript-boilerplate/src/api/orders/orderRepository.js:24:61)
       at Object.userId [as selectByUserId] (/home/gildas/projects/marmelab/javascript-boilerplate/src/api/orders/orderRepository.js:24:61)
       at Object.userId [as selectByUserId] (/home/gildas/projects/marmelab/javascript-boilerplate/src/api/orders/orderRepository.js:24:61)
       at Object.userId [as selectByUserId] (/home/gildas/projects/marmelab/javascript-boilerplate/src/api/orders/orderRepository.js:24:61)
       at Object.userId [as selectByUserId] (/home/gildas/projects/marmelab/javascript-boilerplate/src/api/orders/orderRepository.js:24:61)
       at Object.userId [as selectByUserId] (/home/gildas/projects/marmelab/javascript-boilerplate/src/api/orders/orderRepository.js:24:61)
       at Object.userId [as selectByUserId] (/home/gildas/projects/marmelab/javascript-boilerplate/src/api/orders/orderRepository.js:24:61)
       at Object.userId [as selectByUserId] (/home/gildas/projects/marmelab/javascript-boilerplate/src/api/orders/orderRepository.js:24:61)
       at Object.userId [as selectByUserId] (/home/gildas/projects/marmelab/javascript-boilerplate/src/api/orders/orderRepository.js:24:61)
       at Object.userId [as selectByUserId] (/home/gildas/projects/marmelab/javascript-boilerplate/src/api/orders/orderRepository.js:24:61)
       at Object.userId [as selectByUserId] (/home/gildas/projects/marmelab/javascript-boilerplate/src/api/orders/orderRepository.js:24:61)
       at Object.userId [as selectByUserId] (/home/gildas/projects/marmelab/javascript-boilerplate/src/api/orders/orderRepository.js:24:61)
       at Object.userId [as selectByUserId] (/home/gildas/projects/marmelab/javascript-boilerplate/src/api/orders/orderRepository.js:24:61)
       at Object.userId [as selectByUserId] (/home/gildas/projects/marmelab/javascript-boilerplate/src/api/orders/orderRepository.js:24:61)
       at Object.userId [as selectByUserId] (/home/gildas/projects/marmelab/javascript-boilerplate/src/api/orders/orderRepository.js:24:61)
       at Object.userId [as selectByUserId] (/home/gildas/projects/marmelab/javascript-boilerplate/src/api/orders/orderRepository.js:24:61)
       at Object.userId [as selectByUserId] (/home/gildas/projects/marmelab/javascript-boilerplate/src/api/orders/orderRepository.js:24:61)
       at Object.userId [as selectByUserId] (/home/gildas/projects/marmelab/javascript-boilerplate/src/api/orders/orderRepository.js:24:61)
       at Object.userId [as selectByUserId] (/home/gildas/projects/marmelab/javascript-boilerplate/src/api/orders/orderRepository.js:24:61)
       at Object.userId [as selectByUserId] (/home/gildas/projects/marmelab/javascript-boilerplate/src/api/orders/orderRepository.js:24:61)
       at Object.userId [as selectByUserId] (/home/gildas/projects/marmelab/javascript-boilerplate/src/api/orders/orderRepository.js:24:61)
       at Object.userId [as selectByUserId] (/home/gildas/projects/marmelab/javascript-boilerplate/src/api/orders/orderRepository.js:24:61)
       at Object.userId [as selectByUserId] (/home/gildas/projects/marmelab/javascript-boilerplate/src/api/orders/orderRepository.js:24:61)
       at Object.userId [as selectByUserId] (/home/gildas/projects/marmelab/javascript-boilerplate/src/api/orders/orderRepository.js:24:61)
       at Object.userId [as selectByUserId] (/home/gildas/projects/marmelab/javascript-boilerplate/src/api/orders/orderRepository.js:24:61)
       at Object.userId [as selectByUserId] (/home/gildas/projects/marmelab/javascript-boilerplate/src/api/orders/orderRepository.js:24:61)
       at Object.userId [as selectByUserId] (/home/gildas/projects/marmelab/javascript-boilerplate/src/api/orders/orderRepository.js:24:61)
       at Object.userId [as selectByUserId] (/home/gildas/projects/marmelab/javascript-boilerplate/src/api/orders/orderRepository.js:24:61)
       at Object.userId [as selectByUserId] (/home/gildas/projects/marmelab/javascript-boilerplate/src/api/orders/orderRepository.js:24:61)
       at Object.userId [as selectByUserId] (/home/gildas/projects/marmelab/javascript-boilerplate/src/api/orders/orderRepository.js:24:61)
       at Object.userId [as selectByUserId] (/home/gildas/projects/marmelab/javascript-boilerplate/src/api/orders/orderRepository.js:24:61)
       at Object.userId [as selectByUserId] (/home/gildas/projects/marmelab/javascript-boilerplate/src/api/orders/orderRepository.js:24:61)
       at Object.userId [as selectByUserId] (/home/gildas/projects/marmelab/javascript-boilerplate/src/api/orders/orderRepository.js:24:61)
       at Object.userId [as selectByUserId] (/home/gildas/projects/marmelab/javascript-boilerplate/src/api/orders/orderRepository.js:24:61)
       at Object.userId [as selectByUserId] (/home/gildas/projects/marmelab/javascript-boilerplate/src/api/orders/orderRepository.js:24:61)
       at Object.userId [as selectByUserId] (/home/gildas/projects/marmelab/javascript-boilerplate/src/api/orders/orderRepository.js:24:61)
       at Object.userId [as selectByUserId] (/home/gildas/projects/marmelab/javascript-boilerplate/src/api/orders/orderRepository.js:24:61)
       at Object.userId [as selectByUserId] (/home/gildas/projects/marmelab/javascript-boilerplate/src/api/orders/orderRepository.js:24:61)
       at Object.userId [as selectByUserId] (/home/gildas/projects/marmelab/javascript-boilerplate/src/api/orders/orderRepository.js:24:61)
       at Object.userId [as selectByUserId] (/home/gildas/projects/marmelab/javascript-boilerplate/src/api/orders/orderRepository.js:24:61)
       at Object.userId [as selectByUserId] (/home/gildas/projects/marmelab/javascript-boilerplate/src/api/orders/orderRepository.js:24:61)
       at Object.userId [as selectByUserId] (/home/gildas/projects/marmelab/javascript-boilerplate/src/api/orders/orderRepository.js:24:61)
       at Object.userId [as selectByUserId] (/home/gildas/projects/marmelab/javascript-boilerplate/src/api/orders/orderRepository.js:24:61)
       at Object.userId [as selectByUserId] (/home/gildas/projects/marmelab/javascript-boilerplate/src/api/orders/orderRepository.js:24:61)
       at Object.userId [as selectByUserId] (/home/gildas/projects/marmelab/javascript-boilerplate/src/api/orders/orderRepository.js:24:61)
       at Object.userId [as selectByUserId] (/home/gildas/projects/marmelab/javascript-boilerplate/src/api/orders/orderRepository.js:24:61)
       at Object.userId [as selectByUserId] (/home/gildas/projects/marmelab/javascript-boilerplate/src/api/orders/orderRepository.js:24:61)
       at Object.userId [as selectByUserId] (/home/gildas/projects/marmelab/javascript-boilerplate/src/api/orders/orderRepository.js:24:61)
       at Object.userId [as selectByUserId] (/home/gildas/projects/marmelab/javascript-boilerplate/src/api/orders/orderRepository.js:24:61)
       at Object.userId [as selectByUserId] (/home/gildas/projects/marmelab/javascript-boilerplate/src/api/orders/orderRepository.js:24:61)
       at Object.userId [as selectByUserId] (/home/gildas/projects/marmelab/javascript-boilerplate/src/api/orders/orderRepository.js:24:61)
       at Object.userId [as selectByUserId] (/home/gildas/projects/marmelab/javascript-boilerplate/src/api/orders/orderRepository.js:24:61)
       at Object.userId [as selectByUserId] (/home/gildas/projects/marmelab/javascript-boilerplate/src/api/orders/orderRepository.js:24:61)
       at Object.userId [as selectByUserId] (/home/gildas/projects/marmelab/javascript-boilerplate/src/api/orders/orderRepository.js:24:61)
       at Object.userId [as selectByUserId] (/home/gildas/projects/marmelab/javascript-boilerplate/src/api/orders/orderRepository.js:24:61)
       at Object.userId [as selectByUserId] (/home/gildas/projects/marmelab/javascript-boilerplate/src/api/orders/orderRepository.js:24:61)
       at Object.userId [as selectByUserId] (/home/gildas/projects/marmelab/javascript-boilerplate/src/api/orders/orderRepository.js:24:61)
       at Object.userId [as selectByUserId] (/home/gildas/projects/marmelab/javascript-boilerplate/src/api/orders/orderRepository.js:24:61)
       at Object.userId [as selectByUserId] (/home/gildas/projects/marmelab/javascript-boilerplate/src/api/orders/orderRepository.js:24:61)
       at Object.userId [as selectByUserId] (/home/gildas/projects/marmelab/javascript-boilerplate/src/api/orders/orderRepository.js:24:61)
       at Object.userId [as selectByUserId] (/home/gildas/projects/marmelab/javascript-boilerplate/src/api/orders/orderRepository.js:24:61)
       at Object.userId [as selectByUserId] (/home/gildas/projects/marmelab/javascript-boilerplate/src/api/orders/orderRepository.js:24:61)
       at Object.userId [as selectByUserId] (/home/gildas/projects/marmelab/javascript-boilerplate/src/api/orders/orderRepository.js:24:61)
       at Object.userId [as selectByUserId] (/home/gildas/projects/marmelab/javascript-boilerplate/src/api/orders/orderRepository.js:24:61)
       at Object.userId [as selectByUserId] (/home/gildas/projects/marmelab/javascript-boilerplate/src/api/orders/orderRepository.js:24:61)
       at Object.userId [as selectByUserId] (/home/gildas/projects/marmelab/javascript-boilerplate/src/api/orders/orderRepository.js:24:61)
       at Object.userId [as selectByUserId] (/home/gildas/projects/marmelab/javascript-boilerplate/src/api/orders/orderRepository.js:24:61)
       at Object.userId [as selectByUserId] (/home/gildas/projects/marmelab/javascript-boilerplate/src/api/orders/orderRepository.js:24:61)
       at Object.userId [as selectByUserId] (/home/gildas/projects/marmelab/javascript-boilerplate/src/api/orders/orderRepository.js:24:61)
       at Object.userId [as selectByUserId] (/home/gildas/projects/marmelab/javascript-boilerplate/src/api/orders/orderRepository.js:24:61)
       at Object.userId [as selectByUserId] (/home/gildas/projects/marmelab/javascript-boilerplate/src/api/orders/orderRepository.js:24:61)
       at Object.userId [as selectByUserId] (/home/gildas/projects/marmelab/javascript-boilerplate/src/api/orders/orderRepository.js:24:61)
       at Object.userId [as selectByUserId] (/home/gildas/projects/marmelab/javascript-boilerplate/src/api/orders/orderRepository.js:24:61)
       at Object.userId [as selectByUserId] (/home/gildas/projects/marmelab/javascript-boilerplate/src/api/orders/orderRepository.js:24:61)
       at Object.userId [as selectByUserId] (/home/gildas/projects/marmelab/javascript-boilerplate/src/api/orders/orderRepository.js:24:61)
       at Object.userId [as selectByUserId] (/home/gildas/projects/marmelab/javascript-boilerplate/src/api/orders/orderRepository.js:24:61)
       at Object.userId [as selectByUserId] (/home/gildas/projects/marmelab/javascript-boilerplate/src/api/orders/orderRepository.js:24:61)
       at Object.userId [as selectByUserId] (/home/gildas/projects/marmelab/javascript-boilerplate/src/api/orders/orderRepository.js:24:61)
       at Object.userId [as selectByUserId] (/home/gildas/projects/marmelab/javascript-boilerplate/src/api/orders/orderRepository.js:24:61)
       at Object.userId [as selectByUserId] (/home/gildas/projects/marmelab/javascript-boilerplate/src/api/orders/orderRepository.js:24:61)
       at Object.userId [as selectByUserId] (/home/gildas/projects/marmelab/javascript-boilerplate/src/api/orders/orderRepository.js:24:61)
       at Object.userId [as selectByUserId] (/home/gildas/projects/marmelab/javascript-boilerplate/src/api/orders/orderRepository.js:24:61)
       at Object.userId [as selectByUserId] (/home/gildas/projects/marmelab/javascript-boilerplate/src/api/orders/orderRepository.js:24:61)
       at Object.userId [as selectByUserId] (/home/gildas/projects/marmelab/javascript-boilerplate/src/api/orders/orderRepository.js:24:61)
       at Object.userId [as selectByUserId] (/home/gildas/projects/marmelab/javascript-boilerplate/src/api/orders/orderRepository.js:24:61)
       at Object.userId [as selectByUserId] (/home/gildas/projects/marmelab/javascript-boilerplate/src/api/orders/orderRepository.js:24:61)
       at Object.userId [as selectByUserId] (/home/gildas/projects/marmelab/javascript-boilerplate/src/api/orders/orderRepository.js:24:61)
       at Object.userId [as selectByUserId] (/home/gildas/projects/marmelab/javascript-boilerplate/src/api/orders/orderRepository.js:24:61)
       at Object.userId [as selectByUserId] (/home/gildas/projects/marmelab/javascript-boilerplate/src/api/orders/orderRepository.js:24:61)
       at Object.userId [as selectByUserId] (/home/gildas/projects/marmelab/javascript-boilerplate/src/api/orders/orderRepository.js:24:61)
       at Object.userId [as selectByUserId] (/home/gildas/projects/marmelab/javascript-boilerplate/src/api/orders/orderRepository.js:24:61)
       at Object.userId [as selectByUserId] (/home/gildas/projects/marmelab/javascript-boilerplate/src/api/orders/orderRepository.js:24:61)
       at Object.userId [as selectByUserId] (/home/gildas/projects/marmelab/javascript-boilerplate/src/api/orders/orderRepository.js:24:61)
       at Object.userId [as selectByUserId] (/home/gildas/projects/marmelab/javascript-boilerplate/src/api/orders/orderRepository.js:24:61)
       at Object.userId [as selectByUserId] (/home/gildas/projects/marmelab/javascript-boilerplate/src/api/orders/orderRepository.js:24:61)
       at Object.userId [as selectByUserId] (/home/gildas/projects/marmelab/javascript-boilerplate/src/api/orders/orderRepository.js:24:61)
       at Object.userId [as selectByUserId] (/home/gildas/projects/marmelab/javascript-boilerplate/src/api/orders/orderRepository.js:24:61)
       at Object.userId [as selectByUserId] (/home/gildas/projects/marmelab/javascript-boilerplate/src/api/orders/orderRepository.js:24:61)
       at Object.userId [as selectByUserId] (/home/gildas/projects/marmelab/javascript-boilerplate/src/api/orders/orderRepository.js:24:61)
       at Object.userId [as selectByUserId] (/home/gildas/projects/marmelab/javascript-boilerplate/src/api/orders/orderRepository.js:24:61)
       at Object.userId [as selectByUserId] (/home/gildas/projects/marmelab/javascript-boilerplate/src/api/orders/orderRepository.js:24:61)
       at Object.userId [as selectByUserId] (/home/gildas/projects/marmelab/javascript-boilerplate/src/api/orders/orderRepository.js:24:61)
       at Object.userId [as selectByUserId] (/home/gildas/projects/marmelab/javascript-boilerplate/src/api/orders/orderRepository.js:24:61)
       at Object.userId [as selectByUserId] (/home/gildas/projects/marmelab/javascript-boilerplate/src/api/orders/orderRepository.js:24:61)
       at Object.userId [as selectByUserId] (/home/gildas/projects/marmelab/javascript-boilerplate/src/api/orders/orderRepository.js:24:61)
       at Object.userId [as selectByUserId] (/home/gildas/projects/marmelab/javascript-boilerplate/src/api/orders/orderRepository.js:24:61)
       at Object.userId [as selectByUserId] (/home/gildas/projects/marmelab/javascript-boilerplate/src/api/orders/orderRepository.js:24:61)
       at Object.userId [as selectByUserId] (/home/gildas/projects/marmelab/javascript-boilerplate/src/api/orders/orderRepository.js:24:61)
       at Object.userId [as selectByUserId] (/home/gildas/projects/marmelab/javascript-boilerplate/src/api/orders/orderRepository.js:24:61)
       at Object.userId [as selectByUserId] (/home/gildas/projects/marmelab/javascript-boilerplate/src/api/orders/orderRepository.js:24:61)
       at Object.userId [as selectByUserId] (/home/gildas/projects/marmelab/javascript-boilerplate/src/api/orders/orderRepository.js:24:61)
       at Object.userId [as selectByUserId] (/home/gildas/projects/marmelab/javascript-boilerplate/src/api/orders/orderRepository.js:24:61)
       at Object.userId [as selectByUserId] (/home/gildas/projects/marmelab/javascript-boilerplate/src/api/orders/orderRepository.js:24:61)
       at Object.userId [as selectByUserId] (/home/gildas/projects/marmelab/javascript-boilerplate/src/api/orders/orderRepository.js:24:61)
       at Object.userId [as selectByUserId] (/home/gildas/projects/marmelab/javascript-boilerplate/src/api/orders/orderRepository.js:24:61)
       at Object.userId [as selectByUserId] (/home/gildas/projects/marmelab/javascript-boilerplate/src/api/orders/orderRepository.js:24:61)
       at Object.userId [as selectByUserId] (/home/gildas/projects/marmelab/javascript-boilerplate/src/api/orders/orderRepository.js:24:61)
       at Object.userId [as selectByUserId] (/home/gildas/projects/marmelab/javascript-boilerplate/src/api/orders/orderRepository.js:24:61)
       at Object.userId [as selectByUserId] (/home/gildas/projects/marmelab/javascript-boilerplate/src/api/orders/orderRepository.js:24:61)
       at Object.userId [as selectByUserId] (/home/gildas/projects/marmelab/javascript-boilerplate/src/api/orders/orderRepository.js:24:61)
       at Object.userId [as selectByUserId] (/home/gildas/projects/marmelab/javascript-boilerplate/src/api/orders/orderRepository.js:24:61)
       at Object.userId [as selectByUserId] (/home/gildas/projects/marmelab/javascript-boilerplate/src/api/orders/orderRepository.js:24:61)
       at Object.userId [as selectByUserId] (/home/gildas/projects/marmelab/javascript-boilerplate/src/api/orders/orderRepository.js:24:61)
       at Object.userId [as selectByUserId] (/home/gildas/projects/marmelab/javascript-boilerplate/src/api/orders/orderRepository.js:24:61)
       at Object.userId [as selectByUserId] (/home/gildas/projects/marmelab/javascript-boilerplate/src/api/orders/orderRepository.js:24:61)
       at Object.userId [as selectByUserId] (/home/gildas/projects/marmelab/javascript-boilerplate/src/api/orders/orderRepository.js:24:61)
       at Object.userId [as selectByUserId] (/home/gildas/projects/marmelab/javascript-boilerplate/src/api/orders/orderRepository.js:24:61)
       at Object.userId [as selectByUserId] (/home/gildas/projects/marmelab/javascript-boilerplate/src/api/orders/orderRepository.js:24:61)
       at Object.userId [as selectByUserId] (/home/gildas/projects/marmelab/javascript-boilerplate/src/api/orders/orderRepository.js:24:61)
       at Object.userId [as selectByUserId] (/home/gildas/projects/marmelab/javascript-boilerplate/src/api/orders/orderRepository.js:24:61)
       at Object.userId [as selectByUserId] (/home/gildas/projects/marmelab/javascript-boilerplate/src/api/orders/orderRepository.js:24:61)
       at Object.userId [as selectByUserId] (/home/gildas/projects/marmelab/javascript-boilerplate/src/api/orders/orderRepository.js:24:61)
       at Object.userId [as selectByUserId] (/home/gildas/projects/marmelab/javascript-boilerplate/src/api/orders/orderRepository.js:24:61)
       at Object.userId [as selectByUserId] (/home/gildas/projects/marmelab/javascript-boilerplate/src/api/orders/orderRepository.js:24:61)
       at Object.userId [as selectByUserId] (/home/gildas/projects/marmelab/javascript-boilerplate/src/api/orders/orderRepository.js:24:61)
       at Object.userId [as selectByUserId] (/home/gildas/projects/marmelab/javascript-boilerplate/src/api/orders/orderRepository.js:24:61)
       at Object.userId [as selectByUserId] (/home/gildas/projects/marmelab/javascript-boilerplate/src/api/orders/orderRepository.js:24:61)
       at Object.userId [as selectByUserId] (/home/gildas/projects/marmelab/javascript-boilerplate/src/api/orders/orderRepository.js:24:61)
       at Object.userId [as selectByUserId] (/home/gildas/projects/marmelab/javascript-boilerplate/src/api/orders/orderRepository.js:24:61)
       at Object.userId [as selectByUserId] (/home/gildas/projects/marmelab/javascript-boilerplate/src/api/orders/orderRepository.js:24:61)
       at Object.userId [as selectByUserId] (/home/gildas/projects/marmelab/javascript-boilerplate/src/api/orders/orderRepository.js:24:61)
       at Object.userId [as selectByUserId] (/home/gildas/projects/marmelab/javascript-boilerplate/src/api/orders/orderRepository.js:24:61)
       at Object.userId [as selectByUserId] (/home/gildas/projects/marmelab/javascript-boilerplate/src/api/orders/orderRepository.js:24:61)
       at Object.userId [as selectByUserId] (/home/gildas/projects/marmelab/javascript-boilerplate/src/api/orders/orderRepository.js:24:61)
       at Object.userId [as selectByUserId] (/home/gildas/projects/marmelab/javascript-boilerplate/src/api/orders/orderRepository.js:24:61)
       at Object.userId [as selectByUserId] (/home/gildas/projects/marmelab/javascript-boilerplate/src/api/orders/orderRepository.js:24:61)
       at Object.userId [as selectByUserId] (/home/gildas/projects/marmelab/javascript-boilerplate/src/api/orders/orderRepository.js:24:61)
       at Object.userId [as selectByUserId] (/home/gildas/projects/marmelab/javascript-boilerplate/src/api/orders/orderRepository.js:24:61)
       at Object.userId [as selectByUserId] (/home/gildas/projects/marmelab/javascript-boilerplate/src/api/orders/orderRepository.js:24:61)
       at Object.userId [as selectByUserId] (/home/gildas/projects/marmelab/javascript-boilerplate/src/api/orders/orderRepository.js:24:61)
       at Object.userId [as selectByUserId] (/home/gildas/projects/marmelab/javascript-boilerplate/src/api/orders/orderRepository.js:24:61)
       at Object.userId [as selectByUserId] (/home/gildas/projects/marmelab/javascript-boilerplate/src/api/orders/orderRepository.js:24:61)
       at Object.userId [as selectByUserId] (/home/gildas/projects/marmelab/javascript-boilerplate/src/api/orders/orderRepository.js:24:61)
       at Object.userId [as selectByUserId] (/home/gildas/projects/marmelab/javascript-boilerplate/src/api/orders/orderRepository.js:24:61)
       at Object.userId [as selectByUserId] (/home/gildas/projects/marmelab/javascript-boilerplate/src/api/orders/orderRepository.js:24:61)
       at Object.userId [as selectByUserId] (/home/gildas/projects/marmelab/javascript-boilerplate/src/api/orders/orderRepository.js:24:61)
       at Object.userId [as selectByUserId] (/home/gildas/projects/marmelab/javascript-boilerplate/src/api/orders/orderRepository.js:24:61)
       at Object.userId [as selectByUserId] (/home/gildas/projects/marmelab/javascript-boilerplate/src/api/orders/orderRepository.js:24:61)
       at Object.userId [as selectByUserId] (/home/gildas/projects/marmelab/javascript-boilerplate/src/api/orders/orderRepository.js:24:61)
       at Object.userId [as selectByUserId] (/home/gildas/projects/marmelab/javascript-boilerplate/src/api/orders/orderRepository.js:24:61)
       at Object.userId [as selectByUserId] (/home/gildas/projects/marmelab/javascript-boilerplate/src/api/orders/orderRepository.js:24:61)
       at Object.userId [as selectByUserId] (/home/gildas/projects/marmelab/javascript-boilerplate/src/api/orders/orderRepository.js:24:61)
       at Object.userId [as selectByUserId] (/home/gildas/projects/marmelab/javascript-boilerplate/src/api/orders/orderRepository.js:24:61)
       at Object.userId [as selectByUserId] (/home/gildas/projects/marmelab/javascript-boilerplate/src/api/orders/orderRepository.js:24:61)
       at Object.userId [as selectByUserId] (/home/gildas/projects/marmelab/javascript-boilerplate/src/api/orders/orderRepository.js:24:61)
       at Object.userId [as selectByUserId] (/home/gildas/projects/marmelab/javascript-boilerplate/src/api/orders/orderRepository.js:24:61)
       at Object.userId [as selectByUserId] (/home/gildas/projects/marmelab/javascript-boilerplate/src/api/orders/orderRepository.js:24:61)
       at Object.userId [as selectByUserId] (/home/gildas/projects/marmelab/javascript-boilerplate/src/api/orders/orderRepository.js:24:61)
       at Object.userId [as selectByUserId] (/home/gildas/projects/marmelab/javascript-boilerplate/src/api/orders/orderRepository.js:24:61)
       at Object.userId [as selectByUserId] (/home/gildas/projects/marmelab/javascript-boilerplate/src/api/orders/orderRepository.js:24:61)
       at Object.userId [as selectByUserId] (/home/gildas/projects/marmelab/javascript-boilerplate/src/api/orders/orderRepository.js:24:61)
       at Object.userId [as selectByUserId] (/home/gildas/projects/marmelab/javascript-boilerplate/src/api/orders/orderRepository.js:24:61)
       at Object.userId [as selectByUserId] (/home/gildas/projects/marmelab/javascript-boilerplate/src/api/orders/orderRepository.js:24:61)
       at Object.userId [as selectByUserId] (/home/gildas/projects/marmelab/javascript-boilerplate/src/api/orders/orderRepository.js:24:61)
       at Object.userId [as selectByUserId] (/home/gildas/projects/marmelab/javascript-boilerplate/src/api/orders/orderRepository.js:24:61)
       at Object.userId [as selectByUserId] (/home/gildas/projects/marmelab/javascript-boilerplate/src/api/orders/orderRepository.js:24:61)
       at Object.userId [as selectByUserId] (/home/gildas/projects/marmelab/javascript-boilerplate/src/api/orders/orderRepository.js:24:61)
       at Object.userId [as selectByUserId] (/home/gildas/projects/marmelab/javascript-boilerplate/src/api/orders/orderRepository.js:24:61)
       at Object.userId [as selectByUserId] (/home/gildas/projects/marmelab/javascript-boilerplate/src/api/orders/orderRepository.js:24:61)
       at Object.userId [as selectByUserId] (/home/gildas/projects/marmelab/javascript-boilerplate/src/api/orders/orderRepository.js:24:61)
       at Object.userId [as selectByUserId] (/home/gildas/projects/marmelab/javascript-boilerplate/src/api/orders/orderRepository.js:24:61)
       at Object.userId [as selectByUserId] (/home/gildas/projects/marmelab/javascript-boilerplate/src/api/orders/orderRepository.js:24:61)
       at Object.userId [as selectByUserId] (/home/gildas/projects/marmelab/javascript-boilerplate/src/api/orders/orderRepository.js:24:61)
       at Object.userId [as selectByUserId] (/home/gildas/projects/marmelab/javascript-boilerplate/src/api/orders/orderRepository.js:24:61)
       at Object.userId [as selectByUserId] (/home/gildas/projects/marmelab/javascript-boilerplate/src/api/orders/orderRepository.js:24:61)
       at Object.userId [as selectByUserId] (/home/gildas/projects/marmelab/javascript-boilerplate/src/api/orders/orderRepository.js:24:61)
       at Object.userId [as selectByUserId] (/home/gildas/projects/marmelab/javascript-boilerplate/src/api/orders/orderRepository.js:24:61)
       at Object.userId [as selectByUserId] (/home/gildas/projects/marmelab/javascript-boilerplate/src/api/orders/orderRepository.js:24:61)
       at Object.userId [as selectByUserId] (/home/gildas/projects/marmelab/javascript-boilerplate/src/api/orders/orderRepository.js:24:61)
       at Object.userId [as selectByUserId] (/home/gildas/projects/marmelab/javascript-boilerplate/src/api/orders/orderRepository.js:24:61)
       at Object.userId [as selectByUserId] (/home/gildas/projects/marmelab/javascript-boilerplate/src/api/orders/orderRepository.js:24:61)
       at Object.userId [as selectByUserId] (/home/gildas/projects/marmelab/javascript-boilerplate/src/api/orders/orderRepository.js:24:61)
       at Object.userId [as selectByUserId] (/home/gildas/projects/marmelab/javascript-boilerplate/src/api/orders/orderRepository.js:24:61)
       at Object.userId [as selectByUserId] (/home/gildas/projects/marmelab/javascript-boilerplate/src/api/orders/orderRepository.js:24:61)
       at Object.userId [as selectByUserId] (/home/gildas/projects/marmelab/javascript-boilerplate/src/api/orders/orderRepository.js:24:61)
       at Object.userId [as selectByUserId] (/home/gildas/projects/marmelab/javascript-boilerplate/src/api/orders/orderRepository.js:24:61)
       at Object.userId [as selectByUserId] (/home/gildas/projects/marmelab/javascript-boilerplate/src/api/orders/orderRepository.js:24:61)
       at Object.userId [as selectByUserId] (/home/gildas/projects/marmelab/javascript-boilerplate/src/api/orders/orderRepository.js:24:61)
       at Object.userId [as selectByUserId] (/home/gildas/projects/marmelab/javascript-boilerplate/src/api/orders/orderRepository.js:24:61)
       at Object.userId [as selectByUserId] (/home/gildas/projects/marmelab/javascript-boilerplate/src/api/orders/orderRepository.js:24:61)
       at Object.userId [as selectByUserId] (/home/gildas/projects/marmelab/javascript-boilerplate/src/api/orders/orderRepository.js:24:61)
       at Object.userId [as selectByUserId] (/home/gildas/projects/marmelab/javascript-boilerplate/src/api/orders/orderRepository.js:24:61)
       at Object.userId [as selectByUserId] (/home/gildas/projects/marmelab/javascript-boilerplate/src/api/orders/orderRepository.js:24:61)
       at Object.userId [as selectByUserId] (/home/gildas/projects/marmelab/javascript-boilerplate/src/api/orders/orderRepository.js:24:61)
       at Object.userId [as selectByUserId] (/home/gildas/projects/marmelab/javascript-boilerplate/src/api/orders/orderRepository.js:24:61)
       at Object.userId [as selectByUserId] (/home/gildas/projects/marmelab/javascript-boilerplate/src/api/orders/orderRepository.js:24:61)
       at Object.userId [as selectByUserId] (/home/gildas/projects/marmelab/javascript-boilerplate/src/api/orders/orderRepository.js:24:61)
       at Object.userId [as selectByUserId] (/home/gildas/projects/marmelab/javascript-boilerplate/src/api/orders/orderRepository.js:24:61)
       at Object.userId [as selectByUserId] (/home/gildas/projects/marmelab/javascript-boilerplate/src/api/orders/orderRepository.js:24:61)
       at Object.userId [as selectByUserId] (/home/gildas/projects/marmelab/javascript-boilerplate/src/api/orders/orderRepository.js:24:61)
       at Object.userId [as selectByUserId] (/home/gildas/projects/marmelab/javascript-boilerplate/src/api/orders/orderRepository.js:24:61)
       at Object.userId [as selectByUserId] (/home/gildas/projects/marmelab/javascript-boilerplate/src/api/orders/orderRepository.js:24:61)
       at Object.userId [as selectByUserId] (/home/gildas/projects/marmelab/javascript-boilerplate/src/api/orders/orderRepository.js:24:61)
       at Object.userId [as selectByUserId] (/home/gildas/projects/marmelab/javascript-boilerplate/src/api/orders/orderRepository.js:24:61)
       at Object.userId [as selectByUserId] (/home/gildas/projects/marmelab/javascript-boilerplate/src/api/orders/orderRepository.js:24:61)
       at Object.userId [as selectByUserId] (/home/gildas/projects/marmelab/javascript-boilerplate/src/api/orders/orderRepository.js:24:61)
       at Object.userId [as selectByUserId] (/home/gildas/projects/marmelab/javascript-boilerplate/src/api/orders/orderRepository.js:24:61)
       at Object.userId [as selectByUserId] (/home/gildas/projects/marmelab/javascript-boilerplate/src/api/orders/orderRepository.js:24:61)
       at Object.userId [as selectByUserId] (/home/gildas/projects/marmelab/javascript-boilerplate/src/api/orders/orderRepository.js:24:61)
       at Object.userId [as selectByUserId] (/home/gildas/projects/marmelab/javascript-boilerplate/src/api/orders/orderRepository.js:24:61)
       at Object.userId [as selectByUserId] (/home/gildas/projects/marmelab/javascript-boilerplate/src/api/orders/orderRepository.js:24:61)
       at Object.userId [as selectByUserId] (/home/gildas/projects/marmelab/javascript-boilerplate/src/api/orders/orderRepository.js:24:61)
       at Object.userId [as selectByUserId] (/home/gildas/projects/marmelab/javascript-boilerplate/src/api/orders/orderRepository.js:24:61)
       at Object.userId [as selectByUserId] (/home/gildas/projects/marmelab/javascript-boilerplate/src/api/orders/orderRepository.js:24:61)
       at Object.userId [as selectByUserId] (/home/gildas/projects/marmelab/javascript-boilerplate/src/api/orders/orderRepository.js:24:61)
       at Object.userId [as selectByUserId] (/home/gildas/projects/marmelab/javascript-boilerplate/src/api/orders/orderRepository.js:24:61)
       at Object.userId [as selectByUserId] (/home/gildas/projects/marmelab/javascript-boilerplate/src/api/orders/orderRepository.js:24:61)
       at Object.userId [as selectByUserId] (/home/gildas/projects/marmelab/javascript-boilerplate/src/api/orders/orderRepository.js:24:61)
       at Object.userId [as selectByUserId] (/home/gildas/projects/marmelab/javascript-boilerplate/src/api/orders/orderRepository.js:24:61)
       at Object.userId [as selectByUserId] (/home/gildas/projects/marmelab/javascript-boilerplate/src/api/orders/orderRepository.js:24:61)
       at Object.userId [as selectByUserId] (/home/gildas/projects/marmelab/javascript-boilerplate/src/api/orders/orderRepository.js:24:61)
       at Object.userId [as selectByUserId] (/home/gildas/projects/marmelab/javascript-boilerplate/src/api/orders/orderRepository.js:24:61)
       at Object.userId [as selectByUserId] (/home/gildas/projects/marmelab/javascript-boilerplate/src/api/orders/orderRepository.js:24:61)
       at Object.userId [as selectByUserId] (/home/gildas/projects/marmelab/javascript-boilerplate/src/api/orders/orderRepository.js:24:61)
       at Object.userId [as selectByUserId] (/home/gildas/projects/marmelab/javascript-boilerplate/src/api/orders/orderRepository.js:24:61)
       at Object.userId [as selectByUserId] (/home/gildas/projects/marmelab/javascript-boilerplate/src/api/orders/orderRepository.js:24:61)
       at Object.userId [as selectByUserId] (/home/gildas/projects/marmelab/javascript-boilerplate/src/api/orders/orderRepository.js:24:61)
       at Object.userId [as selectByUserId] (/home/gildas/projects/marmelab/javascript-boilerplate/src/api/orders/orderRepository.js:24:61)
       at Object.userId [as selectByUserId] (/home/gildas/projects/marmelab/javascript-boilerplate/src/api/orders/orderRepository.js:24:61)
       at Object.userId [as selectByUserId] (/home/gildas/projects/marmelab/javascript-boilerplate/src/api/orders/orderRepository.js:24:61)
       at Object.userId [as selectByUserId] (/home/gildas/projects/marmelab/javascript-boilerplate/src/api/orders/orderRepository.js:24:61)
       at Object.userId [as selectByUserId] (/home/gildas/projects/marmelab/javascript-boilerplate/src/api/orders/orderRepository.js:24:61)
       at Object.userId [as selectByUserId] (/home/gildas/projects/marmelab/javascript-boilerplate/src/api/orders/orderRepository.js:24:61)
       at Object.userId [as selectByUserId] (/home/gildas/projects/marmelab/javascript-boilerplate/src/api/orders/orderRepository.js:24:61)
       at Object.userId [as selectByUserId] (/home/gildas/projects/marmelab/javascript-boilerplate/src/api/orders/orderRepository.js:24:61)
       at Object.userId [as selectByUserId] (/home/gildas/projects/marmelab/javascript-boilerplate/src/api/orders/orderRepository.js:24:61)
       at Object.userId [as selectByUserId] (/home/gildas/projects/marmelab/javascript-boilerplate/src/api/orders/orderRepository.js:24:61)
       at Object.userId [as selectByUserId] (/home/gildas/projects/marmelab/javascript-boilerplate/src/api/orders/orderRepository.js:24:61)
       at Object.userId [as selectByUserId] (/home/gildas/projects/marmelab/javascript-boilerplate/src/api/orders/orderRepository.js:24:61)
       at Object.userId [as selectByUserId] (/home/gildas/projects/marmelab/javascript-boilerplate/src/api/orders/orderRepository.js:24:61)
       at Object.userId [as selectByUserId] (/home/gildas/projects/marmelab/javascript-boilerplate/src/api/orders/orderRepository.js:24:61)
       at Object.userId [as selectByUserId] (/home/gildas/projects/marmelab/javascript-boilerplate/src/api/orders/orderRepository.js:24:61)
       at Object.userId [as selectByUserId] (/home/gildas/projects/marmelab/javascript-boilerplate/src/api/orders/orderRepository.js:24:61)
       at Object.userId [as selectByUserId] (/home/gildas/projects/marmelab/javascript-boilerplate/src/api/orders/orderRepository.js:24:61)
       at Object.userId [as selectByUserId] (/home/gildas/projects/marmelab/javascript-boilerplate/src/api/orders/orderRepository.js:24:61)
       at Object.userId [as selectByUserId] (/home/gildas/projects/marmelab/javascript-boilerplate/src/api/orders/orderRepository.js:24:61)
       at Object.userId [as selectByUserId] (/home/gildas/projects/marmelab/javascript-boilerplate/src/api/orders/orderRepository.js:24:61)
       at Object.userId [as selectByUserId] (/home/gildas/projects/marmelab/javascript-boilerplate/src/api/orders/orderRepository.js:24:61)
       at Object.userId [as selectByUserId] (/home/gildas/projects/marmelab/javascript-boilerplate/src/api/orders/orderRepository.js:24:61)
       at Object.userId [as selectByUserId] (/home/gildas/projects/marmelab/javascript-boilerplate/src/api/orders/orderRepository.js:24:61)
       at Object.userId [as selectByUserId] (/home/gildas/projects/marmelab/javascript-boilerplate/src/api/orders/orderRepository.js:24:61)
       at Object.userId [as selectByUserId] (/home/gildas/projects/marmelab/javascript-boilerplate/src/api/orders/orderRepository.js:24:61)
       at Object.userId [as selectByUserId] (/home/gildas/projects/marmelab/javascript-boilerplate/src/api/orders/orderRepository.js:24:61)
       at Object.userId [as selectByUserId] (/home/gildas/projects/marmelab/javascript-boilerplate/src/api/orders/orderRepository.js:24:61)
       at Object.userId [as selectByUserId] (/home/gildas/projects/marmelab/javascript-boilerplate/src/api/orders/orderRepository.js:24:61)
       at Object.userId [as selectByUserId] (/home/gildas/projects/marmelab/javascript-boilerplate/src/api/orders/orderRepository.js:24:61)
       at Object.userId [as selectByUserId] (/home/gildas/projects/marmelab/javascript-boilerplate/src/api/orders/orderRepository.js:24:61)
       at Object.userId [as selectByUserId] (/home/gildas/projects/marmelab/javascript-boilerplate/src/api/orders/orderRepository.js:24:61)
       at Object.userId [as selectByUserId] (/home/gildas/projects/marmelab/javascript-boilerplate/src/api/orders/orderRepository.js:24:61)
       at Object.userId [as selectByUserId] (/home/gildas/projects/marmelab/javascript-boilerplate/src/api/orders/orderRepository.js:24:61)
       at Object.userId [as selectByUserId] (/home/gildas/projects/marmelab/javascript-boilerplate/src/api/orders/orderRepository.js:24:61)
       at Object.userId [as selectByUserId] (/home/gildas/projects/marmelab/javascript-boilerplate/src/api/orders/orderRepository.js:24:61)
       at Object.userId [as selectByUserId] (/home/gildas/projects/marmelab/javascript-boilerplate/src/api/orders/orderRepository.js:24:61)
       at Object.userId [as selectByUserId] (/home/gildas/projects/marmelab/javascript-boilerplate/src/api/orders/orderRepository.js:24:61)
       at Object.userId [as selectByUserId] (/home/gildas/projects/marmelab/javascript-boilerplate/src/api/orders/orderRepository.js:24:61)
       at Object.userId [as selectByUserId] (/home/gildas/projects/marmelab/javascript-boilerplate/src/api/orders/orderRepository.js:24:61)
       at Object.userId [as selectByUserId] (/home/gildas/projects/marmelab/javascript-boilerplate/src/api/orders/orderRepository.js:24:61)
       at Object.userId [as selectByUserId] (/home/gildas/projects/marmelab/javascript-boilerplate/src/api/orders/orderRepository.js:24:61)
       at Object.userId [as selectByUserId] (/home/gildas/projects/marmelab/javascript-boilerplate/src/api/orders/orderRepository.js:24:61)
       at Object.userId [as selectByUserId] (/home/gildas/projects/marmelab/javascript-boilerplate/src/api/orders/orderRepository.js:24:61)
       at Object.userId [as selectByUserId] (/home/gildas/projects/marmelab/javascript-boilerplate/src/api/orders/orderRepository.js:24:61)
       at Object.userId [as selectByUserId] (/home/gildas/projects/marmelab/javascript-boilerplate/src/api/orders/orderRepository.js:24:61)
       at Object.userId [as selectByUserId] (/home/gildas/projects/marmelab/javascript-boilerplate/src/api/orders/orderRepository.js:24:61)
       at Object.userId [as selectByUserId] (/home/gildas/projects/marmelab/javascript-boilerplate/src/api/orders/orderRepository.js:24:61)
       at Object.userId [as selectByUserId] (/home/gildas/projects/marmelab/javascript-boilerplate/src/api/orders/orderRepository.js:24:61)
       at Object.userId [as selectByUserId] (/home/gildas/projects/marmelab/javascript-boilerplate/src/api/orders/orderRepository.js:24:61)
       at Object.userId [as selectByUserId] (/home/gildas/projects/marmelab/javascript-boilerplate/src/api/orders/orderRepository.js:24:61)
       at Object.userId [as selectByUserId] (/home/gildas/projects/marmelab/javascript-boilerplate/src/api/orders/orderRepository.js:24:61)
       at Object.userId [as selectByUserId] (/home/gildas/projects/marmelab/javascript-boilerplate/src/api/orders/orderRepository.js:24:61)
       at Object.userId [as selectByUserId] (/home/gildas/projects/marmelab/javascript-boilerplate/src/api/orders/orderRepository.js:24:61)
       at Object.userId [as selectByUserId] (/home/gildas/projects/marmelab/javascript-boilerplate/src/api/orders/orderRepository.js:24:61)
       at Object.userId [as selectByUserId] (/home/gildas/projects/marmelab/javascript-boilerplate/src/api/orders/orderRepository.js:24:61)
       at Object.userId [as selectByUserId] (/home/gildas/projects/marmelab/javascript-boilerplate/src/api/orders/orderRepository.js:24:61)
       at Object.userId [as selectByUserId] (/home/gildas/projects/marmelab/javascript-boilerplate/src/api/orders/orderRepository.js:24:61)
       at Object.userId [as selectByUserId] (/home/gildas/projects/marmelab/javascript-boilerplate/src/api/orders/orderRepository.js:24:61)
       at Object.userId [as selectByUserId] (/home/gildas/projects/marmelab/javascript-boilerplate/src/api/orders/orderRepository.js:24:61)
       at Object.userId [as selectByUserId] (/home/gildas/projects/marmelab/javascript-boilerplate/src/api/orders/orderRepository.js:24:61)
       at Object.userId [as selectByUserId] (/home/gildas/projects/marmelab/javascript-boilerplate/src/api/orders/orderRepository.js:24:61)
       at Object.userId [as selectByUserId] (/home/gildas/projects/marmelab/javascript-boilerplate/src/api/orders/orderRepository.js:24:61)
       at Object.userId [as selectByUserId] (/home/gildas/projects/marmelab/javascript-boilerplate/src/api/orders/orderRepository.js:24:61)
       at Object.userId [as selectByUserId] (/home/gildas/projects/marmelab/javascript-boilerplate/src/api/orders/orderRepository.js:24:61)
       at Object.userId [as selectByUserId] (/home/gildas/projects/marmelab/javascript-boilerplate/src/api/orders/orderRepository.js:24:61)
       at Object.userId [as selectByUserId] (/home/gildas/projects/marmelab/javascript-boilerplate/src/api/orders/orderRepository.js:24:61)
       at Object.userId [as selectByUserId] (/home/gildas/projects/marmelab/javascript-boilerplate/src/api/orders/orderRepository.js:24:61)
       at Object.userId [as selectByUserId] (/home/gildas/projects/marmelab/javascript-boilerplate/src/api/orders/orderRepository.js:24:61)
       at Object.userId [as selectByUserId] (/home/gildas/projects/marmelab/javascript-boilerplate/src/api/orders/orderRepository.js:24:61)
       at Object.userId [as selectByUserId] (/home/gildas/projects/marmelab/javascript-boilerplate/src/api/orders/orderRepository.js:24:61)
       at Object.userId [as selectByUserId] (/home/gildas/projects/marmelab/javascript-boilerplate/src/api/orders/orderRepository.js:24:61)
       at Object.userId [as selectByUserId] (/home/gildas/projects/marmelab/javascript-boilerplate/src/api/orders/orderRepository.js:24:61)
       at Object.userId [as selectByUserId] (/home/gildas/projects/marmelab/javascript-boilerplate/src/api/orders/orderRepository.js:24:61)
       at Object.userId [as selectByUserId] (/home/gildas/projects/marmelab/javascript-boilerplate/src/api/orders/orderRepository.js:24:61)
       at Object.userId [as selectByUserId] (/home/gildas/projects/marmelab/javascript-boilerplate/src/api/orders/orderRepository.js:24:61)
       at Object.userId [as selectByUserId] (/home/gildas/projects/marmelab/javascript-boilerplate/src/api/orders/orderRepository.js:24:61)
       at Object.userId [as selectByUserId] (/home/gildas/projects/marmelab/javascript-boilerplate/src/api/orders/orderRepository.js:24:61)
       at Object.userId [as selectByUserId] (/home/gildas/projects/marmelab/javascript-boilerplate/src/api/orders/orderRepository.js:24:61)
       at Object.userId [as selectByUserId] (/home/gildas/projects/marmelab/javascript-boilerplate/src/api/orders/orderRepository.js:24:61)
       at Object.userId [as selectByUserId] (/home/gildas/projects/marmelab/javascript-boilerplate/src/api/orders/orderRepository.js:24:61)
       at Object.userId [as selectByUserId] (/home/gildas/projects/marmelab/javascript-boilerplate/src/api/orders/orderRepository.js:24:61)
       at Object.userId [as selectByUserId] (/home/gildas/projects/marmelab/javascript-boilerplate/src/api/orders/orderRepository.js:24:61)
       at Object.userId [as selectByUserId] (/home/gildas/projects/marmelab/javascript-boilerplate/src/api/orders/orderRepository.js:24:61)
       at Object.userId [as selectByUserId] (/home/gildas/projects/marmelab/javascript-boilerplate/src/api/orders/orderRepository.js:24:61)
       at Object.userId [as selectByUserId] (/home/gildas/projects/marmelab/javascript-boilerplate/src/api/orders/orderRepository.js:24:61)
       at Object.userId [as selectByUserId] (/home/gildas/projects/marmelab/javascript-boilerplate/src/api/orders/orderRepository.js:24:61)
       at Object.userId [as selectByUserId] (/home/gildas/projects/marmelab/javascript-boilerplate/src/api/orders/orderRepository.js:24:61)
       at Object.userId [as selectByUserId] (/home/gildas/projects/marmelab/javascript-boilerplate/src/api/orders/orderRepository.js:24:61)
       at Object.userId [as selectByUserId] (/home/gildas/projects/marmelab/javascript-boilerplate/src/api/orders/orderRepository.js:24:61)
       at Object.userId [as selectByUserId] (/home/gildas/projects/marmelab/javascript-boilerplate/src/api/orders/orderRepository.js:24:61)
       at Object.userId [as selectByUserId] (/home/gildas/projects/marmelab/javascript-boilerplate/src/api/orders/orderRepository.js:24:61)
       at Object.userId [as selectByUserId] (/home/gildas/projects/marmelab/javascript-boilerplate/src/api/orders/orderRepository.js:24:61)
       at Object.userId [as selectByUserId] (/home/gildas/projects/marmelab/javascript-boilerplate/src/api/orders/orderRepository.js:24:61)
       at Object.userId [as selectByUserId] (/home/gildas/projects/marmelab/javascript-boilerplate/src/api/orders/orderRepository.js:24:61)
       at Object.userId [as selectByUserId] (/home/gildas/projects/marmelab/javascript-boilerplate/src/api/orders/orderRepository.js:24:61)
       at Object.userId [as selectByUserId] (/home/gildas/projects/marmelab/javascript-boilerplate/src/api/orders/orderRepository.js:24:61)
       at Object.userId [as selectByUserId] (/home/gildas/projects/marmelab/javascript-boilerplate/src/api/orders/orderRepository.js:24:61)
       at Object.userId [as selectByUserId] (/home/gildas/projects/marmelab/javascript-boilerplate/src/api/orders/orderRepository.js:24:61)
       at Object.userId [as selectByUserId] (/home/gildas/projects/marmelab/javascript-boilerplate/src/api/orders/orderRepository.js:24:61)
       at Object.userId [as selectByUserId] (/home/gildas/projects/marmelab/javascript-boilerplate/src/api/orders/orderRepository.js:24:61)
       at Object.userId [as selectByUserId] (/home/gildas/projects/marmelab/javascript-boilerplate/src/api/orders/orderRepository.js:24:61)
       at Object.userId [as selectByUserId] (/home/gildas/projects/marmelab/javascript-boilerplate/src/api/orders/orderRepository.js:24:61)
       at Object.userId [as selectByUserId] (/home/gildas/projects/marmelab/javascript-boilerplate/src/api/orders/orderRepository.js:24:61)
       at Object.userId [as selectByUserId] (/home/gildas/projects/marmelab/javascript-boilerplate/src/api/orders/orderRepository.js:24:61)
       at Object.userId [as selectByUserId] (/home/gildas/projects/marmelab/javascript-boilerplate/src/api/orders/orderRepository.js:24:61)
       at Object.userId [as selectByUserId] (/home/gildas/projects/marmelab/javascript-boilerplate/src/api/orders/orderRepository.js:24:61)
       at Object.userId [as selectByUserId] (/home/gildas/projects/marmelab/javascript-boilerplate/src/api/orders/orderRepository.js:24:61)
       at Object.userId [as selectByUserId] (/home/gildas/projects/marmelab/javascript-boilerplate/src/api/orders/orderRepository.js:24:61)
       at Object.userId [as selectByUserId] (/home/gildas/projects/marmelab/javascript-boilerplate/src/api/orders/orderRepository.js:24:61)
       at Object.userId [as selectByUserId] (/home/gildas/projects/marmelab/javascript-boilerplate/src/api/orders/orderRepository.js:24:61)
       at Object.userId [as selectByUserId] (/home/gildas/projects/marmelab/javascript-boilerplate/src/api/orders/orderRepository.js:24:61)
       at Object.userId [as selectByUserId] (/home/gildas/projects/marmelab/javascript-boilerplate/src/api/orders/orderRepository.js:24:61)
       at Object.userId [as selectByUserId] (/home/gildas/projects/marmelab/javascript-boilerplate/src/api/orders/orderRepository.js:24:61)
       at Object.userId [as selectByUserId] (/home/gildas/projects/marmelab/javascript-boilerplate/src/api/orders/orderRepository.js:24:61)
       at Object.userId [as selectByUserId] (/home/gildas/projects/marmelab/javascript-boilerplate/src/api/orders/orderRepository.js:24:61)
       at Object.userId [as selectByUserId] (/home/gildas/projects/marmelab/javascript-boilerplate/src/api/orders/orderRepository.js:24:61)
       at Object.userId [as selectByUserId] (/home/gildas/projects/marmelab/javascript-boilerplate/src/api/orders/orderRepository.js:24:61)
       at Object.userId [as selectByUserId] (/home/gildas/projects/marmelab/javascript-boilerplate/src/api/orders/orderRepository.js:24:61)
       at Object.userId [as selectByUserId] (/home/gildas/projects/marmelab/javascript-boilerplate/src/api/orders/orderRepository.js:24:61)
       at Object.userId [as selectByUserId] (/home/gildas/projects/marmelab/javascript-boilerplate/src/api/orders/orderRepository.js:24:61)
       at Object.userId [as selectByUserId] (/home/gildas/projects/marmelab/javascript-boilerplate/src/api/orders/orderRepository.js:24:61)
       at Object.userId [as selectByUserId] (/home/gildas/projects/marmelab/javascript-boilerplate/src/api/orders/orderRepository.js:24:61)
       at Object.userId [as selectByUserId] (/home/gildas/projects/marmelab/javascript-boilerplate/src/api/orders/orderRepository.js:24:61)
       at Object.userId [as selectByUserId] (/home/gildas/projects/marmelab/javascript-boilerplate/src/api/orders/orderRepository.js:24:61)
       at Object.userId [as selectByUserId] (/home/gildas/projects/marmelab/javascript-boilerplate/src/api/orders/orderRepository.js:24:61)
       at Object.userId [as selectByUserId] (/home/gildas/projects/marmelab/javascript-boilerplate/src/api/orders/orderRepository.js:24:61)
       at Object.userId [as selectByUserId] (/home/gildas/projects/marmelab/javascript-boilerplate/src/api/orders/orderRepository.js:24:61)
       at Object.userId [as selectByUserId] (/home/gildas/projects/marmelab/javascript-boilerplate/src/api/orders/orderRepository.js:24:61)
       at Object.userId [as selectByUserId] (/home/gildas/projects/marmelab/javascript-boilerplate/src/api/orders/orderRepository.js:24:61)
       at Object.userId [as selectByUserId] (/home/gildas/projects/marmelab/javascript-boilerplate/src/api/orders/orderRepository.js:24:61)
       at Object.userId [as selectByUserId] (/home/gildas/projects/marmelab/javascript-boilerplate/src/api/orders/orderRepository.js:24:61)
       at Object.userId [as selectByUserId] (/home/gildas/projects/marmelab/javascript-boilerplate/src/api/orders/orderRepository.js:24:61)
       at Object.userId [as selectByUserId] (/home/gildas/projects/marmelab/javascript-boilerplate/src/api/orders/orderRepository.js:24:61)
       at Object.userId [as selectByUserId] (/home/gildas/projects/marmelab/javascript-boilerplate/src/api/orders/orderRepository.js:24:61)
       at Object.userId [as selectByUserId] (/home/gildas/projects/marmelab/javascript-boilerplate/src/api/orders/orderRepository.js:24:61)
       at Object.userId [as selectByUserId] (/home/gildas/projects/marmelab/javascript-boilerplate/src/api/orders/orderRepository.js:24:61)
       at Object.userId [as selectByUserId] (/home/gildas/projects/marmelab/javascript-boilerplate/src/api/orders/orderRepository.js:24:61)
       at Object.userId [as selectByUserId] (/home/gildas/projects/marmelab/javascript-boilerplate/src/api/orders/orderRepository.js:24:61)
       at Object.userId [as selectByUserId] (/home/gildas/projects/marmelab/javascript-boilerplate/src/api/orders/orderRepository.js:24:61)
       at Object.userId [as selectByUserId] (/home/gildas/projects/marmelab/javascript-boilerplate/src/api/orders/orderRepository.js:24:61)
       at Object.userId [as selectByUserId] (/home/gildas/projects/marmelab/javascript-boilerplate/src/api/orders/orderRepository.js:24:61)
       at Object.userId [as selectByUserId] (/home/gildas/projects/marmelab/javascript-boilerplate/src/api/orders/orderRepository.js:24:61)
       at Object.userId [as selectByUserId] (/home/gildas/projects/marmelab/javascript-boilerplate/src/api/orders/orderRepository.js:24:61)
       at Object.userId [as selectByUserId] (/home/gildas/projects/marmelab/javascript-boilerplate/src/api/orders/orderRepository.js:24:61)
       at Object.userId [as selectByUserId] (/home/gildas/projects/marmelab/javascript-boilerplate/src/api/orders/orderRepository.js:24:61)
       at Object.userId [as selectByUserId] (/home/gildas/projects/marmelab/javascript-boilerplate/src/api/orders/orderRepository.js:24:61)
       at Object.userId [as selectByUserId] (/home/gildas/projects/marmelab/javascript-boilerplate/src/api/orders/orderRepository.js:24:61)
       at Object.userId [as selectByUserId] (/home/gildas/projects/marmelab/javascript-boilerplate/src/api/orders/orderRepository.js:24:61)
       at Object.userId [as selectByUserId] (/home/gildas/projects/marmelab/javascript-boilerplate/src/api/orders/orderRepository.js:24:61)
       at Object.userId [as selectByUserId] (/home/gildas/projects/marmelab/javascript-boilerplate/src/api/orders/orderRepository.js:24:61)
       at Object.userId [as selectByUserId] (/home/gildas/projects/marmelab/javascript-boilerplate/src/api/orders/orderRepository.js:24:61)
       at Object.userId [as selectByUserId] (/home/gildas/projects/marmelab/javascript-boilerplate/src/api/orders/orderRepository.js:24:61)
       at Object.userId [as selectByUserId] (/home/gildas/projects/marmelab/javascript-boilerplate/src/api/orders/orderRepository.js:24:61)
       at Object.userId [as selectByUserId] (/home/gildas/projects/marmelab/javascript-boilerplate/src/api/orders/orderRepository.js:24:61)
       at Object.userId [as selectByUserId] (/home/gildas/projects/marmelab/javascript-boilerplate/src/api/orders/orderRepository.js:24:61)
       at Object.userId [as selectByUserId] (/home/gildas/projects/marmelab/javascript-boilerplate/src/api/orders/orderRepository.js:24:61)
       at Object.userId [as selectByUserId] (/home/gildas/projects/marmelab/javascript-boilerplate/src/api/orders/orderRepository.js:24:61)
       at Object.userId [as selectByUserId] (/home/gildas/projects/marmelab/javascript-boilerplate/src/api/orders/orderRepository.js:24:61)
       at Object.userId [as selectByUserId] (/home/gildas/projects/marmelab/javascript-boilerplate/src/api/orders/orderRepository.js:24:61)
       at Object.userId [as selectByUserId] (/home/gildas/projects/marmelab/javascript-boilerplate/src/api/orders/orderRepository.js:24:61)
       at Object.userId [as selectByUserId] (/home/gildas/projects/marmelab/javascript-boilerplate/src/api/orders/orderRepository.js:24:61)
       at Object.userId [as selectByUserId] (/home/gildas/projects/marmelab/javascript-boilerplate/src/api/orders/orderRepository.js:24:61)
       at Object.userId [as selectByUserId] (/home/gildas/projects/marmelab/javascript-boilerplate/src/api/orders/orderRepository.js:24:61)
       at Object.userId [as selectByUserId] (/home/gildas/projects/marmelab/javascript-boilerplate/src/api/orders/orderRepository.js:24:61)
       at Object.userId [as selectByUserId] (/home/gildas/projects/marmelab/javascript-boilerplate/src/api/orders/orderRepository.js:24:61)
       at Object.userId [as selectByUserId] (/home/gildas/projects/marmelab/javascript-boilerplate/src/api/orders/orderRepository.js:24:61)
       at Object.userId [as selectByUserId] (/home/gildas/projects/marmelab/javascript-boilerplate/src/api/orders/orderRepository.js:24:61)
       at Object.userId [as selectByUserId] (/home/gildas/projects/marmelab/javascript-boilerplate/src/api/orders/orderRepository.js:24:61)
       at Object.userId [as selectByUserId] (/home/gildas/projects/marmelab/javascript-boilerplate/src/api/orders/orderRepository.js:24:61)
       at Object.userId [as selectByUserId] (/home/gildas/projects/marmelab/javascript-boilerplate/src/api/orders/orderRepository.js:24:61)
       at Object.userId [as selectByUserId] (/home/gildas/projects/marmelab/javascript-boilerplate/src/api/orders/orderRepository.js:24:61)
       at Object.userId [as selectByUserId] (/home/gildas/projects/marmelab/javascript-boilerplate/src/api/orders/orderRepository.js:24:61)
       at Object.userId [as selectByUserId] (/home/gildas/projects/marmelab/javascript-boilerplate/src/api/orders/orderRepository.js:24:61)
       at Object.userId [as selectByUserId] (/home/gildas/projects/marmelab/javascript-boilerplate/src/api/orders/orderRepository.js:24:61)
       at Object.userId [as selectByUserId] (/home/gildas/projects/marmelab/javascript-boilerplate/src/api/orders/orderRepository.js:24:61)
       at Object.userId [as selectByUserId] (/home/gildas/projects/marmelab/javascript-boilerplate/src/api/orders/orderRepository.js:24:61)
       at Object.userId [as selectByUserId] (/home/gildas/projects/marmelab/javascript-boilerplate/src/api/orders/orderRepository.js:24:61)
       at Object.userId [as selectByUserId] (/home/gildas/projects/marmelab/javascript-boilerplate/src/api/orders/orderRepository.js:24:61)
       at Object.userId [as selectByUserId] (/home/gildas/projects/marmelab/javascript-boilerplate/src/api/orders/orderRepository.js:24:61)
       at Object.userId [as selectByUserId] (/home/gildas/projects/marmelab/javascript-boilerplate/src/api/orders/orderRepository.js:24:61)
       at Object.userId [as selectByUserId] (/home/gildas/projects/marmelab/javascript-boilerplate/src/api/orders/orderRepository.js:24:61)
       at Object.userId [as selectByUserId] (/home/gildas/projects/marmelab/javascript-boilerplate/src/api/orders/orderRepository.js:24:61)
       at Object.userId [as selectByUserId] (/home/gildas/projects/marmelab/javascript-boilerplate/src/api/orders/orderRepository.js:24:61)
       at Object.userId [as selectByUserId] (/home/gildas/projects/marmelab/javascript-boilerplate/src/api/orders/orderRepository.js:24:61)
       at Object.userId [as selectByUserId] (/home/gildas/projects/marmelab/javascript-boilerplate/src/api/orders/orderRepository.js:24:61)
       at Object.userId [as selectByUserId] (/home/gildas/projects/marmelab/javascript-boilerplate/src/api/orders/orderRepository.js:24:61)
       at Object.userId [as selectByUserId] (/home/gildas/projects/marmelab/javascript-boilerplate/src/api/orders/orderRepository.js:24:61)
       at Object.userId [as selectByUserId] (/home/gildas/projects/marmelab/javascript-boilerplate/src/api/orders/orderRepository.js:24:61)
       at Object.userId [as selectByUserId] (/home/gildas/projects/marmelab/javascript-boilerplate/src/api/orders/orderRepository.js:24:61)
       at Object.userId [as selectByUserId] (/home/gildas/projects/marmelab/javascript-boilerplate/src/api/orders/orderRepository.js:24:61)
       at Object.userId [as selectByUserId] (/home/gildas/projects/marmelab/javascript-boilerplate/src/api/orders/orderRepository.js:24:61)
       at Object.userId [as selectByUserId] (/home/gildas/projects/marmelab/javascript-boilerplate/src/api/orders/orderRepository.js:24:61)
       at Object.userId [as selectByUserId] (/home/gildas/projects/marmelab/javascript-boilerplate/src/api/orders/orderRepository.js:24:61)
       at Object.userId [as selectByUserId] (/home/gildas/projects/marmelab/javascript-boilerplate/src/api/orders/orderRepository.js:24:61)
       at Object.userId [as selectByUserId] (/home/gildas/projects/marmelab/javascript-boilerplate/src/api/orders/orderRepository.js:24:61)
       at Object.userId [as selectByUserId] (/home/gildas/projects/marmelab/javascript-boilerplate/src/api/orders/orderRepository.js:24:61)
       at Object.userId [as selectByUserId] (/home/gildas/projects/marmelab/javascript-boilerplate/src/api/orders/orderRepository.js:24:61)
       at Object.userId [as selectByUserId] (/home/gildas/projects/marmelab/javascript-boilerplate/src/api/orders/orderRepository.js:24:61)
       at Object.userId [as selectByUserId] (/home/gildas/projects/marmelab/javascript-boilerplate/src/api/orders/orderRepository.js:24:61)
       at Object.userId [as selectByUserId] (/home/gildas/projects/marmelab/javascript-boilerplate/src/api/orders/orderRepository.js:24:61)
       at Object.userId [as selectByUserId] (/home/gildas/projects/marmelab/javascript-boilerplate/src/api/orders/orderRepository.js:24:61)
       at Object.userId [as selectByUserId] (/home/gildas/projects/marmelab/javascript-boilerplate/src/api/orders/orderRepository.js:24:61)
       at Object.userId [as selectByUserId] (/home/gildas/projects/marmelab/javascript-boilerplate/src/api/orders/orderRepository.js:24:61)
       at Object.userId [as selectByUserId] (/home/gildas/projects/marmelab/javascript-boilerplate/src/api/orders/orderRepository.js:24:61)
       at Object.userId [as selectByUserId] (/home/gildas/projects/marmelab/javascript-boilerplate/src/api/orders/orderRepository.js:24:61)
       at Object.userId [as selectByUserId] (/home/gildas/projects/marmelab/javascript-boilerplate/src/api/orders/orderRepository.js:24:61)
       at Object.userId [as selectByUserId] (/home/gildas/projects/marmelab/javascript-boilerplate/src/api/orders/orderRepository.js:24:61)
       at Object.userId [as selectByUserId] (/home/gildas/projects/marmelab/javascript-boilerplate/src/api/orders/orderRepository.js:24:61)
       at Object.userId [as selectByUserId] (/home/gildas/projects/marmelab/javascript-boilerplate/src/api/orders/orderRepository.js:24:61)
       at Object.userId [as selectByUserId] (/home/gildas/projects/marmelab/javascript-boilerplate/src/api/orders/orderRepository.js:24:61)
       at Object.userId [as selectByUserId] (/home/gildas/projects/marmelab/javascript-boilerplate/src/api/orders/orderRepository.js:24:61)
       at Object.userId [as selectByUserId] (/home/gildas/projects/marmelab/javascript-boilerplate/src/api/orders/orderRepository.js:24:61)
       at Object.userId [as selectByUserId] (/home/gildas/projects/marmelab/javascript-boilerplate/src/api/orders/orderRepository.js:24:61)
       at Object.userId [as selectByUserId] (/home/gildas/projects/marmelab/javascript-boilerplate/src/api/orders/orderRepository.js:24:61)
       at Object.userId [as selectByUserId] (/home/gildas/projects/marmelab/javascript-boilerplate/src/api/orders/orderRepository.js:24:61)
       at Object.userId [as selectByUserId] (/home/gildas/projects/marmelab/javascript-boilerplate/src/api/orders/orderRepository.js:24:61)
       at Object.userId [as selectByUserId] (/home/gildas/projects/marmelab/javascript-boilerplate/src/api/orders/orderRepository.js:24:61)
       at Object.userId [as selectByUserId] (/home/gildas/projects/marmelab/javascript-boilerplate/src/api/orders/orderRepository.js:24:61)
       at Object.userId [as selectByUserId] (/home/gildas/projects/marmelab/javascript-boilerplate/src/api/orders/orderRepository.js:24:61)
       at Object.userId [as selectByUserId] (/home/gildas/projects/marmelab/javascript-boilerplate/src/api/orders/orderRepository.js:24:61)
       at Object.userId [as selectByUserId] (/home/gildas/projects/marmelab/javascript-boilerplate/src/api/orders/orderRepository.js:24:61)
       at Object.userId [as selectByUserId] (/home/gildas/projects/marmelab/javascript-boilerplate/src/api/orders/orderRepository.js:24:61)
       at Object.userId [as selectByUserId] (/home/gildas/projects/marmelab/javascript-boilerplate/src/api/orders/orderRepository.js:24:61)
       at Object.userId [as selectByUserId] (/home/gildas/projects/marmelab/javascript-boilerplate/src/api/orders/orderRepository.js:24:61)
       at Object.userId [as selectByUserId] (/home/gildas/projects/marmelab/javascript-boilerplate/src/api/orders/orderRepository.js:24:61)
       at Object.userId [as selectByUserId] (/home/gildas/projects/marmelab/javascript-boilerplate/src/api/orders/orderRepository.js:24:61)
       at Object.userId [as selectByUserId] (/home/gildas/projects/marmelab/javascript-boilerplate/src/api/orders/orderRepository.js:24:61)
       at Object.userId [as selectByUserId] (/home/gildas/projects/marmelab/javascript-boilerplate/src/api/orders/orderRepository.js:24:61)
       at Object.userId [as selectByUserId] (/home/gildas/projects/marmelab/javascript-boilerplate/src/api/orders/orderRepository.js:24:61)
       at Object.userId [as selectByUserId] (/home/gildas/projects/marmelab/javascript-boilerplate/src/api/orders/orderRepository.js:24:61)
       at Object.userId [as selectByUserId] (/home/gildas/projects/marmelab/javascript-boilerplate/src/api/orders/orderRepository.js:24:61)
       at Object.userId [as selectByUserId] (/home/gildas/projects/marmelab/javascript-boilerplate/src/api/orders/orderRepository.js:24:61)
       at Object.userId [as selectByUserId] (/home/gildas/projects/marmelab/javascript-boilerplate/src/api/orders/orderRepository.js:24:61)
       at Object.userId [as selectByUserId] (/home/gildas/projects/marmelab/javascript-boilerplate/src/api/orders/orderRepository.js:24:61)
       at Object.userId [as selectByUserId] (/home/gildas/projects/marmelab/javascript-boilerplate/src/api/orders/orderRepository.js:24:61)
       at Object.userId [as selectByUserId] (/home/gildas/projects/marmelab/javascript-boilerplate/src/api/orders/orderRepository.js:24:61)
       at Object.userId [as selectByUserId] (/home/gildas/projects/marmelab/javascript-boilerplate/src/api/orders/orderRepository.js:24:61)
       at Object.userId [as selectByUserId] (/home/gildas/projects/marmelab/javascript-boilerplate/src/api/orders/orderRepository.js:24:61)
       at Object.userId [as selectByUserId] (/home/gildas/projects/marmelab/javascript-boilerplate/src/api/orders/orderRepository.js:24:61)
       at Object.userId [as selectByUserId] (/home/gildas/projects/marmelab/javascript-boilerplate/src/api/orders/orderRepository.js:24:61)
       at Object.userId [as selectByUserId] (/home/gildas/projects/marmelab/javascript-boilerplate/src/api/orders/orderRepository.js:24:61)
       at Object.userId [as selectByUserId] (/home/gildas/projects/marmelab/javascript-boilerplate/src/api/orders/orderRepository.js:24:61)
       at Object.userId [as selectByUserId] (/home/gildas/projects/marmelab/javascript-boilerplate/src/api/orders/orderRepository.js:24:61)
       at Object.userId [as selectByUserId] (/home/gildas/projects/marmelab/javascript-boilerplate/src/api/orders/orderRepository.js:24:61)
       at Object.userId [as selectByUserId] (/home/gildas/projects/marmelab/javascript-boilerplate/src/api/orders/orderRepository.js:24:61)
       at Object.userId [as selectByUserId] (/home/gildas/projects/marmelab/javascript-boilerplate/src/api/orders/orderRepository.js:24:61)
       at Object.userId [as selectByUserId] (/home/gildas/projects/marmelab/javascript-boilerplate/src/api/orders/orderRepository.js:24:61)
       at Object.userId [as selectByUserId] (/home/gildas/projects/marmelab/javascript-boilerplate/src/api/orders/orderRepository.js:24:61)
       at Object.userId [as selectByUserId] (/home/gildas/projects/marmelab/javascript-boilerplate/src/api/orders/orderRepository.js:24:61)
       at Object.userId [as selectByUserId] (/home/gildas/projects/marmelab/javascript-boilerplate/src/api/orders/orderRepository.js:24:61)
       at Object.userId [as selectByUserId] (/home/gildas/projects/marmelab/javascript-boilerplate/src/api/orders/orderRepository.js:24:61)
       at Object.userId [as selectByUserId] (/home/gildas/projects/marmelab/javascript-boilerplate/src/api/orders/orderRepository.js:24:61)
       at Object.userId [as selectByUserId] (/home/gildas/projects/marmelab/javascript-boilerplate/src/api/orders/orderRepository.js:24:61)
       at Object.userId [as selectByUserId] (/home/gildas/projects/marmelab/javascript-boilerplate/src/api/orders/orderRepository.js:24:61)
       at Object.userId [as selectByUserId] (/home/gildas/projects/marmelab/javascript-boilerplate/src/api/orders/orderRepository.js:24:61)
       at Object.userId [as selectByUserId] (/home/gildas/projects/marmelab/javascript-boilerplate/src/api/orders/orderRepository.js:24:61)
       at Object.userId [as selectByUserId] (/home/gildas/projects/marmelab/javascript-boilerplate/src/api/orders/orderRepository.js:24:61)
       at Object.userId [as selectByUserId] (/home/gildas/projects/marmelab/javascript-boilerplate/src/api/orders/orderRepository.js:24:61)
       at Object.userId [as selectByUserId] (/home/gildas/projects/marmelab/javascript-boilerplate/src/api/orders/orderRepository.js:24:61)
       at Object.userId [as selectByUserId] (/home/gildas/projects/marmelab/javascript-boilerplate/src/api/orders/orderRepository.js:24:61)
       at Object.userId [as selectByUserId] (/home/gildas/projects/marmelab/javascript-boilerplate/src/api/orders/orderRepository.js:24:61)
       at Object.userId [as selectByUserId] (/home/gildas/projects/marmelab/javascript-boilerplate/src/api/orders/orderRepository.js:24:61)
       at Object.userId [as selectByUserId] (/home/gildas/projects/marmelab/javascript-boilerplate/src/api/orders/orderRepository.js:24:61)
       at Object.userId [as selectByUserId] (/home/gildas/projects/marmelab/javascript-boilerplate/src/api/orders/orderRepository.js:24:61)
       at Object.userId [as selectByUserId] (/home/gildas/projects/marmelab/javascript-boilerplate/src/api/orders/orderRepository.js:24:61)
       at Object.userId [as selectByUserId] (/home/gildas/projects/marmelab/javascript-boilerplate/src/api/orders/orderRepository.js:24:61)
       at Object.userId [as selectByUserId] (/home/gildas/projects/marmelab/javascript-boilerplate/src/api/orders/orderRepository.js:24:61)
       at Object.userId [as selectByUserId] (/home/gildas/projects/marmelab/javascript-boilerplate/src/api/orders/orderRepository.js:24:61)
       at Object.userId [as selectByUserId] (/home/gildas/projects/marmelab/javascript-boilerplate/src/api/orders/orderRepository.js:24:61)
       at Object.userId [as selectByUserId] (/home/gildas/projects/marmelab/javascript-boilerplate/src/api/orders/orderRepository.js:24:61)
       at Object.userId [as selectByUserId] (/home/gildas/projects/marmelab/javascript-boilerplate/src/api/orders/orderRepository.js:24:61)
       at Object.userId [as selectByUserId] (/home/gildas/projects/marmelab/javascript-boilerplate/src/api/orders/orderRepository.js:24:61)
       at Object.userId [as selectByUserId] (/home/gildas/projects/marmelab/javascript-boilerplate/src/api/orders/orderRepository.js:24:61)
       at Object.userId [as selectByUserId] (/home/gildas/projects/marmelab/javascript-boilerplate/src/api/orders/orderRepository.js:24:61)
       at Object.userId [as selectByUserId] (/home/gildas/projects/marmelab/javascript-boilerplate/src/api/orders/orderRepository.js:24:61)
       at Object.userId [as selectByUserId] (/home/gildas/projects/marmelab/javascript-boilerplate/src/api/orders/orderRepository.js:24:61)
       at Object.userId [as selectByUserId] (/home/gildas/projects/marmelab/javascript-boilerplate/src/api/orders/orderRepository.js:24:61)
       at Object.userId [as selectByUserId] (/home/gildas/projects/marmelab/javascript-boilerplate/src/api/orders/orderRepository.js:24:61)
       at Object.userId [as selectByUserId] (/home/gildas/projects/marmelab/javascript-boilerplate/src/api/orders/orderRepository.js:24:61)
       at Object.userId [as selectByUserId] (/home/gildas/projects/marmelab/javascript-boilerplate/src/api/orders/orderRepository.js:24:61)
       at Object.userId [as selectByUserId] (/home/gildas/projects/marmelab/javascript-boilerplate/src/api/orders/orderRepository.js:24:61)
       at Object.userId [as selectByUserId] (/home/gildas/projects/marmelab/javascript-boilerplate/src/api/orders/orderRepository.js:24:61)
       at Object.userId [as selectByUserId] (/home/gildas/projects/marmelab/javascript-boilerplate/src/api/orders/orderRepository.js:24:61)
       at Object.userId [as selectByUserId] (/home/gildas/projects/marmelab/javascript-boilerplate/src/api/orders/orderRepository.js:24:61)
       at Object.userId [as selectByUserId] (/home/gildas/projects/marmelab/javascript-boilerplate/src/api/orders/orderRepository.js:24:61)
       at Object.userId [as selectByUserId] (/home/gildas/projects/marmelab/javascript-boilerplate/src/api/orders/orderRepository.js:24:61)
       at Object.userId [as selectByUserId] (/home/gildas/projects/marmelab/javascript-boilerplate/src/api/orders/orderRepository.js:24:61)
       at Object.userId [as selectByUserId] (/home/gildas/projects/marmelab/javascript-boilerplate/src/api/orders/orderRepository.js:24:61)
       at Object.userId [as selectByUserId] (/home/gildas/projects/marmelab/javascript-boilerplate/src/api/orders/orderRepository.js:24:61)
       at Object.userId [as selectByUserId] (/home/gildas/projects/marmelab/javascript-boilerplate/src/api/orders/orderRepository.js:24:61)
       at Object.userId [as selectByUserId] (/home/gildas/projects/marmelab/javascript-boilerplate/src/api/orders/orderRepository.js:24:61)
       at Object.userId [as selectByUserId] (/home/gildas/projects/marmelab/javascript-boilerplate/src/api/orders/orderRepository.js:24:61)
       at Object.userId [as selectByUserId] (/home/gildas/projects/marmelab/javascript-boilerplate/src/api/orders/orderRepository.js:24:61)
       at Object.userId [as selectByUserId] (/home/gildas/projects/marmelab/javascript-boilerplate/src/api/orders/orderRepository.js:24:61)
       at Object.userId [as selectByUserId] (/home/gildas/projects/marmelab/javascript-boilerplate/src/api/orders/orderRepository.js:24:61)
       at Object.userId [as selectByUserId] (/home/gildas/projects/marmelab/javascript-boilerplate/src/api/orders/orderRepository.js:24:61)
       at Object.userId [as selectByUserId] (/home/gildas/projects/marmelab/javascript-boilerplate/src/api/orders/orderRepository.js:24:61)
       at Object.userId [as selectByUserId] (/home/gildas/projects/marmelab/javascript-boilerplate/src/api/orders/orderRepository.js:24:61)
       at Object.userId [as selectByUserId] (/home/gildas/projects/marmelab/javascript-boilerplate/src/api/orders/orderRepository.js:24:61)
       at Object.userId [as selectByUserId] (/home/gildas/projects/marmelab/javascript-boilerplate/src/api/orders/orderRepository.js:24:61)
       at Object.userId [as selectByUserId] (/home/gildas/projects/marmelab/javascript-boilerplate/src/api/orders/orderRepository.js:24:61)
       at Object.userId [as selectByUserId] (/home/gildas/projects/marmelab/javascript-boilerplate/src/api/orders/orderRepository.js:24:61)
       at Object.userId [as selectByUserId] (/home/gildas/projects/marmelab/javascript-boilerplate/src/api/orders/orderRepository.js:24:61)
       at Object.userId [as selectByUserId] (/home/gildas/projects/marmelab/javascript-boilerplate/src/api/orders/orderRepository.js:24:61)
       at Object.userId [as selectByUserId] (/home/gildas/projects/marmelab/javascript-boilerplate/src/api/orders/orderRepository.js:24:61)
       at Object.userId [as selectByUserId] (/home/gildas/projects/marmelab/javascript-boilerplate/src/api/orders/orderRepository.js:24:61)
       at Object.userId [as selectByUserId] (/home/gildas/projects/marmelab/javascript-boilerplate/src/api/orders/orderRepository.js:24:61)
       at Object.userId [as selectByUserId] (/home/gildas/projects/marmelab/javascript-boilerplate/src/api/orders/orderRepository.js:24:61)
       at Object.userId [as selectByUserId] (/home/gildas/projects/marmelab/javascript-boilerplate/src/api/orders/orderRepository.js:24:61)
       at Object.userId [as selectByUserId] (/home/gildas/projects/marmelab/javascript-boilerplate/src/api/orders/orderRepository.js:24:61)
       at Object.userId [as selectByUserId] (/home/gildas/projects/marmelab/javascript-boilerplate/src/api/orders/orderRepository.js:24:61)
       at Object.userId [as selectByUserId] (/home/gildas/projects/marmelab/javascript-boilerplate/src/api/orders/orderRepository.js:24:61)
       at Object.userId [as selectByUserId] (/home/gildas/projects/marmelab/javascript-boilerplate/src/api/orders/orderRepository.js:24:61)
       at Object.userId [as selectByUserId] (/home/gildas/projects/marmelab/javascript-boilerplate/src/api/orders/orderRepository.js:24:61)
       at Object.userId [as selectByUserId] (/home/gildas/projects/marmelab/javascript-boilerplate/src/api/orders/orderRepository.js:24:61)
       at Object.userId [as selectByUserId] (/home/gildas/projects/marmelab/javascript-boilerplate/src/api/orders/orderRepository.js:24:61)
       at Object.userId [as selectByUserId] (/home/gildas/projects/marmelab/javascript-boilerplate/src/api/orders/orderRepository.js:24:61)
       at Object.userId [as selectByUserId] (/home/gildas/projects/marmelab/javascript-boilerplate/src/api/orders/orderRepository.js:24:61)
       at Object.userId [as selectByUserId] (/home/gildas/projects/marmelab/javascript-boilerplate/src/api/orders/orderRepository.js:24:61)
       at Object.userId [as selectByUserId] (/home/gildas/projects/marmelab/javascript-boilerplate/src/api/orders/orderRepository.js:24:61)
       at Object.userId [as selectByUserId] (/home/gildas/projects/marmelab/javascript-boilerplate/src/api/orders/orderRepository.js:24:61)
       at Object.userId [as selectByUserId] (/home/gildas/projects/marmelab/javascript-boilerplate/src/api/orders/orderRepository.js:24:61)
       at Object.userId [as selectByUserId] (/home/gildas/projects/marmelab/javascript-boilerplate/src/api/orders/orderRepository.js:24:61)
       at Object.userId [as selectByUserId] (/home/gildas/projects/marmelab/javascript-boilerplate/src/api/orders/orderRepository.js:24:61)
       at Object.userId [as selectByUserId] (/home/gildas/projects/marmelab/javascript-boilerplate/src/api/orders/orderRepository.js:24:61)
       at Object.userId [as selectByUserId] (/home/gildas/projects/marmelab/javascript-boilerplate/src/api/orders/orderRepository.js:24:61)
       at Object.userId [as selectByUserId] (/home/gildas/projects/marmelab/javascript-boilerplate/src/api/orders/orderRepository.js:24:61)
       at Object.userId [as selectByUserId] (/home/gildas/projects/marmelab/javascript-boilerplate/src/api/orders/orderRepository.js:24:61)
       at Object.userId [as selectByUserId] (/home/gildas/projects/marmelab/javascript-boilerplate/src/api/orders/orderRepository.js:24:61)
       at Object.userId [as selectByUserId] (/home/gildas/projects/marmelab/javascript-boilerplate/src/api/orders/orderRepository.js:24:61)
       at Object.userId [as selectByUserId] (/home/gildas/projects/marmelab/javascript-boilerplate/src/api/orders/orderRepository.js:24:61)
       at Object.userId [as selectByUserId] (/home/gildas/projects/marmelab/javascript-boilerplate/src/api/orders/orderRepository.js:24:61)
       at Object.userId [as selectByUserId] (/home/gildas/projects/marmelab/javascript-boilerplate/src/api/orders/orderRepository.js:24:61)
       at Object.userId [as selectByUserId] (/home/gildas/projects/marmelab/javascript-boilerplate/src/api/orders/orderRepository.js:24:61)
       at Object.userId [as selectByUserId] (/home/gildas/projects/marmelab/javascript-boilerplate/src/api/orders/orderRepository.js:24:61)
       at Object.userId [as selectByUserId] (/home/gildas/projects/marmelab/javascript-boilerplate/src/api/orders/orderRepository.js:24:61)
       at Object.userId [as selectByUserId] (/home/gildas/projects/marmelab/javascript-boilerplate/src/api/orders/orderRepository.js:24:61)
       at Object.userId [as selectByUserId] (/home/gildas/projects/marmelab/javascript-boilerplate/src/api/orders/orderRepository.js:24:61)
       at Object.userId [as selectByUserId] (/home/gildas/projects/marmelab/javascript-boilerplate/src/api/orders/orderRepository.js:24:61)
       at Object.userId [as selectByUserId] (/home/gildas/projects/marmelab/javascript-boilerplate/src/api/orders/orderRepository.js:24:61)
       at Object.userId [as selectByUserId] (/home/gildas/projects/marmelab/javascript-boilerplate/src/api/orders/orderRepository.js:24:61)
       at Object.userId [as selectByUserId] (/home/gildas/projects/marmelab/javascript-boilerplate/src/api/orders/orderRepository.js:24:61)
       at Object.userId [as selectByUserId] (/home/gildas/projects/marmelab/javascript-boilerplate/src/api/orders/orderRepository.js:24:61)
       at Object.userId [as selectByUserId] (/home/gildas/projects/marmelab/javascript-boilerplate/src/api/orders/orderRepository.js:24:61)
       at Object.userId [as selectByUserId] (/home/gildas/projects/marmelab/javascript-boilerplate/src/api/orders/orderRepository.js:24:61)
       at Object.userId [as selectByUserId] (/home/gildas/projects/marmelab/javascript-boilerplate/src/api/orders/orderRepository.js:24:61)
       at Object.userId [as selectByUserId] (/home/gildas/projects/marmelab/javascript-boilerplate/src/api/orders/orderRepository.js:24:61)
       at Object.userId [as selectByUserId] (/home/gildas/projects/marmelab/javascript-boilerplate/src/api/orders/orderRepository.js:24:61)
       at Object.userId [as selectByUserId] (/home/gildas/projects/marmelab/javascript-boilerplate/src/api/orders/orderRepository.js:24:61)
       at Object.userId [as selectByUserId] (/home/gildas/projects/marmelab/javascript-boilerplate/src/api/orders/orderRepository.js:24:61)
       at Object.userId [as selectByUserId] (/home/gildas/projects/marmelab/javascript-boilerplate/src/api/orders/orderRepository.js:24:61)
       at Object.userId [as selectByUserId] (/home/gildas/projects/marmelab/javascript-boilerplate/src/api/orders/orderRepository.js:24:61)
       at Object.userId [as selectByUserId] (/home/gildas/projects/marmelab/javascript-boilerplate/src/api/orders/orderRepository.js:24:61)
       at Object.userId [as selectByUserId] (/home/gildas/projects/marmelab/javascript-boilerplate/src/api/orders/orderRepository.js:24:61)
       at Object.userId [as selectByUserId] (/home/gildas/projects/marmelab/javascript-boilerplate/src/api/orders/orderRepository.js:24:61)
       at Object.userId [as selectByUserId] (/home/gildas/projects/marmelab/javascript-boilerplate/src/api/orders/orderRepository.js:24:61)
       at Object.userId [as selectByUserId] (/home/gildas/projects/marmelab/javascript-boilerplate/src/api/orders/orderRepository.js:24:61)
       at Object.userId [as selectByUserId] (/home/gildas/projects/marmelab/javascript-boilerplate/src/api/orders/orderRepository.js:24:61)
       at Object.userId [as selectByUserId] (/home/gildas/projects/marmelab/javascript-boilerplate/src/api/orders/orderRepository.js:24:61)
       at Object.userId [as selectByUserId] (/home/gildas/projects/marmelab/javascript-boilerplate/src/api/orders/orderRepository.js:24:61)
       at Object.userId [as selectByUserId] (/home/gildas/projects/marmelab/javascript-boilerplate/src/api/orders/orderRepository.js:24:61)
       at Object.userId [as selectByUserId] (/home/gildas/projects/marmelab/javascript-boilerplate/src/api/orders/orderRepository.js:24:61)
       at Object.userId [as selectByUserId] (/home/gildas/projects/marmelab/javascript-boilerplate/src/api/orders/orderRepository.js:24:61)
       at Object.userId [as selectByUserId] (/home/gildas/projects/marmelab/javascript-boilerplate/src/api/orders/orderRepository.js:24:61)
       at Object.userId [as selectByUserId] (/home/gildas/projects/marmelab/javascript-boilerplate/src/api/orders/orderRepository.js:24:61)
       at Object.userId [as selectByUserId] (/home/gildas/projects/marmelab/javascript-boilerplate/src/api/orders/orderRepository.js:24:61)
       at Object.userId [as selectByUserId] (/home/gildas/projects/marmelab/javascript-boilerplate/src/api/orders/orderRepository.js:24:61)
       at Object.userId [as selectByUserId] (/home/gildas/projects/marmelab/javascript-boilerplate/src/api/orders/orderRepository.js:24:61)
       at Object.userId [as selectByUserId] (/home/gildas/projects/marmelab/javascript-boilerplate/src/api/orders/orderRepository.js:24:61)
       at Object.userId [as selectByUserId] (/home/gildas/projects/marmelab/javascript-boilerplate/src/api/orders/orderRepository.js:24:61)
       at Object.userId [as selectByUserId] (/home/gildas/projects/marmelab/javascript-boilerplate/src/api/orders/orderRepository.js:24:61)
       at Object.userId [as selectByUserId] (/home/gildas/projects/marmelab/javascript-boilerplate/src/api/orders/orderRepository.js:24:61)
       at Object.userId [as selectByUserId] (/home/gildas/projects/marmelab/javascript-boilerplate/src/api/orders/orderRepository.js:24:61)
       at Object.userId [as selectByUserId] (/home/gildas/projects/marmelab/javascript-boilerplate/src/api/orders/orderRepository.js:24:61)
       at Object.userId [as selectByUserId] (/home/gildas/projects/marmelab/javascript-boilerplate/src/api/orders/orderRepository.js:24:61)
       at Object.userId [as selectByUserId] (/home/gildas/projects/marmelab/javascript-boilerplate/src/api/orders/orderRepository.js:24:61)
       at Object.userId [as selectByUserId] (/home/gildas/projects/marmelab/javascript-boilerplate/src/api/orders/orderRepository.js:24:61)
       at Object.userId [as selectByUserId] (/home/gildas/projects/marmelab/javascript-boilerplate/src/api/orders/orderRepository.js:24:61)
       at Object.userId [as selectByUserId] (/home/gildas/projects/marmelab/javascript-boilerplate/src/api/orders/orderRepository.js:24:61)
       at Object.userId [as selectByUserId] (/home/gildas/projects/marmelab/javascript-boilerplate/src/api/orders/orderRepository.js:24:61)
       at Object.userId [as selectByUserId] (/home/gildas/projects/marmelab/javascript-boilerplate/src/api/orders/orderRepository.js:24:61)
       at Object.userId [as selectByUserId] (/home/gildas/projects/marmelab/javascript-boilerplate/src/api/orders/orderRepository.js:24:61)
       at Object.userId [as selectByUserId] (/home/gildas/projects/marmelab/javascript-boilerplate/src/api/orders/orderRepository.js:24:61)
       at Object.userId [as selectByUserId] (/home/gildas/projects/marmelab/javascript-boilerplate/src/api/orders/orderRepository.js:24:61)
       at Object.userId [as selectByUserId] (/home/gildas/projects/marmelab/javascript-boilerplate/src/api/orders/orderRepository.js:24:61)
       at Object.userId [as selectByUserId] (/home/gildas/projects/marmelab/javascript-boilerplate/src/api/orders/orderRepository.js:24:61)
       at Object.userId [as selectByUserId] (/home/gildas/projects/marmelab/javascript-boilerplate/src/api/orders/orderRepository.js:24:61)
       at Object.userId [as selectByUserId] (/home/gildas/projects/marmelab/javascript-boilerplate/src/api/orders/orderRepository.js:24:61)
       at Object.userId [as selectByUserId] (/home/gildas/projects/marmelab/javascript-boilerplate/src/api/orders/orderRepository.js:24:61)
       at Object.userId [as selectByUserId] (/home/gildas/projects/marmelab/javascript-boilerplate/src/api/orders/orderRepository.js:24:61)
       at Object.userId [as selectByUserId] (/home/gildas/projects/marmelab/javascript-boilerplate/src/api/orders/orderRepository.js:24:61)
       at Object.userId [as selectByUserId] (/home/gildas/projects/marmelab/javascript-boilerplate/src/api/orders/orderRepository.js:24:61)
       at Object.userId [as selectByUserId] (/home/gildas/projects/marmelab/javascript-boilerplate/src/api/orders/orderRepository.js:24:61)
       at Object.userId [as selectByUserId] (/home/gildas/projects/marmelab/javascript-boilerplate/src/api/orders/orderRepository.js:24:61)
       at Object.userId [as selectByUserId] (/home/gildas/projects/marmelab/javascript-boilerplate/src/api/orders/orderRepository.js:24:61)
       at Object.userId [as selectByUserId] (/home/gildas/projects/marmelab/javascript-boilerplate/src/api/orders/orderRepository.js:24:61)
       at Object.userId [as selectByUserId] (/home/gildas/projects/marmelab/javascript-boilerplate/src/api/orders/orderRepository.js:24:61)
       at Object.userId [as selectByUserId] (/home/gildas/projects/marmelab/javascript-boilerplate/src/api/orders/orderRepository.js:24:61)
       at Object.userId [as selectByUserId] (/home/gildas/projects/marmelab/javascript-boilerplate/src/api/orders/orderRepository.js:24:61)
       at Object.userId [as selectByUserId] (/home/gildas/projects/marmelab/javascript-boilerplate/src/api/orders/orderRepository.js:24:61)
       at Object.userId [as selectByUserId] (/home/gildas/projects/marmelab/javascript-boilerplate/src/api/orders/orderRepository.js:24:61)
       at Object.userId [as selectByUserId] (/home/gildas/projects/marmelab/javascript-boilerplate/src/api/orders/orderRepository.js:24:61)
       at Object.userId [as selectByUserId] (/home/gildas/projects/marmelab/javascript-boilerplate/src/api/orders/orderRepository.js:24:61)
       at Object.userId [as selectByUserId] (/home/gildas/projects/marmelab/javascript-boilerplate/src/api/orders/orderRepository.js:24:61)
       at Object.userId [as selectByUserId] (/home/gildas/projects/marmelab/javascript-boilerplate/src/api/orders/orderRepository.js:24:61)
       at Object.userId [as selectByUserId] (/home/gildas/projects/marmelab/javascript-boilerplate/src/api/orders/orderRepository.js:24:61)
       at Object.userId [as selectByUserId] (/home/gildas/projects/marmelab/javascript-boilerplate/src/api/orders/orderRepository.js:24:61)
       at Object.userId [as selectByUserId] (/home/gildas/projects/marmelab/javascript-boilerplate/src/api/orders/orderRepository.js:24:61)
       at Object.userId [as selectByUserId] (/home/gildas/projects/marmelab/javascript-boilerplate/src/api/orders/orderRepository.js:24:61)
       at Object.userId [as selectByUserId] (/home/gildas/projects/marmelab/javascript-boilerplate/src/api/orders/orderRepository.js:24:61)
       at Object.userId [as selectByUserId] (/home/gildas/projects/marmelab/javascript-boilerplate/src/api/orders/orderRepository.js:24:61)
       at Object.userId [as selectByUserId] (/home/gildas/projects/marmelab/javascript-boilerplate/src/api/orders/orderRepository.js:24:61)
       at Object.userId [as selectByUserId] (/home/gildas/projects/marmelab/javascript-boilerplate/src/api/orders/orderRepository.js:24:61)
       at Object.userId [as selectByUserId] (/home/gildas/projects/marmelab/javascript-boilerplate/src/api/orders/orderRepository.js:24:61)
       at Object.userId [as selectByUserId] (/home/gildas/projects/marmelab/javascript-boilerplate/src/api/orders/orderRepository.js:24:61)
       at Object.userId [as selectByUserId] (/home/gildas/projects/marmelab/javascript-boilerplate/src/api/orders/orderRepository.js:24:61)
       at Object.userId [as selectByUserId] (/home/gildas/projects/marmelab/javascript-boilerplate/src/api/orders/orderRepository.js:24:61)
       at Object.userId [as selectByUserId] (/home/gildas/projects/marmelab/javascript-boilerplate/src/api/orders/orderRepository.js:24:61)
       at Object.userId [as selectByUserId] (/home/gildas/projects/marmelab/javascript-boilerplate/src/api/orders/orderRepository.js:24:61)
       at Object.userId [as selectByUserId] (/home/gildas/projects/marmelab/javascript-boilerplate/src/api/orders/orderRepository.js:24:61)
       at Object.userId [as selectByUserId] (/home/gildas/projects/marmelab/javascript-boilerplate/src/api/orders/orderRepository.js:24:61)
       at Object.userId [as selectByUserId] (/home/gildas/projects/marmelab/javascript-boilerplate/src/api/orders/orderRepository.js:24:61)
       at Object.userId [as selectByUserId] (/home/gildas/projects/marmelab/javascript-boilerplate/src/api/orders/orderRepository.js:24:61)
       at Object.userId [as selectByUserId] (/home/gildas/projects/marmelab/javascript-boilerplate/src/api/orders/orderRepository.js:24:61)
       at Object.userId [as selectByUserId] (/home/gildas/projects/marmelab/javascript-boilerplate/src/api/orders/orderRepository.js:24:61)
       at Object.userId [as selectByUserId] (/home/gildas/projects/marmelab/javascript-boilerplate/src/api/orders/orderRepository.js:24:61)
       at Object.userId [as selectByUserId] (/home/gildas/projects/marmelab/javascript-boilerplate/src/api/orders/orderRepository.js:24:61)
       at Object.userId [as selectByUserId] (/home/gildas/projects/marmelab/javascript-boilerplate/src/api/orders/orderRepository.js:24:61)
       at Object.userId [as selectByUserId] (/home/gildas/projects/marmelab/javascript-boilerplate/src/api/orders/orderRepository.js:24:61)
       at Object.userId [as selectByUserId] (/home/gildas/projects/marmelab/javascript-boilerplate/src/api/orders/orderRepository.js:24:61)
       at Object.userId [as selectByUserId] (/home/gildas/projects/marmelab/javascript-boilerplate/src/api/orders/orderRepository.js:24:61)
       at Object.userId [as selectByUserId] (/home/gildas/projects/marmelab/javascript-boilerplate/src/api/orders/orderRepository.js:24:61)
       at Object.userId [as selectByUserId] (/home/gildas/projects/marmelab/javascript-boilerplate/src/api/orders/orderRepository.js:24:61)
       at Object.userId [as selectByUserId] (/home/gildas/projects/marmelab/javascript-boilerplate/src/api/orders/orderRepository.js:24:61)
       at Object.userId [as selectByUserId] (/home/gildas/projects/marmelab/javascript-boilerplate/src/api/orders/orderRepository.js:24:61)
       at Object.userId [as selectByUserId] (/home/gildas/projects/marmelab/javascript-boilerplate/src/api/orders/orderRepository.js:24:61)
       at Object.userId [as selectByUserId] (/home/gildas/projects/marmelab/javascript-boilerplate/src/api/orders/orderRepository.js:24:61)
       at Object.userId [as selectByUserId] (/home/gildas/projects/marmelab/javascript-boilerplate/src/api/orders/orderRepository.js:24:61)
       at Object.userId [as selectByUserId] (/home/gildas/projects/marmelab/javascript-boilerplate/src/api/orders/orderRepository.js:24:61)
       at Object.userId [as selectByUserId] (/home/gildas/projects/marmelab/javascript-boilerplate/src/api/orders/orderRepository.js:24:61)
       at Object.userId [as selectByUserId] (/home/gildas/projects/marmelab/javascript-boilerplate/src/api/orders/orderRepository.js:24:61)
       at Object.userId [as selectByUserId] (/home/gildas/projects/marmelab/javascript-boilerplate/src/api/orders/orderRepository.js:24:61)
       at Object.userId [as selectByUserId] (/home/gildas/projects/marmelab/javascript-boilerplate/src/api/orders/orderRepository.js:24:61)
       at Object.userId [as selectByUserId] (/home/gildas/projects/marmelab/javascript-boilerplate/src/api/orders/orderRepository.js:24:61)
       at Object.userId [as selectByUserId] (/home/gildas/projects/marmelab/javascript-boilerplate/src/api/orders/orderRepository.js:24:61)
       at Object.userId [as selectByUserId] (/home/gildas/projects/marmelab/javascript-boilerplate/src/api/orders/orderRepository.js:24:61)
       at Object.userId [as selectByUserId] (/home/gildas/projects/marmelab/javascript-boilerplate/src/api/orders/orderRepository.js:24:61)
       at Object.userId [as selectByUserId] (/home/gildas/projects/marmelab/javascript-boilerplate/src/api/orders/orderRepository.js:24:61)
       at Object.userId [as selectByUserId] (/home/gildas/projects/marmelab/javascript-boilerplate/src/api/orders/orderRepository.js:24:61)
       at Object.userId [as selectByUserId] (/home/gildas/projects/marmelab/javascript-boilerplate/src/api/orders/orderRepository.js:24:61)
       at Object.userId [as selectByUserId] (/home/gildas/projects/marmelab/javascript-boilerplate/src/api/orders/orderRepository.js:24:61)
       at Object.userId [as selectByUserId] (/home/gildas/projects/marmelab/javascript-boilerplate/src/api/orders/orderRepository.js:24:61)
       at Object.userId [as selectByUserId] (/home/gildas/projects/marmelab/javascript-boilerplate/src/api/orders/orderRepository.js:24:61)
       at Object.userId [as selectByUserId] (/home/gildas/projects/marmelab/javascript-boilerplate/src/api/orders/orderRepository.js:24:61)
       at Object.userId [as selectByUserId] (/home/gildas/projects/marmelab/javascript-boilerplate/src/api/orders/orderRepository.js:24:61)
       at Object.userId [as selectByUserId] (/home/gildas/projects/marmelab/javascript-boilerplate/src/api/orders/orderRepository.js:24:61)
       at Object.userId [as selectByUserId] (/home/gildas/projects/marmelab/javascript-boilerplate/src/api/orders/orderRepository.js:24:61)
       at Object.userId [as selectByUserId] (/home/gildas/projects/marmelab/javascript-boilerplate/src/api/orders/orderRepository.js:24:61)
       at Object.userId [as selectByUserId] (/home/gildas/projects/marmelab/javascript-boilerplate/src/api/orders/orderRepository.js:24:61)
       at Object.userId [as selectByUserId] (/home/gildas/projects/marmelab/javascript-boilerplate/src/api/orders/orderRepository.js:24:61)
       at Object.userId [as selectByUserId] (/home/gildas/projects/marmelab/javascript-boilerplate/src/api/orders/orderRepository.js:24:61)
       at Object.userId [as selectByUserId] (/home/gildas/projects/marmelab/javascript-boilerplate/src/api/orders/orderRepository.js:24:61)
       at Object.userId [as selectByUserId] (/home/gildas/projects/marmelab/javascript-boilerplate/src/api/orders/orderRepository.js:24:61)
       at Object.userId [as selectByUserId] (/home/gildas/projects/marmelab/javascript-boilerplate/src/api/orders/orderRepository.js:24:61)
       at Object.userId [as selectByUserId] (/home/gildas/projects/marmelab/javascript-boilerplate/src/api/orders/orderRepository.js:24:61)
       at Object.userId [as selectByUserId] (/home/gildas/projects/marmelab/javascript-boilerplate/src/api/orders/orderRepository.js:24:61)
       at Object.userId [as selectByUserId] (/home/gildas/projects/marmelab/javascript-boilerplate/src/api/orders/orderRepository.js:24:61)
       at Object.userId [as selectByUserId] (/home/gildas/projects/marmelab/javascript-boilerplate/src/api/orders/orderRepository.js:24:61)
       at Object.userId [as selectByUserId] (/home/gildas/projects/marmelab/javascript-boilerplate/src/api/orders/orderRepository.js:24:61)
       at Object.userId [as selectByUserId] (/home/gildas/projects/marmelab/javascript-boilerplate/src/api/orders/orderRepository.js:24:61)
       at Object.userId [as selectByUserId] (/home/gildas/projects/marmelab/javascript-boilerplate/src/api/orders/orderRepository.js:24:61)
       at Object.userId [as selectByUserId] (/home/gildas/projects/marmelab/javascript-boilerplate/src/api/orders/orderRepository.js:24:61)
       at Object.userId [as selectByUserId] (/home/gildas/projects/marmelab/javascript-boilerplate/src/api/orders/orderRepository.js:24:61)
       at Object.userId [as selectByUserId] (/home/gildas/projects/marmelab/javascript-boilerplate/src/api/orders/orderRepository.js:24:61)
       at Object.userId [as selectByUserId] (/home/gildas/projects/marmelab/javascript-boilerplate/src/api/orders/orderRepository.js:24:61)
       at Object.userId [as selectByUserId] (/home/gildas/projects/marmelab/javascript-boilerplate/src/api/orders/orderRepository.js:24:61)
       at Object.userId [as selectByUserId] (/home/gildas/projects/marmelab/javascript-boilerplate/src/api/orders/orderRepository.js:24:61)
       at Object.userId [as selectByUserId] (/home/gildas/projects/marmelab/javascript-boilerplate/src/api/orders/orderRepository.js:24:61)
       at Object.userId [as selectByUserId] (/home/gildas/projects/marmelab/javascript-boilerplate/src/api/orders/orderRepository.js:24:61)
       at Object.userId [as selectByUserId] (/home/gildas/projects/marmelab/javascript-boilerplate/src/api/orders/orderRepository.js:24:61)
       at Object.userId [as selectByUserId] (/home/gildas/projects/marmelab/javascript-boilerplate/src/api/orders/orderRepository.js:24:61)
       at Object.userId [as selectByUserId] (/home/gildas/projects/marmelab/javascript-boilerplate/src/api/orders/orderRepository.js:24:61)
       at Object.userId [as selectByUserId] (/home/gildas/projects/marmelab/javascript-boilerplate/src/api/orders/orderRepository.js:24:61)
       at Object.userId [as selectByUserId] (/home/gildas/projects/marmelab/javascript-boilerplate/src/api/orders/orderRepository.js:24:61)
       at Object.userId [as selectByUserId] (/home/gildas/projects/marmelab/javascript-boilerplate/src/api/orders/orderRepository.js:24:61)
       at Object.userId [as selectByUserId] (/home/gildas/projects/marmelab/javascript-boilerplate/src/api/orders/orderRepository.js:24:61)
       at Object.userId [as selectByUserId] (/home/gildas/projects/marmelab/javascript-boilerplate/src/api/orders/orderRepository.js:24:61)
       at Object.userId [as selectByUserId] (/home/gildas/projects/marmelab/javascript-boilerplate/src/api/orders/orderRepository.js:24:61)
       at Object.userId [as selectByUserId] (/home/gildas/projects/marmelab/javascript-boilerplate/src/api/orders/orderRepository.js:24:61)
       at Object.userId [as selectByUserId] (/home/gildas/projects/marmelab/javascript-boilerplate/src/api/orders/orderRepository.js:24:61)
       at Object.userId [as selectByUserId] (/home/gildas/projects/marmelab/javascript-boilerplate/src/api/orders/orderRepository.js:24:61)
       at Object.userId [as selectByUserId] (/home/gildas/projects/marmelab/javascript-boilerplate/src/api/orders/orderRepository.js:24:61)
       at Object.userId [as selectByUserId] (/home/gildas/projects/marmelab/javascript-boilerplate/src/api/orders/orderRepository.js:24:61)
       at Object.userId [as selectByUserId] (/home/gildas/projects/marmelab/javascript-boilerplate/src/api/orders/orderRepository.js:24:61)
       at Object.userId [as selectByUserId] (/home/gildas/projects/marmelab/javascript-boilerplate/src/api/orders/orderRepository.js:24:61)
       at Object.userId [as selectByUserId] (/home/gildas/projects/marmelab/javascript-boilerplate/src/api/orders/orderRepository.js:24:61)
       at Object.userId [as selectByUserId] (/home/gildas/projects/marmelab/javascript-boilerplate/src/api/orders/orderRepository.js:24:61)
       at Object.userId [as selectByUserId] (/home/gildas/projects/marmelab/javascript-boilerplate/src/api/orders/orderRepository.js:24:61)
       at Object.userId [as selectByUserId] (/home/gildas/projects/marmelab/javascript-boilerplate/src/api/orders/orderRepository.js:24:61)
       at Object.userId [as selectByUserId] (/home/gildas/projects/marmelab/javascript-boilerplate/src/api/orders/orderRepository.js:24:61)
       at Object.userId [as selectByUserId] (/home/gildas/projects/marmelab/javascript-boilerplate/src/api/orders/orderRepository.js:24:61)
       at Object.userId [as selectByUserId] (/home/gildas/projects/marmelab/javascript-boilerplate/src/api/orders/orderRepository.js:24:61)
       at Object.userId [as selectByUserId] (/home/gildas/projects/marmelab/javascript-boilerplate/src/api/orders/orderRepository.js:24:61)
       at Object.userId [as selectByUserId] (/home/gildas/projects/marmelab/javascript-boilerplate/src/api/orders/orderRepository.js:24:61)
       at Object.userId [as selectByUserId] (/home/gildas/projects/marmelab/javascript-boilerplate/src/api/orders/orderRepository.js:24:61)
       at Object.userId [as selectByUserId] (/home/gildas/projects/marmelab/javascript-boilerplate/src/api/orders/orderRepository.js:24:61)
       at Object.userId [as selectByUserId] (/home/gildas/projects/marmelab/javascript-boilerplate/src/api/orders/orderRepository.js:24:61)
       at Object.userId [as selectByUserId] (/home/gildas/projects/marmelab/javascript-boilerplate/src/api/orders/orderRepository.js:24:61)
       at Object.userId [as selectByUserId] (/home/gildas/projects/marmelab/javascript-boilerplate/src/api/orders/orderRepository.js:24:61)
       at Object.userId [as selectByUserId] (/home/gildas/projects/marmelab/javascript-boilerplate/src/api/orders/orderRepository.js:24:61)
       at Object.userId [as selectByUserId] (/home/gildas/projects/marmelab/javascript-boilerplate/src/api/orders/orderRepository.js:24:61)
       at Object.userId [as selectByUserId] (/home/gildas/projects/marmelab/javascript-boilerplate/src/api/orders/orderRepository.js:24:61)
       at Object.userId [as selectByUserId] (/home/gildas/projects/marmelab/javascript-boilerplate/src/api/orders/orderRepository.js:24:61)
       at Object.userId [as selectByUserId] (/home/gildas/projects/marmelab/javascript-boilerplate/src/api/orders/orderRepository.js:24:61)
       at Object.userId [as selectByUserId] (/home/gildas/projects/marmelab/javascript-boilerplate/src/api/orders/orderRepository.js:24:61)
       at Object.userId [as selectByUserId] (/home/gildas/projects/marmelab/javascript-boilerplate/src/api/orders/orderRepository.js:24:61)
       at Object.userId [as selectByUserId] (/home/gildas/projects/marmelab/javascript-boilerplate/src/api/orders/orderRepository.js:24:61)
       at Object.userId [as selectByUserId] (/home/gildas/projects/marmelab/javascript-boilerplate/src/api/orders/orderRepository.js:24:61)
       at Object.userId [as selectByUserId] (/home/gildas/projects/marmelab/javascript-boilerplate/src/api/orders/orderRepository.js:24:61)
       at Object.userId [as selectByUserId] (/home/gildas/projects/marmelab/javascript-boilerplate/src/api/orders/orderRepository.js:24:61)
       at Object.userId [as selectByUserId] (/home/gildas/projects/marmelab/javascript-boilerplate/src/api/orders/orderRepository.js:24:61)
       at Object.userId [as selectByUserId] (/home/gildas/projects/marmelab/javascript-boilerplate/src/api/orders/orderRepository.js:24:61)
       at Object.userId [as selectByUserId] (/home/gildas/projects/marmelab/javascript-boilerplate/src/api/orders/orderRepository.js:24:61)
       at Object.userId [as selectByUserId] (/home/gildas/projects/marmelab/javascript-boilerplate/src/api/orders/orderRepository.js:24:61)
       at Object.userId [as selectByUserId] (/home/gildas/projects/marmelab/javascript-boilerplate/src/api/orders/orderRepository.js:24:61)
       at Object.userId [as selectByUserId] (/home/gildas/projects/marmelab/javascript-boilerplate/src/api/orders/orderRepository.js:24:61)
       at Object.userId [as selectByUserId] (/home/gildas/projects/marmelab/javascript-boilerplate/src/api/orders/orderRepository.js:24:61)
       at Object.userId [as selectByUserId] (/home/gildas/projects/marmelab/javascript-boilerplate/src/api/orders/orderRepository.js:24:61)
       at Object.userId [as selectByUserId] (/home/gildas/projects/marmelab/javascript-boilerplate/src/api/orders/orderRepository.js:24:61)
       at Object.userId [as selectByUserId] (/home/gildas/projects/marmelab/javascript-boilerplate/src/api/orders/orderRepository.js:24:61)
       at Object.userId [as selectByUserId] (/home/gildas/projects/marmelab/javascript-boilerplate/src/api/orders/orderRepository.js:24:61)
       at Object.userId [as selectByUserId] (/home/gildas/projects/marmelab/javascript-boilerplate/src/api/orders/orderRepository.js:24:61)
       at Object.userId [as selectByUserId] (/home/gildas/projects/marmelab/javascript-boilerplate/src/api/orders/orderRepository.js:24:61)
       at Object.userId [as selectByUserId] (/home/gildas/projects/marmelab/javascript-boilerplate/src/api/orders/orderRepository.js:24:61)
       at Object.userId [as selectByUserId] (/home/gildas/projects/marmelab/javascript-boilerplate/src/api/orders/orderRepository.js:24:61)
       at Object.userId [as selectByUserId] (/home/gildas/projects/marmelab/javascript-boilerplate/src/api/orders/orderRepository.js:24:61)
       at Object.userId [as selectByUserId] (/home/gildas/projects/marmelab/javascript-boilerplate/src/api/orders/orderRepository.js:24:61)
       at Object.userId [as selectByUserId] (/home/gildas/projects/marmelab/javascript-boilerplate/src/api/orders/orderRepository.js:24:61)
       at Object.userId [as selectByUserId] (/home/gildas/projects/marmelab/javascript-boilerplate/src/api/orders/orderRepository.js:24:61)
       at Object.userId [as selectByUserId] (/home/gildas/projects/marmelab/javascript-boilerplate/src/api/orders/orderRepository.js:24:61)
       at Object.userId [as selectByUserId] (/home/gildas/projects/marmelab/javascript-boilerplate/src/api/orders/orderRepository.js:24:61)
       at Object.userId [as selectByUserId] (/home/gildas/projects/marmelab/javascript-boilerplate/src/api/orders/orderRepository.js:24:61)
       at Object.userId [as selectByUserId] (/home/gildas/projects/marmelab/javascript-boilerplate/src/api/orders/orderRepository.js:24:61)
       at Object.userId [as selectByUserId] (/home/gildas/projects/marmelab/javascript-boilerplate/src/api/orders/orderRepository.js:24:61)
       at Object.userId [as selectByUserId] (/home/gildas/projects/marmelab/javascript-boilerplate/src/api/orders/orderRepository.js:24:61)
       at Object.userId [as selectByUserId] (/home/gildas/projects/marmelab/javascript-boilerplate/src/api/orders/orderRepository.js:24:61)
       at Object.userId [as selectByUserId] (/home/gildas/projects/marmelab/javascript-boilerplate/src/api/orders/orderRepository.js:24:61)
       at Object.userId [as selectByUserId] (/home/gildas/projects/marmelab/javascript-boilerplate/src/api/orders/orderRepository.js:24:61)
       at Object.userId [as selectByUserId] (/home/gildas/projects/marmelab/javascript-boilerplate/src/api/orders/orderRepository.js:24:61)
       at Object.userId [as selectByUserId] (/home/gildas/projects/marmelab/javascript-boilerplate/src/api/orders/orderRepository.js:24:61)
       at Object.userId [as selectByUserId] (/home/gildas/projects/marmelab/javascript-boilerplate/src/api/orders/orderRepository.js:24:61)
       at Object.userId [as selectByUserId] (/home/gildas/projects/marmelab/javascript-boilerplate/src/api/orders/orderRepository.js:24:61)
       at Object.userId [as selectByUserId] (/home/gildas/projects/marmelab/javascript-boilerplate/src/api/orders/orderRepository.js:24:61)
       at Object.userId [as selectByUserId] (/home/gildas/projects/marmelab/javascript-boilerplate/src/api/orders/orderRepository.js:24:61)
       at Object.userId [as selectByUserId] (/home/gildas/projects/marmelab/javascript-boilerplate/src/api/orders/orderRepository.js:24:61)
       at Object.userId [as selectByUserId] (/home/gildas/projects/marmelab/javascript-boilerplate/src/api/orders/orderRepository.js:24:61)
       at Object.userId [as selectByUserId] (/home/gildas/projects/marmelab/javascript-boilerplate/src/api/orders/orderRepository.js:24:61)
       at Object.userId [as selectByUserId] (/home/gildas/projects/marmelab/javascript-boilerplate/src/api/orders/orderRepository.js:24:61)
       at Object.userId [as selectByUserId] (/home/gildas/projects/marmelab/javascript-boilerplate/src/api/orders/orderRepository.js:24:61)
       at Object.userId [as selectByUserId] (/home/gildas/projects/marmelab/javascript-boilerplate/src/api/orders/orderRepository.js:24:61)
       at Object.userId [as selectByUserId] (/home/gildas/projects/marmelab/javascript-boilerplate/src/api/orders/orderRepository.js:24:61)
       at Object.userId [as selectByUserId] (/home/gildas/projects/marmelab/javascript-boilerplate/src/api/orders/orderRepository.js:24:61)
       at Object.userId [as selectByUserId] (/home/gildas/projects/marmelab/javascript-boilerplate/src/api/orders/orderRepository.js:24:61)
       at Object.userId [as selectByUserId] (/home/gildas/projects/marmelab/javascript-boilerplate/src/api/orders/orderRepository.js:24:61)
       at Object.userId [as selectByUserId] (/home/gildas/projects/marmelab/javascript-boilerplate/src/api/orders/orderRepository.js:24:61)
       at Object.userId [as selectByUserId] (/home/gildas/projects/marmelab/javascript-boilerplate/src/api/orders/orderRepository.js:24:61)
       at Object.userId [as selectByUserId] (/home/gildas/projects/marmelab/javascript-boilerplate/src/api/orders/orderRepository.js:24:61)
       at Object.userId [as selectByUserId] (/home/gildas/projects/marmelab/javascript-boilerplate/src/api/orders/orderRepository.js:24:61)
       at Object.userId [as selectByUserId] (/home/gildas/projects/marmelab/javascript-boilerplate/src/api/orders/orderRepository.js:24:61)
       at Object.userId [as selectByUserId] (/home/gildas/projects/marmelab/javascript-boilerplate/src/api/orders/orderRepository.js:24:61)
       at Object.userId [as selectByUserId] (/home/gildas/projects/marmelab/javascript-boilerplate/src/api/orders/orderRepository.js:24:61)
       at Object.userId [as selectByUserId] (/home/gildas/projects/marmelab/javascript-boilerplate/src/api/orders/orderRepository.js:24:61)
       at Object.userId [as selectByUserId] (/home/gildas/projects/marmelab/javascript-boilerplate/src/api/orders/orderRepository.js:24:61)
       at Object.userId [as selectByUserId] (/home/gildas/projects/marmelab/javascript-boilerplate/src/api/orders/orderRepository.js:24:61)
       at Object.userId [as selectByUserId] (/home/gildas/projects/marmelab/javascript-boilerplate/src/api/orders/orderRepository.js:24:61)
       at Object.userId [as selectByUserId] (/home/gildas/projects/marmelab/javascript-boilerplate/src/api/orders/orderRepository.js:24:61)
       at Object.userId [as selectByUserId] (/home/gildas/projects/marmelab/javascript-boilerplate/src/api/orders/orderRepository.js:24:61)
       at Object.userId [as selectByUserId] (/home/gildas/projects/marmelab/javascript-boilerplate/src/api/orders/orderRepository.js:24:61)
       at Object.userId [as selectByUserId] (/home/gildas/projects/marmelab/javascript-boilerplate/src/api/orders/orderRepository.js:24:61)
       at Object.userId [as selectByUserId] (/home/gildas/projects/marmelab/javascript-boilerplate/src/api/orders/orderRepository.js:24:61)
       at Object.userId [as selectByUserId] (/home/gildas/projects/marmelab/javascript-boilerplate/src/api/orders/orderRepository.js:24:61)
       at Object.userId [as selectByUserId] (/home/gildas/projects/marmelab/javascript-boilerplate/src/api/orders/orderRepository.js:24:61)
       at Object.userId [as selectByUserId] (/home/gildas/projects/marmelab/javascript-boilerplate/src/api/orders/orderRepository.js:24:61)
       at Object.userId [as selectByUserId] (/home/gildas/projects/marmelab/javascript-boilerplate/src/api/orders/orderRepository.js:24:61)
       at Object.userId [as selectByUserId] (/home/gildas/projects/marmelab/javascript-boilerplate/src/api/orders/orderRepository.js:24:61)
       at Object.userId [as selectByUserId] (/home/gildas/projects/marmelab/javascript-boilerplate/src/api/orders/orderRepository.js:24:61)
       at Object.userId [as selectByUserId] (/home/gildas/projects/marmelab/javascript-boilerplate/src/api/orders/orderRepository.js:24:61)
       at Object.userId [as selectByUserId] (/home/gildas/projects/marmelab/javascript-boilerplate/src/api/orders/orderRepository.js:24:61)
       at Object.userId [as selectByUserId] (/home/gildas/projects/marmelab/javascript-boilerplate/src/api/orders/orderRepository.js:24:61)
       at Object.userId [as selectByUserId] (/home/gildas/projects/marmelab/javascript-boilerplate/src/api/orders/orderRepository.js:24:61)
       at Object.userId [as selectByUserId] (/home/gildas/projects/marmelab/javascript-boilerplate/src/api/orders/orderRepository.js:24:61)
       at Object.userId [as selectByUserId] (/home/gildas/projects/marmelab/javascript-boilerplate/src/api/orders/orderRepository.js:24:61)
       at Object.userId [as selectByUserId] (/home/gildas/projects/marmelab/javascript-boilerplate/src/api/orders/orderRepository.js:24:61)
       at Object.userId [as selectByUserId] (/home/gildas/projects/marmelab/javascript-boilerplate/src/api/orders/orderRepository.js:24:61)
       at Object.userId [as selectByUserId] (/home/gildas/projects/marmelab/javascript-boilerplate/src/api/orders/orderRepository.js:24:61)
       at Object.userId [as selectByUserId] (/home/gildas/projects/marmelab/javascript-boilerplate/src/api/orders/orderRepository.js:24:61)
       at Object.userId [as selectByUserId] (/home/gildas/projects/marmelab/javascript-boilerplate/src/api/orders/orderRepository.js:24:61)
       at Object.userId [as selectByUserId] (/home/gildas/projects/marmelab/javascript-boilerplate/src/api/orders/orderRepository.js:24:61)
       at Object.userId [as selectByUserId] (/home/gildas/projects/marmelab/javascript-boilerplate/src/api/orders/orderRepository.js:24:61)
       at Object.userId [as selectByUserId] (/home/gildas/projects/marmelab/javascript-boilerplate/src/api/orders/orderRepository.js:24:61)
       at Object.userId [as selectByUserId] (/home/gildas/projects/marmelab/javascript-boilerplate/src/api/orders/orderRepository.js:24:61)
       at Object.userId [as selectByUserId] (/home/gildas/projects/marmelab/javascript-boilerplate/src/api/orders/orderRepository.js:24:61)
       at Object.userId [as selectByUserId] (/home/gildas/projects/marmelab/javascript-boilerplate/src/api/orders/orderRepository.js:24:61)
       at Object.userId [as selectByUserId] (/home/gildas/projects/marmelab/javascript-boilerplate/src/api/orders/orderRepository.js:24:61)
       at Object.userId [as selectByUserId] (/home/gildas/projects/marmelab/javascript-boilerplate/src/api/orders/orderRepository.js:24:61)
       at Object.userId [as selectByUserId] (/home/gildas/projects/marmelab/javascript-boilerplate/src/api/orders/orderRepository.js:24:61)
       at Object.userId [as selectByUserId] (/home/gildas/projects/marmelab/javascript-boilerplate/src/api/orders/orderRepository.js:24:61)
       at Object.userId [as selectByUserId] (/home/gildas/projects/marmelab/javascript-boilerplate/src/api/orders/orderRepository.js:24:61)
       at Object.userId [as selectByUserId] (/home/gildas/projects/marmelab/javascript-boilerplate/src/api/orders/orderRepository.js:24:61)
       at Object.userId [as selectByUserId] (/home/gildas/projects/marmelab/javascript-boilerplate/src/api/orders/orderRepository.js:24:61)
       at Object.userId [as selectByUserId] (/home/gildas/projects/marmelab/javascript-boilerplate/src/api/orders/orderRepository.js:24:61)
       at Object.userId [as selectByUserId] (/home/gildas/projects/marmelab/javascript-boilerplate/src/api/orders/orderRepository.js:24:61)
       at Object.userId [as selectByUserId] (/home/gildas/projects/marmelab/javascript-boilerplate/src/api/orders/orderRepository.js:24:61)
       at Object.userId [as selectByUserId] (/home/gildas/projects/marmelab/javascript-boilerplate/src/api/orders/orderRepository.js:24:61)
       at Object.userId [as selectByUserId] (/home/gildas/projects/marmelab/javascript-boilerplate/src/api/orders/orderRepository.js:24:61)
       at Object.userId [as selectByUserId] (/home/gildas/projects/marmelab/javascript-boilerplate/src/api/orders/orderRepository.js:24:61)
       at Object.userId [as selectByUserId] (/home/gildas/projects/marmelab/javascript-boilerplate/src/api/orders/orderRepository.js:24:61)
       at Object.userId [as selectByUserId] (/home/gildas/projects/marmelab/javascript-boilerplate/src/api/orders/orderRepository.js:24:61)
       at Object.userId [as selectByUserId] (/home/gildas/projects/marmelab/javascript-boilerplate/src/api/orders/orderRepository.js:24:61)
       at Object.userId [as selectByUserId] (/home/gildas/projects/marmelab/javascript-boilerplate/src/api/orders/orderRepository.js:24:61)
       at Object.userId [as selectByUserId] (/home/gildas/projects/marmelab/javascript-boilerplate/src/api/orders/orderRepository.js:24:61)
       at Object.userId [as selectByUserId] (/home/gildas/projects/marmelab/javascript-boilerplate/src/api/orders/orderRepository.js:24:61)
       at Object.userId [as selectByUserId] (/home/gildas/projects/marmelab/javascript-boilerplate/src/api/orders/orderRepository.js:24:61)
       at Object.userId [as selectByUserId] (/home/gildas/projects/marmelab/javascript-boilerplate/src/api/orders/orderRepository.js:24:61)
       at Object.userId [as selectByUserId] (/home/gildas/projects/marmelab/javascript-boilerplate/src/api/orders/orderRepository.js:24:61)
       at Object.userId [as selectByUserId] (/home/gildas/projects/marmelab/javascript-boilerplate/src/api/orders/orderRepository.js:24:61)
       at Object.userId [as selectByUserId] (/home/gildas/projects/marmelab/javascript-boilerplate/src/api/orders/orderRepository.js:24:61)
       at Object.userId [as selectByUserId] (/home/gildas/projects/marmelab/javascript-boilerplate/src/api/orders/orderRepository.js:24:61)
       at Object.userId [as selectByUserId] (/home/gildas/projects/marmelab/javascript-boilerplate/src/api/orders/orderRepository.js:24:61)
       at Object.userId [as selectByUserId] (/home/gildas/projects/marmelab/javascript-boilerplate/src/api/orders/orderRepository.js:24:61)
       at Object.userId [as selectByUserId] (/home/gildas/projects/marmelab/javascript-boilerplate/src/api/orders/orderRepository.js:24:61)
       at Object.userId [as selectByUserId] (/home/gildas/projects/marmelab/javascript-boilerplate/src/api/orders/orderRepository.js:24:61)
       at Object.userId [as selectByUserId] (/home/gildas/projects/marmelab/javascript-boilerplate/src/api/orders/orderRepository.js:24:61)
       at Object.userId [as selectByUserId] (/home/gildas/projects/marmelab/javascript-boilerplate/src/api/orders/orderRepository.js:24:61)
       at Object.userId [as selectByUserId] (/home/gildas/projects/marmelab/javascript-boilerplate/src/api/orders/orderRepository.js:24:61)
       at Object.userId [as selectByUserId] (/home/gildas/projects/marmelab/javascript-boilerplate/src/api/orders/orderRepository.js:24:61)
       at Object.userId [as selectByUserId] (/home/gildas/projects/marmelab/javascript-boilerplate/src/api/orders/orderRepository.js:24:61)
       at Object.userId [as selectByUserId] (/home/gildas/projects/marmelab/javascript-boilerplate/src/api/orders/orderRepository.js:24:61)
       at Object.userId [as selectByUserId] (/home/gildas/projects/marmelab/javascript-boilerplate/src/api/orders/orderRepository.js:24:61)
       at Object.userId [as selectByUserId] (/home/gildas/projects/marmelab/javascript-boilerplate/src/api/orders/orderRepository.js:24:61)
       at Object.userId [as selectByUserId] (/home/gildas/projects/marmelab/javascript-boilerplate/src/api/orders/orderRepository.js:24:61)
       at Object.userId [as selectByUserId] (/home/gildas/projects/marmelab/javascript-boilerplate/src/api/orders/orderRepository.js:24:61)
       at Object.userId [as selectByUserId] (/home/gildas/projects/marmelab/javascript-boilerplate/src/api/orders/orderRepository.js:24:61)
       at Object.userId [as selectByUserId] (/home/gildas/projects/marmelab/javascript-boilerplate/src/api/orders/orderRepository.js:24:61)
       at Object.userId [as selectByUserId] (/home/gildas/projects/marmelab/javascript-boilerplate/src/api/orders/orderRepository.js:24:61)
       at Object.userId [as selectByUserId] (/home/gildas/projects/marmelab/javascript-boilerplate/src/api/orders/orderRepository.js:24:61)
       at Object.userId [as selectByUserId] (/home/gildas/projects/marmelab/javascript-boilerplate/src/api/orders/orderRepository.js:24:61)
       at Object.userId [as selectByUserId] (/home/gildas/projects/marmelab/javascript-boilerplate/src/api/orders/orderRepository.js:24:61)
       at Object.userId [as selectByUserId] (/home/gildas/projects/marmelab/javascript-boilerplate/src/api/orders/orderRepository.js:24:61)
       at Object.userId [as selectByUserId] (/home/gildas/projects/marmelab/javascript-boilerplate/src/api/orders/orderRepository.js:24:61)
       at Object.userId [as selectByUserId] (/home/gildas/projects/marmelab/javascript-boilerplate/src/api/orders/orderRepository.js:24:61)
       at Object.userId [as selectByUserId] (/home/gildas/projects/marmelab/javascript-boilerplate/src/api/orders/orderRepository.js:24:61)
       at Object.userId [as selectByUserId] (/home/gildas/projects/marmelab/javascript-boilerplate/src/api/orders/orderRepository.js:24:61)
       at Object.userId [as selectByUserId] (/home/gildas/projects/marmelab/javascript-boilerplate/src/api/orders/orderRepository.js:24:61)
       at Object.userId [as selectByUserId] (/home/gildas/projects/marmelab/javascript-boilerplate/src/api/orders/orderRepository.js:24:61)
       at Object.userId [as selectByUserId] (/home/gildas/projects/marmelab/javascript-boilerplate/src/api/orders/orderRepository.js:24:61)
       at Object.userId [as selectByUserId] (/home/gildas/projects/marmelab/javascript-boilerplate/src/api/orders/orderRepository.js:24:61)
       at Object.userId [as selectByUserId] (/home/gildas/projects/marmelab/javascript-boilerplate/src/api/orders/orderRepository.js:24:61)
       at Object.userId [as selectByUserId] (/home/gildas/projects/marmelab/javascript-boilerplate/src/api/orders/orderRepository.js:24:61)
       at Object.userId [as selectByUserId] (/home/gildas/projects/marmelab/javascript-boilerplate/src/api/orders/orderRepository.js:24:61)
       at Object.userId [as selectByUserId] (/home/gildas/projects/marmelab/javascript-boilerplate/src/api/orders/orderRepository.js:24:61)
       at Object.userId [as selectByUserId] (/home/gildas/projects/marmelab/javascript-boilerplate/src/api/orders/orderRepository.js:24:61)
       at Object.userId [as selectByUserId] (/home/gildas/projects/marmelab/javascript-boilerplate/src/api/orders/orderRepository.js:24:61)
       at Object.userId [as selectByUserId] (/home/gildas/projects/marmelab/javascript-boilerplate/src/api/orders/orderRepository.js:24:61)
       at Object.userId [as selectByUserId] (/home/gildas/projects/marmelab/javascript-boilerplate/src/api/orders/orderRepository.js:24:61)
       at Object.userId [as selectByUserId] (/home/gildas/projects/marmelab/javascript-boilerplate/src/api/orders/orderRepository.js:24:61)
       at Object.userId [as selectByUserId] (/home/gildas/projects/marmelab/javascript-boilerplate/src/api/orders/orderRepository.js:24:61)
       at Object.userId [as selectByUserId] (/home/gildas/projects/marmelab/javascript-boilerplate/src/api/orders/orderRepository.js:24:61)
       at Object.userId [as selectByUserId] (/home/gildas/projects/marmelab/javascript-boilerplate/src/api/orders/orderRepository.js:24:61)
       at Object.userId [as selectByUserId] (/home/gildas/projects/marmelab/javascript-boilerplate/src/api/orders/orderRepository.js:24:61)
       at Object.userId [as selectByUserId] (/home/gildas/projects/marmelab/javascript-boilerplate/src/api/orders/orderRepository.js:24:61)
       at Object.userId [as selectByUserId] (/home/gildas/projects/marmelab/javascript-boilerplate/src/api/orders/orderRepository.js:24:61)
       at Object.userId [as selectByUserId] (/home/gildas/projects/marmelab/javascript-boilerplate/src/api/orders/orderRepository.js:24:61)
       at Object.userId [as selectByUserId] (/home/gildas/projects/marmelab/javascript-boilerplate/src/api/orders/orderRepository.js:24:61)
       at Object.userId [as selectByUserId] (/home/gildas/projects/marmelab/javascript-boilerplate/src/api/orders/orderRepository.js:24:61)
       at Object.userId [as selectByUserId] (/home/gildas/projects/marmelab/javascript-boilerplate/src/api/orders/orderRepository.js:24:61)
       at Object.userId [as selectByUserId] (/home/gildas/projects/marmelab/javascript-boilerplate/src/api/orders/orderRepository.js:24:61)
       at Object.userId [as selectByUserId] (/home/gildas/projects/marmelab/javascript-boilerplate/src/api/orders/orderRepository.js:24:61)
       at Object.userId [as selectByUserId] (/home/gildas/projects/marmelab/javascript-boilerplate/src/api/orders/orderRepository.js:24:61)
       at Object.userId [as selectByUserId] (/home/gildas/projects/marmelab/javascript-boilerplate/src/api/orders/orderRepository.js:24:61)
       at Object.userId [as selectByUserId] (/home/gildas/projects/marmelab/javascript-boilerplate/src/api/orders/orderRepository.js:24:61)
       at Object.userId [as selectByUserId] (/home/gildas/projects/marmelab/javascript-boilerplate/src/api/orders/orderRepository.js:24:61)
       at Object.userId [as selectByUserId] (/home/gildas/projects/marmelab/javascript-boilerplate/src/api/orders/orderRepository.js:24:61)
       at Object.userId [as selectByUserId] (/home/gildas/projects/marmelab/javascript-boilerplate/src/api/orders/orderRepository.js:24:61)
       at Object.userId [as selectByUserId] (/home/gildas/projects/marmelab/javascript-boilerplate/src/api/orders/orderRepository.js:24:61)
       at Object.userId [as selectByUserId] (/home/gildas/projects/marmelab/javascript-boilerplate/src/api/orders/orderRepository.js:24:61)
       at Object.userId [as selectByUserId] (/home/gildas/projects/marmelab/javascript-boilerplate/src/api/orders/orderRepository.js:24:61)
       at Object.userId [as selectByUserId] (/home/gildas/projects/marmelab/javascript-boilerplate/src/api/orders/orderRepository.js:24:61)
       at Object.userId [as selectByUserId] (/home/gildas/projects/marmelab/javascript-boilerplate/src/api/orders/orderRepository.js:24:61)
       at Object.userId [as selectByUserId] (/home/gildas/projects/marmelab/javascript-boilerplate/src/api/orders/orderRepository.js:24:61)
       at Object.userId [as selectByUserId] (/home/gildas/projects/marmelab/javascript-boilerplate/src/api/orders/orderRepository.js:24:61)
       at Object.userId [as selectByUserId] (/home/gildas/projects/marmelab/javascript-boilerplate/src/api/orders/orderRepository.js:24:61)
       at Object.userId [as selectByUserId] (/home/gildas/projects/marmelab/javascript-boilerplate/src/api/orders/orderRepository.js:24:61)
       at Object.userId [as selectByUserId] (/home/gildas/projects/marmelab/javascript-boilerplate/src/api/orders/orderRepository.js:24:61)
       at Object.userId [as selectByUserId] (/home/gildas/projects/marmelab/javascript-boilerplate/src/api/orders/orderRepository.js:24:61)
       at Object.userId [as selectByUserId] (/home/gildas/projects/marmelab/javascript-boilerplate/src/api/orders/orderRepository.js:24:61)
       at Object.userId [as selectByUserId] (/home/gildas/projects/marmelab/javascript-boilerplate/src/api/orders/orderRepository.js:24:61)
       at Object.userId [as selectByUserId] (/home/gildas/projects/marmelab/javascript-boilerplate/src/api/orders/orderRepository.js:24:61)
       at Object.userId [as selectByUserId] (/home/gildas/projects/marmelab/javascript-boilerplate/src/api/orders/orderRepository.js:24:61)
       at Object.userId [as selectByUserId] (/home/gildas/projects/marmelab/javascript-boilerplate/src/api/orders/orderRepository.js:24:61)
       at Object.userId [as selectByUserId] (/home/gildas/projects/marmelab/javascript-boilerplate/src/api/orders/orderRepository.js:24:61)
       at Object.userId [as selectByUserId] (/home/gildas/projects/marmelab/javascript-boilerplate/src/api/orders/orderRepository.js:24:61)
       at Object.userId [as selectByUserId] (/home/gildas/projects/marmelab/javascript-boilerplate/src/api/orders/orderRepository.js:24:61)
       at Object.userId [as selectByUserId] (/home/gildas/projects/marmelab/javascript-boilerplate/src/api/orders/orderRepository.js:24:61)
       at Object.userId [as selectByUserId] (/home/gildas/projects/marmelab/javascript-boilerplate/src/api/orders/orderRepository.js:24:61)
       at Object.userId [as selectByUserId] (/home/gildas/projects/marmelab/javascript-boilerplate/src/api/orders/orderRepository.js:24:61)
       at Object.userId [as selectByUserId] (/home/gildas/projects/marmelab/javascript-boilerplate/src/api/orders/orderRepository.js:24:61)
       at Object.userId [as selectByUserId] (/home/gildas/projects/marmelab/javascript-boilerplate/src/api/orders/orderRepository.js:24:61)
       at Object.userId [as selectByUserId] (/home/gildas/projects/marmelab/javascript-boilerplate/src/api/orders/orderRepository.js:24:61)
       at Object.userId [as selectByUserId] (/home/gildas/projects/marmelab/javascript-boilerplate/src/api/orders/orderRepository.js:24:61)
       at Object.userId [as selectByUserId] (/home/gildas/projects/marmelab/javascript-boilerplate/src/api/orders/orderRepository.js:24:61)
       at Object.userId [as selectByUserId] (/home/gildas/projects/marmelab/javascript-boilerplate/src/api/orders/orderRepository.js:24:61)
       at Object.userId [as selectByUserId] (/home/gildas/projects/marmelab/javascript-boilerplate/src/api/orders/orderRepository.js:24:61)
       at Object.userId [as selectByUserId] (/home/gildas/projects/marmelab/javascript-boilerplate/src/api/orders/orderRepository.js:24:61)
       at Object.userId [as selectByUserId] (/home/gildas/projects/marmelab/javascript-boilerplate/src/api/orders/orderRepository.js:24:61)
       at Object.userId [as selectByUserId] (/home/gildas/projects/marmelab/javascript-boilerplate/src/api/orders/orderRepository.js:24:61)
       at Object.userId [as selectByUserId] (/home/gildas/projects/marmelab/javascript-boilerplate/src/api/orders/orderRepository.js:24:61)
       at Object.userId [as selectByUserId] (/home/gildas/projects/marmelab/javascript-boilerplate/src/api/orders/orderRepository.js:24:61)
       at Object.userId [as selectByUserId] (/home/gildas/projects/marmelab/javascript-boilerplate/src/api/orders/orderRepository.js:24:61)
       at Object.userId [as selectByUserId] (/home/gildas/projects/marmelab/javascript-boilerplate/src/api/orders/orderRepository.js:24:61)
       at Object.userId [as selectByUserId] (/home/gildas/projects/marmelab/javascript-boilerplate/src/api/orders/orderRepository.js:24:61)
       at Object.userId [as selectByUserId] (/home/gildas/projects/marmelab/javascript-boilerplate/src/api/orders/orderRepository.js:24:61)
       at Object.userId [as selectByUserId] (/home/gildas/projects/marmelab/javascript-boilerplate/src/api/orders/orderRepository.js:24:61)
       at Object.userId [as selectByUserId] (/home/gildas/projects/marmelab/javascript-boilerplate/src/api/orders/orderRepository.js:24:61)
       at Object.userId [as selectByUserId] (/home/gildas/projects/marmelab/javascript-boilerplate/src/api/orders/orderRepository.js:24:61)
       at Object.userId [as selectByUserId] (/home/gildas/projects/marmelab/javascript-boilerplate/src/api/orders/orderRepository.js:24:61)
       at Object.userId [as selectByUserId] (/home/gildas/projects/marmelab/javascript-boilerplate/src/api/orders/orderRepository.js:24:61)
       at Object.userId [as selectByUserId] (/home/gildas/projects/marmelab/javascript-boilerplate/src/api/orders/orderRepository.js:24:61)
       at Object.userId [as selectByUserId] (/home/gildas/projects/marmelab/javascript-boilerplate/src/api/orders/orderRepository.js:24:61)
       at Object.userId [as selectByUserId] (/home/gildas/projects/marmelab/javascript-boilerplate/src/api/orders/orderRepository.js:24:61)
       at Object.userId [as selectByUserId] (/home/gildas/projects/marmelab/javascript-boilerplate/src/api/orders/orderRepository.js:24:61)
       at Object.userId [as selectByUserId] (/home/gildas/projects/marmelab/javascript-boilerplate/src/api/orders/orderRepository.js:24:61)
       at Object.userId [as selectByUserId] (/home/gildas/projects/marmelab/javascript-boilerplate/src/api/orders/orderRepository.js:24:61)
       at Object.userId [as selectByUserId] (/home/gildas/projects/marmelab/javascript-boilerplate/src/api/orders/orderRepository.js:24:61)
       at Object.userId [as selectByUserId] (/home/gildas/projects/marmelab/javascript-boilerplate/src/api/orders/orderRepository.js:24:61)
       at Object.userId [as selectByUserId] (/home/gildas/projects/marmelab/javascript-boilerplate/src/api/orders/orderRepository.js:24:61)
       at Object.userId [as selectByUserId] (/home/gildas/projects/marmelab/javascript-boilerplate/src/api/orders/orderRepository.js:24:61)
       at Object.userId [as selectByUserId] (/home/gildas/projects/marmelab/javascript-boilerplate/src/api/orders/orderRepository.js:24:61)
       at Object.userId [as selectByUserId] (/home/gildas/projects/marmelab/javascript-boilerplate/src/api/orders/orderRepository.js:24:61)
       at Object.userId [as selectByUserId] (/home/gildas/projects/marmelab/javascript-boilerplate/src/api/orders/orderRepository.js:24:61)
       at Object.userId [as selectByUserId] (/home/gildas/projects/marmelab/javascript-boilerplate/src/api/orders/orderRepository.js:24:61)
       at Object.userId [as selectByUserId] (/home/gildas/projects/marmelab/javascript-boilerplate/src/api/orders/orderRepository.js:24:61)
       at Object.userId [as selectByUserId] (/home/gildas/projects/marmelab/javascript-boilerplate/src/api/orders/orderRepository.js:24:61)
       at Object.userId [as selectByUserId] (/home/gildas/projects/marmelab/javascript-boilerplate/src/api/orders/orderRepository.js:24:61)
       at Object.userId [as selectByUserId] (/home/gildas/projects/marmelab/javascript-boilerplate/src/api/orders/orderRepository.js:24:61)
       at Object.userId [as selectByUserId] (/home/gildas/projects/marmelab/javascript-boilerplate/src/api/orders/orderRepository.js:24:61)
       at Object.userId [as selectByUserId] (/home/gildas/projects/marmelab/javascript-boilerplate/src/api/orders/orderRepository.js:24:61)
       at Object.userId [as selectByUserId] (/home/gildas/projects/marmelab/javascript-boilerplate/src/api/orders/orderRepository.js:24:61)
       at Object.userId [as selectByUserId] (/home/gildas/projects/marmelab/javascript-boilerplate/src/api/orders/orderRepository.js:24:61)
       at Object.userId [as selectByUserId] (/home/gildas/projects/marmelab/javascript-boilerplate/src/api/orders/orderRepository.js:24:61)
       at Object.userId [as selectByUserId] (/home/gildas/projects/marmelab/javascript-boilerplate/src/api/orders/orderRepository.js:24:61)
       at Object.userId [as selectByUserId] (/home/gildas/projects/marmelab/javascript-boilerplate/src/api/orders/orderRepository.js:24:61)
       at Object.userId [as selectByUserId] (/home/gildas/projects/marmelab/javascript-boilerplate/src/api/orders/orderRepository.js:24:61)
       at Object.userId [as selectByUserId] (/home/gildas/projects/marmelab/javascript-boilerplate/src/api/orders/orderRepository.js:24:61)
       at Object.userId [as selectByUserId] (/home/gildas/projects/marmelab/javascript-boilerplate/src/api/orders/orderRepository.js:24:61)
       at Object.userId [as selectByUserId] (/home/gildas/projects/marmelab/javascript-boilerplate/src/api/orders/orderRepository.js:24:61)
       at Object.userId [as selectByUserId] (/home/gildas/projects/marmelab/javascript-boilerplate/src/api/orders/orderRepository.js:24:61)
       at Object.userId [as selectByUserId] (/home/gildas/projects/marmelab/javascript-boilerplate/src/api/orders/orderRepository.js:24:61)
       at Object.userId [as selectByUserId] (/home/gildas/projects/marmelab/javascript-boilerplate/src/api/orders/orderRepository.js:24:61)
       at Object.userId [as selectByUserId] (/home/gildas/projects/marmelab/javascript-boilerplate/src/api/orders/orderRepository.js:24:61)
       at Object.userId [as selectByUserId] (/home/gildas/projects/marmelab/javascript-boilerplate/src/api/orders/orderRepository.js:24:61)
       at Object.userId [as selectByUserId] (/home/gildas/projects/marmelab/javascript-boilerplate/src/api/orders/orderRepository.js:24:61)
       at Object.userId [as selectByUserId] (/home/gildas/projects/marmelab/javascript-boilerplate/src/api/orders/orderRepository.js:24:61)
       at Object.userId [as selectByUserId] (/home/gildas/projects/marmelab/javascript-boilerplate/src/api/orders/orderRepository.js:24:61)
       at Object.userId [as selectByUserId] (/home/gildas/projects/marmelab/javascript-boilerplate/src/api/orders/orderRepository.js:24:61)
       at Object.userId [as selectByUserId] (/home/gildas/projects/marmelab/javascript-boilerplate/src/api/orders/orderRepository.js:24:61)
       at Object.userId [as selectByUserId] (/home/gildas/projects/marmelab/javascript-boilerplate/src/api/orders/orderRepository.js:24:61)
       at Object.userId [as selectByUserId] (/home/gildas/projects/marmelab/javascript-boilerplate/src/api/orders/orderRepository.js:24:61)
       at Object.userId [as selectByUserId] (/home/gildas/projects/marmelab/javascript-boilerplate/src/api/orders/orderRepository.js:24:61)
       at Object.userId [as selectByUserId] (/home/gildas/projects/marmelab/javascript-boilerplate/src/api/orders/orderRepository.js:24:61)
       at Object.userId [as selectByUserId] (/home/gildas/projects/marmelab/javascript-boilerplate/src/api/orders/orderRepository.js:24:61)
       at Object.userId [as selectByUserId] (/home/gildas/projects/marmelab/javascript-boilerplate/src/api/orders/orderRepository.js:24:61)
       at Object.userId [as selectByUserId] (/home/gildas/projects/marmelab/javascript-boilerplate/src/api/orders/orderRepository.js:24:61)
       at Object.userId [as selectByUserId] (/home/gildas/projects/marmelab/javascript-boilerplate/src/api/orders/orderRepository.js:24:61)
       at Object.userId [as selectByUserId] (/home/gildas/projects/marmelab/javascript-boilerplate/src/api/orders/orderRepository.js:24:61)
       at Object.userId [as selectByUserId] (/home/gildas/projects/marmelab/javascript-boilerplate/src/api/orders/orderRepository.js:24:61)
       at Object.userId [as selectByUserId] (/home/gildas/projects/marmelab/javascript-boilerplate/src/api/orders/orderRepository.js:24:61)
       at Object.userId [as selectByUserId] (/home/gildas/projects/marmelab/javascript-boilerplate/src/api/orders/orderRepository.js:24:61)
       at Object.userId [as selectByUserId] (/home/gildas/projects/marmelab/javascript-boilerplate/src/api/orders/orderRepository.js:24:61)
       at Object.userId [as selectByUserId] (/home/gildas/projects/marmelab/javascript-boilerplate/src/api/orders/orderRepository.js:24:61)
       at Object.userId [as selectByUserId] (/home/gildas/projects/marmelab/javascript-boilerplate/src/api/orders/orderRepository.js:24:61)
       at Object.userId [as selectByUserId] (/home/gildas/projects/marmelab/javascript-boilerplate/src/api/orders/orderRepository.js:24:61)
       at Object.userId [as selectByUserId] (/home/gildas/projects/marmelab/javascript-boilerplate/src/api/orders/orderRepository.js:24:61)
       at Object.userId [as selectByUserId] (/home/gildas/projects/marmelab/javascript-boilerplate/src/api/orders/orderRepository.js:24:61)
       at Object.userId [as selectByUserId] (/home/gildas/projects/marmelab/javascript-boilerplate/src/api/orders/orderRepository.js:24:61)
       at Object.userId [as selectByUserId] (/home/gildas/projects/marmelab/javascript-boilerplate/src/api/orders/orderRepository.js:24:61)
       at Object.userId [as selectByUserId] (/home/gildas/projects/marmelab/javascript-boilerplate/src/api/orders/orderRepository.js:24:61)
       at Object.userId [as selectByUserId] (/home/gildas/projects/marmelab/javascript-boilerplate/src/api/orders/orderRepository.js:24:61)
       at Object.userId [as selectByUserId] (/home/gildas/projects/marmelab/javascript-boilerplate/src/api/orders/orderRepository.js:24:61)
       at Object.userId [as selectByUserId] (/home/gildas/projects/marmelab/javascript-boilerplate/src/api/orders/orderRepository.js:24:61)
       at Object.userId [as selectByUserId] (/home/gildas/projects/marmelab/javascript-boilerplate/src/api/orders/orderRepository.js:24:61)
       at Object.userId [as selectByUserId] (/home/gildas/projects/marmelab/javascript-boilerplate/src/api/orders/orderRepository.js:24:61)
       at Object.userId [as selectByUserId] (/home/gildas/projects/marmelab/javascript-boilerplate/src/api/orders/orderRepository.js:24:61)
       at Object.userId [as selectByUserId] (/home/gildas/projects/marmelab/javascript-boilerplate/src/api/orders/orderRepository.js:24:61)
       at Object.userId [as selectByUserId] (/home/gildas/projects/marmelab/javascript-boilerplate/src/api/orders/orderRepository.js:24:61)
       at Object.userId [as selectByUserId] (/home/gildas/projects/marmelab/javascript-boilerplate/src/api/orders/orderRepository.js:24:61)
       at Object.userId [as selectByUserId] (/home/gildas/projects/marmelab/javascript-boilerplate/src/api/orders/orderRepository.js:24:61)
       at Object.userId [as selectByUserId] (/home/gildas/projects/marmelab/javascript-boilerplate/src/api/orders/orderRepository.js:24:61)
       at Object.userId [as selectByUserId] (/home/gildas/projects/marmelab/javascript-boilerplate/src/api/orders/orderRepository.js:24:61)
       at Object.userId [as selectByUserId] (/home/gildas/projects/marmelab/javascript-boilerplate/src/api/orders/orderRepository.js:24:61)
       at Object.userId [as selectByUserId] (/home/gildas/projects/marmelab/javascript-boilerplate/src/api/orders/orderRepository.js:24:61)
       at Object.userId [as selectByUserId] (/home/gildas/projects/marmelab/javascript-boilerplate/src/api/orders/orderRepository.js:24:61)
       at Object.userId [as selectByUserId] (/home/gildas/projects/marmelab/javascript-boilerplate/src/api/orders/orderRepository.js:24:61)
       at Object.userId [as selectByUserId] (/home/gildas/projects/marmelab/javascript-boilerplate/src/api/orders/orderRepository.js:24:61)
       at Object.userId [as selectByUserId] (/home/gildas/projects/marmelab/javascript-boilerplate/src/api/orders/orderRepository.js:24:61)
       at Object.userId [as selectByUserId] (/home/gildas/projects/marmelab/javascript-boilerplate/src/api/orders/orderRepository.js:24:61)
       at Object.userId [as selectByUserId] (/home/gildas/projects/marmelab/javascript-boilerplate/src/api/orders/orderRepository.js:24:61)
       at Object.userId [as selectByUserId] (/home/gildas/projects/marmelab/javascript-boilerplate/src/api/orders/orderRepository.js:24:61)
       at Object.userId [as selectByUserId] (/home/gildas/projects/marmelab/javascript-boilerplate/src/api/orders/orderRepository.js:24:61)
       at Object.userId [as selectByUserId] (/home/gildas/projects/marmelab/javascript-boilerplate/src/api/orders/orderRepository.js:24:61)
       at Object.userId [as selectByUserId] (/home/gildas/projects/marmelab/javascript-boilerplate/src/api/orders/orderRepository.js:24:61)
       at Object.userId [as selectByUserId] (/home/gildas/projects/marmelab/javascript-boilerplate/src/api/orders/orderRepository.js:24:61)
       at Object.userId [as selectByUserId] (/home/gildas/projects/marmelab/javascript-boilerplate/src/api/orders/orderRepository.js:24:61)
       at Object.userId [as selectByUserId] (/home/gildas/projects/marmelab/javascript-boilerplate/src/api/orders/orderRepository.js:24:61)
       at Object.userId [as selectByUserId] (/home/gildas/projects/marmelab/javascript-boilerplate/src/api/orders/orderRepository.js:24:61)
       at Object.userId [as selectByUserId] (/home/gildas/projects/marmelab/javascript-boilerplate/src/api/orders/orderRepository.js:24:61)
       at Object.userId [as selectByUserId] (/home/gildas/projects/marmelab/javascript-boilerplate/src/api/orders/orderRepository.js:24:61)
       at Object.userId [as selectByUserId] (/home/gildas/projects/marmelab/javascript-boilerplate/src/api/orders/orderRepository.js:24:61)
       at Object.userId [as selectByUserId] (/home/gildas/projects/marmelab/javascript-boilerplate/src/api/orders/orderRepository.js:24:61)
       at Object.userId [as selectByUserId] (/home/gildas/projects/marmelab/javascript-boilerplate/src/api/orders/orderRepository.js:24:61)
       at Object.userId [as selectByUserId] (/home/gildas/projects/marmelab/javascript-boilerplate/src/api/orders/orderRepository.js:24:61)
       at Object.userId [as selectByUserId] (/home/gildas/projects/marmelab/javascript-boilerplate/src/api/orders/orderRepository.js:24:61)
       at Object.userId [as selectByUserId] (/home/gildas/projects/marmelab/javascript-boilerplate/src/api/orders/orderRepository.js:24:61)
       at Object.userId [as selectByUserId] (/home/gildas/projects/marmelab/javascript-boilerplate/src/api/orders/orderRepository.js:24:61)
       at Object.userId [as selectByUserId] (/home/gildas/projects/marmelab/javascript-boilerplate/src/api/orders/orderRepository.js:24:61)
       at Object.userId [as selectByUserId] (/home/gildas/projects/marmelab/javascript-boilerplate/src/api/orders/orderRepository.js:24:61)
       at Object.userId [as selectByUserId] (/home/gildas/projects/marmelab/javascript-boilerplate/src/api/orders/orderRepository.js:24:61)
       at Object.userId [as selectByUserId] (/home/gildas/projects/marmelab/javascript-boilerplate/src/api/orders/orderRepository.js:24:61)
       at Object.userId [as selectByUserId] (/home/gildas/projects/marmelab/javascript-boilerplate/src/api/orders/orderRepository.js:24:61)
       at Object.userId [as selectByUserId] (/home/gildas/projects/marmelab/javascript-boilerplate/src/api/orders/orderRepository.js:24:61)
       at Object.userId [as selectByUserId] (/home/gildas/projects/marmelab/javascript-boilerplate/src/api/orders/orderRepository.js:24:61)
       at Object.userId [as selectByUserId] (/home/gildas/projects/marmelab/javascript-boilerplate/src/api/orders/orderRepository.js:24:61)
       at Object.userId [as selectByUserId] (/home/gildas/projects/marmelab/javascript-boilerplate/src/api/orders/orderRepository.js:24:61)
       at Object.userId [as selectByUserId] (/home/gildas/projects/marmelab/javascript-boilerplate/src/api/orders/orderRepository.js:24:61)
       at Object.userId [as selectByUserId] (/home/gildas/projects/marmelab/javascript-boilerplate/src/api/orders/orderRepository.js:24:61)
       at Object.userId [as selectByUserId] (/home/gildas/projects/marmelab/javascript-boilerplate/src/api/orders/orderRepository.js:24:61)
       at Object.userId [as selectByUserId] (/home/gildas/projects/marmelab/javascript-boilerplate/src/api/orders/orderRepository.js:24:61)
       at Object.userId [as selectByUserId] (/home/gildas/projects/marmelab/javascript-boilerplate/src/api/orders/orderRepository.js:24:61)
       at Object.userId [as selectByUserId] (/home/gildas/projects/marmelab/javascript-boilerplate/src/api/orders/orderRepository.js:24:61)
       at Object.userId [as selectByUserId] (/home/gildas/projects/marmelab/javascript-boilerplate/src/api/orders/orderRepository.js:24:61)
       at Object.userId [as selectByUserId] (/home/gildas/projects/marmelab/javascript-boilerplate/src/api/orders/orderRepository.js:24:61)
       at Object.userId [as selectByUserId] (/home/gildas/projects/marmelab/javascript-boilerplate/src/api/orders/orderRepository.js:24:61)
       at Object.userId [as selectByUserId] (/home/gildas/projects/marmelab/javascript-boilerplate/src/api/orders/orderRepository.js:24:61)
       at Object.userId [as selectByUserId] (/home/gildas/projects/marmelab/javascript-boilerplate/src/api/orders/orderRepository.js:24:61)
       at Object.userId [as selectByUserId] (/home/gildas/projects/marmelab/javascript-boilerplate/src/api/orders/orderRepository.js:24:61)
       at Object.userId [as selectByUserId] (/home/gildas/projects/marmelab/javascript-boilerplate/src/api/orders/orderRepository.js:24:61)
       at Object.userId [as selectByUserId] (/home/gildas/projects/marmelab/javascript-boilerplate/src/api/orders/orderRepository.js:24:61)
       at Object.userId [as selectByUserId] (/home/gildas/projects/marmelab/javascript-boilerplate/src/api/orders/orderRepository.js:24:61)
       at Object.userId [as selectByUserId] (/home/gildas/projects/marmelab/javascript-boilerplate/src/api/orders/orderRepository.js:24:61)
       at Object.userId [as selectByUserId] (/home/gildas/projects/marmelab/javascript-boilerplate/src/api/orders/orderRepository.js:24:61)
       at Object.userId [as selectByUserId] (/home/gildas/projects/marmelab/javascript-boilerplate/src/api/orders/orderRepository.js:24:61)
       at Object.userId [as selectByUserId] (/home/gildas/projects/marmelab/javascript-boilerplate/src/api/orders/orderRepository.js:24:61)
       at Object.userId [as selectByUserId] (/home/gildas/projects/marmelab/javascript-boilerplate/src/api/orders/orderRepository.js:24:61)
       at Object.userId [as selectByUserId] (/home/gildas/projects/marmelab/javascript-boilerplate/src/api/orders/orderRepository.js:24:61)
       at Object.userId [as selectByUserId] (/home/gildas/projects/marmelab/javascript-boilerplate/src/api/orders/orderRepository.js:24:61)
       at Object.userId [as selectByUserId] (/home/gildas/projects/marmelab/javascript-boilerplate/src/api/orders/orderRepository.js:24:61)
       at Object.userId [as selectByUserId] (/home/gildas/projects/marmelab/javascript-boilerplate/src/api/orders/orderRepository.js:24:61)
       at Object.userId [as selectByUserId] (/home/gildas/projects/marmelab/javascript-boilerplate/src/api/orders/orderRepository.js:24:61)
       at Object.userId [as selectByUserId] (/home/gildas/projects/marmelab/javascript-boilerplate/src/api/orders/orderRepository.js:24:61)
       at Object.userId [as selectByUserId] (/home/gildas/projects/marmelab/javascript-boilerplate/src/api/orders/orderRepository.js:24:61)
       at Object.userId [as selectByUserId] (/home/gildas/projects/marmelab/javascript-boilerplate/src/api/orders/orderRepository.js:24:61)
       at Object.userId [as selectByUserId] (/home/gildas/projects/marmelab/javascript-boilerplate/src/api/orders/orderRepository.js:24:61)
       at Object.userId [as selectByUserId] (/home/gildas/projects/marmelab/javascript-boilerplate/src/api/orders/orderRepository.js:24:61)
       at Object.userId [as selectByUserId] (/home/gildas/projects/marmelab/javascript-boilerplate/src/api/orders/orderRepository.js:24:61)
       at Object.userId [as selectByUserId] (/home/gildas/projects/marmelab/javascript-boilerplate/src/api/orders/orderRepository.js:24:61)
       at Object.userId [as selectByUserId] (/home/gildas/projects/marmelab/javascript-boilerplate/src/api/orders/orderRepository.js:24:61)
       at Object.userId [as selectByUserId] (/home/gildas/projects/marmelab/javascript-boilerplate/src/api/orders/orderRepository.js:24:61)
       at Object.userId [as selectByUserId] (/home/gildas/projects/marmelab/javascript-boilerplate/src/api/orders/orderRepository.js:24:61)
       at Object.userId [as selectByUserId] (/home/gildas/projects/marmelab/javascript-boilerplate/src/api/orders/orderRepository.js:24:61)
       at Object.userId [as selectByUserId] (/home/gildas/projects/marmelab/javascript-boilerplate/src/api/orders/orderRepository.js:24:61)
       at Object.userId [as selectByUserId] (/home/gildas/projects/marmelab/javascript-boilerplate/src/api/orders/orderRepository.js:24:61)
       at Object.userId [as selectByUserId] (/home/gildas/projects/marmelab/javascript-boilerplate/src/api/orders/orderRepository.js:24:61)
       at Object.userId [as selectByUserId] (/home/gildas/projects/marmelab/javascript-boilerplate/src/api/orders/orderRepository.js:24:61)
       at Object.userId [as selectByUserId] (/home/gildas/projects/marmelab/javascript-boilerplate/src/api/orders/orderRepository.js:24:61)
       at Object.userId [as selectByUserId] (/home/gildas/projects/marmelab/javascript-boilerplate/src/api/orders/orderRepository.js:24:61)
       at Object.userId [as selectByUserId] (/home/gildas/projects/marmelab/javascript-boilerplate/src/api/orders/orderRepository.js:24:61)
       at Object.userId [as selectByUserId] (/home/gildas/projects/marmelab/javascript-boilerplate/src/api/orders/orderRepository.js:24:61)
       at Object.userId [as selectByUserId] (/home/gildas/projects/marmelab/javascript-boilerplate/src/api/orders/orderRepository.js:24:61)
       at Object.userId [as selectByUserId] (/home/gildas/projects/marmelab/javascript-boilerplate/src/api/orders/orderRepository.js:24:61)
       at Object.userId [as selectByUserId] (/home/gildas/projects/marmelab/javascript-boilerplate/src/api/orders/orderRepository.js:24:61)
       at Object.userId [as selectByUserId] (/home/gildas/projects/marmelab/javascript-boilerplate/src/api/orders/orderRepository.js:24:61)
       at Object.userId [as selectByUserId] (/home/gildas/projects/marmelab/javascript-boilerplate/src/api/orders/orderRepository.js:24:61)
       at Object.userId [as selectByUserId] (/home/gildas/projects/marmelab/javascript-boilerplate/src/api/orders/orderRepository.js:24:61)
       at Object.userId [as selectByUserId] (/home/gildas/projects/marmelab/javascript-boilerplate/src/api/orders/orderRepository.js:24:61)
       at Object.userId [as selectByUserId] (/home/gildas/projects/marmelab/javascript-boilerplate/src/api/orders/orderRepository.js:24:61)
       at Object.userId [as selectByUserId] (/home/gildas/projects/marmelab/javascript-boilerplate/src/api/orders/orderRepository.js:24:61)
       at Object.userId [as selectByUserId] (/home/gildas/projects/marmelab/javascript-boilerplate/src/api/orders/orderRepository.js:24:61)
       at Object.userId [as selectByUserId] (/home/gildas/projects/marmelab/javascript-boilerplate/src/api/orders/orderRepository.js:24:61)
       at Object.userId [as selectByUserId] (/home/gildas/projects/marmelab/javascript-boilerplate/src/api/orders/orderRepository.js:24:61)
       at Object.userId [as selectByUserId] (/home/gildas/projects/marmelab/javascript-boilerplate/src/api/orders/orderRepository.js:24:61)
       at Object.userId [as selectByUserId] (/home/gildas/projects/marmelab/javascript-boilerplate/src/api/orders/orderRepository.js:24:61)
       at Object.userId [as selectByUserId] (/home/gildas/projects/marmelab/javascript-boilerplate/src/api/orders/orderRepository.js:24:61)
       at Object.userId [as selectByUserId] (/home/gildas/projects/marmelab/javascript-boilerplate/src/api/orders/orderRepository.js:24:61)
       at Object.userId [as selectByUserId] (/home/gildas/projects/marmelab/javascript-boilerplate/src/api/orders/orderRepository.js:24:61)
       at Object.userId [as selectByUserId] (/home/gildas/projects/marmelab/javascript-boilerplate/src/api/orders/orderRepository.js:24:61)
       at Object.userId [as selectByUserId] (/home/gildas/projects/marmelab/javascript-boilerplate/src/api/orders/orderRepository.js:24:61)
       at Object.userId [as selectByUserId] (/home/gildas/projects/marmelab/javascript-boilerplate/src/api/orders/orderRepository.js:24:61)
       at Object.userId [as selectByUserId] (/home/gildas/projects/marmelab/javascript-boilerplate/src/api/orders/orderRepository.js:24:61)
       at Object.userId [as selectByUserId] (/home/gildas/projects/marmelab/javascript-boilerplate/src/api/orders/orderRepository.js:24:61)
       at Object.userId [as selectByUserId] (/home/gildas/projects/marmelab/javascript-boilerplate/src/api/orders/orderRepository.js:24:61)
       at Object.userId [as selectByUserId] (/home/gildas/projects/marmelab/javascript-boilerplate/src/api/orders/orderRepository.js:24:61)
       at Object.userId [as selectByUserId] (/home/gildas/projects/marmelab/javascript-boilerplate/src/api/orders/orderRepository.js:24:61)
       at Object.userId [as selectByUserId] (/home/gildas/projects/marmelab/javascript-boilerplate/src/api/orders/orderRepository.js:24:61)
       at Object.userId [as selectByUserId] (/home/gildas/projects/marmelab/javascript-boilerplate/src/api/orders/orderRepository.js:24:61)
       at Object.userId [as selectByUserId] (/home/gildas/projects/marmelab/javascript-boilerplate/src/api/orders/orderRepository.js:24:61)
       at Object.userId [as selectByUserId] (/home/gildas/projects/marmelab/javascript-boilerplate/src/api/orders/orderRepository.js:24:61)
       at Object.userId [as selectByUserId] (/home/gildas/projects/marmelab/javascript-boilerplate/src/api/orders/orderRepository.js:24:61)
       at Object.userId [as selectByUserId] (/home/gildas/projects/marmelab/javascript-boilerplate/src/api/orders/orderRepository.js:24:61)
       at Object.userId [as selectByUserId] (/home/gildas/projects/marmelab/javascript-boilerplate/src/api/orders/orderRepository.js:24:61)
       at Object.userId [as selectByUserId] (/home/gildas/projects/marmelab/javascript-boilerplate/src/api/orders/orderRepository.js:24:61)
       at Object.userId [as selectByUserId] (/home/gildas/projects/marmelab/javascript-boilerplate/src/api/orders/orderRepository.js:24:61)
       at Object.userId [as selectByUserId] (/home/gildas/projects/marmelab/javascript-boilerplate/src/api/orders/orderRepository.js:24:61)
       at Object.userId [as selectByUserId] (/home/gildas/projects/marmelab/javascript-boilerplate/src/api/orders/orderRepository.js:24:61)
       at Object.userId [as selectByUserId] (/home/gildas/projects/marmelab/javascript-boilerplate/src/api/orders/orderRepository.js:24:61)
       at Object.userId [as selectByUserId] (/home/gildas/projects/marmelab/javascript-boilerplate/src/api/orders/orderRepository.js:24:61)
       at Object.userId [as selectByUserId] (/home/gildas/projects/marmelab/javascript-boilerplate/src/api/orders/orderRepository.js:24:61)
       at Object.userId [as selectByUserId] (/home/gildas/projects/marmelab/javascript-boilerplate/src/api/orders/orderRepository.js:24:61)
       at Object.userId [as selectByUserId] (/home/gildas/projects/marmelab/javascript-boilerplate/src/api/orders/orderRepository.js:24:61)
       at Object.userId [as selectByUserId] (/home/gildas/projects/marmelab/javascript-boilerplate/src/api/orders/orderRepository.js:24:61)
       at Object.userId [as selectByUserId] (/home/gildas/projects/marmelab/javascript-boilerplate/src/api/orders/orderRepository.js:24:61)
       at Object.userId [as selectByUserId] (/home/gildas/projects/marmelab/javascript-boilerplate/src/api/orders/orderRepository.js:24:61)
       at Object.userId [as selectByUserId] (/home/gildas/projects/marmelab/javascript-boilerplate/src/api/orders/orderRepository.js:24:61)
       at Object.userId [as selectByUserId] (/home/gildas/projects/marmelab/javascript-boilerplate/src/api/orders/orderRepository.js:24:61)
       at Object.userId [as selectByUserId] (/home/gildas/projects/marmelab/javascript-boilerplate/src/api/orders/orderRepository.js:24:61)
       at Object.userId [as selectByUserId] (/home/gildas/projects/marmelab/javascript-boilerplate/src/api/orders/orderRepository.js:24:61)
       at Object.userId [as selectByUserId] (/home/gildas/projects/marmelab/javascript-boilerplate/src/api/orders/orderRepository.js:24:61)
       at Object.userId [as selectByUserId] (/home/gildas/projects/marmelab/javascript-boilerplate/src/api/orders/orderRepository.js:24:61)
       at Object.userId [as selectByUserId] (/home/gildas/projects/marmelab/javascript-boilerplate/src/api/orders/orderRepository.js:24:61)
       at Object.userId [as selectByUserId] (/home/gildas/projects/marmelab/javascript-boilerplate/src/api/orders/orderRepository.js:24:61)
       at Object.userId [as selectByUserId] (/home/gildas/projects/marmelab/javascript-boilerplate/src/api/orders/orderRepository.js:24:61)
       at Object.userId [as selectByUserId] (/home/gildas/projects/marmelab/javascript-boilerplate/src/api/orders/orderRepository.js:24:61)
       at Object.userId [as selectByUserId] (/home/gildas/projects/marmelab/javascript-boilerplate/src/api/orders/orderRepository.js:24:61)
       at Object.userId [as selectByUserId] (/home/gildas/projects/marmelab/javascript-boilerplate/src/api/orders/orderRepository.js:24:61)
       at Object.userId [as selectByUserId] (/home/gildas/projects/marmelab/javascript-boilerplate/src/api/orders/orderRepository.js:24:61)
       at Object.userId [as selectByUserId] (/home/gildas/projects/marmelab/javascript-boilerplate/src/api/orders/orderRepository.js:24:61)
       at Object.userId [as selectByUserId] (/home/gildas/projects/marmelab/javascript-boilerplate/src/api/orders/orderRepository.js:24:61)
       at Object.userId [as selectByUserId] (/home/gildas/projects/marmelab/javascript-boilerplate/src/api/orders/orderRepository.js:24:61)
       at Object.userId [as selectByUserId] (/home/gildas/projects/marmelab/javascript-boilerplate/src/api/orders/orderRepository.js:24:61)
       at Object.userId [as selectByUserId] (/home/gildas/projects/marmelab/javascript-boilerplate/src/api/orders/orderRepository.js:24:61)
       at Object.userId [as selectByUserId] (/home/gildas/projects/marmelab/javascript-boilerplate/src/api/orders/orderRepository.js:24:61)
       at Object.userId [as selectByUserId] (/home/gildas/projects/marmelab/javascript-boilerplate/src/api/orders/orderRepository.js:24:61)
       at Object.userId [as selectByUserId] (/home/gildas/projects/marmelab/javascript-boilerplate/src/api/orders/orderRepository.js:24:61)
       at Object.userId [as selectByUserId] (/home/gildas/projects/marmelab/javascript-boilerplate/src/api/orders/orderRepository.js:24:61)
       at Object.userId [as selectByUserId] (/home/gildas/projects/marmelab/javascript-boilerplate/src/api/orders/orderRepository.js:24:61)
       at Object.userId [as selectByUserId] (/home/gildas/projects/marmelab/javascript-boilerplate/src/api/orders/orderRepository.js:24:61)
       at Object.userId [as selectByUserId] (/home/gildas/projects/marmelab/javascript-boilerplate/src/api/orders/orderRepository.js:24:61)
       at Object.userId [as selectByUserId] (/home/gildas/projects/marmelab/javascript-boilerplate/src/api/orders/orderRepository.js:24:61)
       at Object.userId [as selectByUserId] (/home/gildas/projects/marmelab/javascript-boilerplate/src/api/orders/orderRepository.js:24:61)
       at Object.userId [as selectByUserId] (/home/gildas/projects/marmelab/javascript-boilerplate/src/api/orders/orderRepository.js:24:61)
       at Object.userId [as selectByUserId] (/home/gildas/projects/marmelab/javascript-boilerplate/src/api/orders/orderRepository.js:24:61)
       at Object.userId [as selectByUserId] (/home/gildas/projects/marmelab/javascript-boilerplate/src/api/orders/orderRepository.js:24:61)
       at Object.userId [as selectByUserId] (/home/gildas/projects/marmelab/javascript-boilerplate/src/api/orders/orderRepository.js:24:61)
       at Object.userId [as selectByUserId] (/home/gildas/projects/marmelab/javascript-boilerplate/src/api/orders/orderRepository.js:24:61)
       at Object.userId [as selectByUserId] (/home/gildas/projects/marmelab/javascript-boilerplate/src/api/orders/orderRepository.js:24:61)
       at Object.userId [as selectByUserId] (/home/gildas/projects/marmelab/javascript-boilerplate/src/api/orders/orderRepository.js:24:61)
       at Object.userId [as selectByUserId] (/home/gildas/projects/marmelab/javascript-boilerplate/src/api/orders/orderRepository.js:24:61)
       at Object.userId [as selectByUserId] (/home/gildas/projects/marmelab/javascript-boilerplate/src/api/orders/orderRepository.js:24:61)
       at Object.userId [as selectByUserId] (/home/gildas/projects/marmelab/javascript-boilerplate/src/api/orders/orderRepository.js:24:61)
       at Object.userId [as selectByUserId] (/home/gildas/projects/marmelab/javascript-boilerplate/src/api/orders/orderRepository.js:24:61)
       at Object.userId [as selectByUserId] (/home/gildas/projects/marmelab/javascript-boilerplate/src/api/orders/orderRepository.js:24:61)
       at Object.userId [as selectByUserId] (/home/gildas/projects/marmelab/javascript-boilerplate/src/api/orders/orderRepository.js:24:61)
       at Object.userId [as selectByUserId] (/home/gildas/projects/marmelab/javascript-boilerplate/src/api/orders/orderRepository.js:24:61)
       at Object.userId [as selectByUserId] (/home/gildas/projects/marmelab/javascript-boilerplate/src/api/orders/orderRepository.js:24:61)
       at Object.userId [as selectByUserId] (/home/gildas/projects/marmelab/javascript-boilerplate/src/api/orders/orderRepository.js:24:61)
       at Object.userId [as selectByUserId] (/home/gildas/projects/marmelab/javascript-boilerplate/src/api/orders/orderRepository.js:24:61)
       at Object.userId [as selectByUserId] (/home/gildas/projects/marmelab/javascript-boilerplate/src/api/orders/orderRepository.js:24:61)
       at Object.userId [as selectByUserId] (/home/gildas/projects/marmelab/javascript-boilerplate/src/api/orders/orderRepository.js:24:61)
       at Object.userId [as selectByUserId] (/home/gildas/projects/marmelab/javascript-boilerplate/src/api/orders/orderRepository.js:24:61)
       at Object.userId [as selectByUserId] (/home/gildas/projects/marmelab/javascript-boilerplate/src/api/orders/orderRepository.js:24:61)
       at Object.userId [as selectByUserId] (/home/gildas/projects/marmelab/javascript-boilerplate/src/api/orders/orderRepository.js:24:61)
       at Object.userId [as selectByUserId] (/home/gildas/projects/marmelab/javascript-boilerplate/src/api/orders/orderRepository.js:24:61)
       at Object.userId [as selectByUserId] (/home/gildas/projects/marmelab/javascript-boilerplate/src/api/orders/orderRepository.js:24:61)
       at Object.userId [as selectByUserId] (/home/gildas/projects/marmelab/javascript-boilerplate/src/api/orders/orderRepository.js:24:61)
       at Object.userId [as selectByUserId] (/home/gildas/projects/marmelab/javascript-boilerplate/src/api/orders/orderRepository.js:24:61)
       at Object.userId [as selectByUserId] (/home/gildas/projects/marmelab/javascript-boilerplate/src/api/orders/orderRepository.js:24:61)
       at Object.userId [as selectByUserId] (/home/gildas/projects/marmelab/javascript-boilerplate/src/api/orders/orderRepository.js:24:61)
       at Object.userId [as selectByUserId] (/home/gildas/projects/marmelab/javascript-boilerplate/src/api/orders/orderRepository.js:24:61)
       at Object.userId [as selectByUserId] (/home/gildas/projects/marmelab/javascript-boilerplate/src/api/orders/orderRepository.js:24:61)
       at Object.userId [as selectByUserId] (/home/gildas/projects/marmelab/javascript-boilerplate/src/api/orders/orderRepository.js:24:61)
       at Object.userId [as selectByUserId] (/home/gildas/projects/marmelab/javascript-boilerplate/src/api/orders/orderRepository.js:24:61)
       at Object.userId [as selectByUserId] (/home/gildas/projects/marmelab/javascript-boilerplate/src/api/orders/orderRepository.js:24:61)
       at Object.userId [as selectByUserId] (/home/gildas/projects/marmelab/javascript-boilerplate/src/api/orders/orderRepository.js:24:61)
       at Object.userId [as selectByUserId] (/home/gildas/projects/marmelab/javascript-boilerplate/src/api/orders/orderRepository.js:24:61)
       at Object.userId [as selectByUserId] (/home/gildas/projects/marmelab/javascript-boilerplate/src/api/orders/orderRepository.js:24:61)
       at Object.userId [as selectByUserId] (/home/gildas/projects/marmelab/javascript-boilerplate/src/api/orders/orderRepository.js:24:61)
       at Object.userId [as selectByUserId] (/home/gildas/projects/marmelab/javascript-boilerplate/src/api/orders/orderRepository.js:24:61)
       at Object.userId [as selectByUserId] (/home/gildas/projects/marmelab/javascript-boilerplate/src/api/orders/orderRepository.js:24:61)
       at Object.userId [as selectByUserId] (/home/gildas/projects/marmelab/javascript-boilerplate/src/api/orders/orderRepository.js:24:61)
       at Object.userId [as selectByUserId] (/home/gildas/projects/marmelab/javascript-boilerplate/src/api/orders/orderRepository.js:24:61)
       at Object.userId [as selectByUserId] (/home/gildas/projects/marmelab/javascript-boilerplate/src/api/orders/orderRepository.js:24:61)
       at Object.userId [as selectByUserId] (/home/gildas/projects/marmelab/javascript-boilerplate/src/api/orders/orderRepository.js:24:61)
       at Object.userId [as selectByUserId] (/home/gildas/projects/marmelab/javascript-boilerplate/src/api/orders/orderRepository.js:24:61)
       at Object.userId [as selectByUserId] (/home/gildas/projects/marmelab/javascript-boilerplate/src/api/orders/orderRepository.js:24:61)
       at Object.userId [as selectByUserId] (/home/gildas/projects/marmelab/javascript-boilerplate/src/api/orders/orderRepository.js:24:61)
       at Object.userId [as selectByUserId] (/home/gildas/projects/marmelab/javascript-boilerplate/src/api/orders/orderRepository.js:24:61)
       at Object.userId [as selectByUserId] (/home/gildas/projects/marmelab/javascript-boilerplate/src/api/orders/orderRepository.js:24:61)
       at Object.userId [as selectByUserId] (/home/gildas/projects/marmelab/javascript-boilerplate/src/api/orders/orderRepository.js:24:61)
       at Object.userId [as selectByUserId] (/home/gildas/projects/marmelab/javascript-boilerplate/src/api/orders/orderRepository.js:24:61)
       at Object.userId [as selectByUserId] (/home/gildas/projects/marmelab/javascript-boilerplate/src/api/orders/orderRepository.js:24:61)
       at Object.userId [as selectByUserId] (/home/gildas/projects/marmelab/javascript-boilerplate/src/api/orders/orderRepository.js:24:61)
       at Object.userId [as selectByUserId] (/home/gildas/projects/marmelab/javascript-boilerplate/src/api/orders/orderRepository.js:24:61)
       at Object.userId [as selectByUserId] (/home/gildas/projects/marmelab/javascript-boilerplate/src/api/orders/orderRepository.js:24:61)
       at Object.userId [as selectByUserId] (/home/gildas/projects/marmelab/javascript-boilerplate/src/api/orders/orderRepository.js:24:61)
       at Object.userId [as selectByUserId] (/home/gildas/projects/marmelab/javascript-boilerplate/src/api/orders/orderRepository.js:24:61)
       at Object.userId [as selectByUserId] (/home/gildas/projects/marmelab/javascript-boilerplate/src/api/orders/orderRepository.js:24:61)
       at Object.userId [as selectByUserId] (/home/gildas/projects/marmelab/javascript-boilerplate/src/api/orders/orderRepository.js:24:61)
       at Object.userId [as selectByUserId] (/home/gildas/projects/marmelab/javascript-boilerplate/src/api/orders/orderRepository.js:24:61)
       at Object.userId [as selectByUserId] (/home/gildas/projects/marmelab/javascript-boilerplate/src/api/orders/orderRepository.js:24:61)
       at Object.userId [as selectByUserId] (/home/gildas/projects/marmelab/javascript-boilerplate/src/api/orders/orderRepository.js:24:61)
       at Object.userId [as selectByUserId] (/home/gildas/projects/marmelab/javascript-boilerplate/src/api/orders/orderRepository.js:24:61)
       at Object.userId [as selectByUserId] (/home/gildas/projects/marmelab/javascript-boilerplate/src/api/orders/orderRepository.js:24:61)
       at Object.userId [as selectByUserId] (/home/gildas/projects/marmelab/javascript-boilerplate/src/api/orders/orderRepository.js:24:61)
       at Object.userId [as selectByUserId] (/home/gildas/projects/marmelab/javascript-boilerplate/src/api/orders/orderRepository.js:24:61)
       at Object.userId [as selectByUserId] (/home/gildas/projects/marmelab/javascript-boilerplate/src/api/orders/orderRepository.js:24:61)
       at Object.userId [as selectByUserId] (/home/gildas/projects/marmelab/javascript-boilerplate/src/api/orders/orderRepository.js:24:61)
       at Object.userId [as selectByUserId] (/home/gildas/projects/marmelab/javascript-boilerplate/src/api/orders/orderRepository.js:24:61)
       at Object.userId [as selectByUserId] (/home/gildas/projects/marmelab/javascript-boilerplate/src/api/orders/orderRepository.js:24:61)
       at Object.userId [as selectByUserId] (/home/gildas/projects/marmelab/javascript-boilerplate/src/api/orders/orderRepository.js:24:61)
       at Object.userId [as selectByUserId] (/home/gildas/projects/marmelab/javascript-boilerplate/src/api/orders/orderRepository.js:24:61)
       at Object.userId [as selectByUserId] (/home/gildas/projects/marmelab/javascript-boilerplate/src/api/orders/orderRepository.js:24:61)
       at Object.userId [as selectByUserId] (/home/gildas/projects/marmelab/javascript-boilerplate/src/api/orders/orderRepository.js:24:61)
       at Object.userId [as selectByUserId] (/home/gildas/projects/marmelab/javascript-boilerplate/src/api/orders/orderRepository.js:24:61)
       at Object.userId [as selectByUserId] (/home/gildas/projects/marmelab/javascript-boilerplate/src/api/orders/orderRepository.js:24:61)
       at Object.userId [as selectByUserId] (/home/gildas/projects/marmelab/javascript-boilerplate/src/api/orders/orderRepository.js:24:61)
       at Object.userId [as selectByUserId] (/home/gildas/projects/marmelab/javascript-boilerplate/src/api/orders/orderRepository.js:24:61)
       at Object.userId [as selectByUserId] (/home/gildas/projects/marmelab/javascript-boilerplate/src/api/orders/orderRepository.js:24:61)
       at Object.userId [as selectByUserId] (/home/gildas/projects/marmelab/javascript-boilerplate/src/api/orders/orderRepository.js:24:61)
       at Object.userId [as selectByUserId] (/home/gildas/projects/marmelab/javascript-boilerplate/src/api/orders/orderRepository.js:24:61)
       at Object.userId [as selectByUserId] (/home/gildas/projects/marmelab/javascript-boilerplate/src/api/orders/orderRepository.js:24:61)
       at Object.userId [as selectByUserId] (/home/gildas/projects/marmelab/javascript-boilerplate/src/api/orders/orderRepository.js:24:61)
       at Object.userId [as selectByUserId] (/home/gildas/projects/marmelab/javascript-boilerplate/src/api/orders/orderRepository.js:24:61)
       at Object.userId [as selectByUserId] (/home/gildas/projects/marmelab/javascript-boilerplate/src/api/orders/orderRepository.js:24:61)
       at Object.userId [as selectByUserId] (/home/gildas/projects/marmelab/javascript-boilerplate/src/api/orders/orderRepository.js:24:61)
       at Object.userId [as selectByUserId] (/home/gildas/projects/marmelab/javascript-boilerplate/src/api/orders/orderRepository.js:24:61)
       at Object.userId [as selectByUserId] (/home/gildas/projects/marmelab/javascript-boilerplate/src/api/orders/orderRepository.js:24:61)
       at Object.userId [as selectByUserId] (/home/gildas/projects/marmelab/javascript-boilerplate/src/api/orders/orderRepository.js:24:61)
       at Object.userId [as selectByUserId] (/home/gildas/projects/marmelab/javascript-boilerplate/src/api/orders/orderRepository.js:24:61)
       at Object.userId [as selectByUserId] (/home/gildas/projects/marmelab/javascript-boilerplate/src/api/orders/orderRepository.js:24:61)
       at Object.userId [as selectByUserId] (/home/gildas/projects/marmelab/javascript-boilerplate/src/api/orders/orderRepository.js:24:61)
       at Object.userId [as selectByUserId] (/home/gildas/projects/marmelab/javascript-boilerplate/src/api/orders/orderRepository.js:24:61)
       at Object.userId [as selectByUserId] (/home/gildas/projects/marmelab/javascript-boilerplate/src/api/orders/orderRepository.js:24:61)
       at Object.userId [as selectByUserId] (/home/gildas/projects/marmelab/javascript-boilerplate/src/api/orders/orderRepository.js:24:61)
       at Object.userId [as selectByUserId] (/home/gildas/projects/marmelab/javascript-boilerplate/src/api/orders/orderRepository.js:24:61)
       at Object.userId [as selectByUserId] (/home/gildas/projects/marmelab/javascript-boilerplate/src/api/orders/orderRepository.js:24:61)
       at Object.userId [as selectByUserId] (/home/gildas/projects/marmelab/javascript-boilerplate/src/api/orders/orderRepository.js:24:61)
       at Object.userId [as selectByUserId] (/home/gildas/projects/marmelab/javascript-boilerplate/src/api/orders/orderRepository.js:24:61)
       at Object.userId [as selectByUserId] (/home/gildas/projects/marmelab/javascript-boilerplate/src/api/orders/orderRepository.js:24:61)
       at Object.userId [as selectByUserId] (/home/gildas/projects/marmelab/javascript-boilerplate/src/api/orders/orderRepository.js:24:61)
       at Object.userId [as selectByUserId] (/home/gildas/projects/marmelab/javascript-boilerplate/src/api/orders/orderRepository.js:24:61)
       at Object.userId [as selectByUserId] (/home/gildas/projects/marmelab/javascript-boilerplate/src/api/orders/orderRepository.js:24:61)
       at Object.userId [as selectByUserId] (/home/gildas/projects/marmelab/javascript-boilerplate/src/api/orders/orderRepository.js:24:61)
       at Object.userId [as selectByUserId] (/home/gildas/projects/marmelab/javascript-boilerplate/src/api/orders/orderRepository.js:24:61)
       at Object.userId [as selectByUserId] (/home/gildas/projects/marmelab/javascript-boilerplate/src/api/orders/orderRepository.js:24:61)
       at Object.userId [as selectByUserId] (/home/gildas/projects/marmelab/javascript-boilerplate/src/api/orders/orderRepository.js:24:61)
       at Object.userId [as selectByUserId] (/home/gildas/projects/marmelab/javascript-boilerplate/src/api/orders/orderRepository.js:24:61)
       at Object.userId [as selectByUserId] (/home/gildas/projects/marmelab/javascript-boilerplate/src/api/orders/orderRepository.js:24:61)
       at Object.userId [as selectByUserId] (/home/gildas/projects/marmelab/javascript-boilerplate/src/api/orders/orderRepository.js:24:61)
       at Object.userId [as selectByUserId] (/home/gildas/projects/marmelab/javascript-boilerplate/src/api/orders/orderRepository.js:24:61)
       at Object.userId [as selectByUserId] (/home/gildas/projects/marmelab/javascript-boilerplate/src/api/orders/orderRepository.js:24:61)
       at Object.userId [as selectByUserId] (/home/gildas/projects/marmelab/javascript-boilerplate/src/api/orders/orderRepository.js:24:61)
       at Object.userId [as selectByUserId] (/home/gildas/projects/marmelab/javascript-boilerplate/src/api/orders/orderRepository.js:24:61)
       at Object.userId [as selectByUserId] (/home/gildas/projects/marmelab/javascript-boilerplate/src/api/orders/orderRepository.js:24:61)
       at Object.userId [as selectByUserId] (/home/gildas/projects/marmelab/javascript-boilerplate/src/api/orders/orderRepository.js:24:61)
       at Object.userId [as selectByUserId] (/home/gildas/projects/marmelab/javascript-boilerplate/src/api/orders/orderRepository.js:24:61)
       at Object.userId [as selectByUserId] (/home/gildas/projects/marmelab/javascript-boilerplate/src/api/orders/orderRepository.js:24:61)
       at Object.userId [as selectByUserId] (/home/gildas/projects/marmelab/javascript-boilerplate/src/api/orders/orderRepository.js:24:61)
       at Object.userId [as selectByUserId] (/home/gildas/projects/marmelab/javascript-boilerplate/src/api/orders/orderRepository.js:24:61)
       at Object.userId [as selectByUserId] (/home/gildas/projects/marmelab/javascript-boilerplate/src/api/orders/orderRepository.js:24:61)
       at Object.userId [as selectByUserId] (/home/gildas/projects/marmelab/javascript-boilerplate/src/api/orders/orderRepository.js:24:61)
       at Object.userId [as selectByUserId] (/home/gildas/projects/marmelab/javascript-boilerplate/src/api/orders/orderRepository.js:24:61)
       at Object.userId [as selectByUserId] (/home/gildas/projects/marmelab/javascript-boilerplate/src/api/orders/orderRepository.js:24:61)
       at Object.userId [as selectByUserId] (/home/gildas/projects/marmelab/javascript-boilerplate/src/api/orders/orderRepository.js:24:61)
       at Object.userId [as selectByUserId] (/home/gildas/projects/marmelab/javascript-boilerplate/src/api/orders/orderRepository.js:24:61)
       at Object.userId [as selectByUserId] (/home/gildas/projects/marmelab/javascript-boilerplate/src/api/orders/orderRepository.js:24:61)
       at Object.userId [as selectByUserId] (/home/gildas/projects/marmelab/javascript-boilerplate/src/api/orders/orderRepository.js:24:61)
       at Object.userId [as selectByUserId] (/home/gildas/projects/marmelab/javascript-boilerplate/src/api/orders/orderRepository.js:24:61)
       at Object.userId [as selectByUserId] (/home/gildas/projects/marmelab/javascript-boilerplate/src/api/orders/orderRepository.js:24:61)
       at Object.userId [as selectByUserId] (/home/gildas/projects/marmelab/javascript-boilerplate/src/api/orders/orderRepository.js:24:61)
       at Object.userId [as selectByUserId] (/home/gildas/projects/marmelab/javascript-boilerplate/src/api/orders/orderRepository.js:24:61)
       at Object.userId [as selectByUserId] (/home/gildas/projects/marmelab/javascript-boilerplate/src/api/orders/orderRepository.js:24:61)
       at Object.userId [as selectByUserId] (/home/gildas/projects/marmelab/javascript-boilerplate/src/api/orders/orderRepository.js:24:61)
       at Object.userId [as selectByUserId] (/home/gildas/projects/marmelab/javascript-boilerplate/src/api/orders/orderRepository.js:24:61)
       at Object.userId [as selectByUserId] (/home/gildas/projects/marmelab/javascript-boilerplate/src/api/orders/orderRepository.js:24:61)
       at Object.userId [as selectByUserId] (/home/gildas/projects/marmelab/javascript-boilerplate/src/api/orders/orderRepository.js:24:61)
       at Object.userId [as selectByUserId] (/home/gildas/projects/marmelab/javascript-boilerplate/src/api/orders/orderRepository.js:24:61)
       at Object.userId [as selectByUserId] (/home/gildas/projects/marmelab/javascript-boilerplate/src/api/orders/orderRepository.js:24:61)
       at Object.userId [as selectByUserId] (/home/gildas/projects/marmelab/javascript-boilerplate/src/api/orders/orderRepository.js:24:61)
       at Object.userId [as selectByUserId] (/home/gildas/projects/marmelab/javascript-boilerplate/src/api/orders/orderRepository.js:24:61)
       at Object.userId [as selectByUserId] (/home/gildas/projects/marmelab/javascript-boilerplate/src/api/orders/orderRepository.js:24:61)
       at Object.userId [as selectByUserId] (/home/gildas/projects/marmelab/javascript-boilerplate/src/api/orders/orderRepository.js:24:61)
       at Object.userId [as selectByUserId] (/home/gildas/projects/marmelab/javascript-boilerplate/src/api/orders/orderRepository.js:24:61)
       at Object.userId [as selectByUserId] (/home/gildas/projects/marmelab/javascript-boilerplate/src/api/orders/orderRepository.js:24:61)
       at Object.userId [as selectByUserId] (/home/gildas/projects/marmelab/javascript-boilerplate/src/api/orders/orderRepository.js:24:61)
       at Object.userId [as selectByUserId] (/home/gildas/projects/marmelab/javascript-boilerplate/src/api/orders/orderRepository.js:24:61)
       at Object.userId [as selectByUserId] (/home/gildas/projects/marmelab/javascript-boilerplate/src/api/orders/orderRepository.js:24:61)
       at Object.userId [as selectByUserId] (/home/gildas/projects/marmelab/javascript-boilerplate/src/api/orders/orderRepository.js:24:61)
       at Object.userId [as selectByUserId] (/home/gildas/projects/marmelab/javascript-boilerplate/src/api/orders/orderRepository.js:24:61)
       at Object.userId [as selectByUserId] (/home/gildas/projects/marmelab/javascript-boilerplate/src/api/orders/orderRepository.js:24:61)
       at Object.userId [as selectByUserId] (/home/gildas/projects/marmelab/javascript-boilerplate/src/api/orders/orderRepository.js:24:61)
       at Object.userId [as selectByUserId] (/home/gildas/projects/marmelab/javascript-boilerplate/src/api/orders/orderRepository.js:24:61)
       at Object.userId [as selectByUserId] (/home/gildas/projects/marmelab/javascript-boilerplate/src/api/orders/orderRepository.js:24:61)
       at Object.userId [as selectByUserId] (/home/gildas/projects/marmelab/javascript-boilerplate/src/api/orders/orderRepository.js:24:61)
       at Object.userId [as selectByUserId] (/home/gildas/projects/marmelab/javascript-boilerplate/src/api/orders/orderRepository.js:24:61)
       at Object.userId [as selectByUserId] (/home/gildas/projects/marmelab/javascript-boilerplate/src/api/orders/orderRepository.js:24:61)
       at Object.userId [as selectByUserId] (/home/gildas/projects/marmelab/javascript-boilerplate/src/api/orders/orderRepository.js:24:61)
       at Object.userId [as selectByUserId] (/home/gildas/projects/marmelab/javascript-boilerplate/src/api/orders/orderRepository.js:24:61)
       at Object.userId [as selectByUserId] (/home/gildas/projects/marmelab/javascript-boilerplate/src/api/orders/orderRepository.js:24:61)
       at Object.userId [as selectByUserId] (/home/gildas/projects/marmelab/javascript-boilerplate/src/api/orders/orderRepository.js:24:61)
       at Object.userId [as selectByUserId] (/home/gildas/projects/marmelab/javascript-boilerplate/src/api/orders/orderRepository.js:24:61)
       at Object.userId [as selectByUserId] (/home/gildas/projects/marmelab/javascript-boilerplate/src/api/orders/orderRepository.js:24:61)
       at Object.userId [as selectByUserId] (/home/gildas/projects/marmelab/javascript-boilerplate/src/api/orders/orderRepository.js:24:61)
       at Object.userId [as selectByUserId] (/home/gildas/projects/marmelab/javascript-boilerplate/src/api/orders/orderRepository.js:24:61)
       at Object.userId [as selectByUserId] (/home/gildas/projects/marmelab/javascript-boilerplate/src/api/orders/orderRepository.js:24:61)
       at Object.userId [as selectByUserId] (/home/gildas/projects/marmelab/javascript-boilerplate/src/api/orders/orderRepository.js:24:61)
       at Object.userId [as selectByUserId] (/home/gildas/projects/marmelab/javascript-boilerplate/src/api/orders/orderRepository.js:24:61)
       at Object.userId [as selectByUserId] (/home/gildas/projects/marmelab/javascript-boilerplate/src/api/orders/orderRepository.js:24:61)
       at Object.userId [as selectByUserId] (/home/gildas/projects/marmelab/javascript-boilerplate/src/api/orders/orderRepository.js:24:61)
       at Object.userId [as selectByUserId] (/home/gildas/projects/marmelab/javascript-boilerplate/src/api/orders/orderRepository.js:24:61)
       at Object.userId [as selectByUserId] (/home/gildas/projects/marmelab/javascript-boilerplate/src/api/orders/orderRepository.js:24:61)
       at Object.userId [as selectByUserId] (/home/gildas/projects/marmelab/javascript-boilerplate/src/api/orders/orderRepository.js:24:61)
       at Object.userId [as selectByUserId] (/home/gildas/projects/marmelab/javascript-boilerplate/src/api/orders/orderRepository.js:24:61)
       at Object.userId [as selectByUserId] (/home/gildas/projects/marmelab/javascript-boilerplate/src/api/orders/orderRepository.js:24:61)
       at Object.userId [as selectByUserId] (/home/gildas/projects/marmelab/javascript-boilerplate/src/api/orders/orderRepository.js:24:61)
       at Object.userId [as selectByUserId] (/home/gildas/projects/marmelab/javascript-boilerplate/src/api/orders/orderRepository.js:24:61)
       at Object.userId [as selectByUserId] (/home/gildas/projects/marmelab/javascript-boilerplate/src/api/orders/orderRepository.js:24:61)
       at Object.userId [as selectByUserId] (/home/gildas/projects/marmelab/javascript-boilerplate/src/api/orders/orderRepository.js:24:61)
       at Object.userId [as selectByUserId] (/home/gildas/projects/marmelab/javascript-boilerplate/src/api/orders/orderRepository.js:24:61)
       at Object.userId [as selectByUserId] (/home/gildas/projects/marmelab/javascript-boilerplate/src/api/orders/orderRepository.js:24:61)
       at Object.userId [as selectByUserId] (/home/gildas/projects/marmelab/javascript-boilerplate/src/api/orders/orderRepository.js:24:61)
       at Object.userId [as selectByUserId] (/home/gildas/projects/marmelab/javascript-boilerplate/src/api/orders/orderRepository.js:24:61)
       at Object.userId [as selectByUserId] (/home/gildas/projects/marmelab/javascript-boilerplate/src/api/orders/orderRepository.js:24:61)
       at Object.userId [as selectByUserId] (/home/gildas/projects/marmelab/javascript-boilerplate/src/api/orders/orderRepository.js:24:61)
       at Object.userId [as selectByUserId] (/home/gildas/projects/marmelab/javascript-boilerplate/src/api/orders/orderRepository.js:24:61)
       at Object.userId [as selectByUserId] (/home/gildas/projects/marmelab/javascript-boilerplate/src/api/orders/orderRepository.js:24:61)
       at Object.userId [as selectByUserId] (/home/gildas/projects/marmelab/javascript-boilerplate/src/api/orders/orderRepository.js:24:61)
       at Object.userId [as selectByUserId] (/home/gildas/projects/marmelab/javascript-boilerplate/src/api/orders/orderRepository.js:24:61)
       at Object.userId [as selectByUserId] (/home/gildas/projects/marmelab/javascript-boilerplate/src/api/orders/orderRepository.js:24:61)
       at Object.userId [as selectByUserId] (/home/gildas/projects/marmelab/javascript-boilerplate/src/api/orders/orderRepository.js:24:61)
       at Object.userId [as selectByUserId] (/home/gildas/projects/marmelab/javascript-boilerplate/src/api/orders/orderRepository.js:24:61)
       at Object.userId [as selectByUserId] (/home/gildas/projects/marmelab/javascript-boilerplate/src/api/orders/orderRepository.js:24:61)
       at Object.userId [as selectByUserId] (/home/gildas/projects/marmelab/javascript-boilerplate/src/api/orders/orderRepository.js:24:61)
       at Object.userId [as selectByUserId] (/home/gildas/projects/marmelab/javascript-boilerplate/src/api/orders/orderRepository.js:24:61)
       at Object.userId [as selectByUserId] (/home/gildas/projects/marmelab/javascript-boilerplate/src/api/orders/orderRepository.js:24:61)
       at Object.userId [as selectByUserId] (/home/gildas/projects/marmelab/javascript-boilerplate/src/api/orders/orderRepository.js:24:61)
       at Object.userId [as selectByUserId] (/home/gildas/projects/marmelab/javascript-boilerplate/src/api/orders/orderRepository.js:24:61)
       at Object.userId [as selectByUserId] (/home/gildas/projects/marmelab/javascript-boilerplate/src/api/orders/orderRepository.js:24:61)
       at Object.userId [as selectByUserId] (/home/gildas/projects/marmelab/javascript-boilerplate/src/api/orders/orderRepository.js:24:61)
       at Object.userId [as selectByUserId] (/home/gildas/projects/marmelab/javascript-boilerplate/src/api/orders/orderRepository.js:24:61)
       at Object.userId [as selectByUserId] (/home/gildas/projects/marmelab/javascript-boilerplate/src/api/orders/orderRepository.js:24:61)
       at Object.userId [as selectByUserId] (/home/gildas/projects/marmelab/javascript-boilerplate/src/api/orders/orderRepository.js:24:61)
       at Object.userId [as selectByUserId] (/home/gildas/projects/marmelab/javascript-boilerplate/src/api/orders/orderRepository.js:24:61)
       at Object.userId [as selectByUserId] (/home/gildas/projects/marmelab/javascript-boilerplate/src/api/orders/orderRepository.js:24:61)
       at Object.userId [as selectByUserId] (/home/gildas/projects/marmelab/javascript-boilerplate/src/api/orders/orderRepository.js:24:61)
       at Object.userId [as selectByUserId] (/home/gildas/projects/marmelab/javascript-boilerplate/src/api/orders/orderRepository.js:24:61)
       at Object.userId [as selectByUserId] (/home/gildas/projects/marmelab/javascript-boilerplate/src/api/orders/orderRepository.js:24:61)
       at Object.userId [as selectByUserId] (/home/gildas/projects/marmelab/javascript-boilerplate/src/api/orders/orderRepository.js:24:61)
       at Object.userId [as selectByUserId] (/home/gildas/projects/marmelab/javascript-boilerplate/src/api/orders/orderRepository.js:24:61)
       at Object.userId [as selectByUserId] (/home/gildas/projects/marmelab/javascript-boilerplate/src/api/orders/orderRepository.js:24:61)
       at Object.userId [as selectByUserId] (/home/gildas/projects/marmelab/javascript-boilerplate/src/api/orders/orderRepository.js:24:61)
       at Object.userId [as selectByUserId] (/home/gildas/projects/marmelab/javascript-boilerplate/src/api/orders/orderRepository.js:24:61)
       at Object.userId [as selectByUserId] (/home/gildas/projects/marmelab/javascript-boilerplate/src/api/orders/orderRepository.js:24:61)
       at Object.userId [as selectByUserId] (/home/gildas/projects/marmelab/javascript-boilerplate/src/api/orders/orderRepository.js:24:61)
       at Object.userId [as selectByUserId] (/home/gildas/projects/marmelab/javascript-boilerplate/src/api/orders/orderRepository.js:24:61)
       at Object.userId [as selectByUserId] (/home/gildas/projects/marmelab/javascript-boilerplate/src/api/orders/orderRepository.js:24:61)
       at Object.userId [as selectByUserId] (/home/gildas/projects/marmelab/javascript-boilerplate/src/api/orders/orderRepository.js:24:61)
       at Object.userId [as selectByUserId] (/home/gildas/projects/marmelab/javascript-boilerplate/src/api/orders/orderRepository.js:24:61)
       at Object.userId [as selectByUserId] (/home/gildas/projects/marmelab/javascript-boilerplate/src/api/orders/orderRepository.js:24:61)
       at Object.userId [as selectByUserId] (/home/gildas/projects/marmelab/javascript-boilerplate/src/api/orders/orderRepository.js:24:61)
       at Object.userId [as selectByUserId] (/home/gildas/projects/marmelab/javascript-boilerplate/src/api/orders/orderRepository.js:24:61)
       at Object.userId [as selectByUserId] (/home/gildas/projects/marmelab/javascript-boilerplate/src/api/orders/orderRepository.js:24:61)
       at Object.userId [as selectByUserId] (/home/gildas/projects/marmelab/javascript-boilerplate/src/api/orders/orderRepository.js:24:61)
       at Object.userId [as selectByUserId] (/home/gildas/projects/marmelab/javascript-boilerplate/src/api/orders/orderRepository.js:24:61)
       at Object.userId [as selectByUserId] (/home/gildas/projects/marmelab/javascript-boilerplate/src/api/orders/orderRepository.js:24:61)
       at Object.userId [as selectByUserId] (/home/gildas/projects/marmelab/javascript-boilerplate/src/api/orders/orderRepository.js:24:61)
       at Object.userId [as selectByUserId] (/home/gildas/projects/marmelab/javascript-boilerplate/src/api/orders/orderRepository.js:24:61)
       at Object.userId [as selectByUserId] (/home/gildas/projects/marmelab/javascript-boilerplate/src/api/orders/orderRepository.js:24:61)
       at Object.userId [as selectByUserId] (/home/gildas/projects/marmelab/javascript-boilerplate/src/api/orders/orderRepository.js:24:61)
       at Object.userId [as selectByUserId] (/home/gildas/projects/marmelab/javascript-boilerplate/src/api/orders/orderRepository.js:24:61)
       at Object.userId [as selectByUserId] (/home/gildas/projects/marmelab/javascript-boilerplate/src/api/orders/orderRepository.js:24:61)
       at Object.userId [as selectByUserId] (/home/gildas/projects/marmelab/javascript-boilerplate/src/api/orders/orderRepository.js:24:61)
       at Object.userId [as selectByUserId] (/home/gildas/projects/marmelab/javascript-boilerplate/src/api/orders/orderRepository.js:24:61)
       at Object.userId [as selectByUserId] (/home/gildas/projects/marmelab/javascript-boilerplate/src/api/orders/orderRepository.js:24:61)
       at Object.userId [as selectByUserId] (/home/gildas/projects/marmelab/javascript-boilerplate/src/api/orders/orderRepository.js:24:61)
       at Object.userId [as selectByUserId] (/home/gildas/projects/marmelab/javascript-boilerplate/src/api/orders/orderRepository.js:24:61)
       at Object.userId [as selectByUserId] (/home/gildas/projects/marmelab/javascript-boilerplate/src/api/orders/orderRepository.js:24:61)
       at Object.userId [as selectByUserId] (/home/gildas/projects/marmelab/javascript-boilerplate/src/api/orders/orderRepository.js:24:61)
       at Object.userId [as selectByUserId] (/home/gildas/projects/marmelab/javascript-boilerplate/src/api/orders/orderRepository.js:24:61)
       at Object.userId [as selectByUserId] (/home/gildas/projects/marmelab/javascript-boilerplate/src/api/orders/orderRepository.js:24:61)
       at Object.userId [as selectByUserId] (/home/gildas/projects/marmelab/javascript-boilerplate/src/api/orders/orderRepository.js:24:61)
       at Object.userId [as selectByUserId] (/home/gildas/projects/marmelab/javascript-boilerplate/src/api/orders/orderRepository.js:24:61)
       at Object.userId [as selectByUserId] (/home/gildas/projects/marmelab/javascript-boilerplate/src/api/orders/orderRepository.js:24:61)
       at Object.userId [as selectByUserId] (/home/gildas/projects/marmelab/javascript-boilerplate/src/api/orders/orderRepository.js:24:61)
       at Object.userId [as selectByUserId] (/home/gildas/projects/marmelab/javascript-boilerplate/src/api/orders/orderRepository.js:24:61)
       at Object.userId [as selectByUserId] (/home/gildas/projects/marmelab/javascript-boilerplate/src/api/orders/orderRepository.js:24:61)
       at Object.userId [as selectByUserId] (/home/gildas/projects/marmelab/javascript-boilerplate/src/api/orders/orderRepository.js:24:61)
       at Object.userId [as selectByUserId] (/home/gildas/projects/marmelab/javascript-boilerplate/src/api/orders/orderRepository.js:24:61)
       at Object.userId [as selectByUserId] (/home/gildas/projects/marmelab/javascript-boilerplate/src/api/orders/orderRepository.js:24:61)
       at Object.userId [as selectByUserId] (/home/gildas/projects/marmelab/javascript-boilerplate/src/api/orders/orderRepository.js:24:61)
       at Object.userId [as selectByUserId] (/home/gildas/projects/marmelab/javascript-boilerplate/src/api/orders/orderRepository.js:24:61)
       at Object.userId [as selectByUserId] (/home/gildas/projects/marmelab/javascript-boilerplate/src/api/orders/orderRepository.js:24:61)
       at Object.userId [as selectByUserId] (/home/gildas/projects/marmelab/javascript-boilerplate/src/api/orders/orderRepository.js:24:61)
       at Object.userId [as selectByUserId] (/home/gildas/projects/marmelab/javascript-boilerplate/src/api/orders/orderRepository.js:24:61)
       at Object.userId [as selectByUserId] (/home/gildas/projects/marmelab/javascript-boilerplate/src/api/orders/orderRepository.js:24:61)
       at Object.userId [as selectByUserId] (/home/gildas/projects/marmelab/javascript-boilerplate/src/api/orders/orderRepository.js:24:61)
       at Object.userId [as selectByUserId] (/home/gildas/projects/marmelab/javascript-boilerplate/src/api/orders/orderRepository.js:24:61)
       at Object.userId [as selectByUserId] (/home/gildas/projects/marmelab/javascript-boilerplate/src/api/orders/orderRepository.js:24:61)
       at Object.userId [as selectByUserId] (/home/gildas/projects/marmelab/javascript-boilerplate/src/api/orders/orderRepository.js:24:61)
       at Object.userId [as selectByUserId] (/home/gildas/projects/marmelab/javascript-boilerplate/src/api/orders/orderRepository.js:24:61)
       at Object.userId [as selectByUserId] (/home/gildas/projects/marmelab/javascript-boilerplate/src/api/orders/orderRepository.js:24:61)
       at Object.userId [as selectByUserId] (/home/gildas/projects/marmelab/javascript-boilerplate/src/api/orders/orderRepository.js:24:61)
       at Object.userId [as selectByUserId] (/home/gildas/projects/marmelab/javascript-boilerplate/src/api/orders/orderRepository.js:24:61)
       at Object.userId [as selectByUserId] (/home/gildas/projects/marmelab/javascript-boilerplate/src/api/orders/orderRepository.js:24:61)
       at Object.userId [as selectByUserId] (/home/gildas/projects/marmelab/javascript-boilerplate/src/api/orders/orderRepository.js:24:61)
       at Object.userId [as selectByUserId] (/home/gildas/projects/marmelab/javascript-boilerplate/src/api/orders/orderRepository.js:24:61)
       at Object.userId [as selectByUserId] (/home/gildas/projects/marmelab/javascript-boilerplate/src/api/orders/orderRepository.js:24:61)
       at Object.userId [as selectByUserId] (/home/gildas/projects/marmelab/javascript-boilerplate/src/api/orders/orderRepository.js:24:61)
       at Object.userId [as selectByUserId] (/home/gildas/projects/marmelab/javascript-boilerplate/src/api/orders/orderRepository.js:24:61)
       at Object.userId [as selectByUserId] (/home/gildas/projects/marmelab/javascript-boilerplate/src/api/orders/orderRepository.js:24:61)
       at Object.userId [as selectByUserId] (/home/gildas/projects/marmelab/javascript-boilerplate/src/api/orders/orderRepository.js:24:61)
       at Object.userId [as selectByUserId] (/home/gildas/projects/marmelab/javascript-boilerplate/src/api/orders/orderRepository.js:24:61)
       at Object.userId [as selectByUserId] (/home/gildas/projects/marmelab/javascript-boilerplate/src/api/orders/orderRepository.js:24:61)
       at Object.userId [as selectByUserId] (/home/gildas/projects/marmelab/javascript-boilerplate/src/api/orders/orderRepository.js:24:61)
       at Object.userId [as selectByUserId] (/home/gildas/projects/marmelab/javascript-boilerplate/src/api/orders/orderRepository.js:24:61)
       at Object.userId [as selectByUserId] (/home/gildas/projects/marmelab/javascript-boilerplate/src/api/orders/orderRepository.js:24:61)
       at Object.userId [as selectByUserId] (/home/gildas/projects/marmelab/javascript-boilerplate/src/api/orders/orderRepository.js:24:61)
       at Object.userId [as selectByUserId] (/home/gildas/projects/marmelab/javascript-boilerplate/src/api/orders/orderRepository.js:24:61)
       at Object.userId [as selectByUserId] (/home/gildas/projects/marmelab/javascript-boilerplate/src/api/orders/orderRepository.js:24:61)
       at Object.userId [as selectByUserId] (/home/gildas/projects/marmelab/javascript-boilerplate/src/api/orders/orderRepository.js:24:61)
       at Object.userId [as selectByUserId] (/home/gildas/projects/marmelab/javascript-boilerplate/src/api/orders/orderRepository.js:24:61)
       at Object.userId [as selectByUserId] (/home/gildas/projects/marmelab/javascript-boilerplate/src/api/orders/orderRepository.js:24:61)
       at Object.userId [as selectByUserId] (/home/gildas/projects/marmelab/javascript-boilerplate/src/api/orders/orderRepository.js:24:61)
       at Object.userId [as selectByUserId] (/home/gildas/projects/marmelab/javascript-boilerplate/src/api/orders/orderRepository.js:24:61)
       at Object.userId [as selectByUserId] (/home/gildas/projects/marmelab/javascript-boilerplate/src/api/orders/orderRepository.js:24:61)
       at Object.userId [as selectByUserId] (/home/gildas/projects/marmelab/javascript-boilerplate/src/api/orders/orderRepository.js:24:61)
       at Object.userId [as selectByUserId] (/home/gildas/projects/marmelab/javascript-boilerplate/src/api/orders/orderRepository.js:24:61)
       at Object.userId [as selectByUserId] (/home/gildas/projects/marmelab/javascript-boilerplate/src/api/orders/orderRepository.js:24:61)
       at Object.userId [as selectByUserId] (/home/gildas/projects/marmelab/javascript-boilerplate/src/api/orders/orderRepository.js:24:61)
       at Object.userId [as selectByUserId] (/home/gildas/projects/marmelab/javascript-boilerplate/src/api/orders/orderRepository.js:24:61)
       at Object.userId [as selectByUserId] (/home/gildas/projects/marmelab/javascript-boilerplate/src/api/orders/orderRepository.js:24:61)
       at Object.userId [as selectByUserId] (/home/gildas/projects/marmelab/javascript-boilerplate/src/api/orders/orderRepository.js:24:61)
       at Object.userId [as selectByUserId] (/home/gildas/projects/marmelab/javascript-boilerplate/src/api/orders/orderRepository.js:24:61)
       at Object.userId [as selectByUserId] (/home/gildas/projects/marmelab/javascript-boilerplate/src/api/orders/orderRepository.js:24:61)
       at Object.userId [as selectByUserId] (/home/gildas/projects/marmelab/javascript-boilerplate/src/api/orders/orderRepository.js:24:61)
       at Object.userId [as selectByUserId] (/home/gildas/projects/marmelab/javascript-boilerplate/src/api/orders/orderRepository.js:24:61)
       at Object.userId [as selectByUserId] (/home/gildas/projects/marmelab/javascript-boilerplate/src/api/orders/orderRepository.js:24:61)
       at Object.userId [as selectByUserId] (/home/gildas/projects/marmelab/javascript-boilerplate/src/api/orders/orderRepository.js:24:61)
       at Object.userId [as selectByUserId] (/home/gildas/projects/marmelab/javascript-boilerplate/src/api/orders/orderRepository.js:24:61)
       at Object.userId [as selectByUserId] (/home/gildas/projects/marmelab/javascript-boilerplate/src/api/orders/orderRepository.js:24:61)
       at Object.userId [as selectByUserId] (/home/gildas/projects/marmelab/javascript-boilerplate/src/api/orders/orderRepository.js:24:61)
       at Object.userId [as selectByUserId] (/home/gildas/projects/marmelab/javascript-boilerplate/src/api/orders/orderRepository.js:24:61)
       at Object.userId [as selectByUserId] (/home/gildas/projects/marmelab/javascript-boilerplate/src/api/orders/orderRepository.js:24:61)
       at Object.userId [as selectByUserId] (/home/gildas/projects/marmelab/javascript-boilerplate/src/api/orders/orderRepository.js:24:61)
       at Object.userId [as selectByUserId] (/home/gildas/projects/marmelab/javascript-boilerplate/src/api/orders/orderRepository.js:24:61)
       at Object.userId [as selectByUserId] (/home/gildas/projects/marmelab/javascript-boilerplate/src/api/orders/orderRepository.js:24:61)
       at Object.userId [as selectByUserId] (/home/gildas/projects/marmelab/javascript-boilerplate/src/api/orders/orderRepository.js:24:61)
       at Object.userId [as selectByUserId] (/home/gildas/projects/marmelab/javascript-boilerplate/src/api/orders/orderRepository.js:24:61)
       at Object.userId [as selectByUserId] (/home/gildas/projects/marmelab/javascript-boilerplate/src/api/orders/orderRepository.js:24:61)
       at Object.userId [as selectByUserId] (/home/gildas/projects/marmelab/javascript-boilerplate/src/api/orders/orderRepository.js:24:61)
       at Object.userId [as selectByUserId] (/home/gildas/projects/marmelab/javascript-boilerplate/src/api/orders/orderRepository.js:24:61)
       at Object.userId [as selectByUserId] (/home/gildas/projects/marmelab/javascript-boilerplate/src/api/orders/orderRepository.js:24:61)
       at Object.userId [as selectByUserId] (/home/gildas/projects/marmelab/javascript-boilerplate/src/api/orders/orderRepository.js:24:61)
       at Object.userId [as selectByUserId] (/home/gildas/projects/marmelab/javascript-boilerplate/src/api/orders/orderRepository.js:24:61)
       at Object.userId [as selectByUserId] (/home/gildas/projects/marmelab/javascript-boilerplate/src/api/orders/orderRepository.js:24:61)
       at Object.userId [as selectByUserId] (/home/gildas/projects/marmelab/javascript-boilerplate/src/api/orders/orderRepository.js:24:61)
       at Object.userId [as selectByUserId] (/home/gildas/projects/marmelab/javascript-boilerplate/src/api/orders/orderRepository.js:24:61)
       at Object.userId [as selectByUserId] (/home/gildas/projects/marmelab/javascript-boilerplate/src/api/orders/orderRepository.js:24:61)
       at Object.userId [as selectByUserId] (/home/gildas/projects/marmelab/javascript-boilerplate/src/api/orders/orderRepository.js:24:61)
       at Object.userId [as selectByUserId] (/home/gildas/projects/marmelab/javascript-boilerplate/src/api/orders/orderRepository.js:24:61)
       at Object.userId [as selectByUserId] (/home/gildas/projects/marmelab/javascript-boilerplate/src/api/orders/orderRepository.js:24:61)
       at Object.userId [as selectByUserId] (/home/gildas/projects/marmelab/javascript-boilerplate/src/api/orders/orderRepository.js:24:61)
       at Object.userId [as selectByUserId] (/home/gildas/projects/marmelab/javascript-boilerplate/src/api/orders/orderRepository.js:24:61)
       at Object.userId [as selectByUserId] (/home/gildas/projects/marmelab/javascript-boilerplate/src/api/orders/orderRepository.js:24:61)
       at Object.userId [as selectByUserId] (/home/gildas/projects/marmelab/javascript-boilerplate/src/api/orders/orderRepository.js:24:61)
       at Object.userId [as selectByUserId] (/home/gildas/projects/marmelab/javascript-boilerplate/src/api/orders/orderRepository.js:24:61)
       at Object.userId [as selectByUserId] (/home/gildas/projects/marmelab/javascript-boilerplate/src/api/orders/orderRepository.js:24:61)
       at Object.userId [as selectByUserId] (/home/gildas/projects/marmelab/javascript-boilerplate/src/api/orders/orderRepository.js:24:61)
       at Object.userId [as selectByUserId] (/home/gildas/projects/marmelab/javascript-boilerplate/src/api/orders/orderRepository.js:24:61)
       at Object.userId [as selectByUserId] (/home/gildas/projects/marmelab/javascript-boilerplate/src/api/orders/orderRepository.js:24:61)
       at Object.userId [as selectByUserId] (/home/gildas/projects/marmelab/javascript-boilerplate/src/api/orders/orderRepository.js:24:61)
       at Object.userId [as selectByUserId] (/home/gildas/projects/marmelab/javascript-boilerplate/src/api/orders/orderRepository.js:24:61)
       at Object.userId [as selectByUserId] (/home/gildas/projects/marmelab/javascript-boilerplate/src/api/orders/orderRepository.js:24:61)
       at Object.userId [as selectByUserId] (/home/gildas/projects/marmelab/javascript-boilerplate/src/api/orders/orderRepository.js:24:61)
       at Object.userId [as selectByUserId] (/home/gildas/projects/marmelab/javascript-boilerplate/src/api/orders/orderRepository.js:24:61)
       at Object.userId [as selectByUserId] (/home/gildas/projects/marmelab/javascript-boilerplate/src/api/orders/orderRepository.js:24:61)
       at Object.userId [as selectByUserId] (/home/gildas/projects/marmelab/javascript-boilerplate/src/api/orders/orderRepository.js:24:61)
       at Object.userId [as selectByUserId] (/home/gildas/projects/marmelab/javascript-boilerplate/src/api/orders/orderRepository.js:24:61)
       at Object.userId [as selectByUserId] (/home/gildas/projects/marmelab/javascript-boilerplate/src/api/orders/orderRepository.js:24:61)
       at Object.userId [as selectByUserId] (/home/gildas/projects/marmelab/javascript-boilerplate/src/api/orders/orderRepository.js:24:61)
       at Object.userId [as selectByUserId] (/home/gildas/projects/marmelab/javascript-boilerplate/src/api/orders/orderRepository.js:24:61)
       at Object.userId [as selectByUserId] (/home/gildas/projects/marmelab/javascript-boilerplate/src/api/orders/orderRepository.js:24:61)
       at Object.userId [as selectByUserId] (/home/gildas/projects/marmelab/javascript-boilerplate/src/api/orders/orderRepository.js:24:61)
       at Object.userId [as selectByUserId] (/home/gildas/projects/marmelab/javascript-boilerplate/src/api/orders/orderRepository.js:24:61)
       at Object.userId [as selectByUserId] (/home/gildas/projects/marmelab/javascript-boilerplate/src/api/orders/orderRepository.js:24:61)
       at Object.userId [as selectByUserId] (/home/gildas/projects/marmelab/javascript-boilerplate/src/api/orders/orderRepository.js:24:61)
       at Object.userId [as selectByUserId] (/home/gildas/projects/marmelab/javascript-boilerplate/src/api/orders/orderRepository.js:24:61)
       at Object.userId [as selectByUserId] (/home/gildas/projects/marmelab/javascript-boilerplate/src/api/orders/orderRepository.js:24:61)
       at Object.userId [as selectByUserId] (/home/gildas/projects/marmelab/javascript-boilerplate/src/api/orders/orderRepository.js:24:61)
       at Object.userId [as selectByUserId] (/home/gildas/projects/marmelab/javascript-boilerplate/src/api/orders/orderRepository.js:24:61)
       at Object.userId [as selectByUserId] (/home/gildas/projects/marmelab/javascript-boilerplate/src/api/orders/orderRepository.js:24:61)
       at Object.userId [as selectByUserId] (/home/gildas/projects/marmelab/javascript-boilerplate/src/api/orders/orderRepository.js:24:61)
       at Object.userId [as selectByUserId] (/home/gildas/projects/marmelab/javascript-boilerplate/src/api/orders/orderRepository.js:24:61)
       at Object.userId [as selectByUserId] (/home/gildas/projects/marmelab/javascript-boilerplate/src/api/orders/orderRepository.js:24:61)
       at Object.userId [as selectByUserId] (/home/gildas/projects/marmelab/javascript-boilerplate/src/api/orders/orderRepository.js:24:61)
       at Object.userId [as selectByUserId] (/home/gildas/projects/marmelab/javascript-boilerplate/src/api/orders/orderRepository.js:24:61)
       at Object.userId [as selectByUserId] (/home/gildas/projects/marmelab/javascript-boilerplate/src/api/orders/orderRepository.js:24:61)
       at Object.userId [as selectByUserId] (/home/gildas/projects/marmelab/javascript-boilerplate/src/api/orders/orderRepository.js:24:61)
       at Object.userId [as selectByUserId] (/home/gildas/projects/marmelab/javascript-boilerplate/src/api/orders/orderRepository.js:24:61)
       at Object.userId [as selectByUserId] (/home/gildas/projects/marmelab/javascript-boilerplate/src/api/orders/orderRepository.js:24:61)
       at Object.userId [as selectByUserId] (/home/gildas/projects/marmelab/javascript-boilerplate/src/api/orders/orderRepository.js:24:61)
       at Object.userId [as selectByUserId] (/home/gildas/projects/marmelab/javascript-boilerplate/src/api/orders/orderRepository.js:24:61)
       at Object.userId [as selectByUserId] (/home/gildas/projects/marmelab/javascript-boilerplate/src/api/orders/orderRepository.js:24:61)
       at Object.userId [as selectByUserId] (/home/gildas/projects/marmelab/javascript-boilerplate/src/api/orders/orderRepository.js:24:61)
       at Object.userId [as selectByUserId] (/home/gildas/projects/marmelab/javascript-boilerplate/src/api/orders/orderRepository.js:24:61)
       at Object.userId [as selectByUserId] (/home/gildas/projects/marmelab/javascript-boilerplate/src/api/orders/orderRepository.js:24:61)
       at Object.userId [as selectByUserId] (/home/gildas/projects/marmelab/javascript-boilerplate/src/api/orders/orderRepository.js:24:61)
       at Object.userId [as selectByUserId] (/home/gildas/projects/marmelab/javascript-boilerplate/src/api/orders/orderRepository.js:24:61)
       at Object.userId [as selectByUserId] (/home/gildas/projects/marmelab/javascript-boilerplate/src/api/orders/orderRepository.js:24:61)
       at Object.userId [as selectByUserId] (/home/gildas/projects/marmelab/javascript-boilerplate/src/api/orders/orderRepository.js:24:61)
       at Object.userId [as selectByUserId] (/home/gildas/projects/marmelab/javascript-boilerplate/src/api/orders/orderRepository.js:24:61)
       at Object.userId [as selectByUserId] (/home/gildas/projects/marmelab/javascript-boilerplate/src/api/orders/orderRepository.js:24:61)
       at Object.userId [as selectByUserId] (/home/gildas/projects/marmelab/javascript-boilerplate/src/api/orders/orderRepository.js:24:61)
       at Object.userId [as selectByUserId] (/home/gildas/projects/marmelab/javascript-boilerplate/src/api/orders/orderRepository.js:24:61)
       at Object.userId [as selectByUserId] (/home/gildas/projects/marmelab/javascript-boilerplate/src/api/orders/orderRepository.js:24:61)
       at Object.userId [as selectByUserId] (/home/gildas/projects/marmelab/javascript-boilerplate/src/api/orders/orderRepository.js:24:61)
       at Object.userId [as selectByUserId] (/home/gildas/projects/marmelab/javascript-boilerplate/src/api/orders/orderRepository.js:24:61)
       at Object.userId [as selectByUserId] (/home/gildas/projects/marmelab/javascript-boilerplate/src/api/orders/orderRepository.js:24:61)
       at Object.userId [as selectByUserId] (/home/gildas/projects/marmelab/javascript-boilerplate/src/api/orders/orderRepository.js:24:61)
       at Object.userId [as selectByUserId] (/home/gildas/projects/marmelab/javascript-boilerplate/src/api/orders/orderRepository.js:24:61)
       at Object.userId [as selectByUserId] (/home/gildas/projects/marmelab/javascript-boilerplate/src/api/orders/orderRepository.js:24:61)
       at Object.userId [as selectByUserId] (/home/gildas/projects/marmelab/javascript-boilerplate/src/api/orders/orderRepository.js:24:61)
       at Object.userId [as selectByUserId] (/home/gildas/projects/marmelab/javascript-boilerplate/src/api/orders/orderRepository.js:24:61)
       at Object.userId [as selectByUserId] (/home/gildas/projects/marmelab/javascript-boilerplate/src/api/orders/orderRepository.js:24:61)
       at Object.userId [as selectByUserId] (/home/gildas/projects/marmelab/javascript-boilerplate/src/api/orders/orderRepository.js:24:61)
       at Object.userId [as selectByUserId] (/home/gildas/projects/marmelab/javascript-boilerplate/src/api/orders/orderRepository.js:24:61)
       at Object.userId [as selectByUserId] (/home/gildas/projects/marmelab/javascript-boilerplate/src/api/orders/orderRepository.js:24:61)
       at Object.userId [as selectByUserId] (/home/gildas/projects/marmelab/javascript-boilerplate/src/api/orders/orderRepository.js:24:61)
       at Object.userId [as selectByUserId] (/home/gildas/projects/marmelab/javascript-boilerplate/src/api/orders/orderRepository.js:24:61)
       at Object.userId [as selectByUserId] (/home/gildas/projects/marmelab/javascript-boilerplate/src/api/orders/orderRepository.js:24:61)
       at Object.userId [as selectByUserId] (/home/gildas/projects/marmelab/javascript-boilerplate/src/api/orders/orderRepository.js:24:61)
       at Object.userId [as selectByUserId] (/home/gildas/projects/marmelab/javascript-boilerplate/src/api/orders/orderRepository.js:24:61)
       at Object.userId [as selectByUserId] (/home/gildas/projects/marmelab/javascript-boilerplate/src/api/orders/orderRepository.js:24:61)
       at Object.userId [as selectByUserId] (/home/gildas/projects/marmelab/javascript-boilerplate/src/api/orders/orderRepository.js:24:61)
       at Object.userId [as selectByUserId] (/home/gildas/projects/marmelab/javascript-boilerplate/src/api/orders/orderRepository.js:24:61)
       at Object.userId [as selectByUserId] (/home/gildas/projects/marmelab/javascript-boilerplate/src/api/orders/orderRepository.js:24:61)
       at Object.userId [as selectByUserId] (/home/gildas/projects/marmelab/javascript-boilerplate/src/api/orders/orderRepository.js:24:61)
       at Object.userId [as selectByUserId] (/home/gildas/projects/marmelab/javascript-boilerplate/src/api/orders/orderRepository.js:24:61)
       at Object.userId [as selectByUserId] (/home/gildas/projects/marmelab/javascript-boilerplate/src/api/orders/orderRepository.js:24:61)
       at Object.userId [as selectByUserId] (/home/gildas/projects/marmelab/javascript-boilerplate/src/api/orders/orderRepository.js:24:61)
       at Object.userId [as selectByUserId] (/home/gildas/projects/marmelab/javascript-boilerplate/src/api/orders/orderRepository.js:24:61)
       at Object.userId [as selectByUserId] (/home/gildas/projects/marmelab/javascript-boilerplate/src/api/orders/orderRepository.js:24:61)
       at Object.userId [as selectByUserId] (/home/gildas/projects/marmelab/javascript-boilerplate/src/api/orders/orderRepository.js:24:61)
       at Object.userId [as selectByUserId] (/home/gildas/projects/marmelab/javascript-boilerplate/src/api/orders/orderRepository.js:24:61)
       at Object.userId [as selectByUserId] (/home/gildas/projects/marmelab/javascript-boilerplate/src/api/orders/orderRepository.js:24:61)
       at Object.userId [as selectByUserId] (/home/gildas/projects/marmelab/javascript-boilerplate/src/api/orders/orderRepository.js:24:61)
       at Object.userId [as selectByUserId] (/home/gildas/projects/marmelab/javascript-boilerplate/src/api/orders/orderRepository.js:24:61)
       at Object.userId [as selectByUserId] (/home/gildas/projects/marmelab/javascript-boilerplate/src/api/orders/orderRepository.js:24:61)
       at Object.userId [as selectByUserId] (/home/gildas/projects/marmelab/javascript-boilerplate/src/api/orders/orderRepository.js:24:61)
       at Object.userId [as selectByUserId] (/home/gildas/projects/marmelab/javascript-boilerplate/src/api/orders/orderRepository.js:24:61)
       at Object.userId [as selectByUserId] (/home/gildas/projects/marmelab/javascript-boilerplate/src/api/orders/orderRepository.js:24:61)
       at Object.userId [as selectByUserId] (/home/gildas/projects/marmelab/javascript-boilerplate/src/api/orders/orderRepository.js:24:61)
       at Object.userId [as selectByUserId] (/home/gildas/projects/marmelab/javascript-boilerplate/src/api/orders/orderRepository.js:24:61)
       at Object.userId [as selectByUserId] (/home/gildas/projects/marmelab/javascript-boilerplate/src/api/orders/orderRepository.js:24:61)
       at Object.userId [as selectByUserId] (/home/gildas/projects/marmelab/javascript-boilerplate/src/api/orders/orderRepository.js:24:61)
       at Object.userId [as selectByUserId] (/home/gildas/projects/marmelab/javascript-boilerplate/src/api/orders/orderRepository.js:24:61)
       at Object.userId [as selectByUserId] (/home/gildas/projects/marmelab/javascript-boilerplate/src/api/orders/orderRepository.js:24:61)
       at Object.userId [as selectByUserId] (/home/gildas/projects/marmelab/javascript-boilerplate/src/api/orders/orderRepository.js:24:61)
       at Object.userId [as selectByUserId] (/home/gildas/projects/marmelab/javascript-boilerplate/src/api/orders/orderRepository.js:24:61)
       at Object.userId [as selectByUserId] (/home/gildas/projects/marmelab/javascript-boilerplate/src/api/orders/orderRepository.js:24:61)
       at Object.userId [as selectByUserId] (/home/gildas/projects/marmelab/javascript-boilerplate/src/api/orders/orderRepository.js:24:61)
       at Object.userId [as selectByUserId] (/home/gildas/projects/marmelab/javascript-boilerplate/src/api/orders/orderRepository.js:24:61)
       at Object.userId [as selectByUserId] (/home/gildas/projects/marmelab/javascript-boilerplate/src/api/orders/orderRepository.js:24:61)
       at Object.userId [as selectByUserId] (/home/gildas/projects/marmelab/javascript-boilerplate/src/api/orders/orderRepository.js:24:61)
       at Object.userId [as selectByUserId] (/home/gildas/projects/marmelab/javascript-boilerplate/src/api/orders/orderRepository.js:24:61)
       at Object.userId [as selectByUserId] (/home/gildas/projects/marmelab/javascript-boilerplate/src/api/orders/orderRepository.js:24:61)
       at Object.userId [as selectByUserId] (/home/gildas/projects/marmelab/javascript-boilerplate/src/api/orders/orderRepository.js:24:61)
       at Object.userId [as selectByUserId] (/home/gildas/projects/marmelab/javascript-boilerplate/src/api/orders/orderRepository.js:24:61)
       at Object.userId [as selectByUserId] (/home/gildas/projects/marmelab/javascript-boilerplate/src/api/orders/orderRepository.js:24:61)
       at Object.userId [as selectByUserId] (/home/gildas/projects/marmelab/javascript-boilerplate/src/api/orders/orderRepository.js:24:61)
       at Object.userId [as selectByUserId] (/home/gildas/projects/marmelab/javascript-boilerplate/src/api/orders/orderRepository.js:24:61)
       at Object.userId [as selectByUserId] (/home/gildas/projects/marmelab/javascript-boilerplate/src/api/orders/orderRepository.js:24:61)
       at Object.userId [as selectByUserId] (/home/gildas/projects/marmelab/javascript-boilerplate/src/api/orders/orderRepository.js:24:61)
       at Object.userId [as selectByUserId] (/home/gildas/projects/marmelab/javascript-boilerplate/src/api/orders/orderRepository.js:24:61)
       at Object.userId [as selectByUserId] (/home/gildas/projects/marmelab/javascript-boilerplate/src/api/orders/orderRepository.js:24:61)
       at Object.userId [as selectByUserId] (/home/gildas/projects/marmelab/javascript-boilerplate/src/api/orders/orderRepository.js:24:61)
       at Object.userId [as selectByUserId] (/home/gildas/projects/marmelab/javascript-boilerplate/src/api/orders/orderRepository.js:24:61)
       at Object.userId [as selectByUserId] (/home/gildas/projects/marmelab/javascript-boilerplate/src/api/orders/orderRepository.js:24:61)
       at Object.userId [as selectByUserId] (/home/gildas/projects/marmelab/javascript-boilerplate/src/api/orders/orderRepository.js:24:61)
       at Object.userId [as selectByUserId] (/home/gildas/projects/marmelab/javascript-boilerplate/src/api/orders/orderRepository.js:24:61)
       at Object.userId [as selectByUserId] (/home/gildas/projects/marmelab/javascript-boilerplate/src/api/orders/orderRepository.js:24:61)
       at Object.userId [as selectByUserId] (/home/gildas/projects/marmelab/javascript-boilerplate/src/api/orders/orderRepository.js:24:61)
       at Object.userId [as selectByUserId] (/home/gildas/projects/marmelab/javascript-boilerplate/src/api/orders/orderRepository.js:24:61)
       at Object.userId [as selectByUserId] (/home/gildas/projects/marmelab/javascript-boilerplate/src/api/orders/orderRepository.js:24:61)
       at Object.userId [as selectByUserId] (/home/gildas/projects/marmelab/javascript-boilerplate/src/api/orders/orderRepository.js:24:61)
       at Object.userId [as selectByUserId] (/home/gildas/projects/marmelab/javascript-boilerplate/src/api/orders/orderRepository.js:24:61)
       at Object.userId [as selectByUserId] (/home/gildas/projects/marmelab/javascript-boilerplate/src/api/orders/orderRepository.js:24:61)
       at Object.userId [as selectByUserId] (/home/gildas/projects/marmelab/javascript-boilerplate/src/api/orders/orderRepository.js:24:61)
       at Object.userId [as selectByUserId] (/home/gildas/projects/marmelab/javascript-boilerplate/src/api/orders/orderRepository.js:24:61)
       at Object.userId [as selectByUserId] (/home/gildas/projects/marmelab/javascript-boilerplate/src/api/orders/orderRepository.js:24:61)
       at Object.userId [as selectByUserId] (/home/gildas/projects/marmelab/javascript-boilerplate/src/api/orders/orderRepository.js:24:61)
       at Object.userId [as selectByUserId] (/home/gildas/projects/marmelab/javascript-boilerplate/src/api/orders/orderRepository.js:24:61)
       at Object.userId [as selectByUserId] (/home/gildas/projects/marmelab/javascript-boilerplate/src/api/orders/orderRepository.js:24:61)
       at Object.userId [as selectByUserId] (/home/gildas/projects/marmelab/javascript-boilerplate/src/api/orders/orderRepository.js:24:61)
       at Object.userId [as selectByUserId] (/home/gildas/projects/marmelab/javascript-boilerplate/src/api/orders/orderRepository.js:24:61)
       at Object.userId [as selectByUserId] (/home/gildas/projects/marmelab/javascript-boilerplate/src/api/orders/orderRepository.js:24:61)
       at Object.userId [as selectByUserId] (/home/gildas/projects/marmelab/javascript-boilerplate/src/api/orders/orderRepository.js:24:61)
       at Object.userId [as selectByUserId] (/home/gildas/projects/marmelab/javascript-boilerplate/src/api/orders/orderRepository.js:24:61)
       at Object.userId [as selectByUserId] (/home/gildas/projects/marmelab/javascript-boilerplate/src/api/orders/orderRepository.js:24:61)
       at Object.userId [as selectByUserId] (/home/gildas/projects/marmelab/javascript-boilerplate/src/api/orders/orderRepository.js:24:61)
       at Object.userId [as selectByUserId] (/home/gildas/projects/marmelab/javascript-boilerplate/src/api/orders/orderRepository.js:24:61)
       at Object.userId [as selectByUserId] (/home/gildas/projects/marmelab/javascript-boilerplate/src/api/orders/orderRepository.js:24:61)
       at Object.userId [as selectByUserId] (/home/gildas/projects/marmelab/javascript-boilerplate/src/api/orders/orderRepository.js:24:61)
       at Object.userId [as selectByUserId] (/home/gildas/projects/marmelab/javascript-boilerplate/src/api/orders/orderRepository.js:24:61)
       at Object.userId [as selectByUserId] (/home/gildas/projects/marmelab/javascript-boilerplate/src/api/orders/orderRepository.js:24:61)
       at Object.userId [as selectByUserId] (/home/gildas/projects/marmelab/javascript-boilerplate/src/api/orders/orderRepository.js:24:61)
       at Object.userId [as selectByUserId] (/home/gildas/projects/marmelab/javascript-boilerplate/src/api/orders/orderRepository.js:24:61)
       at Object.userId [as selectByUserId] (/home/gildas/projects/marmelab/javascript-boilerplate/src/api/orders/orderRepository.js:24:61)
       at Object.userId [as selectByUserId] (/home/gildas/projects/marmelab/javascript-boilerplate/src/api/orders/orderRepository.js:24:61)
       at Object.userId [as selectByUserId] (/home/gildas/projects/marmelab/javascript-boilerplate/src/api/orders/orderRepository.js:24:61)
       at Object.userId [as selectByUserId] (/home/gildas/projects/marmelab/javascript-boilerplate/src/api/orders/orderRepository.js:24:61)
       at Object.userId [as selectByUserId] (/home/gildas/projects/marmelab/javascript-boilerplate/src/api/orders/orderRepository.js:24:61)
       at Object.userId [as selectByUserId] (/home/gildas/projects/marmelab/javascript-boilerplate/src/api/orders/orderRepository.js:24:61)
       at Object.userId [as selectByUserId] (/home/gildas/projects/marmelab/javascript-boilerplate/src/api/orders/orderRepository.js:24:61)
       at Object.userId [as selectByUserId] (/home/gildas/projects/marmelab/javascript-boilerplate/src/api/orders/orderRepository.js:24:61)
       at Object.userId [as selectByUserId] (/home/gildas/projects/marmelab/javascript-boilerplate/src/api/orders/orderRepository.js:24:61)
       at Object.userId [as selectByUserId] (/home/gildas/projects/marmelab/javascript-boilerplate/src/api/orders/orderRepository.js:24:61)
       at Object.userId [as selectByUserId] (/home/gildas/projects/marmelab/javascript-boilerplate/src/api/orders/orderRepository.js:24:61)
       at Object.userId [as selectByUserId] (/home/gildas/projects/marmelab/javascript-boilerplate/src/api/orders/orderRepository.js:24:61)
       at Object.userId [as selectByUserId] (/home/gildas/projects/marmelab/javascript-boilerplate/src/api/orders/orderRepository.js:24:61)
       at Object.userId [as selectByUserId] (/home/gildas/projects/marmelab/javascript-boilerplate/src/api/orders/orderRepository.js:24:61)
       at Object.userId [as selectByUserId] (/home/gildas/projects/marmelab/javascript-boilerplate/src/api/orders/orderRepository.js:24:61)
       at Object.userId [as selectByUserId] (/home/gildas/projects/marmelab/javascript-boilerplate/src/api/orders/orderRepository.js:24:61)
       at Object.userId [as selectByUserId] (/home/gildas/projects/marmelab/javascript-boilerplate/src/api/orders/orderRepository.js:24:61)
       at Object.userId [as selectByUserId] (/home/gildas/projects/marmelab/javascript-boilerplate/src/api/orders/orderRepository.js:24:61)
       at Object.userId [as selectByUserId] (/home/gildas/projects/marmelab/javascript-boilerplate/src/api/orders/orderRepository.js:24:61)
       at Object.userId [as selectByUserId] (/home/gildas/projects/marmelab/javascript-boilerplate/src/api/orders/orderRepository.js:24:61)
       at Object.userId [as selectByUserId] (/home/gildas/projects/marmelab/javascript-boilerplate/src/api/orders/orderRepository.js:24:61)
       at Object.userId [as selectByUserId] (/home/gildas/projects/marmelab/javascript-boilerplate/src/api/orders/orderRepository.js:24:61)
       at Object.userId [as selectByUserId] (/home/gildas/projects/marmelab/javascript-boilerplate/src/api/orders/orderRepository.js:24:61)
       at Object.userId [as selectByUserId] (/home/gildas/projects/marmelab/javascript-boilerplate/src/api/orders/orderRepository.js:24:61)
       at Object.userId [as selectByUserId] (/home/gildas/projects/marmelab/javascript-boilerplate/src/api/orders/orderRepository.js:24:61)
       at Object.userId [as selectByUserId] (/home/gildas/projects/marmelab/javascript-boilerplate/src/api/orders/orderRepository.js:24:61)
       at Object.userId [as selectByUserId] (/home/gildas/projects/marmelab/javascript-boilerplate/src/api/orders/orderRepository.js:24:61)
       at Object.userId [as selectByUserId] (/home/gildas/projects/marmelab/javascript-boilerplate/src/api/orders/orderRepository.js:24:61)
       at Object.userId [as selectByUserId] (/home/gildas/projects/marmelab/javascript-boilerplate/src/api/orders/orderRepository.js:24:61)
       at Object.userId [as selectByUserId] (/home/gildas/projects/marmelab/javascript-boilerplate/src/api/orders/orderRepository.js:24:61)
       at Object.userId [as selectByUserId] (/home/gildas/projects/marmelab/javascript-boilerplate/src/api/orders/orderRepository.js:24:61)
       at Object.userId [as selectByUserId] (/home/gildas/projects/marmelab/javascript-boilerplate/src/api/orders/orderRepository.js:24:61)
       at Object.userId [as selectByUserId] (/home/gildas/projects/marmelab/javascript-boilerplate/src/api/orders/orderRepository.js:24:61)
       at Object.userId [as selectByUserId] (/home/gildas/projects/marmelab/javascript-boilerplate/src/api/orders/orderRepository.js:24:61)
       at Object.userId [as selectByUserId] (/home/gildas/projects/marmelab/javascript-boilerplate/src/api/orders/orderRepository.js:24:61)
       at Object.userId [as selectByUserId] (/home/gildas/projects/marmelab/javascript-boilerplate/src/api/orders/orderRepository.js:24:61)
       at Object.userId [as selectByUserId] (/home/gildas/projects/marmelab/javascript-boilerplate/src/api/orders/orderRepository.js:24:61)
       at Object.userId [as selectByUserId] (/home/gildas/projects/marmelab/javascript-boilerplate/src/api/orders/orderRepository.js:24:61)
       at Object.userId [as selectByUserId] (/home/gildas/projects/marmelab/javascript-boilerplate/src/api/orders/orderRepository.js:24:61)
       at Object.userId [as selectByUserId] (/home/gildas/projects/marmelab/javascript-boilerplate/src/api/orders/orderRepository.js:24:61)
       at Object.userId [as selectByUserId] (/home/gildas/projects/marmelab/javascript-boilerplate/src/api/orders/orderRepository.js:24:61)
       at Object.userId [as selectByUserId] (/home/gildas/projects/marmelab/javascript-boilerplate/src/api/orders/orderRepository.js:24:61)
       at Object.userId [as selectByUserId] (/home/gildas/projects/marmelab/javascript-boilerplate/src/api/orders/orderRepository.js:24:61)
       at Object.userId [as selectByUserId] (/home/gildas/projects/marmelab/javascript-boilerplate/src/api/orders/orderRepository.js:24:61)
       at Object.userId [as selectByUserId] (/home/gildas/projects/marmelab/javascript-boilerplate/src/api/orders/orderRepository.js:24:61)
       at Object.userId [as selectByUserId] (/home/gildas/projects/marmelab/javascript-boilerplate/src/api/orders/orderRepository.js:24:61)
       at Object.userId [as selectByUserId] (/home/gildas/projects/marmelab/javascript-boilerplate/src/api/orders/orderRepository.js:24:61)
       at Object.userId [as selectByUserId] (/home/gildas/projects/marmelab/javascript-boilerplate/src/api/orders/orderRepository.js:24:61)
       at Object.userId [as selectByUserId] (/home/gildas/projects/marmelab/javascript-boilerplate/src/api/orders/orderRepository.js:24:61)
       at Object.userId [as selectByUserId] (/home/gildas/projects/marmelab/javascript-boilerplate/src/api/orders/orderRepository.js:24:61)
       at Object.userId [as selectByUserId] (/home/gildas/projects/marmelab/javascript-boilerplate/src/api/orders/orderRepository.js:24:61)
       at Object.userId [as selectByUserId] (/home/gildas/projects/marmelab/javascript-boilerplate/src/api/orders/orderRepository.js:24:61)
       at Object.userId [as selectByUserId] (/home/gildas/projects/marmelab/javascript-boilerplate/src/api/orders/orderRepository.js:24:61)
       at Object.userId [as selectByUserId] (/home/gildas/projects/marmelab/javascript-boilerplate/src/api/orders/orderRepository.js:24:61)
       at Object.userId [as selectByUserId] (/home/gildas/projects/marmelab/javascript-boilerplate/src/api/orders/orderRepository.js:24:61)
       at Object.userId [as selectByUserId] (/home/gildas/projects/marmelab/javascript-boilerplate/src/api/orders/orderRepository.js:24:61)
       at Object.userId [as selectByUserId] (/home/gildas/projects/marmelab/javascript-boilerplate/src/api/orders/orderRepository.js:24:61)
       at Object.userId [as selectByUserId] (/home/gildas/projects/marmelab/javascript-boilerplate/src/api/orders/orderRepository.js:24:61)
       at Object.userId [as selectByUserId] (/home/gildas/projects/marmelab/javascript-boilerplate/src/api/orders/orderRepository.js:24:61)
       at Object.userId [as selectByUserId] (/home/gildas/projects/marmelab/javascript-boilerplate/src/api/orders/orderRepository.js:24:61)
       at Object.userId [as selectByUserId] (/home/gildas/projects/marmelab/javascript-boilerplate/src/api/orders/orderRepository.js:24:61)
       at Object.userId [as selectByUserId] (/home/gildas/projects/marmelab/javascript-boilerplate/src/api/orders/orderRepository.js:24:61)
       at Object.userId [as selectByUserId] (/home/gildas/projects/marmelab/javascript-boilerplate/src/api/orders/orderRepository.js:24:61)
       at Object.userId [as selectByUserId] (/home/gildas/projects/marmelab/javascript-boilerplate/src/api/orders/orderRepository.js:24:61)
       at Object.userId [as selectByUserId] (/home/gildas/projects/marmelab/javascript-boilerplate/src/api/orders/orderRepository.js:24:61)
       at Object.userId [as selectByUserId] (/home/gildas/projects/marmelab/javascript-boilerplate/src/api/orders/orderRepository.js:24:61)
       at Object.userId [as selectByUserId] (/home/gildas/projects/marmelab/javascript-boilerplate/src/api/orders/orderRepository.js:24:61)
       at Object.userId [as selectByUserId] (/home/gildas/projects/marmelab/javascript-boilerplate/src/api/orders/orderRepository.js:24:61)
       at Object.userId [as selectByUserId] (/home/gildas/projects/marmelab/javascript-boilerplate/src/api/orders/orderRepository.js:24:61)
       at Object.userId [as selectByUserId] (/home/gildas/projects/marmelab/javascript-boilerplate/src/api/orders/orderRepository.js:24:61)
       at Object.userId [as selectByUserId] (/home/gildas/projects/marmelab/javascript-boilerplate/src/api/orders/orderRepository.js:24:61)
       at Object.userId [as selectByUserId] (/home/gildas/projects/marmelab/javascript-boilerplate/src/api/orders/orderRepository.js:24:61)
       at Object.userId [as selectByUserId] (/home/gildas/projects/marmelab/javascript-boilerplate/src/api/orders/orderRepository.js:24:61)
       at Object.userId [as selectByUserId] (/home/gildas/projects/marmelab/javascript-boilerplate/src/api/orders/orderRepository.js:24:61)
       at Object.userId [as selectByUserId] (/home/gildas/projects/marmelab/javascript-boilerplate/src/api/orders/orderRepository.js:24:61)
       at Object.userId [as selectByUserId] (/home/gildas/projects/marmelab/javascript-boilerplate/src/api/orders/orderRepository.js:24:61)
       at Object.userId [as selectByUserId] (/home/gildas/projects/marmelab/javascript-boilerplate/src/api/orders/orderRepository.js:24:61)
       at Object.userId [as selectByUserId] (/home/gildas/projects/marmelab/javascript-boilerplate/src/api/orders/orderRepository.js:24:61)
       at Object.userId [as selectByUserId] (/home/gildas/projects/marmelab/javascript-boilerplate/src/api/orders/orderRepository.js:24:61)
       at Object.userId [as selectByUserId] (/home/gildas/projects/marmelab/javascript-boilerplate/src/api/orders/orderRepository.js:24:61)
       at Object.userId [as selectByUserId] (/home/gildas/projects/marmelab/javascript-boilerplate/src/api/orders/orderRepository.js:24:61)
       at Object.userId [as selectByUserId] (/home/gildas/projects/marmelab/javascript-boilerplate/src/api/orders/orderRepository.js:24:61)
       at Object.userId [as selectByUserId] (/home/gildas/projects/marmelab/javascript-boilerplate/src/api/orders/orderRepository.js:24:61)
       at Object.userId [as selectByUserId] (/home/gildas/projects/marmelab/javascript-boilerplate/src/api/orders/orderRepository.js:24:61)
       at Object.userId [as selectByUserId] (/home/gildas/projects/marmelab/javascript-boilerplate/src/api/orders/orderRepository.js:24:61)
       at Object.userId [as selectByUserId] (/home/gildas/projects/marmelab/javascript-boilerplate/src/api/orders/orderRepository.js:24:61)
       at Object.userId [as selectByUserId] (/home/gildas/projects/marmelab/javascript-boilerplate/src/api/orders/orderRepository.js:24:61)
       at Object.userId [as selectByUserId] (/home/gildas/projects/marmelab/javascript-boilerplate/src/api/orders/orderRepository.js:24:61)
       at Object.userId [as selectByUserId] (/home/gildas/projects/marmelab/javascript-boilerplate/src/api/orders/orderRepository.js:24:61)
       at Object.userId [as selectByUserId] (/home/gildas/projects/marmelab/javascript-boilerplate/src/api/orders/orderRepository.js:24:61)
       at Object.userId [as selectByUserId] (/home/gildas/projects/marmelab/javascript-boilerplate/src/api/orders/orderRepository.js:24:61)
       at Object.userId [as selectByUserId] (/home/gildas/projects/marmelab/javascript-boilerplate/src/api/orders/orderRepository.js:24:61)
       at Object.userId [as selectByUserId] (/home/gildas/projects/marmelab/javascript-boilerplate/src/api/orders/orderRepository.js:24:61)
       at Object.userId [as selectByUserId] (/home/gildas/projects/marmelab/javascript-boilerplate/src/api/orders/orderRepository.js:24:61)
       at Object.userId [as selectByUserId] (/home/gildas/projects/marmelab/javascript-boilerplate/src/api/orders/orderRepository.js:24:61)
       at Object.userId [as selectByUserId] (/home/gildas/projects/marmelab/javascript-boilerplate/src/api/orders/orderRepository.js:24:61)
       at Object.userId [as selectByUserId] (/home/gildas/projects/marmelab/javascript-boilerplate/src/api/orders/orderRepository.js:24:61)
       at Object.userId [as selectByUserId] (/home/gildas/projects/marmelab/javascript-boilerplate/src/api/orders/orderRepository.js:24:61)
       at Object.userId [as selectByUserId] (/home/gildas/projects/marmelab/javascript-boilerplate/src/api/orders/orderRepository.js:24:61)
       at Object.userId [as selectByUserId] (/home/gildas/projects/marmelab/javascript-boilerplate/src/api/orders/orderRepository.js:24:61)
       at Object.userId [as selectByUserId] (/home/gildas/projects/marmelab/javascript-boilerplate/src/api/orders/orderRepository.js:24:61)
       at Object.userId [as selectByUserId] (/home/gildas/projects/marmelab/javascript-boilerplate/src/api/orders/orderRepository.js:24:61)
       at Object.userId [as selectByUserId] (/home/gildas/projects/marmelab/javascript-boilerplate/src/api/orders/orderRepository.js:24:61)
       at Object.userId [as selectByUserId] (/home/gildas/projects/marmelab/javascript-boilerplate/src/api/orders/orderRepository.js:24:61)
       at Object.userId [as selectByUserId] (/home/gildas/projects/marmelab/javascript-boilerplate/src/api/orders/orderRepository.js:24:61)
       at Object.userId [as selectByUserId] (/home/gildas/projects/marmelab/javascript-boilerplate/src/api/orders/orderRepository.js:24:61)
       at Object.userId [as selectByUserId] (/home/gildas/projects/marmelab/javascript-boilerplate/src/api/orders/orderRepository.js:24:61)
       at Object.userId [as selectByUserId] (/home/gildas/projects/marmelab/javascript-boilerplate/src/api/orders/orderRepository.js:24:61)
       at Object.userId [as selectByUserId] (/home/gildas/projects/marmelab/javascript-boilerplate/src/api/orders/orderRepository.js:24:61)
       at Object.userId [as selectByUserId] (/home/gildas/projects/marmelab/javascript-boilerplate/src/api/orders/orderRepository.js:24:61)
       at Object.userId [as selectByUserId] (/home/gildas/projects/marmelab/javascript-boilerplate/src/api/orders/orderRepository.js:24:61)
       at Object.userId [as selectByUserId] (/home/gildas/projects/marmelab/javascript-boilerplate/src/api/orders/orderRepository.js:24:61)
       at Object.userId [as selectByUserId] (/home/gildas/projects/marmelab/javascript-boilerplate/src/api/orders/orderRepository.js:24:61)
       at Object.userId [as selectByUserId] (/home/gildas/projects/marmelab/javascript-boilerplate/src/api/orders/orderRepository.js:24:61)
       at Object.userId [as selectByUserId] (/home/gildas/projects/marmelab/javascript-boilerplate/src/api/orders/orderRepository.js:24:61)
       at Object.userId [as selectByUserId] (/home/gildas/projects/marmelab/javascript-boilerplate/src/api/orders/orderRepository.js:24:61)
       at Object.userId [as selectByUserId] (/home/gildas/projects/marmelab/javascript-boilerplate/src/api/orders/orderRepository.js:24:61)
       at Object.userId [as selectByUserId] (/home/gildas/projects/marmelab/javascript-boilerplate/src/api/orders/orderRepository.js:24:61)
       at Object.userId [as selectByUserId] (/home/gildas/projects/marmelab/javascript-boilerplate/src/api/orders/orderRepository.js:24:61)
       at Object.userId [as selectByUserId] (/home/gildas/projects/marmelab/javascript-boilerplate/src/api/orders/orderRepository.js:24:61)
       at Object.userId [as selectByUserId] (/home/gildas/projects/marmelab/javascript-boilerplate/src/api/orders/orderRepository.js:24:61)
       at Object.userId [as selectByUserId] (/home/gildas/projects/marmelab/javascript-boilerplate/src/api/orders/orderRepository.js:24:61)
       at Object.userId [as selectByUserId] (/home/gildas/projects/marmelab/javascript-boilerplate/src/api/orders/orderRepository.js:24:61)
       at Object.userId [as selectByUserId] (/home/gildas/projects/marmelab/javascript-boilerplate/src/api/orders/orderRepository.js:24:61)
       at Object.userId [as selectByUserId] (/home/gildas/projects/marmelab/javascript-boilerplate/src/api/orders/orderRepository.js:24:61)
       at Object.userId [as selectByUserId] (/home/gildas/projects/marmelab/javascript-boilerplate/src/api/orders/orderRepository.js:24:61)
       at Object.userId [as selectByUserId] (/home/gildas/projects/marmelab/javascript-boilerplate/src/api/orders/orderRepository.js:24:61)
       at Object.userId [as selectByUserId] (/home/gildas/projects/marmelab/javascript-boilerplate/src/api/orders/orderRepository.js:24:61)
       at Object.userId [as selectByUserId] (/home/gildas/projects/marmelab/javascript-boilerplate/src/api/orders/orderRepository.js:24:61)
       at Object.userId [as selectByUserId] (/home/gildas/projects/marmelab/javascript-boilerplate/src/api/orders/orderRepository.js:24:61)
       at Object.userId [as selectByUserId] (/home/gildas/projects/marmelab/javascript-boilerplate/src/api/orders/orderRepository.js:24:61)
       at Object.userId [as selectByUserId] (/home/gildas/projects/marmelab/javascript-boilerplate/src/api/orders/orderRepository.js:24:61)
       at Object.userId [as selectByUserId] (/home/gildas/projects/marmelab/javascript-boilerplate/src/api/orders/orderRepository.js:24:61)
       at Object.userId [as selectByUserId] (/home/gildas/projects/marmelab/javascript-boilerplate/src/api/orders/orderRepository.js:24:61)
       at Object.userId [as selectByUserId] (/home/gildas/projects/marmelab/javascript-boilerplate/src/api/orders/orderRepository.js:24:61)
       at Object.userId [as selectByUserId] (/home/gildas/projects/marmelab/javascript-boilerplate/src/api/orders/orderRepository.js:24:61)
       at Object.userId [as selectByUserId] (/home/gildas/projects/marmelab/javascript-boilerplate/src/api/orders/orderRepository.js:24:61)
       at Object.userId [as selectByUserId] (/home/gildas/projects/marmelab/javascript-boilerplate/src/api/orders/orderRepository.js:24:61)
       at Object.userId [as selectByUserId] (/home/gildas/projects/marmelab/javascript-boilerplate/src/api/orders/orderRepository.js:24:61)
       at Object.userId [as selectByUserId] (/home/gildas/projects/marmelab/javascript-boilerplate/src/api/orders/orderRepository.js:24:61)
       at Object.userId [as selectByUserId] (/home/gildas/projects/marmelab/javascript-boilerplate/src/api/orders/orderRepository.js:24:61)
       at Object.userId [as selectByUserId] (/home/gildas/projects/marmelab/javascript-boilerplate/src/api/orders/orderRepository.js:24:61)
       at Object.userId [as selectByUserId] (/home/gildas/projects/marmelab/javascript-boilerplate/src/api/orders/orderRepository.js:24:61)
       at Object.userId [as selectByUserId] (/home/gildas/projects/marmelab/javascript-boilerplate/src/api/orders/orderRepository.js:24:61)
       at Object.userId [as selectByUserId] (/home/gildas/projects/marmelab/javascript-boilerplate/src/api/orders/orderRepository.js:24:61)
       at Object.userId [as selectByUserId] (/home/gildas/projects/marmelab/javascript-boilerplate/src/api/orders/orderRepository.js:24:61)
       at Object.userId [as selectByUserId] (/home/gildas/projects/marmelab/javascript-boilerplate/src/api/orders/orderRepository.js:24:61)
       at Object.userId [as selectByUserId] (/home/gildas/projects/marmelab/javascript-boilerplate/src/api/orders/orderRepository.js:24:61)
       at Object.userId [as selectByUserId] (/home/gildas/projects/marmelab/javascript-boilerplate/src/api/orders/orderRepository.js:24:61)
       at Object.userId [as selectByUserId] (/home/gildas/projects/marmelab/javascript-boilerplate/src/api/orders/orderRepository.js:24:61)
       at Object.userId [as selectByUserId] (/home/gildas/projects/marmelab/javascript-boilerplate/src/api/orders/orderRepository.js:24:61)
       at Object.userId [as selectByUserId] (/home/gildas/projects/marmelab/javascript-boilerplate/src/api/orders/orderRepository.js:24:61)
       at Object.userId [as selectByUserId] (/home/gildas/projects/marmelab/javascript-boilerplate/src/api/orders/orderRepository.js:24:61)
       at Object.userId [as selectByUserId] (/home/gildas/projects/marmelab/javascript-boilerplate/src/api/orders/orderRepository.js:24:61)
       at Object.userId [as selectByUserId] (/home/gildas/projects/marmelab/javascript-boilerplate/src/api/orders/orderRepository.js:24:61)
       at Object.userId [as selectByUserId] (/home/gildas/projects/marmelab/javascript-boilerplate/src/api/orders/orderRepository.js:24:61)
       at Object.userId [as selectByUserId] (/home/gildas/projects/marmelab/javascript-boilerplate/src/api/orders/orderRepository.js:24:61)
       at Object.userId [as selectByUserId] (/home/gildas/projects/marmelab/javascript-boilerplate/src/api/orders/orderRepository.js:24:61)
       at Object.userId [as selectByUserId] (/home/gildas/projects/marmelab/javascript-boilerplate/src/api/orders/orderRepository.js:24:61)
       at Object.userId [as selectByUserId] (/home/gildas/projects/marmelab/javascript-boilerplate/src/api/orders/orderRepository.js:24:61)
       at Object.userId [as selectByUserId] (/home/gildas/projects/marmelab/javascript-boilerplate/src/api/orders/orderRepository.js:24:61)
       at Object.userId [as selectByUserId] (/home/gildas/projects/marmelab/javascript-boilerplate/src/api/orders/orderRepository.js:24:61)
       at Object.userId [as selectByUserId] (/home/gildas/projects/marmelab/javascript-boilerplate/src/api/orders/orderRepository.js:24:61)
       at Object.userId [as selectByUserId] (/home/gildas/projects/marmelab/javascript-boilerplate/src/api/orders/orderRepository.js:24:61)
       at Object.userId [as selectByUserId] (/home/gildas/projects/marmelab/javascript-boilerplate/src/api/orders/orderRepository.js:24:61)
       at Object.userId [as selectByUserId] (/home/gildas/projects/marmelab/javascript-boilerplate/src/api/orders/orderRepository.js:24:61)
       at Object.userId [as selectByUserId] (/home/gildas/projects/marmelab/javascript-boilerplate/src/api/orders/orderRepository.js:24:61)
       at Object.userId [as selectByUserId] (/home/gildas/projects/marmelab/javascript-boilerplate/src/api/orders/orderRepository.js:24:61)
       at Object.userId [as selectByUserId] (/home/gildas/projects/marmelab/javascript-boilerplate/src/api/orders/orderRepository.js:24:61)
       at Object.userId [as selectByUserId] (/home/gildas/projects/marmelab/javascript-boilerplate/src/api/orders/orderRepository.js:24:61)
       at Object.userId [as selectByUserId] (/home/gildas/projects/marmelab/javascript-boilerplate/src/api/orders/orderRepository.js:24:61)
       at Object.userId [as selectByUserId] (/home/gildas/projects/marmelab/javascript-boilerplate/src/api/orders/orderRepository.js:24:61)
       at Object.userId [as selectByUserId] (/home/gildas/projects/marmelab/javascript-boilerplate/src/api/orders/orderRepository.js:24:61)
       at Object.userId [as selectByUserId] (/home/gildas/projects/marmelab/javascript-boilerplate/src/api/orders/orderRepository.js:24:61)
       at Object.userId [as selectByUserId] (/home/gildas/projects/marmelab/javascript-boilerplate/src/api/orders/orderRepository.js:24:61)
       at Object.userId [as selectByUserId] (/home/gildas/projects/marmelab/javascript-boilerplate/src/api/orders/orderRepository.js:24:61)
       at Object.userId [as selectByUserId] (/home/gildas/projects/marmelab/javascript-boilerplate/src/api/orders/orderRepository.js:24:61)
       at Object.userId [as selectByUserId] (/home/gildas/projects/marmelab/javascript-boilerplate/src/api/orders/orderRepository.js:24:61)
       at Object.userId [as selectByUserId] (/home/gildas/projects/marmelab/javascript-boilerplate/src/api/orders/orderRepository.js:24:61)
       at Object.userId [as selectByUserId] (/home/gildas/projects/marmelab/javascript-boilerplate/src/api/orders/orderRepository.js:24:61)
       at Object.userId [as selectByUserId] (/home/gildas/projects/marmelab/javascript-boilerplate/src/api/orders/orderRepository.js:24:61)
       at Object.userId [as selectByUserId] (/home/gildas/projects/marmelab/javascript-boilerplate/src/api/orders/orderRepository.js:24:61)
       at Object.userId [as selectByUserId] (/home/gildas/projects/marmelab/javascript-boilerplate/src/api/orders/orderRepository.js:24:61)
       at Object.userId [as selectByUserId] (/home/gildas/projects/marmelab/javascript-boilerplate/src/api/orders/orderRepository.js:24:61)
       at Object.userId [as selectByUserId] (/home/gildas/projects/marmelab/javascript-boilerplate/src/api/orders/orderRepository.js:24:61)
       at Object.userId [as selectByUserId] (/home/gildas/projects/marmelab/javascript-boilerplate/src/api/orders/orderRepository.js:24:61)
       at Object.userId [as selectByUserId] (/home/gildas/projects/marmelab/javascript-boilerplate/src/api/orders/orderRepository.js:24:61)
       at Object.userId [as selectByUserId] (/home/gildas/projects/marmelab/javascript-boilerplate/src/api/orders/orderRepository.js:24:61)
       at Object.userId [as selectByUserId] (/home/gildas/projects/marmelab/javascript-boilerplate/src/api/orders/orderRepository.js:24:61)
       at Object.userId [as selectByUserId] (/home/gildas/projects/marmelab/javascript-boilerplate/src/api/orders/orderRepository.js:24:61)
       at Object.userId [as selectByUserId] (/home/gildas/projects/marmelab/javascript-boilerplate/src/api/orders/orderRepository.js:24:61)
       at Object.userId [as selectByUserId] (/home/gildas/projects/marmelab/javascript-boilerplate/src/api/orders/orderRepository.js:24:61)
       at Object.userId [as selectByUserId] (/home/gildas/projects/marmelab/javascript-boilerplate/src/api/orders/orderRepository.js:24:61)
       at Object.userId [as selectByUserId] (/home/gildas/projects/marmelab/javascript-boilerplate/src/api/orders/orderRepository.js:24:61)
       at Object.userId [as selectByUserId] (/home/gildas/projects/marmelab/javascript-boilerplate/src/api/orders/orderRepository.js:24:61)
       at Object.userId [as selectByUserId] (/home/gildas/projects/marmelab/javascript-boilerplate/src/api/orders/orderRepository.js:24:61)
       at Object.userId [as selectByUserId] (/home/gildas/projects/marmelab/javascript-boilerplate/src/api/orders/orderRepository.js:24:61)
       at Object.userId [as selectByUserId] (/home/gildas/projects/marmelab/javascript-boilerplate/src/api/orders/orderRepository.js:24:61)
       at Object.userId [as selectByUserId] (/home/gildas/projects/marmelab/javascript-boilerplate/src/api/orders/orderRepository.js:24:61)
       at Object.userId [as selectByUserId] (/home/gildas/projects/marmelab/javascript-boilerplate/src/api/orders/orderRepository.js:24:61)
       at Object.userId [as selectByUserId] (/home/gildas/projects/marmelab/javascript-boilerplate/src/api/orders/orderRepository.js:24:61)
       at Object.userId [as selectByUserId] (/home/gildas/projects/marmelab/javascript-boilerplate/src/api/orders/orderRepository.js:24:61)
       at Object.userId [as selectByUserId] (/home/gildas/projects/marmelab/javascript-boilerplate/src/api/orders/orderRepository.js:24:61)
       at Object.userId [as selectByUserId] (/home/gildas/projects/marmelab/javascript-boilerplate/src/api/orders/orderRepository.js:24:61)
       at Object.userId [as selectByUserId] (/home/gildas/projects/marmelab/javascript-boilerplate/src/api/orders/orderRepository.js:24:61)
       at Object.userId [as selectByUserId] (/home/gildas/projects/marmelab/javascript-boilerplate/src/api/orders/orderRepository.js:24:61)
       at Object.userId [as selectByUserId] (/home/gildas/projects/marmelab/javascript-boilerplate/src/api/orders/orderRepository.js:24:61)
       at Object.userId [as selectByUserId] (/home/gildas/projects/marmelab/javascript-boilerplate/src/api/orders/orderRepository.js:24:61)
       at Object.userId [as selectByUserId] (/home/gildas/projects/marmelab/javascript-boilerplate/src/api/orders/orderRepository.js:24:61)
       at Object.userId [as selectByUserId] (/home/gildas/projects/marmelab/javascript-boilerplate/src/api/orders/orderRepository.js:24:61)
       at Object.userId [as selectByUserId] (/home/gildas/projects/marmelab/javascript-boilerplate/src/api/orders/orderRepository.js:24:61)
       at Object.userId [as selectByUserId] (/home/gildas/projects/marmelab/javascript-boilerplate/src/api/orders/orderRepository.js:24:61)
       at Object.userId [as selectByUserId] (/home/gildas/projects/marmelab/javascript-boilerplate/src/api/orders/orderRepository.js:24:61)
       at Object.userId [as selectByUserId] (/home/gildas/projects/marmelab/javascript-boilerplate/src/api/orders/orderRepository.js:24:61)
       at Object.userId [as selectByUserId] (/home/gildas/projects/marmelab/javascript-boilerplate/src/api/orders/orderRepository.js:24:61)
       at Object.userId [as selectByUserId] (/home/gildas/projects/marmelab/javascript-boilerplate/src/api/orders/orderRepository.js:24:61)
       at Object.userId [as selectByUserId] (/home/gildas/projects/marmelab/javascript-boilerplate/src/api/orders/orderRepository.js:24:61)
       at Object.userId [as selectByUserId] (/home/gildas/projects/marmelab/javascript-boilerplate/src/api/orders/orderRepository.js:24:61)
       at Object.userId [as selectByUserId] (/home/gildas/projects/marmelab/javascript-boilerplate/src/api/orders/orderRepository.js:24:61)
       at Object.userId [as selectByUserId] (/home/gildas/projects/marmelab/javascript-boilerplate/src/api/orders/orderRepository.js:24:61)
       at Object.userId [as selectByUserId] (/home/gildas/projects/marmelab/javascript-boilerplate/src/api/orders/orderRepository.js:24:61)
       at Object.userId [as selectByUserId] (/home/gildas/projects/marmelab/javascript-boilerplate/src/api/orders/orderRepository.js:24:61)
       at Object.userId [as selectByUserId] (/home/gildas/projects/marmelab/javascript-boilerplate/src/api/orders/orderRepository.js:24:61)
       at Object.userId [as selectByUserId] (/home/gildas/projects/marmelab/javascript-boilerplate/src/api/orders/orderRepository.js:24:61)
       at Object.userId [as selectByUserId] (/home/gildas/projects/marmelab/javascript-boilerplate/src/api/orders/orderRepository.js:24:61)
       at Object.userId [as selectByUserId] (/home/gildas/projects/marmelab/javascript-boilerplate/src/api/orders/orderRepository.js:24:61)
       at Object.userId [as selectByUserId] (/home/gildas/projects/marmelab/javascript-boilerplate/src/api/orders/orderRepository.js:24:61)
       at Object.userId [as selectByUserId] (/home/gildas/projects/marmelab/javascript-boilerplate/src/api/orders/orderRepository.js:24:61)
       at Object.userId [as selectByUserId] (/home/gildas/projects/marmelab/javascript-boilerplate/src/api/orders/orderRepository.js:24:61)
       at Object.userId [as selectByUserId] (/home/gildas/projects/marmelab/javascript-boilerplate/src/api/orders/orderRepository.js:24:61)
       at Object.userId [as selectByUserId] (/home/gildas/projects/marmelab/javascript-boilerplate/src/api/orders/orderRepository.js:24:61)
       at Object.userId [as selectByUserId] (/home/gildas/projects/marmelab/javascript-boilerplate/src/api/orders/orderRepository.js:24:61)
       at Object.userId [as selectByUserId] (/home/gildas/projects/marmelab/javascript-boilerplate/src/api/orders/orderRepository.js:24:61)
       at Object.userId [as selectByUserId] (/home/gildas/projects/marmelab/javascript-boilerplate/src/api/orders/orderRepository.js:24:61)
       at Object.userId [as selectByUserId] (/home/gildas/projects/marmelab/javascript-boilerplate/src/api/orders/orderRepository.js:24:61)
       at Object.userId [as selectByUserId] (/home/gildas/projects/marmelab/javascript-boilerplate/src/api/orders/orderRepository.js:24:61)
       at Object.userId [as selectByUserId] (/home/gildas/projects/marmelab/javascript-boilerplate/src/api/orders/orderRepository.js:24:61)
       at Object.userId [as selectByUserId] (/home/gildas/projects/marmelab/javascript-boilerplate/src/api/orders/orderRepository.js:24:61)
       at Object.userId [as selectByUserId] (/home/gildas/projects/marmelab/javascript-boilerplate/src/api/orders/orderRepository.js:24:61)
       at Object.userId [as selectByUserId] (/home/gildas/projects/marmelab/javascript-boilerplate/src/api/orders/orderRepository.js:24:61)
       at Object.userId [as selectByUserId] (/home/gildas/projects/marmelab/javascript-boilerplate/src/api/orders/orderRepository.js:24:61)
       at Object.userId [as selectByUserId] (/home/gildas/projects/marmelab/javascript-boilerplate/src/api/orders/orderRepository.js:24:61)
       at Object.userId [as selectByUserId] (/home/gildas/projects/marmelab/javascript-boilerplate/src/api/orders/orderRepository.js:24:61)
       at Object.userId [as selectByUserId] (/home/gildas/projects/marmelab/javascript-boilerplate/src/api/orders/orderRepository.js:24:61)
       at Object.userId [as selectByUserId] (/home/gildas/projects/marmelab/javascript-boilerplate/src/api/orders/orderRepository.js:24:61)
       at Object.userId [as selectByUserId] (/home/gildas/projects/marmelab/javascript-boilerplate/src/api/orders/orderRepository.js:24:61)
       at Object.userId [as selectByUserId] (/home/gildas/projects/marmelab/javascript-boilerplate/src/api/orders/orderRepository.js:24:61)
       at Object.userId [as selectByUserId] (/home/gildas/projects/marmelab/javascript-boilerplate/src/api/orders/orderRepository.js:24:61)
       at Object.userId [as selectByUserId] (/home/gildas/projects/marmelab/javascript-boilerplate/src/api/orders/orderRepository.js:24:61)
       at Object.userId [as selectByUserId] (/home/gildas/projects/marmelab/javascript-boilerplate/src/api/orders/orderRepository.js:24:61)
       at Object.userId [as selectByUserId] (/home/gildas/projects/marmelab/javascript-boilerplate/src/api/orders/orderRepository.js:24:61)
       at Object.userId [as selectByUserId] (/home/gildas/projects/marmelab/javascript-boilerplate/src/api/orders/orderRepository.js:24:61)
       at Object.userId [as selectByUserId] (/home/gildas/projects/marmelab/javascript-boilerplate/src/api/orders/orderRepository.js:24:61)
       at Object.userId [as selectByUserId] (/home/gildas/projects/marmelab/javascript-boilerplate/src/api/orders/orderRepository.js:24:61)
       at Object.userId [as selectByUserId] (/home/gildas/projects/marmelab/javascript-boilerplate/src/api/orders/orderRepository.js:24:61)
       at Object.userId [as selectByUserId] (/home/gildas/projects/marmelab/javascript-boilerplate/src/api/orders/orderRepository.js:24:61)
       at Object.userId [as selectByUserId] (/home/gildas/projects/marmelab/javascript-boilerplate/src/api/orders/orderRepository.js:24:61)
       at Object.userId [as selectByUserId] (/home/gildas/projects/marmelab/javascript-boilerplate/src/api/orders/orderRepository.js:24:61)
       at Object.userId [as selectByUserId] (/home/gildas/projects/marmelab/javascript-boilerplate/src/api/orders/orderRepository.js:24:61)
       at Object.userId [as selectByUserId] (/home/gildas/projects/marmelab/javascript-boilerplate/src/api/orders/orderRepository.js:24:61)
       at Object.userId [as selectByUserId] (/home/gildas/projects/marmelab/javascript-boilerplate/src/api/orders/orderRepository.js:24:61)
       at Object.userId [as selectByUserId] (/home/gildas/projects/marmelab/javascript-boilerplate/src/api/orders/orderRepository.js:24:61)
       at Object.userId [as selectByUserId] (/home/gildas/projects/marmelab/javascript-boilerplate/src/api/orders/orderRepository.js:24:61)
       at Object.userId [as selectByUserId] (/home/gildas/projects/marmelab/javascript-boilerplate/src/api/orders/orderRepository.js:24:61)
       at Object.userId [as selectByUserId] (/home/gildas/projects/marmelab/javascript-boilerplate/src/api/orders/orderRepository.js:24:61)
       at Object.userId [as selectByUserId] (/home/gildas/projects/marmelab/javascript-boilerplate/src/api/orders/orderRepository.js:24:61)
       at Object.userId [as selectByUserId] (/home/gildas/projects/marmelab/javascript-boilerplate/src/api/orders/orderRepository.js:24:61)
       at Object.userId [as selectByUserId] (/home/gildas/projects/marmelab/javascript-boilerplate/src/api/orders/orderRepository.js:24:61)
       at Object.userId [as selectByUserId] (/home/gildas/projects/marmelab/javascript-boilerplate/src/api/orders/orderRepository.js:24:61)
       at Object.userId [as selectByUserId] (/home/gildas/projects/marmelab/javascript-boilerplate/src/api/orders/orderRepository.js:24:61)
       at Object.userId [as selectByUserId] (/home/gildas/projects/marmelab/javascript-boilerplate/src/api/orders/orderRepository.js:24:61)
       at Object.userId [as selectByUserId] (/home/gildas/projects/marmelab/javascript-boilerplate/src/api/orders/orderRepository.js:24:61)
       at Object.userId [as selectByUserId] (/home/gildas/projects/marmelab/javascript-boilerplate/src/api/orders/orderRepository.js:24:61)
       at Object.userId [as selectByUserId] (/home/gildas/projects/marmelab/javascript-boilerplate/src/api/orders/orderRepository.js:24:61)
       at Object.userId [as selectByUserId] (/home/gildas/projects/marmelab/javascript-boilerplate/src/api/orders/orderRepository.js:24:61)
       at Object.userId [as selectByUserId] (/home/gildas/projects/marmelab/javascript-boilerplate/src/api/orders/orderRepository.js:24:61)
       at Object.userId [as selectByUserId] (/home/gildas/projects/marmelab/javascript-boilerplate/src/api/orders/orderRepository.js:24:61)
       at Object.userId [as selectByUserId] (/home/gildas/projects/marmelab/javascript-boilerplate/src/api/orders/orderRepository.js:24:61)
       at Object.userId [as selectByUserId] (/home/gildas/projects/marmelab/javascript-boilerplate/src/api/orders/orderRepository.js:24:61)
       at Object.userId [as selectByUserId] (/home/gildas/projects/marmelab/javascript-boilerplate/src/api/orders/orderRepository.js:24:61)
       at Object.userId [as selectByUserId] (/home/gildas/projects/marmelab/javascript-boilerplate/src/api/orders/orderRepository.js:24:61)
       at Object.userId [as selectByUserId] (/home/gildas/projects/marmelab/javascript-boilerplate/src/api/orders/orderRepository.js:24:61)
       at Object.userId [as selectByUserId] (/home/gildas/projects/marmelab/javascript-boilerplate/src/api/orders/orderRepository.js:24:61)
       at Object.userId [as selectByUserId] (/home/gildas/projects/marmelab/javascript-boilerplate/src/api/orders/orderRepository.js:24:61)
       at Object.userId [as selectByUserId] (/home/gildas/projects/marmelab/javascript-boilerplate/src/api/orders/orderRepository.js:24:61)
       at Object.userId [as selectByUserId] (/home/gildas/projects/marmelab/javascript-boilerplate/src/api/orders/orderRepository.js:24:61)
       at Object.userId [as selectByUserId] (/home/gildas/projects/marmelab/javascript-boilerplate/src/api/orders/orderRepository.js:24:61)
       at Object.userId [as selectByUserId] (/home/gildas/projects/marmelab/javascript-boilerplate/src/api/orders/orderRepository.js:24:61)
       at Object.userId [as selectByUserId] (/home/gildas/projects/marmelab/javascript-boilerplate/src/api/orders/orderRepository.js:24:61)
       at Object.userId [as selectByUserId] (/home/gildas/projects/marmelab/javascript-boilerplate/src/api/orders/orderRepository.js:24:61)
       at Object.userId [as selectByUserId] (/home/gildas/projects/marmelab/javascript-boilerplate/src/api/orders/orderRepository.js:24:61)
       at Object.userId [as selectByUserId] (/home/gildas/projects/marmelab/javascript-boilerplate/src/api/orders/orderRepository.js:24:61)
       at Object.userId [as selectByUserId] (/home/gildas/projects/marmelab/javascript-boilerplate/src/api/orders/orderRepository.js:24:61)
       at Object.userId [as selectByUserId] (/home/gildas/projects/marmelab/javascript-boilerplate/src/api/orders/orderRepository.js:24:61)
       at Object.userId [as selectByUserId] (/home/gildas/projects/marmelab/javascript-boilerplate/src/api/orders/orderRepository.js:24:61)
       at Object.userId [as selectByUserId] (/home/gildas/projects/marmelab/javascript-boilerplate/src/api/orders/orderRepository.js:24:61)
       at Object.userId [as selectByUserId] (/home/gildas/projects/marmelab/javascript-boilerplate/src/api/orders/orderRepository.js:24:61)
       at Object.userId [as selectByUserId] (/home/gildas/projects/marmelab/javascript-boilerplate/src/api/orders/orderRepository.js:24:61)
       at Object.userId [as selectByUserId] (/home/gildas/projects/marmelab/javascript-boilerplate/src/api/orders/orderRepository.js:24:61)
       at Object.userId [as selectByUserId] (/home/gildas/projects/marmelab/javascript-boilerplate/src/api/orders/orderRepository.js:24:61)
       at Object.userId [as selectByUserId] (/home/gildas/projects/marmelab/javascript-boilerplate/src/api/orders/orderRepository.js:24:61)
       at Object.userId [as selectByUserId] (/home/gildas/projects/marmelab/javascript-boilerplate/src/api/orders/orderRepository.js:24:61)
       at Object.userId [as selectByUserId] (/home/gildas/projects/marmelab/javascript-boilerplate/src/api/orders/orderRepository.js:24:61)
       at Object.userId [as selectByUserId] (/home/gildas/projects/marmelab/javascript-boilerplate/src/api/orders/orderRepository.js:24:61)
       at Object.userId [as selectByUserId] (/home/gildas/projects/marmelab/javascript-boilerplate/src/api/orders/orderRepository.js:24:61)
       at Object.userId [as selectByUserId] (/home/gildas/projects/marmelab/javascript-boilerplate/src/api/orders/orderRepository.js:24:61)
       at Object.userId [as selectByUserId] (/home/gildas/projects/marmelab/javascript-boilerplate/src/api/orders/orderRepository.js:24:61)
       at Object.userId [as selectByUserId] (/home/gildas/projects/marmelab/javascript-boilerplate/src/api/orders/orderRepository.js:24:61)
       at Object.userId [as selectByUserId] (/home/gildas/projects/marmelab/javascript-boilerplate/src/api/orders/orderRepository.js:24:61)
       at Object.userId [as selectByUserId] (/home/gildas/projects/marmelab/javascript-boilerplate/src/api/orders/orderRepository.js:24:61)
       at Object.userId [as selectByUserId] (/home/gildas/projects/marmelab/javascript-boilerplate/src/api/orders/orderRepository.js:24:61)
       at Object.userId [as selectByUserId] (/home/gildas/projects/marmelab/javascript-boilerplate/src/api/orders/orderRepository.js:24:61)
       at Object.userId [as selectByUserId] (/home/gildas/projects/marmelab/javascript-boilerplate/src/api/orders/orderRepository.js:24:61)
       at Object.userId [as selectByUserId] (/home/gildas/projects/marmelab/javascript-boilerplate/src/api/orders/orderRepository.js:24:61)
       at Object.userId [as selectByUserId] (/home/gildas/projects/marmelab/javascript-boilerplate/src/api/orders/orderRepository.js:24:61)
       at Object.userId [as selectByUserId] (/home/gildas/projects/marmelab/javascript-boilerplate/src/api/orders/orderRepository.js:24:61)
       at Object.userId [as selectByUserId] (/home/gildas/projects/marmelab/javascript-boilerplate/src/api/orders/orderRepository.js:24:61)
       at Object.userId [as selectByUserId] (/home/gildas/projects/marmelab/javascript-boilerplate/src/api/orders/orderRepository.js:24:61)
       at Object.userId [as selectByUserId] (/home/gildas/projects/marmelab/javascript-boilerplate/src/api/orders/orderRepository.js:24:61)
       at Object.userId [as selectByUserId] (/home/gildas/projects/marmelab/javascript-boilerplate/src/api/orders/orderRepository.js:24:61)
       at Object.userId [as selectByUserId] (/home/gildas/projects/marmelab/javascript-boilerplate/src/api/orders/orderRepository.js:24:61)
       at Object.userId [as selectByUserId] (/home/gildas/projects/marmelab/javascript-boilerplate/src/api/orders/orderRepository.js:24:61)
       at Object.userId [as selectByUserId] (/home/gildas/projects/marmelab/javascript-boilerplate/src/api/orders/orderRepository.js:24:61)
       at Object.userId [as selectByUserId] (/home/gildas/projects/marmelab/javascript-boilerplate/src/api/orders/orderRepository.js:24:61)
       at Object.userId [as selectByUserId] (/home/gildas/projects/marmelab/javascript-boilerplate/src/api/orders/orderRepository.js:24:61)
       at Object.userId [as selectByUserId] (/home/gildas/projects/marmelab/javascript-boilerplate/src/api/orders/orderRepository.js:24:61)
       at Object.userId [as selectByUserId] (/home/gildas/projects/marmelab/javascript-boilerplate/src/api/orders/orderRepository.js:24:61)
       at Object.userId [as selectByUserId] (/home/gildas/projects/marmelab/javascript-boilerplate/src/api/orders/orderRepository.js:24:61)
       at Object.userId [as selectByUserId] (/home/gildas/projects/marmelab/javascript-boilerplate/src/api/orders/orderRepository.js:24:61)
       at Object.userId [as selectByUserId] (/home/gildas/projects/marmelab/javascript-boilerplate/src/api/orders/orderRepository.js:24:61)
       at Object.userId [as selectByUserId] (/home/gildas/projects/marmelab/javascript-boilerplate/src/api/orders/orderRepository.js:24:61)
       at Object.userId [as selectByUserId] (/home/gildas/projects/marmelab/javascript-boilerplate/src/api/orders/orderRepository.js:24:61)
       at Object.userId [as selectByUserId] (/home/gildas/projects/marmelab/javascript-boilerplate/src/api/orders/orderRepository.js:24:61)
       at Object.userId [as selectByUserId] (/home/gildas/projects/marmelab/javascript-boilerplate/src/api/orders/orderRepository.js:24:61)
       at Object.userId [as selectByUserId] (/home/gildas/projects/marmelab/javascript-boilerplate/src/api/orders/orderRepository.js:24:61)
       at Object.userId [as selectByUserId] (/home/gildas/projects/marmelab/javascript-boilerplate/src/api/orders/orderRepository.js:24:61)
       at Object.userId [as selectByUserId] (/home/gildas/projects/marmelab/javascript-boilerplate/src/api/orders/orderRepository.js:24:61)
       at Object.userId [as selectByUserId] (/home/gildas/projects/marmelab/javascript-boilerplate/src/api/orders/orderRepository.js:24:61)
       at Object.userId [as selectByUserId] (/home/gildas/projects/marmelab/javascript-boilerplate/src/api/orders/orderRepository.js:24:61)
       at Object.userId [as selectByUserId] (/home/gildas/projects/marmelab/javascript-boilerplate/src/api/orders/orderRepository.js:24:61)
       at Object.userId [as selectByUserId] (/home/gildas/projects/marmelab/javascript-boilerplate/src/api/orders/orderRepository.js:24:61)
       at Object.userId [as selectByUserId] (/home/gildas/projects/marmelab/javascript-boilerplate/src/api/orders/orderRepository.js:24:61)
       at Object.userId [as selectByUserId] (/home/gildas/projects/marmelab/javascript-boilerplate/src/api/orders/orderRepository.js:24:61)
       at Object.userId [as selectByUserId] (/home/gildas/projects/marmelab/javascript-boilerplate/src/api/orders/orderRepository.js:24:61)
       at Object.userId [as selectByUserId] (/home/gildas/projects/marmelab/javascript-boilerplate/src/api/orders/orderRepository.js:24:61)
       at Object.userId [as selectByUserId] (/home/gildas/projects/marmelab/javascript-boilerplate/src/api/orders/orderRepository.js:24:61)
       at Object.userId [as selectByUserId] (/home/gildas/projects/marmelab/javascript-boilerplate/src/api/orders/orderRepository.js:24:61)
       at Object.userId [as selectByUserId] (/home/gildas/projects/marmelab/javascript-boilerplate/src/api/orders/orderRepository.js:24:61)
       at Object.userId [as selectByUserId] (/home/gildas/projects/marmelab/javascript-boilerplate/src/api/orders/orderRepository.js:24:61)
       at Object.userId [as selectByUserId] (/home/gildas/projects/marmelab/javascript-boilerplate/src/api/orders/orderRepository.js:24:61)
       at Object.userId [as selectByUserId] (/home/gildas/projects/marmelab/javascript-boilerplate/src/api/orders/orderRepository.js:24:61)
       at Object.userId [as selectByUserId] (/home/gildas/projects/marmelab/javascript-boilerplate/src/api/orders/orderRepository.js:24:61)
       at Object.userId [as selectByUserId] (/home/gildas/projects/marmelab/javascript-boilerplate/src/api/orders/orderRepository.js:24:61)
       at Object.userId [as selectByUserId] (/home/gildas/projects/marmelab/javascript-boilerplate/src/api/orders/orderRepository.js:24:61)
       at Object.userId [as selectByUserId] (/home/gildas/projects/marmelab/javascript-boilerplate/src/api/orders/orderRepository.js:24:61)
       at Object.userId [as selectByUserId] (/home/gildas/projects/marmelab/javascript-boilerplate/src/api/orders/orderRepository.js:24:61)
       at Object.userId [as selectByUserId] (/home/gildas/projects/marmelab/javascript-boilerplate/src/api/orders/orderRepository.js:24:61)
       at Object.userId [as selectByUserId] (/home/gildas/projects/marmelab/javascript-boilerplate/src/api/orders/orderRepository.js:24:61)
       at Object.userId [as selectByUserId] (/home/gildas/projects/marmelab/javascript-boilerplate/src/api/orders/orderRepository.js:24:61)
       at Object.userId [as selectByUserId] (/home/gildas/projects/marmelab/javascript-boilerplate/src/api/orders/orderRepository.js:24:61)
       at Object.userId [as selectByUserId] (/home/gildas/projects/marmelab/javascript-boilerplate/src/api/orders/orderRepository.js:24:61)
       at Object.userId [as selectByUserId] (/home/gildas/projects/marmelab/javascript-boilerplate/src/api/orders/orderRepository.js:24:61)
       at Object.userId [as selectByUserId] (/home/gildas/projects/marmelab/javascript-boilerplate/src/api/orders/orderRepository.js:24:61)
       at Object.userId [as selectByUserId] (/home/gildas/projects/marmelab/javascript-boilerplate/src/api/orders/orderRepository.js:24:61)
       at Object.userId [as selectByUserId] (/home/gildas/projects/marmelab/javascript-boilerplate/src/api/orders/orderRepository.js:24:61)
       at Object.userId [as selectByUserId] (/home/gildas/projects/marmelab/javascript-boilerplate/src/api/orders/orderRepository.js:24:61)
       at Object.userId [as selectByUserId] (/home/gildas/projects/marmelab/javascript-boilerplate/src/api/orders/orderRepository.js:24:61)
       at Object.userId [as selectByUserId] (/home/gildas/projects/marmelab/javascript-boilerplate/src/api/orders/orderRepository.js:24:61)
       at Object.userId [as selectByUserId] (/home/gildas/projects/marmelab/javascript-boilerplate/src/api/orders/orderRepository.js:24:61)
       at Object.userId [as selectByUserId] (/home/gildas/projects/marmelab/javascript-boilerplate/src/api/orders/orderRepository.js:24:61)
       at Object.userId [as selectByUserId] (/home/gildas/projects/marmelab/javascript-boilerplate/src/api/orders/orderRepository.js:24:61)
       at Object.userId [as selectByUserId] (/home/gildas/projects/marmelab/javascript-boilerplate/src/api/orders/orderRepository.js:24:61)
       at Object.userId [as selectByUserId] (/home/gildas/projects/marmelab/javascript-boilerplate/src/api/orders/orderRepository.js:24:61)
       at Object.userId [as selectByUserId] (/home/gildas/projects/marmelab/javascript-boilerplate/src/api/orders/orderRepository.js:24:61)
       at Object.userId [as selectByUserId] (/home/gildas/projects/marmelab/javascript-boilerplate/src/api/orders/orderRepository.js:24:61)
       at Object.userId [as selectByUserId] (/home/gildas/projects/marmelab/javascript-boilerplate/src/api/orders/orderRepository.js:24:61)
       at Object.userId [as selectByUserId] (/home/gildas/projects/marmelab/javascript-boilerplate/src/api/orders/orderRepository.js:24:61)
       at Object.userId [as selectByUserId] (/home/gildas/projects/marmelab/javascript-boilerplate/src/api/orders/orderRepository.js:24:61)
       at Object.userId [as selectByUserId] (/home/gildas/projects/marmelab/javascript-boilerplate/src/api/orders/orderRepository.js:24:61)
       at Object.userId [as selectByUserId] (/home/gildas/projects/marmelab/javascript-boilerplate/src/api/orders/orderRepository.js:24:61)
       at Object.userId [as selectByUserId] (/home/gildas/projects/marmelab/javascript-boilerplate/src/api/orders/orderRepository.js:24:61)
       at Object.userId [as selectByUserId] (/home/gildas/projects/marmelab/javascript-boilerplate/src/api/orders/orderRepository.js:24:61)
       at Object.userId [as selectByUserId] (/home/gildas/projects/marmelab/javascript-boilerplate/src/api/orders/orderRepository.js:24:61)
       at Object.userId [as selectByUserId] (/home/gildas/projects/marmelab/javascript-boilerplate/src/api/orders/orderRepository.js:24:61)
       at Object.userId [as selectByUserId] (/home/gildas/projects/marmelab/javascript-boilerplate/src/api/orders/orderRepository.js:24:61)
       at Object.userId [as selectByUserId] (/home/gildas/projects/marmelab/javascript-boilerplate/src/api/orders/orderRepository.js:24:61)
       at Object.userId [as selectByUserId] (/home/gildas/projects/marmelab/javascript-boilerplate/src/api/orders/orderRepository.js:24:61)
       at Object.userId [as selectByUserId] (/home/gildas/projects/marmelab/javascript-boilerplate/src/api/orders/orderRepository.js:24:61)
       at Object.userId [as selectByUserId] (/home/gildas/projects/marmelab/javascript-boilerplate/src/api/orders/orderRepository.js:24:61)
       at Object.userId [as selectByUserId] (/home/gildas/projects/marmelab/javascript-boilerplate/src/api/orders/orderRepository.js:24:61)
       at Object.userId [as selectByUserId] (/home/gildas/projects/marmelab/javascript-boilerplate/src/api/orders/orderRepository.js:24:61)
       at Object.userId [as selectByUserId] (/home/gildas/projects/marmelab/javascript-boilerplate/src/api/orders/orderRepository.js:24:61)
       at Object.userId [as selectByUserId] (/home/gildas/projects/marmelab/javascript-boilerplate/src/api/orders/orderRepository.js:24:61)
       at Object.userId [as selectByUserId] (/home/gildas/projects/marmelab/javascript-boilerplate/src/api/orders/orderRepository.js:24:61)
       at Object.userId [as selectByUserId] (/home/gildas/projects/marmelab/javascript-boilerplate/src/api/orders/orderRepository.js:24:61)
       at Object.userId [as selectByUserId] (/home/gildas/projects/marmelab/javascript-boilerplate/src/api/orders/orderRepository.js:24:61)
       at Object.userId [as selectByUserId] (/home/gildas/projects/marmelab/javascript-boilerplate/src/api/orders/orderRepository.js:24:61)
       at Object.userId [as selectByUserId] (/home/gildas/projects/marmelab/javascript-boilerplate/src/api/orders/orderRepository.js:24:61)
       at Object.userId [as selectByUserId] (/home/gildas/projects/marmelab/javascript-boilerplate/src/api/orders/orderRepository.js:24:61)
       at Object.userId [as selectByUserId] (/home/gildas/projects/marmelab/javascript-boilerplate/src/api/orders/orderRepository.js:24:61)
       at Object.userId [as selectByUserId] (/home/gildas/projects/marmelab/javascript-boilerplate/src/api/orders/orderRepository.js:24:61)
       at Object.userId [as selectByUserId] (/home/gildas/projects/marmelab/javascript-boilerplate/src/api/orders/orderRepository.js:24:61)
       at Object.userId [as selectByUserId] (/home/gildas/projects/marmelab/javascript-boilerplate/src/api/orders/orderRepository.js:24:61)
       at Object.userId [as selectByUserId] (/home/gildas/projects/marmelab/javascript-boilerplate/src/api/orders/orderRepository.js:24:61)
       at Object.userId [as selectByUserId] (/home/gildas/projects/marmelab/javascript-boilerplate/src/api/orders/orderRepository.js:24:61)
       at Object.userId [as selectByUserId] (/home/gildas/projects/marmelab/javascript-boilerplate/src/api/orders/orderRepository.js:24:61)
       at Object.userId [as selectByUserId] (/home/gildas/projects/marmelab/javascript-boilerplate/src/api/orders/orderRepository.js:24:61)
       at Object.userId [as selectByUserId] (/home/gildas/projects/marmelab/javascript-boilerplate/src/api/orders/orderRepository.js:24:61)
       at Object.userId [as selectByUserId] (/home/gildas/projects/marmelab/javascript-boilerplate/src/api/orders/orderRepository.js:24:61)
       at Object.userId [as selectByUserId] (/home/gildas/projects/marmelab/javascript-boilerplate/src/api/orders/orderRepository.js:24:61)
       at Object.userId [as selectByUserId] (/home/gildas/projects/marmelab/javascript-boilerplate/src/api/orders/orderRepository.js:24:61)
       at Object.userId [as selectByUserId] (/home/gildas/projects/marmelab/javascript-boilerplate/src/api/orders/orderRepository.js:24:61)
       at Object.userId [as selectByUserId] (/home/gildas/projects/marmelab/javascript-boilerplate/src/api/orders/orderRepository.js:24:61)
       at Object.userId [as selectByUserId] (/home/gildas/projects/marmelab/javascript-boilerplate/src/api/orders/orderRepository.js:24:61)
       at Object.userId [as selectByUserId] (/home/gildas/projects/marmelab/javascript-boilerplate/src/api/orders/orderRepository.js:24:61)
       at Object.userId [as selectByUserId] (/home/gildas/projects/marmelab/javascript-boilerplate/src/api/orders/orderRepository.js:24:61)
       at Object.userId [as selectByUserId] (/home/gildas/projects/marmelab/javascript-boilerplate/src/api/orders/orderRepository.js:24:61)
       at Object.userId [as selectByUserId] (/home/gildas/projects/marmelab/javascript-boilerplate/src/api/orders/orderRepository.js:24:61)
       at Object.userId [as selectByUserId] (/home/gildas/projects/marmelab/javascript-boilerplate/src/api/orders/orderRepository.js:24:61)
       at Object.userId [as selectByUserId] (/home/gildas/projects/marmelab/javascript-boilerplate/src/api/orders/orderRepository.js:24:61)
       at Object.userId [as selectByUserId] (/home/gildas/projects/marmelab/javascript-boilerplate/src/api/orders/orderRepository.js:24:61)
       at Object.userId [as selectByUserId] (/home/gildas/projects/marmelab/javascript-boilerplate/src/api/orders/orderRepository.js:24:61)
       at Object.userId [as selectByUserId] (/home/gildas/projects/marmelab/javascript-boilerplate/src/api/orders/orderRepository.js:24:61)
       at Object.userId [as selectByUserId] (/home/gildas/projects/marmelab/javascript-boilerplate/src/api/orders/orderRepository.js:24:61)
       at Object.userId [as selectByUserId] (/home/gildas/projects/marmelab/javascript-boilerplate/src/api/orders/orderRepository.js:24:61)
       at Object.userId [as selectByUserId] (/home/gildas/projects/marmelab/javascript-boilerplate/src/api/orders/orderRepository.js:24:61)
       at Object.userId [as selectByUserId] (/home/gildas/projects/marmelab/javascript-boilerplate/src/api/orders/orderRepository.js:24:61)
       at Object.userId [as selectByUserId] (/home/gildas/projects/marmelab/javascript-boilerplate/src/api/orders/orderRepository.js:24:61)
       at Object.userId [as selectByUserId] (/home/gildas/projects/marmelab/javascript-boilerplate/src/api/orders/orderRepository.js:24:61)
       at Object.userId [as selectByUserId] (/home/gildas/projects/marmelab/javascript-boilerplate/src/api/orders/orderRepository.js:24:61)
       at Object.userId [as selectByUserId] (/home/gildas/projects/marmelab/javascript-boilerplate/src/api/orders/orderRepository.js:24:61)
       at Object.userId [as selectByUserId] (/home/gildas/projects/marmelab/javascript-boilerplate/src/api/orders/orderRepository.js:24:61)
       at Object.userId [as selectByUserId] (/home/gildas/projects/marmelab/javascript-boilerplate/src/api/orders/orderRepository.js:24:61)
       at Object.userId [as selectByUserId] (/home/gildas/projects/marmelab/javascript-boilerplate/src/api/orders/orderRepository.js:24:61)
       at Object.userId [as selectByUserId] (/home/gildas/projects/marmelab/javascript-boilerplate/src/api/orders/orderRepository.js:24:61)
       at Object.userId [as selectByUserId] (/home/gildas/projects/marmelab/javascript-boilerplate/src/api/orders/orderRepository.js:24:61)
       at Object.userId [as selectByUserId] (/home/gildas/projects/marmelab/javascript-boilerplate/src/api/orders/orderRepository.js:24:61)
       at Object.userId [as selectByUserId] (/home/gildas/projects/marmelab/javascript-boilerplate/src/api/orders/orderRepository.js:24:61)
       at Object.userId [as selectByUserId] (/home/gildas/projects/marmelab/javascript-boilerplate/src/api/orders/orderRepository.js:24:61)
       at Object.userId [as selectByUserId] (/home/gildas/projects/marmelab/javascript-boilerplate/src/api/orders/orderRepository.js:24:61)
       at Object.userId [as selectByUserId] (/home/gildas/projects/marmelab/javascript-boilerplate/src/api/orders/orderRepository.js:24:61)
       at Object.userId [as selectByUserId] (/home/gildas/projects/marmelab/javascript-boilerplate/src/api/orders/orderRepository.js:24:61)
       at Object.userId [as selectByUserId] (/home/gildas/projects/marmelab/javascript-boilerplate/src/api/orders/orderRepository.js:24:61)
       at Object.userId [as selectByUserId] (/home/gildas/projects/marmelab/javascript-boilerplate/src/api/orders/orderRepository.js:24:61)
       at Object.userId [as selectByUserId] (/home/gildas/projects/marmelab/javascript-boilerplate/src/api/orders/orderRepository.js:24:61)
       at Object.userId [as selectByUserId] (/home/gildas/projects/marmelab/javascript-boilerplate/src/api/orders/orderRepository.js:24:61)
       at Object.userId [as selectByUserId] (/home/gildas/projects/marmelab/javascript-boilerplate/src/api/orders/orderRepository.js:24:61)
       at Object.userId [as selectByUserId] (/home/gildas/projects/marmelab/javascript-boilerplate/src/api/orders/orderRepository.js:24:61)
       at Object.userId [as selectByUserId] (/home/gildas/projects/marmelab/javascript-boilerplate/src/api/orders/orderRepository.js:24:61)
       at Object.userId [as selectByUserId] (/home/gildas/projects/marmelab/javascript-boilerplate/src/api/orders/orderRepository.js:24:61)
       at Object.userId [as selectByUserId] (/home/gildas/projects/marmelab/javascript-boilerplate/src/api/orders/orderRepository.js:24:61)
       at Object.userId [as selectByUserId] (/home/gildas/projects/marmelab/javascript-boilerplate/src/api/orders/orderRepository.js:24:61)
       at Object.userId [as selectByUserId] (/home/gildas/projects/marmelab/javascript-boilerplate/src/api/orders/orderRepository.js:24:61)
       at Object.userId [as selectByUserId] (/home/gildas/projects/marmelab/javascript-boilerplate/src/api/orders/orderRepository.js:24:61)
       at Object.userId [as selectByUserId] (/home/gildas/projects/marmelab/javascript-boilerplate/src/api/orders/orderRepository.js:24:61)
       at Object.userId [as selectByUserId] (/home/gildas/projects/marmelab/javascript-boilerplate/src/api/orders/orderRepository.js:24:61)
       at Object.userId [as selectByUserId] (/home/gildas/projects/marmelab/javascript-boilerplate/src/api/orders/orderRepository.js:24:61)
       at Object.userId [as selectByUserId] (/home/gildas/projects/marmelab/javascript-boilerplate/src/api/orders/orderRepository.js:24:61)
       at Object.userId [as selectByUserId] (/home/gildas/projects/marmelab/javascript-boilerplate/src/api/orders/orderRepository.js:24:61)
       at Object.userId [as selectByUserId] (/home/gildas/projects/marmelab/javascript-boilerplate/src/api/orders/orderRepository.js:24:61)
       at Object.userId [as selectByUserId] (/home/gildas/projects/marmelab/javascript-boilerplate/src/api/orders/orderRepository.js:24:61)
       at Object.userId [as selectByUserId] (/home/gildas/projects/marmelab/javascript-boilerplate/src/api/orders/orderRepository.js:24:61)
       at Object.userId [as selectByUserId] (/home/gildas/projects/marmelab/javascript-boilerplate/src/api/orders/orderRepository.js:24:61)
       at Object.userId [as selectByUserId] (/home/gildas/projects/marmelab/javascript-boilerplate/src/api/orders/orderRepository.js:24:61)
       at Object.userId [as selectByUserId] (/home/gildas/projects/marmelab/javascript-boilerplate/src/api/orders/orderRepository.js:24:61)
       at Object.userId [as selectByUserId] (/home/gildas/projects/marmelab/javascript-boilerplate/src/api/orders/orderRepository.js:24:61)
       at Object.userId [as selectByUserId] (/home/gildas/projects/marmelab/javascript-boilerplate/src/api/orders/orderRepository.js:24:61)
       at Object.userId [as selectByUserId] (/home/gildas/projects/marmelab/javascript-boilerplate/src/api/orders/orderRepository.js:24:61)
       at Object.userId [as selectByUserId] (/home/gildas/projects/marmelab/javascript-boilerplate/src/api/orders/orderRepository.js:24:61)
       at Object.userId [as selectByUserId] (/home/gildas/projects/marmelab/javascript-boilerplate/src/api/orders/orderRepository.js:24:61)
       at Object.userId [as selectByUserId] (/home/gildas/projects/marmelab/javascript-boilerplate/src/api/orders/orderRepository.js:24:61)
       at Object.userId [as selectByUserId] (/home/gildas/projects/marmelab/javascript-boilerplate/src/api/orders/orderRepository.js:24:61)
       at Object.userId [as selectByUserId] (/home/gildas/projects/marmelab/javascript-boilerplate/src/api/orders/orderRepository.js:24:61)
       at Object.userId [as selectByUserId] (/home/gildas/projects/marmelab/javascript-boilerplate/src/api/orders/orderRepository.js:24:61)
       at Object.userId [as selectByUserId] (/home/gildas/projects/marmelab/javascript-boilerplate/src/api/orders/orderRepository.js:24:61)
       at Object.userId [as selectByUserId] (/home/gildas/projects/marmelab/javascript-boilerplate/src/api/orders/orderRepository.js:24:61)
       at Object.userId [as selectByUserId] (/home/gildas/projects/marmelab/javascript-boilerplate/src/api/orders/orderRepository.js:24:61)
       at Object.userId [as selectByUserId] (/home/gildas/projects/marmelab/javascript-boilerplate/src/api/orders/orderRepository.js:24:61)
       at Object.userId [as selectByUserId] (/home/gildas/projects/marmelab/javascript-boilerplate/src/api/orders/orderRepository.js:24:61)
       at Object.userId [as selectByUserId] (/home/gildas/projects/marmelab/javascript-boilerplate/src/api/orders/orderRepository.js:24:61)
       at Object.userId [as selectByUserId] (/home/gildas/projects/marmelab/javascript-boilerplate/src/api/orders/orderRepository.js:24:61)
       at Object.userId [as selectByUserId] (/home/gildas/projects/marmelab/javascript-boilerplate/src/api/orders/orderRepository.js:24:61)
       at Object.userId [as selectByUserId] (/home/gildas/projects/marmelab/javascript-boilerplate/src/api/orders/orderRepository.js:24:61)
       at Object.userId [as selectByUserId] (/home/gildas/projects/marmelab/javascript-boilerplate/src/api/orders/orderRepository.js:24:61)
       at Object.userId [as selectByUserId] (/home/gildas/projects/marmelab/javascript-boilerplate/src/api/orders/orderRepository.js:24:61)
       at Object.userId [as selectByUserId] (/home/gildas/projects/marmelab/javascript-boilerplate/src/api/orders/orderRepository.js:24:61)
       at Object.userId [as selectByUserId] (/home/gildas/projects/marmelab/javascript-boilerplate/src/api/orders/orderRepository.js:24:61)
       at Object.userId [as selectByUserId] (/home/gildas/projects/marmelab/javascript-boilerplate/src/api/orders/orderRepository.js:24:61)
       at Object.userId [as selectByUserId] (/home/gildas/projects/marmelab/javascript-boilerplate/src/api/orders/orderRepository.js:24:61)
       at Object.userId [as selectByUserId] (/home/gildas/projects/marmelab/javascript-boilerplate/src/api/orders/orderRepository.js:24:61)
       at Object.userId [as selectByUserId] (/home/gildas/projects/marmelab/javascript-boilerplate/src/api/orders/orderRepository.js:24:61)
       at Object.userId [as selectByUserId] (/home/gildas/projects/marmelab/javascript-boilerplate/src/api/orders/orderRepository.js:24:61)
       at Object.userId [as selectByUserId] (/home/gildas/projects/marmelab/javascript-boilerplate/src/api/orders/orderRepository.js:24:61)
       at Object.userId [as selectByUserId] (/home/gildas/projects/marmelab/javascript-boilerplate/src/api/orders/orderRepository.js:24:61)
       at Object.userId [as selectByUserId] (/home/gildas/projects/marmelab/javascript-boilerplate/src/api/orders/orderRepository.js:24:61)
       at Object.userId [as selectByUserId] (/home/gildas/projects/marmelab/javascript-boilerplate/src/api/orders/orderRepository.js:24:61)
       at Object.userId [as selectByUserId] (/home/gildas/projects/marmelab/javascript-boilerplate/src/api/orders/orderRepository.js:24:61)
       at Object.userId [as selectByUserId] (/home/gildas/projects/marmelab/javascript-boilerplate/src/api/orders/orderRepository.js:24:61)
       at Object.userId [as selectByUserId] (/home/gildas/projects/marmelab/javascript-boilerplate/src/api/orders/orderRepository.js:24:61)
       at Object.userId [as selectByUserId] (/home/gildas/projects/marmelab/javascript-boilerplate/src/api/orders/orderRepository.js:24:61)
       at Object.userId [as selectByUserId] (/home/gildas/projects/marmelab/javascript-boilerplate/src/api/orders/orderRepository.js:24:61)
       at Object.userId [as selectByUserId] (/home/gildas/projects/marmelab/javascript-boilerplate/src/api/orders/orderRepository.js:24:61)
       at Object.userId [as selectByUserId] (/home/gildas/projects/marmelab/javascript-boilerplate/src/api/orders/orderRepository.js:24:61)
       at Object.userId [as selectByUserId] (/home/gildas/projects/marmelab/javascript-boilerplate/src/api/orders/orderRepository.js:24:61)
       at Object.userId [as selectByUserId] (/home/gildas/projects/marmelab/javascript-boilerplate/src/api/orders/orderRepository.js:24:61)
       at Object.userId [as selectByUserId] (/home/gildas/projects/marmelab/javascript-boilerplate/src/api/orders/orderRepository.js:24:61)
       at Object.userId [as selectByUserId] (/home/gildas/projects/marmelab/javascript-boilerplate/src/api/orders/orderRepository.js:24:61)
       at Object.userId [as selectByUserId] (/home/gildas/projects/marmelab/javascript-boilerplate/src/api/orders/orderRepository.js:24:61)
       at Object.userId [as selectByUserId] (/home/gildas/projects/marmelab/javascript-boilerplate/src/api/orders/orderRepository.js:24:61)
       at Object.userId [as selectByUserId] (/home/gildas/projects/marmelab/javascript-boilerplate/src/api/orders/orderRepository.js:24:61)
       at Object.userId [as selectByUserId] (/home/gildas/projects/marmelab/javascript-boilerplate/src/api/orders/orderRepository.js:24:61)
       at Object.userId [as selectByUserId] (/home/gildas/projects/marmelab/javascript-boilerplate/src/api/orders/orderRepository.js:24:61)
       at Object.userId [as selectByUserId] (/home/gildas/projects/marmelab/javascript-boilerplate/src/api/orders/orderRepository.js:24:61)
       at Object.userId [as selectByUserId] (/home/gildas/projects/marmelab/javascript-boilerplate/src/api/orders/orderRepository.js:24:61)
       at Object.userId [as selectByUserId] (/home/gildas/projects/marmelab/javascript-boilerplate/src/api/orders/orderRepository.js:24:61)
       at Object.userId [as selectByUserId] (/home/gildas/projects/marmelab/javascript-boilerplate/src/api/orders/orderRepository.js:24:61)
       at Object.userId [as selectByUserId] (/home/gildas/projects/marmelab/javascript-boilerplate/src/api/orders/orderRepository.js:24:61)
       at Object.userId [as selectByUserId] (/home/gildas/projects/marmelab/javascript-boilerplate/src/api/orders/orderRepository.js:24:61)
       at Object.userId [as selectByUserId] (/home/gildas/projects/marmelab/javascript-boilerplate/src/api/orders/orderRepository.js:24:61)
       at Object.userId [as selectByUserId] (/home/gildas/projects/marmelab/javascript-boilerplate/src/api/orders/orderRepository.js:24:61)
       at Object.userId [as selectByUserId] (/home/gildas/projects/marmelab/javascript-boilerplate/src/api/orders/orderRepository.js:24:61)
       at Object.userId [as selectByUserId] (/home/gildas/projects/marmelab/javascript-boilerplate/src/api/orders/orderRepository.js:24:61)
       at Object.userId [as selectByUserId] (/home/gildas/projects/marmelab/javascript-boilerplate/src/api/orders/orderRepository.js:24:61)
       at Object.userId [as selectByUserId] (/home/gildas/projects/marmelab/javascript-boilerplate/src/api/orders/orderRepository.js:24:61)
       at Object.userId [as selectByUserId] (/home/gildas/projects/marmelab/javascript-boilerplate/src/api/orders/orderRepository.js:24:61)
       at Object.userId [as selectByUserId] (/home/gildas/projects/marmelab/javascript-boilerplate/src/api/orders/orderRepository.js:24:61)
       at Object.userId [as selectByUserId] (/home/gildas/projects/marmelab/javascript-boilerplate/src/api/orders/orderRepository.js:24:61)
       at Object.userId [as selectByUserId] (/home/gildas/projects/marmelab/javascript-boilerplate/src/api/orders/orderRepository.js:24:61)
       at Object.userId [as selectByUserId] (/home/gildas/projects/marmelab/javascript-boilerplate/src/api/orders/orderRepository.js:24:61)
       at Object.userId [as selectByUserId] (/home/gildas/projects/marmelab/javascript-boilerplate/src/api/orders/orderRepository.js:24:61)
       at Object.userId [as selectByUserId] (/home/gildas/projects/marmelab/javascript-boilerplate/src/api/orders/orderRepository.js:24:61)
       at Object.userId [as selectByUserId] (/home/gildas/projects/marmelab/javascript-boilerplate/src/api/orders/orderRepository.js:24:61)
       at Object.userId [as selectByUserId] (/home/gildas/projects/marmelab/javascript-boilerplate/src/api/orders/orderRepository.js:24:61)
       at Object.userId [as selectByUserId] (/home/gildas/projects/marmelab/javascript-boilerplate/src/api/orders/orderRepository.js:24:61)
       at Object.userId [as selectByUserId] (/home/gildas/projects/marmelab/javascript-boilerplate/src/api/orders/orderRepository.js:24:61)
       at Object.userId [as selectByUserId] (/home/gildas/projects/marmelab/javascript-boilerplate/src/api/orders/orderRepository.js:24:61)
       at Object.userId [as selectByUserId] (/home/gildas/projects/marmelab/javascript-boilerplate/src/api/orders/orderRepository.js:24:61)
       at Object.userId [as selectByUserId] (/home/gildas/projects/marmelab/javascript-boilerplate/src/api/orders/orderRepository.js:24:61)
       at Object.userId [as selectByUserId] (/home/gildas/projects/marmelab/javascript-boilerplate/src/api/orders/orderRepository.js:24:61)
       at Object.userId [as selectByUserId] (/home/gildas/projects/marmelab/javascript-boilerplate/src/api/orders/orderRepository.js:24:61)
       at Object.userId [as selectByUserId] (/home/gildas/projects/marmelab/javascript-boilerplate/src/api/orders/orderRepository.js:24:61)
       at Object.userId [as selectByUserId] (/home/gildas/projects/marmelab/javascript-boilerplate/src/api/orders/orderRepository.js:24:61)
       at Object.userId [as selectByUserId] (/home/gildas/projects/marmelab/javascript-boilerplate/src/api/orders/orderRepository.js:24:61)
       at Object.userId [as selectByUserId] (/home/gildas/projects/marmelab/javascript-boilerplate/src/api/orders/orderRepository.js:24:61)
       at Object.userId [as selectByUserId] (/home/gildas/projects/marmelab/javascript-boilerplate/src/api/orders/orderRepository.js:24:61)
       at Object.userId [as selectByUserId] (/home/gildas/projects/marmelab/javascript-boilerplate/src/api/orders/orderRepository.js:24:61)
       at Object.userId [as selectByUserId] (/home/gildas/projects/marmelab/javascript-boilerplate/src/api/orders/orderRepository.js:24:61)
       at Object.userId [as selectByUserId] (/home/gildas/projects/marmelab/javascript-boilerplate/src/api/orders/orderRepository.js:24:61)
       at Object.userId [as selectByUserId] (/home/gildas/projects/marmelab/javascript-boilerplate/src/api/orders/orderRepository.js:24:61)
       at Object.userId [as selectByUserId] (/home/gildas/projects/marmelab/javascript-boilerplate/src/api/orders/orderRepository.js:24:61)
       at Object.userId [as selectByUserId] (/home/gildas/projects/marmelab/javascript-boilerplate/src/api/orders/orderRepository.js:24:61)
       at Object.userId [as selectByUserId] (/home/gildas/projects/marmelab/javascript-boilerplate/src/api/orders/orderRepository.js:24:61)
       at Object.userId [as selectByUserId] (/home/gildas/projects/marmelab/javascript-boilerplate/src/api/orders/orderRepository.js:24:61)
       at Object.userId [as selectByUserId] (/home/gildas/projects/marmelab/javascript-boilerplate/src/api/orders/orderRepository.js:24:61)
       at Object.userId [as selectByUserId] (/home/gildas/projects/marmelab/javascript-boilerplate/src/api/orders/orderRepository.js:24:61)
       at Object.userId [as selectByUserId] (/home/gildas/projects/marmelab/javascript-boilerplate/src/api/orders/orderRepository.js:24:61)
       at Object.userId [as selectByUserId] (/home/gildas/projects/marmelab/javascript-boilerplate/src/api/orders/orderRepository.js:24:61)
       at Object.userId [as selectByUserId] (/home/gildas/projects/marmelab/javascript-boilerplate/src/api/orders/orderRepository.js:24:61)
       at Object.userId [as selectByUserId] (/home/gildas/projects/marmelab/javascript-boilerplate/src/api/orders/orderRepository.js:24:61)
       at Object.userId [as selectByUserId] (/home/gildas/projects/marmelab/javascript-boilerplate/src/api/orders/orderRepository.js:24:61)
       at Object.userId [as selectByUserId] (/home/gildas/projects/marmelab/javascript-boilerplate/src/api/orders/orderRepository.js:24:61)
       at Object.userId [as selectByUserId] (/home/gildas/projects/marmelab/javascript-boilerplate/src/api/orders/orderRepository.js:24:61)
       at Object.userId [as selectByUserId] (/home/gildas/projects/marmelab/javascript-boilerplate/src/api/orders/orderRepository.js:24:61)
       at Object.userId [as selectByUserId] (/home/gildas/projects/marmelab/javascript-boilerplate/src/api/orders/orderRepository.js:24:61)
       at Object.userId [as selectByUserId] (/home/gildas/projects/marmelab/javascript-boilerplate/src/api/orders/orderRepository.js:24:61)
       at Object.userId [as selectByUserId] (/home/gildas/projects/marmelab/javascript-boilerplate/src/api/orders/orderRepository.js:24:61)
       at Object.userId [as selectByUserId] (/home/gildas/projects/marmelab/javascript-boilerplate/src/api/orders/orderRepository.js:24:61)
       at Object.userId [as selectByUserId] (/home/gildas/projects/marmelab/javascript-boilerplate/src/api/orders/orderRepository.js:24:61)
       at Object.userId [as selectByUserId] (/home/gildas/projects/marmelab/javascript-boilerplate/src/api/orders/orderRepository.js:24:61)
       at Object.userId [as selectByUserId] (/home/gildas/projects/marmelab/javascript-boilerplate/src/api/orders/orderRepository.js:24:61)
       at Object.userId [as selectByUserId] (/home/gildas/projects/marmelab/javascript-boilerplate/src/api/orders/orderRepository.js:24:61)
       at Object.userId [as selectByUserId] (/home/gildas/projects/marmelab/javascript-boilerplate/src/api/orders/orderRepository.js:24:61)
       at Object.userId [as selectByUserId] (/home/gildas/projects/marmelab/javascript-boilerplate/src/api/orders/orderRepository.js:24:61)
       at Object.userId [as selectByUserId] (/home/gildas/projects/marmelab/javascript-boilerplate/src/api/orders/orderRepository.js:24:61)
       at Object.userId [as selectByUserId] (/home/gildas/projects/marmelab/javascript-boilerplate/src/api/orders/orderRepository.js:24:61)
       at Object.userId [as selectByUserId] (/home/gildas/projects/marmelab/javascript-boilerplate/src/api/orders/orderRepository.js:24:61)
       at Object.userId [as selectByUserId] (/home/gildas/projects/marmelab/javascript-boilerplate/src/api/orders/orderRepository.js:24:61)
       at Object.userId [as selectByUserId] (/home/gildas/projects/marmelab/javascript-boilerplate/src/api/orders/orderRepository.js:24:61)
       at Object.userId [as selectByUserId] (/home/gildas/projects/marmelab/javascript-boilerplate/src/api/orders/orderRepository.js:24:61)
       at Object.userId [as selectByUserId] (/home/gildas/projects/marmelab/javascript-boilerplate/src/api/orders/orderRepository.js:24:61)
       at Object.userId [as selectByUserId] (/home/gildas/projects/marmelab/javascript-boilerplate/src/api/orders/orderRepository.js:24:61)
       at Object.userId [as selectByUserId] (/home/gildas/projects/marmelab/javascript-boilerplate/src/api/orders/orderRepository.js:24:61)
       at Object.userId [as selectByUserId] (/home/gildas/projects/marmelab/javascript-boilerplate/src/api/orders/orderRepository.js:24:61)
       at Object.userId [as selectByUserId] (/home/gildas/projects/marmelab/javascript-boilerplate/src/api/orders/orderRepository.js:24:61)
       at Object.userId [as selectByUserId] (/home/gildas/projects/marmelab/javascript-boilerplate/src/api/orders/orderRepository.js:24:61)
       at Object.userId [as selectByUserId] (/home/gildas/projects/marmelab/javascript-boilerplate/src/api/orders/orderRepository.js:24:61)
       at Object.userId [as selectByUserId] (/home/gildas/projects/marmelab/javascript-boilerplate/src/api/orders/orderRepository.js:24:61)
       at Object.userId [as selectByUserId] (/home/gildas/projects/marmelab/javascript-boilerplate/src/api/orders/orderRepository.js:24:61)
       at Object.userId [as selectByUserId] (/home/gildas/projects/marmelab/javascript-boilerplate/src/api/orders/orderRepository.js:24:61)
       at Object.userId [as selectByUserId] (/home/gildas/projects/marmelab/javascript-boilerplate/src/api/orders/orderRepository.js:24:61)
       at Object.userId [as selectByUserId] (/home/gildas/projects/marmelab/javascript-boilerplate/src/api/orders/orderRepository.js:24:61)
       at Object.userId [as selectByUserId] (/home/gildas/projects/marmelab/javascript-boilerplate/src/api/orders/orderRepository.js:24:61)
       at Object.userId [as selectByUserId] (/home/gildas/projects/marmelab/javascript-boilerplate/src/api/orders/orderRepository.js:24:61)
       at Object.userId [as selectByUserId] (/home/gildas/projects/marmelab/javascript-boilerplate/src/api/orders/orderRepository.js:24:61)
       at Object.userId [as selectByUserId] (/home/gildas/projects/marmelab/javascript-boilerplate/src/api/orders/orderRepository.js:24:61)
       at Object.userId [as selectByUserId] (/home/gildas/projects/marmelab/javascript-boilerplate/src/api/orders/orderRepository.js:24:61)
       at Object.userId [as selectByUserId] (/home/gildas/projects/marmelab/javascript-boilerplate/src/api/orders/orderRepository.js:24:61)
       at Object.userId [as selectByUserId] (/home/gildas/projects/marmelab/javascript-boilerplate/src/api/orders/orderRepository.js:24:61)
       at Object.userId [as selectByUserId] (/home/gildas/projects/marmelab/javascript-boilerplate/src/api/orders/orderRepository.js:24:61)
       at Object.userId [as selectByUserId] (/home/gildas/projects/marmelab/javascript-boilerplate/src/api/orders/orderRepository.js:24:61)
       at Object.userId [as selectByUserId] (/home/gildas/projects/marmelab/javascript-boilerplate/src/api/orders/orderRepository.js:24:61)
       at Object.userId [as selectByUserId] (/home/gildas/projects/marmelab/javascript-boilerplate/src/api/orders/orderRepository.js:24:61)
       at Object.userId [as selectByUserId] (/home/gildas/projects/marmelab/javascript-boilerplate/src/api/orders/orderRepository.js:24:61)
       at Object.userId [as selectByUserId] (/home/gildas/projects/marmelab/javascript-boilerplate/src/api/orders/orderRepository.js:24:61)
       at Object.userId [as selectByUserId] (/home/gildas/projects/marmelab/javascript-boilerplate/src/api/orders/orderRepository.js:24:61)
       at Object.userId [as selectByUserId] (/home/gildas/projects/marmelab/javascript-boilerplate/src/api/orders/orderRepository.js:24:61)
       at Object.userId [as selectByUserId] (/home/gildas/projects/marmelab/javascript-boilerplate/src/api/orders/orderRepository.js:24:61)
       at Object.userId [as selectByUserId] (/home/gildas/projects/marmelab/javascript-boilerplate/src/api/orders/orderRepository.js:24:61)
       at Object.userId [as selectByUserId] (/home/gildas/projects/marmelab/javascript-boilerplate/src/api/orders/orderRepository.js:24:61)
       at Object.userId [as selectByUserId] (/home/gildas/projects/marmelab/javascript-boilerplate/src/api/orders/orderRepository.js:24:61)
       at Object.userId [as selectByUserId] (/home/gildas/projects/marmelab/javascript-boilerplate/src/api/orders/orderRepository.js:24:61)
       at Object.userId [as selectByUserId] (/home/gildas/projects/marmelab/javascript-boilerplate/src/api/orders/orderRepository.js:24:61)
       at Object.userId [as selectByUserId] (/home/gildas/projects/marmelab/javascript-boilerplate/src/api/orders/orderRepository.js:24:61)
       at Object.userId [as selectByUserId] (/home/gildas/projects/marmelab/javascript-boilerplate/src/api/orders/orderRepository.js:24:61)
       at Object.userId [as selectByUserId] (/home/gildas/projects/marmelab/javascript-boilerplate/src/api/orders/orderRepository.js:24:61)
       at Object.userId [as selectByUserId] (/home/gildas/projects/marmelab/javascript-boilerplate/src/api/orders/orderRepository.js:24:61)
       at Object.userId [as selectByUserId] (/home/gildas/projects/marmelab/javascript-boilerplate/src/api/orders/orderRepository.js:24:61)
       at Object.userId [as selectByUserId] (/home/gildas/projects/marmelab/javascript-boilerplate/src/api/orders/orderRepository.js:24:61)
       at Object.userId [as selectByUserId] (/home/gildas/projects/marmelab/javascript-boilerplate/src/api/orders/orderRepository.js:24:61)
       at Object.userId [as selectByUserId] (/home/gildas/projects/marmelab/javascript-boilerplate/src/api/orders/orderRepository.js:24:61)
       at Object.userId [as selectByUserId] (/home/gildas/projects/marmelab/javascript-boilerplate/src/api/orders/orderRepository.js:24:61)
       at Object.userId [as selectByUserId] (/home/gildas/projects/marmelab/javascript-boilerplate/src/api/orders/orderRepository.js:24:61)
       at Object.userId [as selectByUserId] (/home/gildas/projects/marmelab/javascript-boilerplate/src/api/orders/orderRepository.js:24:61)
       at Object.userId [as selectByUserId] (/home/gildas/projects/marmelab/javascript-boilerplate/src/api/orders/orderRepository.js:24:61)
       at Object.userId [as selectByUserId] (/home/gildas/projects/marmelab/javascript-boilerplate/src/api/orders/orderRepository.js:24:61)
       at Object.userId [as selectByUserId] (/home/gildas/projects/marmelab/javascript-boilerplate/src/api/orders/orderRepository.js:24:61)
       at Object.userId [as selectByUserId] (/home/gildas/projects/marmelab/javascript-boilerplate/src/api/orders/orderRepository.js:24:61)
       at Object.userId [as selectByUserId] (/home/gildas/projects/marmelab/javascript-boilerplate/src/api/orders/orderRepository.js:24:61)
       at Object.userId [as selectByUserId] (/home/gildas/projects/marmelab/javascript-boilerplate/src/api/orders/orderRepository.js:24:61)
       at Object.userId [as selectByUserId] (/home/gildas/projects/marmelab/javascript-boilerplate/src/api/orders/orderRepository.js:24:61)
       at Object.userId [as selectByUserId] (/home/gildas/projects/marmelab/javascript-boilerplate/src/api/orders/orderRepository.js:24:61)
       at Object.userId [as selectByUserId] (/home/gildas/projects/marmelab/javascript-boilerplate/src/api/orders/orderRepository.js:24:61)
       at Object.userId [as selectByUserId] (/home/gildas/projects/marmelab/javascript-boilerplate/src/api/orders/orderRepository.js:24:61)
       at Object.userId [as selectByUserId] (/home/gildas/projects/marmelab/javascript-boilerplate/src/api/orders/orderRepository.js:24:61)
       at Object.userId [as selectByUserId] (/home/gildas/projects/marmelab/javascript-boilerplate/src/api/orders/orderRepository.js:24:61)
       at Object.userId [as selectByUserId] (/home/gildas/projects/marmelab/javascript-boilerplate/src/api/orders/orderRepository.js:24:61)
       at Object.userId [as selectByUserId] (/home/gildas/projects/marmelab/javascript-boilerplate/src/api/orders/orderRepository.js:24:61)
       at Object.userId [as selectByUserId] (/home/gildas/projects/marmelab/javascript-boilerplate/src/api/orders/orderRepository.js:24:61)
       at Object.userId [as selectByUserId] (/home/gildas/projects/marmelab/javascript-boilerplate/src/api/orders/orderRepository.js:24:61)
       at Object.userId [as selectByUserId] (/home/gildas/projects/marmelab/javascript-boilerplate/src/api/orders/orderRepository.js:24:61)
       at Object.userId [as selectByUserId] (/home/gildas/projects/marmelab/javascript-boilerplate/src/api/orders/orderRepository.js:24:61)
       at Object.userId [as selectByUserId] (/home/gildas/projects/marmelab/javascript-boilerplate/src/api/orders/orderRepository.js:24:61)
       at Object.userId [as selectByUserId] (/home/gildas/projects/marmelab/javascript-boilerplate/src/api/orders/orderRepository.js:24:61)
       at Object.userId [as selectByUserId] (/home/gildas/projects/marmelab/javascript-boilerplate/src/api/orders/orderRepository.js:24:61)
       at Object.userId [as selectByUserId] (/home/gildas/projects/marmelab/javascript-boilerplate/src/api/orders/orderRepository.js:24:61)
       at Object.userId [as selectByUserId] (/home/gildas/projects/marmelab/javascript-boilerplate/src/api/orders/orderRepository.js:24:61)
       at Object.userId [as selectByUserId] (/home/gildas/projects/marmelab/javascript-boilerplate/src/api/orders/orderRepository.js:24:61)
       at Object.userId [as selectByUserId] (/home/gildas/projects/marmelab/javascript-boilerplate/src/api/orders/orderRepository.js:24:61)
       at Object.userId [as selectByUserId] (/home/gildas/projects/marmelab/javascript-boilerplate/src/api/orders/orderRepository.js:24:61)
       at Object.userId [as selectByUserId] (/home/gildas/projects/marmelab/javascript-boilerplate/src/api/orders/orderRepository.js:24:61)
       at Object.userId [as selectByUserId] (/home/gildas/projects/marmelab/javascript-boilerplate/src/api/orders/orderRepository.js:24:61)
       at Object.userId [as selectByUserId] (/home/gildas/projects/marmelab/javascript-boilerplate/src/api/orders/orderRepository.js:24:61)
       at Object.userId [as selectByUserId] (/home/gildas/projects/marmelab/javascript-boilerplate/src/api/orders/orderRepository.js:24:61)
       at Object.userId [as selectByUserId] (/home/gildas/projects/marmelab/javascript-boilerplate/src/api/orders/orderRepository.js:24:61)
       at Object.userId [as selectByUserId] (/home/gildas/projects/marmelab/javascript-boilerplate/src/api/orders/orderRepository.js:24:61)
       at Object.userId [as selectByUserId] (/home/gildas/projects/marmelab/javascript-boilerplate/src/api/orders/orderRepository.js:24:61)
       at Object.userId [as selectByUserId] (/home/gildas/projects/marmelab/javascript-boilerplate/src/api/orders/orderRepository.js:24:61)
       at Object.userId [as selectByUserId] (/home/gildas/projects/marmelab/javascript-boilerplate/src/api/orders/orderRepository.js:24:61)
       at Object.userId [as selectByUserId] (/home/gildas/projects/marmelab/javascript-boilerplate/src/api/orders/orderRepository.js:24:61)
       at Object.userId [as selectByUserId] (/home/gildas/projects/marmelab/javascript-boilerplate/src/api/orders/orderRepository.js:24:61)
       at Object.userId [as selectByUserId] (/home/gildas/projects/marmelab/javascript-boilerplate/src/api/orders/orderRepository.js:24:61)
       at Object.userId [as selectByUserId] (/home/gildas/projects/marmelab/javascript-boilerplate/src/api/orders/orderRepository.js:24:61)
       at Object.userId [as selectByUserId] (/home/gildas/projects/marmelab/javascript-boilerplate/src/api/orders/orderRepository.js:24:61)
       at Object.userId [as selectByUserId] (/home/gildas/projects/marmelab/javascript-boilerplate/src/api/orders/orderRepository.js:24:61)
       at Object.userId [as selectByUserId] (/home/gildas/projects/marmelab/javascript-boilerplate/src/api/orders/orderRepository.js:24:61)
       at Object.userId [as selectByUserId] (/home/gildas/projects/marmelab/javascript-boilerplate/src/api/orders/orderRepository.js:24:61)
       at Object.userId [as selectByUserId] (/home/gildas/projects/marmelab/javascript-boilerplate/src/api/orders/orderRepository.js:24:61)
       at Object.userId [as selectByUserId] (/home/gildas/projects/marmelab/javascript-boilerplate/src/api/orders/orderRepository.js:24:61)
       at Object.userId [as selectByUserId] (/home/gildas/projects/marmelab/javascript-boilerplate/src/api/orders/orderRepository.js:24:61)
       at Object.userId [as selectByUserId] (/home/gildas/projects/marmelab/javascript-boilerplate/src/api/orders/orderRepository.js:24:61)
       at Object.userId [as selectByUserId] (/home/gildas/projects/marmelab/javascript-boilerplate/src/api/orders/orderRepository.js:24:61)
       at Object.userId [as selectByUserId] (/home/gildas/projects/marmelab/javascript-boilerplate/src/api/orders/orderRepository.js:24:61)
       at Object.userId [as selectByUserId] (/home/gildas/projects/marmelab/javascript-boilerplate/src/api/orders/orderRepository.js:24:61)
       at Object.userId [as selectByUserId] (/home/gildas/projects/marmelab/javascript-boilerplate/src/api/orders/orderRepository.js:24:61)
       at Object.userId [as selectByUserId] (/home/gildas/projects/marmelab/javascript-boilerplate/src/api/orders/orderRepository.js:24:61)
       at Object.userId [as selectByUserId] (/home/gildas/projects/marmelab/javascript-boilerplate/src/api/orders/orderRepository.js:24:61)
       at Object.userId [as selectByUserId] (/home/gildas/projects/marmelab/javascript-boilerplate/src/api/orders/orderRepository.js:24:61)
       at Object.userId [as selectByUserId] (/home/gildas/projects/marmelab/javascript-boilerplate/src/api/orders/orderRepository.js:24:61)
       at Object.userId [as selectByUserId] (/home/gildas/projects/marmelab/javascript-boilerplate/src/api/orders/orderRepository.js:24:61)
       at Object.userId [as selectByUserId] (/home/gildas/projects/marmelab/javascript-boilerplate/src/api/orders/orderRepository.js:24:61)
       at Object.userId [as selectByUserId] (/home/gildas/projects/marmelab/javascript-boilerplate/src/api/orders/orderRepository.js:24:61)
       at Object.userId [as selectByUserId] (/home/gildas/projects/marmelab/javascript-boilerplate/src/api/orders/orderRepository.js:24:61)
       at Object.userId [as selectByUserId] (/home/gildas/projects/marmelab/javascript-boilerplate/src/api/orders/orderRepository.js:24:61)
       at Object.userId [as selectByUserId] (/home/gildas/projects/marmelab/javascript-boilerplate/src/api/orders/orderRepository.js:24:61)
       at Object.userId [as selectByUserId] (/home/gildas/projects/marmelab/javascript-boilerplate/src/api/orders/orderRepository.js:24:61)
       at Object.userId [as selectByUserId] (/home/gildas/projects/marmelab/javascript-boilerplate/src/api/orders/orderRepository.js:24:61)
       at Object.userId [as selectByUserId] (/home/gildas/projects/marmelab/javascript-boilerplate/src/api/orders/orderRepository.js:24:61)
       at Object.userId [as selectByUserId] (/home/gildas/projects/marmelab/javascript-boilerplate/src/api/orders/orderRepository.js:24:61)
       at Object.userId [as selectByUserId] (/home/gildas/projects/marmelab/javascript-boilerplate/src/api/orders/orderRepository.js:24:61)
       at Object.userId [as selectByUserId] (/home/gildas/projects/marmelab/javascript-boilerplate/src/api/orders/orderRepository.js:24:61)
       at Object.userId [as selectByUserId] (/home/gildas/projects/marmelab/javascript-boilerplate/src/api/orders/orderRepository.js:24:61)
       at Object.userId [as selectByUserId] (/home/gildas/projects/marmelab/javascript-boilerplate/src/api/orders/orderRepository.js:24:61)
       at Object.userId [as selectByUserId] (/home/gildas/projects/marmelab/javascript-boilerplate/src/api/orders/orderRepository.js:24:61)
       at Object.userId [as selectByUserId] (/home/gildas/projects/marmelab/javascript-boilerplate/src/api/orders/orderRepository.js:24:61)
       at Object.userId [as selectByUserId] (/home/gildas/projects/marmelab/javascript-boilerplate/src/api/orders/orderRepository.js:24:61)
       at Object.userId [as selectByUserId] (/home/gildas/projects/marmelab/javascript-boilerplate/src/api/orders/orderRepository.js:24:61)
       at Object.userId [as selectByUserId] (/home/gildas/projects/marmelab/javascript-boilerplate/src/api/orders/orderRepository.js:24:61)
       at Object.userId [as selectByUserId] (/home/gildas/projects/marmelab/javascript-boilerplate/src/api/orders/orderRepository.js:24:61)
       at Object.userId [as selectByUserId] (/home/gildas/projects/marmelab/javascript-boilerplate/src/api/orders/orderRepository.js:24:61)
       at Object.userId [as selectByUserId] (/home/gildas/projects/marmelab/javascript-boilerplate/src/api/orders/orderRepository.js:24:61)
       at Object.userId [as selectByUserId] (/home/gildas/projects/marmelab/javascript-boilerplate/src/api/orders/orderRepository.js:24:61)
       at Object.userId [as selectByUserId] (/home/gildas/projects/marmelab/javascript-boilerplate/src/api/orders/orderRepository.js:24:61)
       at Object.userId [as selectByUserId] (/home/gildas/projects/marmelab/javascript-boilerplate/src/api/orders/orderRepository.js:24:61)
       at Object.userId [as selectByUserId] (/home/gildas/projects/marmelab/javascript-boilerplate/src/api/orders/orderRepository.js:24:61)
       at Object.userId [as selectByUserId] (/home/gildas/projects/marmelab/javascript-boilerplate/src/api/orders/orderRepository.js:24:61)
       at Object.userId [as selectByUserId] (/home/gildas/projects/marmelab/javascript-boilerplate/src/api/orders/orderRepository.js:24:61)
       at Object.userId [as selectByUserId] (/home/gildas/projects/marmelab/javascript-boilerplate/src/api/orders/orderRepository.js:24:61)
       at Object.userId [as selectByUserId] (/home/gildas/projects/marmelab/javascript-boilerplate/src/api/orders/orderRepository.js:24:61)
       at Object.userId [as selectByUserId] (/home/gildas/projects/marmelab/javascript-boilerplate/src/api/orders/orderRepository.js:24:61)
       at Object.userId [as selectByUserId] (/home/gildas/projects/marmelab/javascript-boilerplate/src/api/orders/orderRepository.js:24:61)
       at Object.userId [as selectByUserId] (/home/gildas/projects/marmelab/javascript-boilerplate/src/api/orders/orderRepository.js:24:61)
       at Object.userId [as selectByUserId] (/home/gildas/projects/marmelab/javascript-boilerplate/src/api/orders/orderRepository.js:24:61)
       at Object.userId [as selectByUserId] (/home/gildas/projects/marmelab/javascript-boilerplate/src/api/orders/orderRepository.js:24:61)
       at Object.userId [as selectByUserId] (/home/gildas/projects/marmelab/javascript-boilerplate/src/api/orders/orderRepository.js:24:61)
       at Object.userId [as selectByUserId] (/home/gildas/projects/marmelab/javascript-boilerplate/src/api/orders/orderRepository.js:24:61)
       at Object.userId [as selectByUserId] (/home/gildas/projects/marmelab/javascript-boilerplate/src/api/orders/orderRepository.js:24:61)
       at Object.userId [as selectByUserId] (/home/gildas/projects/marmelab/javascript-boilerplate/src/api/orders/orderRepository.js:24:61)
       at Object.userId [as selectByUserId] (/home/gildas/projects/marmelab/javascript-boilerplate/src/api/orders/orderRepository.js:24:61)
       at Object.userId [as selectByUserId] (/home/gildas/projects/marmelab/javascript-boilerplate/src/api/orders/orderRepository.js:24:61)
       at Object.userId [as selectByUserId] (/home/gildas/projects/marmelab/javascript-boilerplate/src/api/orders/orderRepository.js:24:61)
       at Object.userId [as selectByUserId] (/home/gildas/projects/marmelab/javascript-boilerplate/src/api/orders/orderRepository.js:24:61)
       at Object.userId [as selectByUserId] (/home/gildas/projects/marmelab/javascript-boilerplate/src/api/orders/orderRepository.js:24:61)
       at Object.userId [as selectByUserId] (/home/gildas/projects/marmelab/javascript-boilerplate/src/api/orders/orderRepository.js:24:61)
       at Object.userId [as selectByUserId] (/home/gildas/projects/marmelab/javascript-boilerplate/src/api/orders/orderRepository.js:24:61)
       at Object.userId [as selectByUserId] (/home/gildas/projects/marmelab/javascript-boilerplate/src/api/orders/orderRepository.js:24:61)
       at Object.userId [as selectByUserId] (/home/gildas/projects/marmelab/javascript-boilerplate/src/api/orders/orderRepository.js:24:61)
       at Object.userId [as selectByUserId] (/home/gildas/projects/marmelab/javascript-boilerplate/src/api/orders/orderRepository.js:24:61)
       at Object.userId [as selectByUserId] (/home/gildas/projects/marmelab/javascript-boilerplate/src/api/orders/orderRepository.js:24:61)
       at Object.userId [as selectByUserId] (/home/gildas/projects/marmelab/javascript-boilerplate/src/api/orders/orderRepository.js:24:61)
       at Object.userId [as selectByUserId] (/home/gildas/projects/marmelab/javascript-boilerplate/src/api/orders/orderRepository.js:24:61)
       at Object.userId [as selectByUserId] (/home/gildas/projects/marmelab/javascript-boilerplate/src/api/orders/orderRepository.js:24:61)
       at Object.userId [as selectByUserId] (/home/gildas/projects/marmelab/javascript-boilerplate/src/api/orders/orderRepository.js:24:61)
       at Object.userId [as selectByUserId] (/home/gildas/projects/marmelab/javascript-boilerplate/src/api/orders/orderRepository.js:24:61)
       at Object.userId [as selectByUserId] (/home/gildas/projects/marmelab/javascript-boilerplate/src/api/orders/orderRepository.js:24:61)
       at Object.userId [as selectByUserId] (/home/gildas/projects/marmelab/javascript-boilerplate/src/api/orders/orderRepository.js:24:61)
       at Object.userId [as selectByUserId] (/home/gildas/projects/marmelab/javascript-boilerplate/src/api/orders/orderRepository.js:24:61)
       at Object.userId [as selectByUserId] (/home/gildas/projects/marmelab/javascript-boilerplate/src/api/orders/orderRepository.js:24:61)
       at Object.userId [as selectByUserId] (/home/gildas/projects/marmelab/javascript-boilerplate/src/api/orders/orderRepository.js:24:61)
       at Object.userId [as selectByUserId] (/home/gildas/projects/marmelab/javascript-boilerplate/src/api/orders/orderRepository.js:24:61)
       at Object.userId [as selectByUserId] (/home/gildas/projects/marmelab/javascript-boilerplate/src/api/orders/orderRepository.js:24:61)
       at Object.userId [as selectByUserId] (/home/gildas/projects/marmelab/javascript-boilerplate/src/api/orders/orderRepository.js:24:61)
       at Object.userId [as selectByUserId] (/home/gildas/projects/marmelab/javascript-boilerplate/src/api/orders/orderRepository.js:24:61)
       at Object.userId [as selectByUserId] (/home/gildas/projects/marmelab/javascript-boilerplate/src/api/orders/orderRepository.js:24:61)
       at Object.userId [as selectByUserId] (/home/gildas/projects/marmelab/javascript-boilerplate/src/api/orders/orderRepository.js:24:61)
       at Object.userId [as selectByUserId] (/home/gildas/projects/marmelab/javascript-boilerplate/src/api/orders/orderRepository.js:24:61)
       at Object.userId [as selectByUserId] (/home/gildas/projects/marmelab/javascript-boilerplate/src/api/orders/orderRepository.js:24:61)
       at Object.userId [as selectByUserId] (/home/gildas/projects/marmelab/javascript-boilerplate/src/api/orders/orderRepository.js:24:61)
       at Object.userId [as selectByUserId] (/home/gildas/projects/marmelab/javascript-boilerplate/src/api/orders/orderRepository.js:24:61)
       at Object.userId [as selectByUserId] (/home/gildas/projects/marmelab/javascript-boilerplate/src/api/orders/orderRepository.js:24:61)
       at Object.userId [as selectByUserId] (/home/gildas/projects/marmelab/javascript-boilerplate/src/api/orders/orderRepository.js:24:61)
       at Object.userId [as selectByUserId] (/home/gildas/projects/marmelab/javascript-boilerplate/src/api/orders/orderRepository.js:24:61)
       at Object.userId [as selectByUserId] (/home/gildas/projects/marmelab/javascript-boilerplate/src/api/orders/orderRepository.js:24:61)
       at Object.userId [as selectByUserId] (/home/gildas/projects/marmelab/javascript-boilerplate/src/api/orders/orderRepository.js:24:61)
       at Object.userId [as selectByUserId] (/home/gildas/projects/marmelab/javascript-boilerplate/src/api/orders/orderRepository.js:24:61)
       at Object.userId [as selectByUserId] (/home/gildas/projects/marmelab/javascript-boilerplate/src/api/orders/orderRepository.js:24:61)
       at Object.userId [as selectByUserId] (/home/gildas/projects/marmelab/javascript-boilerplate/src/api/orders/orderRepository.js:24:61)
       at Object.userId [as selectByUserId] (/home/gildas/projects/marmelab/javascript-boilerplate/src/api/orders/orderRepository.js:24:61)
       at Object.userId [as selectByUserId] (/home/gildas/projects/marmelab/javascript-boilerplate/src/api/orders/orderRepository.js:24:61)
       at Object.userId [as selectByUserId] (/home/gildas/projects/marmelab/javascript-boilerplate/src/api/orders/orderRepository.js:24:61)
       at Object.userId [as selectByUserId] (/home/gildas/projects/marmelab/javascript-boilerplate/src/api/orders/orderRepository.js:24:61)
       at Object.userId [as selectByUserId] (/home/gildas/projects/marmelab/javascript-boilerplate/src/api/orders/orderRepository.js:24:61)
       at Object.userId [as selectByUserId] (/home/gildas/projects/marmelab/javascript-boilerplate/src/api/orders/orderRepository.js:24:61)
       at Object.userId [as selectByUserId] (/home/gildas/projects/marmelab/javascript-boilerplate/src/api/orders/orderRepository.js:24:61)
       at Object.userId [as selectByUserId] (/home/gildas/projects/marmelab/javascript-boilerplate/src/api/orders/orderRepository.js:24:61)
       at Object.userId [as selectByUserId] (/home/gildas/projects/marmelab/javascript-boilerplate/src/api/orders/orderRepository.js:24:61)
       at Object.userId [as selectByUserId] (/home/gildas/projects/marmelab/javascript-boilerplate/src/api/orders/orderRepository.js:24:61)
       at Object.userId [as selectByUserId] (/home/gildas/projects/marmelab/javascript-boilerplate/src/api/orders/orderRepository.js:24:61)
       at Object.userId [as selectByUserId] (/home/gildas/projects/marmelab/javascript-boilerplate/src/api/orders/orderRepository.js:24:61)
       at Object.userId [as selectByUserId] (/home/gildas/projects/marmelab/javascript-boilerplate/src/api/orders/orderRepository.js:24:61)
       at Object.userId [as selectByUserId] (/home/gildas/projects/marmelab/javascript-boilerplate/src/api/orders/orderRepository.js:24:61)
       at Object.userId [as selectByUserId] (/home/gildas/projects/marmelab/javascript-boilerplate/src/api/orders/orderRepository.js:24:61)
       at Object.userId [as selectByUserId] (/home/gildas/projects/marmelab/javascript-boilerplate/src/api/orders/orderRepository.js:24:61)
       at Object.userId [as selectByUserId] (/home/gildas/projects/marmelab/javascript-boilerplate/src/api/orders/orderRepository.js:24:61)
       at Object.userId [as selectByUserId] (/home/gildas/projects/marmelab/javascript-boilerplate/src/api/orders/orderRepository.js:24:61)
       at Object.userId [as selectByUserId] (/home/gildas/projects/marmelab/javascript-boilerplate/src/api/orders/orderRepository.js:24:61)
       at Object.userId [as selectByUserId] (/home/gildas/projects/marmelab/javascript-boilerplate/src/api/orders/orderRepository.js:24:61)
       at Object.userId [as selectByUserId] (/home/gildas/projects/marmelab/javascript-boilerplate/src/api/orders/orderRepository.js:24:61)
       at Object.userId [as selectByUserId] (/home/gildas/projects/marmelab/javascript-boilerplate/src/api/orders/orderRepository.js:24:61)
       at Object.userId [as selectByUserId] (/home/gildas/projects/marmelab/javascript-boilerplate/src/api/orders/orderRepository.js:24:61)
       at Object.userId [as selectByUserId] (/home/gildas/projects/marmelab/javascript-boilerplate/src/api/orders/orderRepository.js:24:61)
       at Object.userId [as selectByUserId] (/home/gildas/projects/marmelab/javascript-boilerplate/src/api/orders/orderRepository.js:24:61)
       at Object.userId [as selectByUserId] (/home/gildas/projects/marmelab/javascript-boilerplate/src/api/orders/orderRepository.js:24:61)
       at Object.userId [as selectByUserId] (/home/gildas/projects/marmelab/javascript-boilerplate/src/api/orders/orderRepository.js:24:61)
       at Object.userId [as selectByUserId] (/home/gildas/projects/marmelab/javascript-boilerplate/src/api/orders/orderRepository.js:24:61)
       at Object.userId [as selectByUserId] (/home/gildas/projects/marmelab/javascript-boilerplate/src/api/orders/orderRepository.js:24:61)
       at Object.userId [as selectByUserId] (/home/gildas/projects/marmelab/javascript-boilerplate/src/api/orders/orderRepository.js:24:61)
       at Object.userId [as selectByUserId] (/home/gildas/projects/marmelab/javascript-boilerplate/src/api/orders/orderRepository.js:24:61)
       at Object.userId [as selectByUserId] (/home/gildas/projects/marmelab/javascript-boilerplate/src/api/orders/orderRepository.js:24:61)
       at Object.userId [as selectByUserId] (/home/gildas/projects/marmelab/javascript-boilerplate/src/api/orders/orderRepository.js:24:61)
       at Object.userId [as selectByUserId] (/home/gildas/projects/marmelab/javascript-boilerplate/src/api/orders/orderRepository.js:24:61)
       at Object.userId [as selectByUserId] (/home/gildas/projects/marmelab/javascript-boilerplate/src/api/orders/orderRepository.js:24:61)
       at Object.userId [as selectByUserId] (/home/gildas/projects/marmelab/javascript-boilerplate/src/api/orders/orderRepository.js:24:61)
       at Object.userId [as selectByUserId] (/home/gildas/projects/marmelab/javascript-boilerplate/src/api/orders/orderRepository.js:24:61)
       at Object.userId [as selectByUserId] (/home/gildas/projects/marmelab/javascript-boilerplate/src/api/orders/orderRepository.js:24:61)
       at Object.userId [as selectByUserId] (/home/gildas/projects/marmelab/javascript-boilerplate/src/api/orders/orderRepository.js:24:61)
       at Object.userId [as selectByUserId] (/home/gildas/projects/marmelab/javascript-boilerplate/src/api/orders/orderRepository.js:24:61)
       at Object.userId [as selectByUserId] (/home/gildas/projects/marmelab/javascript-boilerplate/src/api/orders/orderRepository.js:24:61)
       at Object.userId [as selectByUserId] (/home/gildas/projects/marmelab/javascript-boilerplate/src/api/orders/orderRepository.js:24:61)
       at Object.userId [as selectByUserId] (/home/gildas/projects/marmelab/javascript-boilerplate/src/api/orders/orderRepository.js:24:61)
       at Object.userId [as selectByUserId] (/home/gildas/projects/marmelab/javascript-boilerplate/src/api/orders/orderRepository.js:24:61)
       at Object.userId [as selectByUserId] (/home/gildas/projects/marmelab/javascript-boilerplate/src/api/orders/orderRepository.js:24:61)
       at Object.userId [as selectByUserId] (/home/gildas/projects/marmelab/javascript-boilerplate/src/api/orders/orderRepository.js:24:61)
       at Object.userId [as selectByUserId] (/home/gildas/projects/marmelab/javascript-boilerplate/src/api/orders/orderRepository.js:24:61)
       at Object.userId [as selectByUserId] (/home/gildas/projects/marmelab/javascript-boilerplate/src/api/orders/orderRepository.js:24:61)
       at Object.userId [as selectByUserId] (/home/gildas/projects/marmelab/javascript-boilerplate/src/api/orders/orderRepository.js:24:61)
       at Object.userId [as selectByUserId] (/home/gildas/projects/marmelab/javascript-boilerplate/src/api/orders/orderRepository.js:24:61)
       at Object.userId [as selectByUserId] (/home/gildas/projects/marmelab/javascript-boilerplate/src/api/orders/orderRepository.js:24:61)
       at Object.userId [as selectByUserId] (/home/gildas/projects/marmelab/javascript-boilerplate/src/api/orders/orderRepository.js:24:61)
       at Object.userId [as selectByUserId] (/home/gildas/projects/marmelab/javascript-boilerplate/src/api/orders/orderRepository.js:24:61)
       at Object.userId [as selectByUserId] (/home/gildas/projects/marmelab/javascript-boilerplate/src/api/orders/orderRepository.js:24:61)
       at Object.userId [as selectByUserId] (/home/gildas/projects/marmelab/javascript-boilerplate/src/api/orders/orderRepository.js:24:61)
       at Object.userId [as selectByUserId] (/home/gildas/projects/marmelab/javascript-boilerplate/src/api/orders/orderRepository.js:24:61)
       at Object.userId [as selectByUserId] (/home/gildas/projects/marmelab/javascript-boilerplate/src/api/orders/orderRepository.js:24:61)
       at Object.userId [as selectByUserId] (/home/gildas/projects/marmelab/javascript-boilerplate/src/api/orders/orderRepository.js:24:61)
       at Object.userId [as selectByUserId] (/home/gildas/projects/marmelab/javascript-boilerplate/src/api/orders/orderRepository.js:24:61)
       at Object.userId [as selectByUserId] (/home/gildas/projects/marmelab/javascript-boilerplate/src/api/orders/orderRepository.js:24:61)
       at Object.userId [as selectByUserId] (/home/gildas/projects/marmelab/javascript-boilerplate/src/api/orders/orderRepository.js:24:61)
       at Object.userId [as selectByUserId] (/home/gildas/projects/marmelab/javascript-boilerplate/src/api/orders/orderRepository.js:24:61)
       at Object.userId [as selectByUserId] (/home/gildas/projects/marmelab/javascript-boilerplate/src/api/orders/orderRepository.js:24:61)
       at Object.userId [as selectByUserId] (/home/gildas/projects/marmelab/javascript-boilerplate/src/api/orders/orderRepository.js:24:61)
       at Object.userId [as selectByUserId] (/home/gildas/projects/marmelab/javascript-boilerplate/src/api/orders/orderRepository.js:24:61)
       at Object.userId [as selectByUserId] (/home/gildas/projects/marmelab/javascript-boilerplate/src/api/orders/orderRepository.js:24:61)
       at Object.userId [as selectByUserId] (/home/gildas/projects/marmelab/javascript-boilerplate/src/api/orders/orderRepository.js:24:61)
       at Object.userId [as selectByUserId] (/home/gildas/projects/marmelab/javascript-boilerplate/src/api/orders/orderRepository.js:24:61)
       at Object.userId [as selectByUserId] (/home/gildas/projects/marmelab/javascript-boilerplate/src/api/orders/orderRepository.js:24:61)
       at Object.userId [as selectByUserId] (/home/gildas/projects/marmelab/javascript-boilerplate/src/api/orders/orderRepository.js:24:61)
       at Object.userId [as selectByUserId] (/home/gildas/projects/marmelab/javascript-boilerplate/src/api/orders/orderRepository.js:24:61)
       at Object.userId [as selectByUserId] (/home/gildas/projects/marmelab/javascript-boilerplate/src/api/orders/orderRepository.js:24:61)
       at Object.userId [as selectByUserId] (/home/gildas/projects/marmelab/javascript-boilerplate/src/api/orders/orderRepository.js:24:61)
       at Object.userId [as selectByUserId] (/home/gildas/projects/marmelab/javascript-boilerplate/src/api/orders/orderRepository.js:24:61)
       at Object.userId [as selectByUserId] (/home/gildas/projects/marmelab/javascript-boilerplate/src/api/orders/orderRepository.js:24:61)
       at Object.userId [as selectByUserId] (/home/gildas/projects/marmelab/javascript-boilerplate/src/api/orders/orderRepository.js:24:61)
       at Object.userId [as selectByUserId] (/home/gildas/projects/marmelab/javascript-boilerplate/src/api/orders/orderRepository.js:24:61)
       at Object.userId [as selectByUserId] (/home/gildas/projects/marmelab/javascript-boilerplate/src/api/orders/orderRepository.js:24:61)
       at Object.userId [as selectByUserId] (/home/gildas/projects/marmelab/javascript-boilerplate/src/api/orders/orderRepository.js:24:61)
       at Object.userId [as selectByUserId] (/home/gildas/projects/marmelab/javascript-boilerplate/src/api/orders/orderRepository.js:24:61)
       at Object.userId [as selectByUserId] (/home/gildas/projects/marmelab/javascript-boilerplate/src/api/orders/orderRepository.js:24:61)
       at Object.userId [as selectByUserId] (/home/gildas/projects/marmelab/javascript-boilerplate/src/api/orders/orderRepository.js:24:61)
       at Object.userId [as selectByUserId] (/home/gildas/projects/marmelab/javascript-boilerplate/src/api/orders/orderRepository.js:24:61)
       at Object.userId [as selectByUserId] (/home/gildas/projects/marmelab/javascript-boilerplate/src/api/orders/orderRepository.js:24:61)
       at Object.userId [as selectByUserId] (/home/gildas/projects/marmelab/javascript-boilerplate/src/api/orders/orderRepository.js:24:61)
       at Object.userId [as selectByUserId] (/home/gildas/projects/marmelab/javascript-boilerplate/src/api/orders/orderRepository.js:24:61)
       at Object.userId [as selectByUserId] (/home/gildas/projects/marmelab/javascript-boilerplate/src/api/orders/orderRepository.js:24:61)
       at Object.userId [as selectByUserId] (/home/gildas/projects/marmelab/javascript-boilerplate/src/api/orders/orderRepository.js:24:61)
       at Object.userId [as selectByUserId] (/home/gildas/projects/marmelab/javascript-boilerplate/src/api/orders/orderRepository.js:24:61)
       at Object.userId [as selectByUserId] (/home/gildas/projects/marmelab/javascript-boilerplate/src/api/orders/orderRepository.js:24:61)
       at Object.userId [as selectByUserId] (/home/gildas/projects/marmelab/javascript-boilerplate/src/api/orders/orderRepository.js:24:61)
       at Object.userId [as selectByUserId] (/home/gildas/projects/marmelab/javascript-boilerplate/src/api/orders/orderRepository.js:24:61)
       at Object.userId [as selectByUserId] (/home/gildas/projects/marmelab/javascript-boilerplate/src/api/orders/orderRepository.js:24:61)
       at Object.userId [as selectByUserId] (/home/gildas/projects/marmelab/javascript-boilerplate/src/api/orders/orderRepository.js:24:61)
       at Object.userId [as selectByUserId] (/home/gildas/projects/marmelab/javascript-boilerplate/src/api/orders/orderRepository.js:24:61)
       at Object.userId [as selectByUserId] (/home/gildas/projects/marmelab/javascript-boilerplate/src/api/orders/orderRepository.js:24:61)
       at Object.userId [as selectByUserId] (/home/gildas/projects/marmelab/javascript-boilerplate/src/api/orders/orderRepository.js:24:61)
       at Object.userId [as selectByUserId] (/home/gildas/projects/marmelab/javascript-boilerplate/src/api/orders/orderRepository.js:24:61)
       at Object.userId [as selectByUserId] (/home/gildas/projects/marmelab/javascript-boilerplate/src/api/orders/orderRepository.js:24:61)
       at Object.userId [as selectByUserId] (/home/gildas/projects/marmelab/javascript-boilerplate/src/api/orders/orderRepository.js:24:61)
       at Object.userId [as selectByUserId] (/home/gildas/projects/marmelab/javascript-boilerplate/src/api/orders/orderRepository.js:24:61)
       at Object.userId [as selectByUserId] (/home/gildas/projects/marmelab/javascript-boilerplate/src/api/orders/orderRepository.js:24:61)
       at Object.userId [as selectByUserId] (/home/gildas/projects/marmelab/javascript-boilerplate/src/api/orders/orderRepository.js:24:61)
       at Object.userId [as selectByUserId] (/home/gildas/projects/marmelab/javascript-boilerplate/src/api/orders/orderRepository.js:24:61)
       at Object.userId [as selectByUserId] (/home/gildas/projects/marmelab/javascript-boilerplate/src/api/orders/orderRepository.js:24:61)
       at Object.userId [as selectByUserId] (/home/gildas/projects/marmelab/javascript-boilerplate/src/api/orders/orderRepository.js:24:61)
       at Object.userId [as selectByUserId] (/home/gildas/projects/marmelab/javascript-boilerplate/src/api/orders/orderRepository.js:24:61)
       at Object.userId [as selectByUserId] (/home/gildas/projects/marmelab/javascript-boilerplate/src/api/orders/orderRepository.js:24:61)
       at Object.userId [as selectByUserId] (/home/gildas/projects/marmelab/javascript-boilerplate/src/api/orders/orderRepository.js:24:61)
       at Object.userId [as selectByUserId] (/home/gildas/projects/marmelab/javascript-boilerplate/src/api/orders/orderRepository.js:24:61)
       at Object.userId [as selectByUserId] (/home/gildas/projects/marmelab/javascript-boilerplate/src/api/orders/orderRepository.js:24:61)
       at Object.userId [as selectByUserId] (/home/gildas/projects/marmelab/javascript-boilerplate/src/api/orders/orderRepository.js:24:61)
       at Object.userId [as selectByUserId] (/home/gildas/projects/marmelab/javascript-boilerplate/src/api/orders/orderRepository.js:24:61)
       at Object.userId [as selectByUserId] (/home/gildas/projects/marmelab/javascript-boilerplate/src/api/orders/orderRepository.js:24:61)
       at Object.userId [as selectByUserId] (/home/gildas/projects/marmelab/javascript-boilerplate/src/api/orders/orderRepository.js:24:61)
       at Object.userId [as selectByUserId] (/home/gildas/projects/marmelab/javascript-boilerplate/src/api/orders/orderRepository.js:24:61)
       at Object.userId [as selectByUserId] (/home/gildas/projects/marmelab/javascript-boilerplate/src/api/orders/orderRepository.js:24:61)
       at Object.userId [as selectByUserId] (/home/gildas/projects/marmelab/javascript-boilerplate/src/api/orders/orderRepository.js:24:61)
       at Object.userId [as selectByUserId] (/home/gildas/projects/marmelab/javascript-boilerplate/src/api/orders/orderRepository.js:24:61)
       at Object.userId [as selectByUserId] (/home/gildas/projects/marmelab/javascript-boilerplate/src/api/orders/orderRepository.js:24:61)
       at Object.userId [as selectByUserId] (/home/gildas/projects/marmelab/javascript-boilerplate/src/api/orders/orderRepository.js:24:61)
       at Object.userId [as selectByUserId] (/home/gildas/projects/marmelab/javascript-boilerplate/src/api/orders/orderRepository.js:24:61)
       at Object.userId [as selectByUserId] (/home/gildas/projects/marmelab/javascript-boilerplate/src/api/orders/orderRepository.js:24:61)
       at Object.userId [as selectByUserId] (/home/gildas/projects/marmelab/javascript-boilerplate/src/api/orders/orderRepository.js:24:61)
       at Object.userId [as selectByUserId] (/home/gildas/projects/marmelab/javascript-boilerplate/src/api/orders/orderRepository.js:24:61)
       at Object.userId [as selectByUserId] (/home/gildas/projects/marmelab/javascript-boilerplate/src/api/orders/orderRepository.js:24:61)
       at Object.userId [as selectByUserId] (/home/gildas/projects/marmelab/javascript-boilerplate/src/api/orders/orderRepository.js:24:61)
       at Object.userId [as selectByUserId] (/home/gildas/projects/marmelab/javascript-boilerplate/src/api/orders/orderRepository.js:24:61)
       at Object.userId [as selectByUserId] (/home/gildas/projects/marmelab/javascript-boilerplate/src/api/orders/orderRepository.js:24:61)
       at Object.userId [as selectByUserId] (/home/gildas/projects/marmelab/javascript-boilerplate/src/api/orders/orderRepository.js:24:61)
       at Object.userId [as selectByUserId] (/home/gildas/projects/marmelab/javascript-boilerplate/src/api/orders/orderRepository.js:24:61)
       at Object.userId [as selectByUserId] (/home/gildas/projects/marmelab/javascript-boilerplate/src/api/orders/orderRepository.js:24:61)
       at Object.userId [as selectByUserId] (/home/gildas/projects/marmelab/javascript-boilerplate/src/api/orders/orderRepository.js:24:61)
       at Object.userId [as selectByUserId] (/home/gildas/projects/marmelab/javascript-boilerplate/src/api/orders/orderRepository.js:24:61)
       at Object.userId [as selectByUserId] (/home/gildas/projects/marmelab/javascript-boilerplate/src/api/orders/orderRepository.js:24:61)
       at Object.userId [as selectByUserId] (/home/gildas/projects/marmelab/javascript-boilerplate/src/api/orders/orderRepository.js:24:61)
       at Object.userId [as selectByUserId] (/home/gildas/projects/marmelab/javascript-boilerplate/src/api/orders/orderRepository.js:24:61)
       at Object.userId [as selectByUserId] (/home/gildas/projects/marmelab/javascript-boilerplate/src/api/orders/orderRepository.js:24:61)
       at Object.userId [as selectByUserId] (/home/gildas/projects/marmelab/javascript-boilerplate/src/api/orders/orderRepository.js:24:61)
       at Object.userId [as selectByUserId] (/home/gildas/projects/marmelab/javascript-boilerplate/src/api/orders/orderRepository.js:24:61)
       at Object.userId [as selectByUserId] (/home/gildas/projects/marmelab/javascript-boilerplate/src/api/orders/orderRepository.js:24:61)
       at Object.userId [as selectByUserId] (/home/gildas/projects/marmelab/javascript-boilerplate/src/api/orders/orderRepository.js:24:61)
       at Object.userId [as selectByUserId] (/home/gildas/projects/marmelab/javascript-boilerplate/src/api/orders/orderRepository.js:24:61)
       at Object.userId [as selectByUserId] (/home/gildas/projects/marmelab/javascript-boilerplate/src/api/orders/orderRepository.js:24:61)
       at Object.userId [as selectByUserId] (/home/gildas/projects/marmelab/javascript-boilerplate/src/api/orders/orderRepository.js:24:61)
       at Object.userId [as selectByUserId] (/home/gildas/projects/marmelab/javascript-boilerplate/src/api/orders/orderRepository.js:24:61)
       at Object.userId [as selectByUserId] (/home/gildas/projects/marmelab/javascript-boilerplate/src/api/orders/orderRepository.js:24:61)
       at Object.userId [as selectByUserId] (/home/gildas/projects/marmelab/javascript-boilerplate/src/api/orders/orderRepository.js:24:61)
       at Object.userId [as selectByUserId] (/home/gildas/projects/marmelab/javascript-boilerplate/src/api/orders/orderRepository.js:24:61)
       at Object.userId [as selectByUserId] (/home/gildas/projects/marmelab/javascript-boilerplate/src/api/orders/orderRepository.js:24:61)
       at Object.userId [as selectByUserId] (/home/gildas/projects/marmelab/javascript-boilerplate/src/api/orders/orderRepository.js:24:61)
       at Object.userId [as selectByUserId] (/home/gildas/projects/marmelab/javascript-boilerplate/src/api/orders/orderRepository.js:24:61)
       at Object.userId [as selectByUserId] (/home/gildas/projects/marmelab/javascript-boilerplate/src/api/orders/orderRepository.js:24:61)
       at Object.userId [as selectByUserId] (/home/gildas/projects/marmelab/javascript-boilerplate/src/api/orders/orderRepository.js:24:61)
       at Object.userId [as selectByUserId] (/home/gildas/projects/marmelab/javascript-boilerplate/src/api/orders/orderRepository.js:24:61)
       at Object.userId [as selectByUserId] (/home/gildas/projects/marmelab/javascript-boilerplate/src/api/orders/orderRepository.js:24:61)
       at Object.userId [as selectByUserId] (/home/gildas/projects/marmelab/javascript-boilerplate/src/api/orders/orderRepository.js:24:61)
       at Object.userId [as selectByUserId] (/home/gildas/projects/marmelab/javascript-boilerplate/src/api/orders/orderRepository.js:24:61)
       at Object.userId [as selectByUserId] (/home/gildas/projects/marmelab/javascript-boilerplate/src/api/orders/orderRepository.js:24:61)
       at Object.userId [as selectByUserId] (/home/gildas/projects/marmelab/javascript-boilerplate/src/api/orders/orderRepository.js:24:61)
       at Object.userId [as selectByUserId] (/home/gildas/projects/marmelab/javascript-boilerplate/src/api/orders/orderRepository.js:24:61)
       at Object.userId [as selectByUserId] (/home/gildas/projects/marmelab/javascript-boilerplate/src/api/orders/orderRepository.js:24:61)
       at Object.userId [as selectByUserId] (/home/gildas/projects/marmelab/javascript-boilerplate/src/api/orders/orderRepository.js:24:61)
       at Object.userId [as selectByUserId] (/home/gildas/projects/marmelab/javascript-boilerplate/src/api/orders/orderRepository.js:24:61)
       at Object.userId [as selectByUserId] (/home/gildas/projects/marmelab/javascript-boilerplate/src/api/orders/orderRepository.js:24:61)
       at Object.userId [as selectByUserId] (/home/gildas/projects/marmelab/javascript-boilerplate/src/api/orders/orderRepository.js:24:61)
       at Object.userId [as selectByUserId] (/home/gildas/projects/marmelab/javascript-boilerplate/src/api/orders/orderRepository.js:24:61)
       at Object.userId [as selectByUserId] (/home/gildas/projects/marmelab/javascript-boilerplate/src/api/orders/orderRepository.js:24:61)
       at Object.userId [as selectByUserId] (/home/gildas/projects/marmelab/javascript-boilerplate/src/api/orders/orderRepository.js:24:61)
       at Object.userId [as selectByUserId] (/home/gildas/projects/marmelab/javascript-boilerplate/src/api/orders/orderRepository.js:24:61)
       at Object.userId [as selectByUserId] (/home/gildas/projects/marmelab/javascript-boilerplate/src/api/orders/orderRepository.js:24:61)
       at Object.userId [as selectByUserId] (/home/gildas/projects/marmelab/javascript-boilerplate/src/api/orders/orderRepository.js:24:61)
       at Object.userId [as selectByUserId] (/home/gildas/projects/marmelab/javascript-boilerplate/src/api/orders/orderRepository.js:24:61)
       at Object.userId [as selectByUserId] (/home/gildas/projects/marmelab/javascript-boilerplate/src/api/orders/orderRepository.js:24:61)
       at Object.userId [as selectByUserId] (/home/gildas/projects/marmelab/javascript-boilerplate/src/api/orders/orderRepository.js:24:61)
       at Object.userId [as selectByUserId] (/home/gildas/projects/marmelab/javascript-boilerplate/src/api/orders/orderRepository.js:24:61)
       at Object.userId [as selectByUserId] (/home/gildas/projects/marmelab/javascript-boilerplate/src/api/orders/orderRepository.js:24:61)
       at Object.userId [as selectByUserId] (/home/gildas/projects/marmelab/javascript-boilerplate/src/api/orders/orderRepository.js:24:61)
       at Object.userId [as selectByUserId] (/home/gildas/projects/marmelab/javascript-boilerplate/src/api/orders/orderRepository.js:24:61)
       at Object.userId [as selectByUserId] (/home/gildas/projects/marmelab/javascript-boilerplate/src/api/orders/orderRepository.js:24:61)
       at Object.userId [as selectByUserId] (/home/gildas/projects/marmelab/javascript-boilerplate/src/api/orders/orderRepository.js:24:61)
       at Object.userId [as selectByUserId] (/home/gildas/projects/marmelab/javascript-boilerplate/src/api/orders/orderRepository.js:24:61)
       at Object.userId [as selectByUserId] (/home/gildas/projects/marmelab/javascript-boilerplate/src/api/orders/orderRepository.js:24:61)
       at Object.userId [as selectByUserId] (/home/gildas/projects/marmelab/javascript-boilerplate/src/api/orders/orderRepository.js:24:61)
       at Object.userId [as selectByUserId] (/home/gildas/projects/marmelab/javascript-boilerplate/src/api/orders/orderRepository.js:24:61)
       at Object.userId [as selectByUserId] (/home/gildas/projects/marmelab/javascript-boilerplate/src/api/orders/orderRepository.js:24:61)
       at Object.userId [as selectByUserId] (/home/gildas/projects/marmelab/javascript-boilerplate/src/api/orders/orderRepository.js:24:61)
       at Object.userId [as selectByUserId] (/home/gildas/projects/marmelab/javascript-boilerplate/src/api/orders/orderRepository.js:24:61)
       at Object.userId [as selectByUserId] (/home/gildas/projects/marmelab/javascript-boilerplate/src/api/orders/orderRepository.js:24:61)
       at Object.userId [as selectByUserId] (/home/gildas/projects/marmelab/javascript-boilerplate/src/api/orders/orderRepository.js:24:61)
       at Object.userId [as selectByUserId] (/home/gildas/projects/marmelab/javascript-boilerplate/src/api/orders/orderRepository.js:24:61)
       at Object.userId [as selectByUserId] (/home/gildas/projects/marmelab/javascript-boilerplate/src/api/orders/orderRepository.js:24:61)
       at Object.userId [as selectByUserId] (/home/gildas/projects/marmelab/javascript-boilerplate/src/api/orders/orderRepository.js:24:61)
       at Object.userId [as selectByUserId] (/home/gildas/projects/marmelab/javascript-boilerplate/src/api/orders/orderRepository.js:24:61)
       at Object.userId [as selectByUserId] (/home/gildas/projects/marmelab/javascript-boilerplate/src/api/orders/orderRepository.js:24:61)
       at Object.userId [as selectByUserId] (/home/gildas/projects/marmelab/javascript-boilerplate/src/api/orders/orderRepository.js:24:61)
       at Object.userId [as selectByUserId] (/home/gildas/projects/marmelab/javascript-boilerplate/src/api/orders/orderRepository.js:24:61)
       at Object.userId [as selectByUserId] (/home/gildas/projects/marmelab/javascript-boilerplate/src/api/orders/orderRepository.js:24:61)
       at Object.userId [as selectByUserId] (/home/gildas/projects/marmelab/javascript-boilerplate/src/api/orders/orderRepository.js:24:61)
       at Object.userId [as selectByUserId] (/home/gildas/projects/marmelab/javascript-boilerplate/src/api/orders/orderRepository.js:24:61)
       at Object.userId [as selectByUserId] (/home/gildas/projects/marmelab/javascript-boilerplate/src/api/orders/orderRepository.js:24:61)
       at Object.userId [as selectByUserId] (/home/gildas/projects/marmelab/javascript-boilerplate/src/api/orders/orderRepository.js:24:61)
       at Object.userId [as selectByUserId] (/home/gildas/projects/marmelab/javascript-boilerplate/src/api/orders/orderRepository.js:24:61)
       at Object.userId [as selectByUserId] (/home/gildas/projects/marmelab/javascript-boilerplate/src/api/orders/orderRepository.js:24:61)
       at Object.userId [as selectByUserId] (/home/gildas/projects/marmelab/javascript-boilerplate/src/api/orders/orderRepository.js:24:61)
       at Object.userId [as selectByUserId] (/home/gildas/projects/marmelab/javascript-boilerplate/src/api/orders/orderRepository.js:24:61)
       at Object.userId [as selectByUserId] (/home/gildas/projects/marmelab/javascript-boilerplate/src/api/orders/orderRepository.js:24:61)
       at Object.userId [as selectByUserId] (/home/gildas/projects/marmelab/javascript-boilerplate/src/api/orders/orderRepository.js:24:61)
       at Object.userId [as selectByUserId] (/home/gildas/projects/marmelab/javascript-boilerplate/src/api/orders/orderRepository.js:24:61)
       at Object.userId [as selectByUserId] (/home/gildas/projects/marmelab/javascript-boilerplate/src/api/orders/orderRepository.js:24:61)
       at Object.userId [as selectByUserId] (/home/gildas/projects/marmelab/javascript-boilerplate/src/api/orders/orderRepository.js:24:61)
       at Object.userId [as selectByUserId] (/home/gildas/projects/marmelab/javascript-boilerplate/src/api/orders/orderRepository.js:24:61)
       at Object.userId [as selectByUserId] (/home/gildas/projects/marmelab/javascript-boilerplate/src/api/orders/orderRepository.js:24:61)
       at Object.userId [as selectByUserId] (/home/gildas/projects/marmelab/javascript-boilerplate/src/api/orders/orderRepository.js:24:61)
       at Object.userId [as selectByUserId] (/home/gildas/projects/marmelab/javascript-boilerplate/src/api/orders/orderRepository.js:24:61)
       at Object.userId [as selectByUserId] (/home/gildas/projects/marmelab/javascript-boilerplate/src/api/orders/orderRepository.js:24:61)
       at Object.userId [as selectByUserId] (/home/gildas/projects/marmelab/javascript-boilerplate/src/api/orders/orderRepository.js:24:61)
       at Object.userId [as selectByUserId] (/home/gildas/projects/marmelab/javascript-boilerplate/src/api/orders/orderRepository.js:24:61)
       at Object.userId [as selectByUserId] (/home/gildas/projects/marmelab/javascript-boilerplate/src/api/orders/orderRepository.js:24:61)
       at Object.userId [as selectByUserId] (/home/gildas/projects/marmelab/javascript-boilerplate/src/api/orders/orderRepository.js:24:61)
       at Object.userId [as selectByUserId] (/home/gildas/projects/marmelab/javascript-boilerplate/src/api/orders/orderRepository.js:24:61)
       at Object.userId [as selectByUserId] (/home/gildas/projects/marmelab/javascript-boilerplate/src/api/orders/orderRepository.js:24:61)
       at Object.userId [as selectByUserId] (/home/gildas/projects/marmelab/javascript-boilerplate/src/api/orders/orderRepository.js:24:61)
       at Object.userId [as selectByUserId] (/home/gildas/projects/marmelab/javascript-boilerplate/src/api/orders/orderRepository.js:24:61)
       at Object.userId [as selectByUserId] (/home/gildas/projects/marmelab/javascript-boilerplate/src/api/orders/orderRepository.js:24:61)
       at Object.userId [as selectByUserId] (/home/gildas/projects/marmelab/javascript-boilerplate/src/api/orders/orderRepository.js:24:61)
       at Object.userId [as selectByUserId] (/home/gildas/projects/marmelab/javascript-boilerplate/src/api/orders/orderRepository.js:24:61)
       at Object.userId [as selectByUserId] (/home/gildas/projects/marmelab/javascript-boilerplate/src/api/orders/orderRepository.js:24:61)
       at Object.userId [as selectByUserId] (/home/gildas/projects/marmelab/javascript-boilerplate/src/api/orders/orderRepository.js:24:61)
       at Object.userId [as selectByUserId] (/home/gildas/projects/marmelab/javascript-boilerplate/src/api/orders/orderRepository.js:24:61)
       at Object.userId [as selectByUserId] (/home/gildas/projects/marmelab/javascript-boilerplate/src/api/orders/orderRepository.js:24:61)
       at Object.userId [as selectByUserId] (/home/gildas/projects/marmelab/javascript-boilerplate/src/api/orders/orderRepository.js:24:61)
       at Object.userId [as selectByUserId] (/home/gildas/projects/marmelab/javascript-boilerplate/src/api/orders/orderRepository.js:24:61)
       at Object.userId [as selectByUserId] (/home/gildas/projects/marmelab/javascript-boilerplate/src/api/orders/orderRepository.js:24:61)
       at Object.userId [as selectByUserId] (/home/gildas/projects/marmelab/javascript-boilerplate/src/api/orders/orderRepository.js:24:61)
       at Object.userId [as selectByUserId] (/home/gildas/projects/marmelab/javascript-boilerplate/src/api/orders/orderRepository.js:24:61)
       at Object.userId [as selectByUserId] (/home/gildas/projects/marmelab/javascript-boilerplate/src/api/orders/orderRepository.js:24:61)
       at Object.userId [as selectByUserId] (/home/gildas/projects/marmelab/javascript-boilerplate/src/api/orders/orderRepository.js:24:61)
       at Object.userId [as selectByUserId] (/home/gildas/projects/marmelab/javascript-boilerplate/src/api/orders/orderRepository.js:24:61)
       at Object.userId [as selectByUserId] (/home/gildas/projects/marmelab/javascript-boilerplate/src/api/orders/orderRepository.js:24:61)
       at Object.userId [as selectByUserId] (/home/gildas/projects/marmelab/javascript-boilerplate/src/api/orders/orderRepository.js:24:61)
       at Object.userId [as selectByUserId] (/home/gildas/projects/marmelab/javascript-boilerplate/src/api/orders/orderRepository.js:24:61)
       at Object.userId [as selectByUserId] (/home/gildas/projects/marmelab/javascript-boilerplate/src/api/orders/orderRepository.js:24:61)
       at Object.userId [as selectByUserId] (/home/gildas/projects/marmelab/javascript-boilerplate/src/api/orders/orderRepository.js:24:61)
       at Object.userId [as selectByUserId] (/home/gildas/projects/marmelab/javascript-boilerplate/src/api/orders/orderRepository.js:24:61)
       at Object.userId [as selectByUserId] (/home/gildas/projects/marmelab/javascript-boilerplate/src/api/orders/orderRepository.js:24:61)
       at Object.userId [as selectByUserId] (/home/gildas/projects/marmelab/javascript-boilerplate/src/api/orders/orderRepository.js:24:61)
       at Object.userId [as selectByUserId] (/home/gildas/projects/marmelab/javascript-boilerplate/src/api/orders/orderRepository.js:24:61)
       at Object.userId [as selectByUserId] (/home/gildas/projects/marmelab/javascript-boilerplate/src/api/orders/orderRepository.js:24:61)
       at Object.userId [as selectByUserId] (/home/gildas/projects/marmelab/javascript-boilerplate/src/api/orders/orderRepository.js:24:61)
       at Object.userId [as selectByUserId] (/home/gildas/projects/marmelab/javascript-boilerplate/src/api/orders/orderRepository.js:24:61)
       at Object.userId [as selectByUserId] (/home/gildas/projects/marmelab/javascript-boilerplate/src/api/orders/orderRepository.js:24:61)
       at Object.userId [as selectByUserId] (/home/gildas/projects/marmelab/javascript-boilerplate/src/api/orders/orderRepository.js:24:61)
       at Object.userId [as selectByUserId] (/home/gildas/projects/marmelab/javascript-boilerplate/src/api/orders/orderRepository.js:24:61)
       at Object.userId [as selectByUserId] (/home/gildas/projects/marmelab/javascript-boilerplate/src/api/orders/orderRepository.js:24:61)
       at Object.userId [as selectByUserId] (/home/gildas/projects/marmelab/javascript-boilerplate/src/api/orders/orderRepository.js:24:61)
       at Object.userId [as selectByUserId] (/home/gildas/projects/marmelab/javascript-boilerplate/src/api/orders/orderRepository.js:24:61)
       at Object.userId [as selectByUserId] (/home/gildas/projects/marmelab/javascript-boilerplate/src/api/orders/orderRepository.js:24:61)
       at Object.userId [as selectByUserId] (/home/gildas/projects/marmelab/javascript-boilerplate/src/api/orders/orderRepository.js:24:61)
       at Object.userId [as selectByUserId] (/home/gildas/projects/marmelab/javascript-boilerplate/src/api/orders/orderRepository.js:24:61)
       at Object.userId [as selectByUserId] (/home/gildas/projects/marmelab/javascript-boilerplate/src/api/orders/orderRepository.js:24:61)
       at Object.userId [as selectByUserId] (/home/gildas/projects/marmelab/javascript-boilerplate/src/api/orders/orderRepository.js:24:61)
       at Object.userId [as selectByUserId] (/home/gildas/projects/marmelab/javascript-boilerplate/src/api/orders/orderRepository.js:24:61)
       at Object.userId [as selectByUserId] (/home/gildas/projects/marmelab/javascript-boilerplate/src/api/orders/orderRepository.js:24:61)
       at Object.userId [as selectByUserId] (/home/gildas/projects/marmelab/javascript-boilerplate/src/api/orders/orderRepository.js:24:61)
       at Object.userId [as selectByUserId] (/home/gildas/projects/marmelab/javascript-boilerplate/src/api/orders/orderRepository.js:24:61)
       at Object.userId [as selectByUserId] (/home/gildas/projects/marmelab/javascript-boilerplate/src/api/orders/orderRepository.js:24:61)
       at Object.userId [as selectByUserId] (/home/gildas/projects/marmelab/javascript-boilerplate/src/api/orders/orderRepository.js:24:61)
       at Object.userId [as selectByUserId] (/home/gildas/projects/marmelab/javascript-boilerplate/src/api/orders/orderRepository.js:24:61)
       at Object.userId [as selectByUserId] (/home/gildas/projects/marmelab/javascript-boilerplate/src/api/orders/orderRepository.js:24:61)
       at Object.userId [as selectByUserId] (/home/gildas/projects/marmelab/javascript-boilerplate/src/api/orders/orderRepository.js:24:61)
       at Object.userId [as selectByUserId] (/home/gildas/projects/marmelab/javascript-boilerplate/src/api/orders/orderRepository.js:24:61)
       at Object.userId [as selectByUserId] (/home/gildas/projects/marmelab/javascript-boilerplate/src/api/orders/orderRepository.js:24:61)
       at Object.userId [as selectByUserId] (/home/gildas/projects/marmelab/javascript-boilerplate/src/api/orders/orderRepository.js:24:61)
       at Object.userId [as selectByUserId] (/home/gildas/projects/marmelab/javascript-boilerplate/src/api/orders/orderRepository.js:24:61)
       at Object.userId [as selectByUserId] (/home/gildas/projects/marmelab/javascript-boilerplate/src/api/orders/orderRepository.js:24:61)
       at Object.userId [as selectByUserId] (/home/gildas/projects/marmelab/javascript-boilerplate/src/api/orders/orderRepository.js:24:61)
       at Object.userId [as selectByUserId] (/home/gildas/projects/marmelab/javascript-boilerplate/src/api/orders/orderRepository.js:24:61)
       at Object.userId [as selectByUserId] (/home/gildas/projects/marmelab/javascript-boilerplate/src/api/orders/orderRepository.js:24:61)
       at Object.userId [as selectByUserId] (/home/gildas/projects/marmelab/javascript-boilerplate/src/api/orders/orderRepository.js:24:61)
       at Object.userId [as selectByUserId] (/home/gildas/projects/marmelab/javascript-boilerplate/src/api/orders/orderRepository.js:24:61)
       at Object.userId [as selectByUserId] (/home/gildas/projects/marmelab/javascript-boilerplate/src/api/orders/orderRepository.js:24:61)
       at Object.userId [as selectByUserId] (/home/gildas/projects/marmelab/javascript-boilerplate/src/api/orders/orderRepository.js:24:61)
       at Object.userId [as selectByUserId] (/home/gildas/projects/marmelab/javascript-boilerplate/src/api/orders/orderRepository.js:24:61)
       at Object.userId [as selectByUserId] (/home/gildas/projects/marmelab/javascript-boilerplate/src/api/orders/orderRepository.js:24:61)
       at Object.userId [as selectByUserId] (/home/gildas/projects/marmelab/javascript-boilerplate/src/api/orders/orderRepository.js:24:61)
       at Object.userId [as selectByUserId] (/home/gildas/projects/marmelab/javascript-boilerplate/src/api/orders/orderRepository.js:24:61)
       at Object.userId [as selectByUserId] (/home/gildas/projects/marmelab/javascript-boilerplate/src/api/orders/orderRepository.js:24:61)
       at Object.userId [as selectByUserId] (/home/gildas/projects/marmelab/javascript-boilerplate/src/api/orders/orderRepository.js:24:61)
       at Object.userId [as selectByUserId] (/home/gildas/projects/marmelab/javascript-boilerplate/src/api/orders/orderRepository.js:24:61)
       at Object.userId [as selectByUserId] (/home/gildas/projects/marmelab/javascript-boilerplate/src/api/orders/orderRepository.js:24:61)
       at Object.userId [as selectByUserId] (/home/gildas/projects/marmelab/javascript-boilerplate/src/api/orders/orderRepository.js:24:61)
       at Object.userId [as selectByUserId] (/home/gildas/projects/marmelab/javascript-boilerplate/src/api/orders/orderRepository.js:24:61)
       at Object.userId [as selectByUserId] (/home/gildas/projects/marmelab/javascript-boilerplate/src/api/orders/orderRepository.js:24:61)
       at Object.userId [as selectByUserId] (/home/gildas/projects/marmelab/javascript-boilerplate/src/api/orders/orderRepository.js:24:61)
       at Object.userId [as selectByUserId] (/home/gildas/projects/marmelab/javascript-boilerplate/src/api/orders/orderRepository.js:24:61)
       at Object.userId [as selectByUserId] (/home/gildas/projects/marmelab/javascript-boilerplate/src/api/orders/orderRepository.js:24:61)
       at Object.userId [as selectByUserId] (/home/gildas/projects/marmelab/javascript-boilerplate/src/api/orders/orderRepository.js:24:61)
       at Object.userId [as selectByUserId] (/home/gildas/projects/marmelab/javascript-boilerplate/src/api/orders/orderRepository.js:24:61)
       at Object.userId [as selectByUserId] (/home/gildas/projects/marmelab/javascript-boilerplate/src/api/orders/orderRepository.js:24:61)
       at Object.userId [as selectByUserId] (/home/gildas/projects/marmelab/javascript-boilerplate/src/api/orders/orderRepository.js:24:61)
       at Object.userId [as selectByUserId] (/home/gildas/projects/marmelab/javascript-boilerplate/src/api/orders/orderRepository.js:24:61)
       at Object.userId [as selectByUserId] (/home/gildas/projects/marmelab/javascript-boilerplate/src/api/orders/orderRepository.js:24:61)
       at Object.userId [as selectByUserId] (/home/gildas/projects/marmelab/javascript-boilerplate/src/api/orders/orderRepository.js:24:61)
       at Object.userId [as selectByUserId] (/home/gildas/projects/marmelab/javascript-boilerplate/src/api/orders/orderRepository.js:24:61)
       at Object.userId [as selectByUserId] (/home/gildas/projects/marmelab/javascript-boilerplate/src/api/orders/orderRepository.js:24:61)
       at Object.userId [as selectByUserId] (/home/gildas/projects/marmelab/javascript-boilerplate/src/api/orders/orderRepository.js:24:61)
       at Object.userId [as selectByUserId] (/home/gildas/projects/marmelab/javascript-boilerplate/src/api/orders/orderRepository.js:24:61)
       at Object.userId [as selectByUserId] (/home/gildas/projects/marmelab/javascript-boilerplate/src/api/orders/orderRepository.js:24:61)
       at Object.userId [as selectByUserId] (/home/gildas/projects/marmelab/javascript-boilerplate/src/api/orders/orderRepository.js:24:61)
       at Object.userId [as selectByUserId] (/home/gildas/projects/marmelab/javascript-boilerplate/src/api/orders/orderRepository.js:24:61)
       at Object.userId [as selectByUserId] (/home/gildas/projects/marmelab/javascript-boilerplate/src/api/orders/orderRepository.js:24:61)
       at Object.userId [as selectByUserId] (/home/gildas/projects/marmelab/javascript-boilerplate/src/api/orders/orderRepository.js:24:61)
       at Object.userId [as selectByUserId] (/home/gildas/projects/marmelab/javascript-boilerplate/src/api/orders/orderRepository.js:24:61)
       at Object.userId [as selectByUserId] (/home/gildas/projects/marmelab/javascript-boilerplate/src/api/orders/orderRepository.js:24:61)
       at Object.userId [as selectByUserId] (/home/gildas/projects/marmelab/javascript-boilerplate/src/api/orders/orderRepository.js:24:61)
       at Object.userId [as selectByUserId] (/home/gildas/projects/marmelab/javascript-boilerplate/src/api/orders/orderRepository.js:24:61)
       at Object.userId [as selectByUserId] (/home/gildas/projects/marmelab/javascript-boilerplate/src/api/orders/orderRepository.js:24:61)
       at Object.userId [as selectByUserId] (/home/gildas/projects/marmelab/javascript-boilerplate/src/api/orders/orderRepository.js:24:61)
       at Object.userId [as selectByUserId] (/home/gildas/projects/marmelab/javascript-boilerplate/src/api/orders/orderRepository.js:24:61)
       at Object.userId [as selectByUserId] (/home/gildas/projects/marmelab/javascript-boilerplate/src/api/orders/orderRepository.js:24:61)
       at Object.userId [as selectByUserId] (/home/gildas/projects/marmelab/javascript-boilerplate/src/api/orders/orderRepository.js:24:61)
       at Object.userId [as selectByUserId] (/home/gildas/projects/marmelab/javascript-boilerplate/src/api/orders/orderRepository.js:24:61)
       at Object.userId [as selectByUserId] (/home/gildas/projects/marmelab/javascript-boilerplate/src/api/orders/orderRepository.js:24:61)
       at Object.userId [as selectByUserId] (/home/gildas/projects/marmelab/javascript-boilerplate/src/api/orders/orderRepository.js:24:61)
       at Object.userId [as selectByUserId] (/home/gildas/projects/marmelab/javascript-boilerplate/src/api/orders/orderRepository.js:24:61)
       at Object.userId [as selectByUserId] (/home/gildas/projects/marmelab/javascript-boilerplate/src/api/orders/orderRepository.js:24:61)
       at Object.userId [as selectByUserId] (/home/gildas/projects/marmelab/javascript-boilerplate/src/api/orders/orderRepository.js:24:61)
       at Object.userId [as selectByUserId] (/home/gildas/projects/marmelab/javascript-boilerplate/src/api/orders/orderRepository.js:24:61)
       at Object.userId [as selectByUserId] (/home/gildas/projects/marmelab/javascript-boilerplate/src/api/orders/orderRepository.js:24:61)
       at Object.userId [as selectByUserId] (/home/gildas/projects/marmelab/javascript-boilerplate/src/api/orders/orderRepository.js:24:61)
       at Object.userId [as selectByUserId] (/home/gildas/projects/marmelab/javascript-boilerplate/src/api/orders/orderRepository.js:24:61)
       at Object.userId [as selectByUserId] (/home/gildas/projects/marmelab/javascript-boilerplate/src/api/orders/orderRepository.js:24:61)
       at Object.userId [as selectByUserId] (/home/gildas/projects/marmelab/javascript-boilerplate/src/api/orders/orderRepository.js:24:61)
       at Object.userId [as selectByUserId] (/home/gildas/projects/marmelab/javascript-boilerplate/src/api/orders/orderRepository.js:24:61)
       at Object.userId [as selectByUserId] (/home/gildas/projects/marmelab/javascript-boilerplate/src/api/orders/orderRepository.js:24:61)
       at Object.userId [as selectByUserId] (/home/gildas/projects/marmelab/javascript-boilerplate/src/api/orders/orderRepository.js:24:61)
       at Object.userId [as selectByUserId] (/home/gildas/projects/marmelab/javascript-boilerplate/src/api/orders/orderRepository.js:24:61)
       at Object.userId [as selectByUserId] (/home/gildas/projects/marmelab/javascript-boilerplate/src/api/orders/orderRepository.js:24:61)
       at Object.userId [as selectByUserId] (/home/gildas/projects/marmelab/javascript-boilerplate/src/api/orders/orderRepository.js:24:61)
       at Object.userId [as selectByUserId] (/home/gildas/projects/marmelab/javascript-boilerplate/src/api/orders/orderRepository.js:24:61)
       at Object.userId [as selectByUserId] (/home/gildas/projects/marmelab/javascript-boilerplate/src/api/orders/orderRepository.js:24:61)
       at Object.userId [as selectByUserId] (/home/gildas/projects/marmelab/javascript-boilerplate/src/api/orders/orderRepository.js:24:61)
       at Object.userId [as selectByUserId] (/home/gildas/projects/marmelab/javascript-boilerplate/src/api/orders/orderRepository.js:24:61)
       at Object.userId [as selectByUserId] (/home/gildas/projects/marmelab/javascript-boilerplate/src/api/orders/orderRepository.js:24:61)
       at Object.userId [as selectByUserId] (/home/gildas/projects/marmelab/javascript-boilerplate/src/api/orders/orderRepository.js:24:61)
       at Object.userId [as selectByUserId] (/home/gildas/projects/marmelab/javascript-boilerplate/src/api/orders/orderRepository.js:24:61)
       at Object.userId [as selectByUserId] (/home/gildas/projects/marmelab/javascript-boilerplate/src/api/orders/orderRepository.js:24:61)
       at Object.userId [as selectByUserId] (/home/gildas/projects/marmelab/javascript-boilerplate/src/api/orders/orderRepository.js:24:61)
       at Object.userId [as selectByUserId] (/home/gildas/projects/marmelab/javascript-boilerplate/src/api/orders/orderRepository.js:24:61)
       at Object.userId [as selectByUserId] (/home/gildas/projects/marmelab/javascript-boilerplate/src/api/orders/orderRepository.js:24:61)
       at Object.userId [as selectByUserId] (/home/gildas/projects/marmelab/javascript-boilerplate/src/api/orders/orderRepository.js:24:61)
       at Object.userId [as selectByUserId] (/home/gildas/projects/marmelab/javascript-boilerplate/src/api/orders/orderRepository.js:24:61)
       at Object.userId [as selectByUserId] (/home/gildas/projects/marmelab/javascript-boilerplate/src/api/orders/orderRepository.js:24:61)
       at Object.userId [as selectByUserId] (/home/gildas/projects/marmelab/javascript-boilerplate/src/api/orders/orderRepository.js:24:61)
       at Object.userId [as selectByUserId] (/home/gildas/projects/marmelab/javascript-boilerplate/src/api/orders/orderRepository.js:24:61)
       at Object.userId [as selectByUserId] (/home/gildas/projects/marmelab/javascript-boilerplate/src/api/orders/orderRepository.js:24:61)
       at Object.userId [as selectByUserId] (/home/gildas/projects/marmelab/javascript-boilerplate/src/api/orders/orderRepository.js:24:61)
       at Object.userId [as selectByUserId] (/home/gildas/projects/marmelab/javascript-boilerplate/src/api/orders/orderRepository.js:24:61)
       at Object.userId [as selectByUserId] (/home/gildas/projects/marmelab/javascript-boilerplate/src/api/orders/orderRepository.js:24:61)
       at Object.userId [as selectByUserId] (/home/gildas/projects/marmelab/javascript-boilerplate/src/api/orders/orderRepository.js:24:61)
       at Object.userId [as selectByUserId] (/home/gildas/projects/marmelab/javascript-boilerplate/src/api/orders/orderRepository.js:24:61)
       at Object.userId [as selectByUserId] (/home/gildas/projects/marmelab/javascript-boilerplate/src/api/orders/orderRepository.js:24:61)
       at Object.userId [as selectByUserId] (/home/gildas/projects/marmelab/javascript-boilerplate/src/api/orders/orderRepository.js:24:61)
       at Object.userId [as selectByUserId] (/home/gildas/projects/marmelab/javascript-boilerplate/src/api/orders/orderRepository.js:24:61)
       at Object.userId [as selectByUserId] (/home/gildas/projects/marmelab/javascript-boilerplate/src/api/orders/orderRepository.js:24:61)
       at Object.userId [as selectByUserId] (/home/gildas/projects/marmelab/javascript-boilerplate/src/api/orders/orderRepository.js:24:61)
       at Object.userId [as selectByUserId] (/home/gildas/projects/marmelab/javascript-boilerplate/src/api/orders/orderRepository.js:24:61)
       at Object.userId [as selectByUserId] (/home/gildas/projects/marmelab/javascript-boilerplate/src/api/orders/orderRepository.js:24:61)
       at Object.userId [as selectByUserId] (/home/gildas/projects/marmelab/javascript-boilerplate/src/api/orders/orderRepository.js:24:61)
       at Object.userId [as selectByUserId] (/home/gildas/projects/marmelab/javascript-boilerplate/src/api/orders/orderRepository.js:24:61)
       at Object.userId [as selectByUserId] (/home/gildas/projects/marmelab/javascript-boilerplate/src/api/orders/orderRepository.js:24:61)
       at Object.userId [as selectByUserId] (/home/gildas/projects/marmelab/javascript-boilerplate/src/api/orders/orderRepository.js:24:61)
       at Object.userId [as selectByUserId] (/home/gildas/projects/marmelab/javascript-boilerplate/src/api/orders/orderRepository.js:24:61)
       at Object.userId [as selectByUserId] (/home/gildas/projects/marmelab/javascript-boilerplate/src/api/orders/orderRepository.js:24:61)
       at Object.userId [as selectByUserId] (/home/gildas/projects/marmelab/javascript-boilerplate/src/api/orders/orderRepository.js:24:61)
       at Object.userId [as selectByUserId] (/home/gildas/projects/marmelab/javascript-boilerplate/src/api/orders/orderRepository.js:24:61)
       at Object.userId [as selectByUserId] (/home/gildas/projects/marmelab/javascript-boilerplate/src/api/orders/orderRepository.js:24:61)
       at Object.userId [as selectByUserId] (/home/gildas/projects/marmelab/javascript-boilerplate/src/api/orders/orderRepository.js:24:61)
       at Object.userId [as selectByUserId] (/home/gildas/projects/marmelab/javascript-boilerplate/src/api/orders/orderRepository.js:24:61)
       at Object.userId [as selectByUserId] (/home/gildas/projects/marmelab/javascript-boilerplate/src/api/orders/orderRepository.js:24:61)
       at Object.userId [as selectByUserId] (/home/gildas/projects/marmelab/javascript-boilerplate/src/api/orders/orderRepository.js:24:61)
       at Object.userId [as selectByUserId] (/home/gildas/projects/marmelab/javascript-boilerplate/src/api/orders/orderRepository.js:24:61)
       at Object.userId [as selectByUserId] (/home/gildas/projects/marmelab/javascript-boilerplate/src/api/orders/orderRepository.js:24:61)
       at Object.userId [as selectByUserId] (/home/gildas/projects/marmelab/javascript-boilerplate/src/api/orders/orderRepository.js:24:61)
       at Object.userId [as selectByUserId] (/home/gildas/projects/marmelab/javascript-boilerplate/src/api/orders/orderRepository.js:24:61)
       at Object.userId [as selectByUserId] (/home/gildas/projects/marmelab/javascript-boilerplate/src/api/orders/orderRepository.js:24:61)
       at Object.userId [as selectByUserId] (/home/gildas/projects/marmelab/javascript-boilerplate/src/api/orders/orderRepository.js:24:61)
       at Object.userId [as selectByUserId] (/home/gildas/projects/marmelab/javascript-boilerplate/src/api/orders/orderRepository.js:24:61)
       at Object.userId [as selectByUserId] (/home/gildas/projects/marmelab/javascript-boilerplate/src/api/orders/orderRepository.js:24:61)
       at Object.userId [as selectByUserId] (/home/gildas/projects/marmelab/javascript-boilerplate/src/api/orders/orderRepository.js:24:61)
       at Object.userId [as selectByUserId] (/home/gildas/projects/marmelab/javascript-boilerplate/src/api/orders/orderRepository.js:24:61)
       at Object.userId [as selectByUserId] (/home/gildas/projects/marmelab/javascript-boilerplate/src/api/orders/orderRepository.js:24:61)
       at Object.userId [as selectByUserId] (/home/gildas/projects/marmelab/javascript-boilerplate/src/api/orders/orderRepository.js:24:61)
       at Object.userId [as selectByUserId] (/home/gildas/projects/marmelab/javascript-boilerplate/src/api/orders/orderRepository.js:24:61)
       at Object.userId [as selectByUserId] (/home/gildas/projects/marmelab/javascript-boilerplate/src/api/orders/orderRepository.js:24:61)
       at Object.userId [as selectByUserId] (/home/gildas/projects/marmelab/javascript-boilerplate/src/api/orders/orderRepository.js:24:61)
       at Object.userId [as selectByUserId] (/home/gildas/projects/marmelab/javascript-boilerplate/src/api/orders/orderRepository.js:24:61)
       at Object.userId [as selectByUserId] (/home/gildas/projects/marmelab/javascript-boilerplate/src/api/orders/orderRepository.js:24:61)
       at Object.userId [as selectByUserId] (/home/gildas/projects/marmelab/javascript-boilerplate/src/api/orders/orderRepository.js:24:61)
       at Object.userId [as selectByUserId] (/home/gildas/projects/marmelab/javascript-boilerplate/src/api/orders/orderRepository.js:24:61)
       at Object.userId [as selectByUserId] (/home/gildas/projects/marmelab/javascript-boilerplate/src/api/orders/orderRepository.js:24:61)
       at Object.userId [as selectByUserId] (/home/gildas/projects/marmelab/javascript-boilerplate/src/api/orders/orderRepository.js:24:61)
       at Object.userId [as selectByUserId] (/home/gildas/projects/marmelab/javascript-boilerplate/src/api/orders/orderRepository.js:24:61)
       at Object.userId [as selectByUserId] (/home/gildas/projects/marmelab/javascript-boilerplate/src/api/orders/orderRepository.js:24:61)
       at Object.userId [as selectByUserId] (/home/gildas/projects/marmelab/javascript-boilerplate/src/api/orders/orderRepository.js:24:61)
       at Object.userId [as selectByUserId] (/home/gildas/projects/marmelab/javascript-boilerplate/src/api/orders/orderRepository.js:24:61)
       at Object.userId [as selectByUserId] (/home/gildas/projects/marmelab/javascript-boilerplate/src/api/orders/orderRepository.js:24:61)
       at Object.userId [as selectByUserId] (/home/gildas/projects/marmelab/javascript-boilerplate/src/api/orders/orderRepository.js:24:61)
       at Object.userId [as selectByUserId] (/home/gildas/projects/marmelab/javascript-boilerplate/src/api/orders/orderRepository.js:24:61)
       at Object.userId [as selectByUserId] (/home/gildas/projects/marmelab/javascript-boilerplate/src/api/orders/orderRepository.js:24:61)
       at Object.userId [as selectByUserId] (/home/gildas/projects/marmelab/javascript-boilerplate/src/api/orders/orderRepository.js:24:61)
       at Object.userId [as selectByUserId] (/home/gildas/projects/marmelab/javascript-boilerplate/src/api/orders/orderRepository.js:24:61)
       at Object.userId [as selectByUserId] (/home/gildas/projects/marmelab/javascript-boilerplate/src/api/orders/orderRepository.js:24:61)
       at Object.userId [as selectByUserId] (/home/gildas/projects/marmelab/javascript-boilerplate/src/api/orders/orderRepository.js:24:61)
       at Object.userId [as selectByUserId] (/home/gildas/projects/marmelab/javascript-boilerplate/src/api/orders/orderRepository.js:24:61)
       at Object.userId [as selectByUserId] (/home/gildas/projects/marmelab/javascript-boilerplate/src/api/orders/orderRepository.js:24:61)
       at Object.userId [as selectByUserId] (/home/gildas/projects/marmelab/javascript-boilerplate/src/api/orders/orderRepository.js:24:61)
       at Object.userId [as selectByUserId] (/home/gildas/projects/marmelab/javascript-boilerplate/src/api/orders/orderRepository.js:24:61)
       at Object.userId [as selectByUserId] (/home/gildas/projects/marmelab/javascript-boilerplate/src/api/orders/orderRepository.js:24:61)
       at Object.userId [as selectByUserId] (/home/gildas/projects/marmelab/javascript-boilerplate/src/api/orders/orderRepository.js:24:61)
       at Object.userId [as selectByUserId] (/home/gildas/projects/marmelab/javascript-boilerplate/src/api/orders/orderRepository.js:24:61)
       at Object.userId [as selectByUserId] (/home/gildas/projects/marmelab/javascript-boilerplate/src/api/orders/orderRepository.js:24:61)
       at Object.userId [as selectByUserId] (/home/gildas/projects/marmelab/javascript-boilerplate/src/api/orders/orderRepository.js:24:61)
       at Object.userId [as selectByUserId] (/home/gildas/projects/marmelab/javascript-boilerplate/src/api/orders/orderRepository.js:24:61)
       at Object.userId [as selectByUserId] (/home/gildas/projects/marmelab/javascript-boilerplate/src/api/orders/orderRepository.js:24:61)
       at Object.userId [as selectByUserId] (/home/gildas/projects/marmelab/javascript-boilerplate/src/api/orders/orderRepository.js:24:61)
       at Object.userId [as selectByUserId] (/home/gildas/projects/marmelab/javascript-boilerplate/src/api/orders/orderRepository.js:24:61)
       at Object.userId [as selectByUserId] (/home/gildas/projects/marmelab/javascript-boilerplate/src/api/orders/orderRepository.js:24:61)
       at Object.userId [as selectByUserId] (/home/gildas/projects/marmelab/javascript-boilerplate/src/api/orders/orderRepository.js:24:61)
       at Object.userId [as selectByUserId] (/home/gildas/projects/marmelab/javascript-boilerplate/src/api/orders/orderRepository.js:24:61)
       at Object.userId [as selectByUserId] (/home/gildas/projects/marmelab/javascript-boilerplate/src/api/orders/orderRepository.js:24:61)
       at Object.userId [as selectByUserId] (/home/gildas/projects/marmelab/javascript-boilerplate/src/api/orders/orderRepository.js:24:61)
       at Object.userId [as selectByUserId] (/home/gildas/projects/marmelab/javascript-boilerplate/src/api/orders/orderRepository.js:24:61)
       at Object.userId [as selectByUserId] (/home/gildas/projects/marmelab/javascript-boilerplate/src/api/orders/orderRepository.js:24:61)
       at Object.userId [as selectByUserId] (/home/gildas/projects/marmelab/javascript-boilerplate/src/api/orders/orderRepository.js:24:61)
       at Object.userId [as selectByUserId] (/home/gildas/projects/marmelab/javascript-boilerplate/src/api/orders/orderRepository.js:24:61)
       at Object.userId [as selectByUserId] (/home/gildas/projects/marmelab/javascript-boilerplate/src/api/orders/orderRepository.js:24:61)
       at Object.userId [as selectByUserId] (/home/gildas/projects/marmelab/javascript-boilerplate/src/api/orders/orderRepository.js:24:61)
       at Object.userId [as selectByUserId] (/home/gildas/projects/marmelab/javascript-boilerplate/src/api/orders/orderRepository.js:24:61)
       at Object.userId [as selectByUserId] (/home/gildas/projects/marmelab/javascript-boilerplate/src/api/orders/orderRepository.js:24:61)
       at Object.userId [as selectByUserId] (/home/gildas/projects/marmelab/javascript-boilerplate/src/api/orders/orderRepository.js:24:61)
       at Object.userId [as selectByUserId] (/home/gildas/projects/marmelab/javascript-boilerplate/src/api/orders/orderRepository.js:24:61)
       at Object.userId [as selectByUserId] (/home/gildas/projects/marmelab/javascript-boilerplate/src/api/orders/orderRepository.js:24:61)
       at Object.userId [as selectByUserId] (/home/gildas/projects/marmelab/javascript-boilerplate/src/api/orders/orderRepository.js:24:61)
       at Object.userId [as selectByUserId] (/home/gildas/projects/marmelab/javascript-boilerplate/src/api/orders/orderRepository.js:24:61)
       at Object.userId [as selectByUserId] (/home/gildas/projects/marmelab/javascript-boilerplate/src/api/orders/orderRepository.js:24:61)
       at Object.userId [as selectByUserId] (/home/gildas/projects/marmelab/javascript-boilerplate/src/api/orders/orderRepository.js:24:61)
       at Object.userId [as selectByUserId] (/home/gildas/projects/marmelab/javascript-boilerplate/src/api/orders/orderRepository.js:24:61)
       at Object.userId [as selectByUserId] (/home/gildas/projects/marmelab/javascript-boilerplate/src/api/orders/orderRepository.js:24:61)
       at Object.userId [as selectByUserId] (/home/gildas/projects/marmelab/javascript-boilerplate/src/api/orders/orderRepository.js:24:61)
       at Object.userId [as selectByUserId] (/home/gildas/projects/marmelab/javascript-boilerplate/src/api/orders/orderRepository.js:24:61)
       at Object.userId [as selectByUserId] (/home/gildas/projects/marmelab/javascript-boilerplate/src/api/orders/orderRepository.js:24:61)
       at Object.userId [as selectByUserId] (/home/gildas/projects/marmelab/javascript-boilerplate/src/api/orders/orderRepository.js:24:61)
       at Object.userId [as selectByUserId] (/home/gildas/projects/marmelab/javascript-boilerplate/src/api/orders/orderRepository.js:24:61)
       at Object.userId [as selectByUserId] (/home/gildas/projects/marmelab/javascript-boilerplate/src/api/orders/orderRepository.js:24:61)
       at Object.userId [as selectByUserId] (/home/gildas/projects/marmelab/javascript-boilerplate/src/api/orders/orderRepository.js:24:61)
       at Object.userId [as selectByUserId] (/home/gildas/projects/marmelab/javascript-boilerplate/src/api/orders/orderRepository.js:24:61)
       at Object.userId [as selectByUserId] (/home/gildas/projects/marmelab/javascript-boilerplate/src/api/orders/orderRepository.js:24:61)
       at Object.userId [as selectByUserId] (/home/gildas/projects/marmelab/javascript-boilerplate/src/api/orders/orderRepository.js:24:61)
       at Object.userId [as selectByUserId] (/home/gildas/projects/marmelab/javascript-boilerplate/src/api/orders/orderRepository.js:24:61)
       at Object.userId [as selectByUserId] (/home/gildas/projects/marmelab/javascript-boilerplate/src/api/orders/orderRepository.js:24:61)
       at Object.userId [as selectByUserId] (/home/gildas/projects/marmelab/javascript-boilerplate/src/api/orders/orderRepository.js:24:61)
       at Object.userId [as selectByUserId] (/home/gildas/projects/marmelab/javascript-boilerplate/src/api/orders/orderRepository.js:24:61)
       at Object.userId [as selectByUserId] (/home/gildas/projects/marmelab/javascript-boilerplate/src/api/orders/orderRepository.js:24:61)
       at Object.userId [as selectByUserId] (/home/gildas/projects/marmelab/javascript-boilerplate/src/api/orders/orderRepository.js:24:61)
       at Object.userId [as selectByUserId] (/home/gildas/projects/marmelab/javascript-boilerplate/src/api/orders/orderRepository.js:24:61)
       at Object.userId [as selectByUserId] (/home/gildas/projects/marmelab/javascript-boilerplate/src/api/orders/orderRepository.js:24:61)
       at Object.userId [as selectByUserId] (/home/gildas/projects/marmelab/javascript-boilerplate/src/api/orders/orderRepository.js:24:61)
       at Object.userId [as selectByUserId] (/home/gildas/projects/marmelab/javascript-boilerplate/src/api/orders/orderRepository.js:24:61)
       at Object.userId [as selectByUserId] (/home/gildas/projects/marmelab/javascript-boilerplate/src/api/orders/orderRepository.js:24:61)
       at Object.userId [as selectByUserId] (/home/gildas/projects/marmelab/javascript-boilerplate/src/api/orders/orderRepository.js:24:61)
       at Object.userId [as selectByUserId] (/home/gildas/projects/marmelab/javascript-boilerplate/src/api/orders/orderRepository.js:24:61)
       at Object.userId [as selectByUserId] (/home/gildas/projects/marmelab/javascript-boilerplate/src/api/orders/orderRepository.js:24:61)
       at Object.userId [as selectByUserId] (/home/gildas/projects/marmelab/javascript-boilerplate/src/api/orders/orderRepository.js:24:61)
       at Object.userId [as selectByUserId] (/home/gildas/projects/marmelab/javascript-boilerplate/src/api/orders/orderRepository.js:24:61)
       at Object.userId [as selectByUserId] (/home/gildas/projects/marmelab/javascript-boilerplate/src/api/orders/orderRepository.js:24:61)
       at Object.userId [as selectByUserId] (/home/gildas/projects/marmelab/javascript-boilerplate/src/api/orders/orderRepository.js:24:61)
       at Object.userId [as selectByUserId] (/home/gildas/projects/marmelab/javascript-boilerplate/src/api/orders/orderRepository.js:24:61)
       at Object.userId [as selectByUserId] (/home/gildas/projects/marmelab/javascript-boilerplate/src/api/orders/orderRepository.js:24:61)
       at Object.userId [as selectByUserId] (/home/gildas/projects/marmelab/javascript-boilerplate/src/api/orders/orderRepository.js:24:61)
       at Object.userId [as selectByUserId] (/home/gildas/projects/marmelab/javascript-boilerplate/src/api/orders/orderRepository.js:24:61)
       at Object.userId [as selectByUserId] (/home/gildas/projects/marmelab/javascript-boilerplate/src/api/orders/orderRepository.js:24:61)
       at Object.userId [as selectByUserId] (/home/gildas/projects/marmelab/javascript-boilerplate/src/api/orders/orderRepository.js:24:61)
       at Object.userId [as selectByUserId] (/home/gildas/projects/marmelab/javascript-boilerplate/src/api/orders/orderRepository.js:24:61)
       at Object.userId [as selectByUserId] (/home/gildas/projects/marmelab/javascript-boilerplate/src/api/orders/orderRepository.js:24:61)
       at Object.userId [as selectByUserId] (/home/gildas/projects/marmelab/javascript-boilerplate/src/api/orders/orderRepository.js:24:61)
       at Object.userId [as selectByUserId] (/home/gildas/projects/marmelab/javascript-boilerplate/src/api/orders/orderRepository.js:24:61)
       at Object.userId [as selectByUserId] (/home/gildas/projects/marmelab/javascript-boilerplate/src/api/orders/orderRepository.js:24:61)
       at Object.userId [as selectByUserId] (/home/gildas/projects/marmelab/javascript-boilerplate/src/api/orders/orderRepository.js:24:61)
       at Object.userId [as selectByUserId] (/home/gildas/projects/marmelab/javascript-boilerplate/src/api/orders/orderRepository.js:24:61)
       at Object.userId [as selectByUserId] (/home/gildas/projects/marmelab/javascript-boilerplate/src/api/orders/orderRepository.js:24:61)
       at Object.userId [as selectByUserId] (/home/gildas/projects/marmelab/javascript-boilerplate/src/api/orders/orderRepository.js:24:61)
       at Object.userId [as selectByUserId] (/home/gildas/projects/marmelab/javascript-boilerplate/src/api/orders/orderRepository.js:24:61)
       at Object.userId [as selectByUserId] (/home/gildas/projects/marmelab/javascript-boilerplate/src/api/orders/orderRepository.js:24:61)
       at Object.userId [as selectByUserId] (/home/gildas/projects/marmelab/javascript-boilerplate/src/api/orders/orderRepository.js:24:61)
       at Object.userId [as selectByUserId] (/home/gildas/projects/marmelab/javascript-boilerplate/src/api/orders/orderRepository.js:24:61)
       at Object.userId [as selectByUserId] (/home/gildas/projects/marmelab/javascript-boilerplate/src/api/orders/orderRepository.js:24:61)
       at Object.userId [as selectByUserId] (/home/gildas/projects/marmelab/javascript-boilerplate/src/api/orders/orderRepository.js:24:61)
       at Object.userId [as selectByUserId] (/home/gildas/projects/marmelab/javascript-boilerplate/src/api/orders/orderRepository.js:24:61)
       at Object.userId [as selectByUserId] (/home/gildas/projects/marmelab/javascript-boilerplate/src/api/orders/orderRepository.js:24:61)
       at Object.userId [as selectByUserId] (/home/gildas/projects/marmelab/javascript-boilerplate/src/api/orders/orderRepository.js:24:61)
       at Object.userId [as selectByUserId] (/home/gildas/projects/marmelab/javascript-boilerplate/src/api/orders/orderRepository.js:24:61)
       at Object.userId [as selectByUserId] (/home/gildas/projects/marmelab/javascript-boilerplate/src/api/orders/orderRepository.js:24:61)
       at Object.userId [as selectByUserId] (/home/gildas/projects/marmelab/javascript-boilerplate/src/api/orders/orderRepository.js:24:61)
       at Object.userId [as selectByUserId] (/home/gildas/projects/marmelab/javascript-boilerplate/src/api/orders/orderRepository.js:24:61)
       at Object.userId [as selectByUserId] (/home/gildas/projects/marmelab/javascript-boilerplate/src/api/orders/orderRepository.js:24:61)
       at Object.userId [as selectByUserId] (/home/gildas/projects/marmelab/javascript-boilerplate/src/api/orders/orderRepository.js:24:61)
       at Object.userId [as selectByUserId] (/home/gildas/projects/marmelab/javascript-boilerplate/src/api/orders/orderRepository.js:24:61)
       at Object.userId [as selectByUserId] (/home/gildas/projects/marmelab/javascript-boilerplate/src/api/orders/orderRepository.js:24:61)
       at Object.userId [as selectByUserId] (/home/gildas/projects/marmelab/javascript-boilerplate/src/api/orders/orderRepository.js:24:61)
       at Object.userId [as selectByUserId] (/home/gildas/projects/marmelab/javascript-boilerplate/src/api/orders/orderRepository.js:24:61)
       at Object.userId [as selectByUserId] (/home/gildas/projects/marmelab/javascript-boilerplate/src/api/orders/orderRepository.js:24:61)
       at Object.userId [as selectByUserId] (/home/gildas/projects/marmelab/javascript-boilerplate/src/api/orders/orderRepository.js:24:61)
       at Object.userId [as selectByUserId] (/home/gildas/projects/marmelab/javascript-boilerplate/src/api/orders/orderRepository.js:24:61)
       at Object.userId [as selectByUserId] (/home/gildas/projects/marmelab/javascript-boilerplate/src/api/orders/orderRepository.js:24:61)
       at Object.userId [as selectByUserId] (/home/gildas/projects/marmelab/javascript-boilerplate/src/api/orders/orderRepository.js:24:61)
       at Object.userId [as selectByUserId] (/home/gildas/projects/marmelab/javascript-boilerplate/src/api/orders/orderRepository.js:24:61)
       at Object.userId [as selectByUserId] (/home/gildas/projects/marmelab/javascript-boilerplate/src/api/orders/orderRepository.js:24:61)
       at Object.userId [as selectByUserId] (/home/gildas/projects/marmelab/javascript-boilerplate/src/api/orders/orderRepository.js:24:61)
       at Object.userId [as selectByUserId] (/home/gildas/projects/marmelab/javascript-boilerplate/src/api/orders/orderRepository.js:24:61)
       at Object.userId [as selectByUserId] (/home/gildas/projects/marmelab/javascript-boilerplate/src/api/orders/orderRepository.js:24:61)
       at Object.userId [as selectByUserId] (/home/gildas/projects/marmelab/javascript-boilerplate/src/api/orders/orderRepository.js:24:61)
       at Object.userId [as selectByUserId] (/home/gildas/projects/marmelab/javascript-boilerplate/src/api/orders/orderRepository.js:24:61)
       at Object.userId [as selectByUserId] (/home/gildas/projects/marmelab/javascript-boilerplate/src/api/orders/orderRepository.js:24:61)
       at Object.userId [as selectByUserId] (/home/gildas/projects/marmelab/javascript-boilerplate/src/api/orders/orderRepository.js:24:61)
       at Object.userId [as selectByUserId] (/home/gildas/projects/marmelab/javascript-boilerplate/src/api/orders/orderRepository.js:24:61)
       at Object.userId [as selectByUserId] (/home/gildas/projects/marmelab/javascript-boilerplate/src/api/orders/orderRepository.js:24:61)
       at Object.userId [as selectByUserId] (/home/gildas/projects/marmelab/javascript-boilerplate/src/api/orders/orderRepository.js:24:61)
       at Object.userId [as selectByUserId] (/home/gildas/projects/marmelab/javascript-boilerplate/src/api/orders/orderRepository.js:24:61)
       at Object.userId [as selectByUserId] (/home/gildas/projects/marmelab/javascript-boilerplate/src/api/orders/orderRepository.js:24:61)
       at Object.userId [as selectByUserId] (/home/gildas/projects/marmelab/javascript-boilerplate/src/api/orders/orderRepository.js:24:61)
       at Object.userId [as selectByUserId] (/home/gildas/projects/marmelab/javascript-boilerplate/src/api/orders/orderRepository.js:24:61)
       at Object.userId [as selectByUserId] (/home/gildas/projects/marmelab/javascript-boilerplate/src/api/orders/orderRepository.js:24:61)
       at Object.userId [as selectByUserId] (/home/gildas/projects/marmelab/javascript-boilerplate/src/api/orders/orderRepository.js:24:61)
       at Object.userId [as selectByUserId] (/home/gildas/projects/marmelab/javascript-boilerplate/src/api/orders/orderRepository.js:24:61)
       at Object.userId [as selectByUserId] (/home/gildas/projects/marmelab/javascript-boilerplate/src/api/orders/orderRepository.js:24:61)
       at Object.userId [as selectByUserId] (/home/gildas/projects/marmelab/javascript-boilerplate/src/api/orders/orderRepository.js:24:61)
       at Object.userId [as selectByUserId] (/home/gildas/projects/marmelab/javascript-boilerplate/src/api/orders/orderRepository.js:24:61)
       at Object.userId [as selectByUserId] (/home/gildas/projects/marmelab/javascript-boilerplate/src/api/orders/orderRepository.js:24:61)
       at Object.userId [as selectByUserId] (/home/gildas/projects/marmelab/javascript-boilerplate/src/api/orders/orderRepository.js:24:61)
       at Object.userId [as selectByUserId] (/home/gildas/projects/marmelab/javascript-boilerplate/src/api/orders/orderRepository.js:24:61)
       at Object.userId [as selectByUserId] (/home/gildas/projects/marmelab/javascript-boilerplate/src/api/orders/orderRepository.js:24:61)
       at Object.userId [as selectByUserId] (/home/gildas/projects/marmelab/javascript-boilerplate/src/api/orders/orderRepository.js:24:61)
       at Object.userId [as selectByUserId] (/home/gildas/projects/marmelab/javascript-boilerplate/src/api/orders/orderRepository.js:24:61)
       at Object.userId [as selectByUserId] (/home/gildas/projects/marmelab/javascript-boilerplate/src/api/orders/orderRepository.js:24:61)
       at Object.userId [as selectByUserId] (/home/gildas/projects/marmelab/javascript-boilerplate/src/api/orders/orderRepository.js:24:61)
       at Object.userId [as selectByUserId] (/home/gildas/projects/marmelab/javascript-boilerplate/src/api/orders/orderRepository.js:24:61)
       at Object.userId [as selectByUserId] (/home/gildas/projects/marmelab/javascript-boilerplate/src/api/orders/orderRepository.js:24:61)
       at Object.userId [as selectByUserId] (/home/gildas/projects/marmelab/javascript-boilerplate/src/api/orders/orderRepository.js:24:61)
       at Object.userId [as selectByUserId] (/home/gildas/projects/marmelab/javascript-boilerplate/src/api/orders/orderRepository.js:24:61)
       at Object.userId [as selectByUserId] (/home/gildas/projects/marmelab/javascript-boilerplate/src/api/orders/orderRepository.js:24:61)
       at Object.userId [as selectByUserId] (/home/gildas/projects/marmelab/javascript-boilerplate/src/api/orders/orderRepository.js:24:61)
       at Object.userId [as selectByUserId] (/home/gildas/projects/marmelab/javascript-boilerplate/src/api/orders/orderRepository.js:24:61)
       at Object.userId [as selectByUserId] (/home/gildas/projects/marmelab/javascript-boilerplate/src/api/orders/orderRepository.js:24:61)
       at Object.userId [as selectByUserId] (/home/gildas/projects/marmelab/javascript-boilerplate/src/api/orders/orderRepository.js:24:61)
       at Object.userId [as selectByUserId] (/home/gildas/projects/marmelab/javascript-boilerplate/src/api/orders/orderRepository.js:24:61)
       at Object.userId [as selectByUserId] (/home/gildas/projects/marmelab/javascript-boilerplate/src/api/orders/orderRepository.js:24:61)
       at Object.userId [as selectByUserId] (/home/gildas/projects/marmelab/javascript-boilerplate/src/api/orders/orderRepository.js:24:61)
       at Object.userId [as selectByUserId] (/home/gildas/projects/marmelab/javascript-boilerplate/src/api/orders/orderRepository.js:24:61)
       at Object.userId [as selectByUserId] (/home/gildas/projects/marmelab/javascript-boilerplate/src/api/orders/orderRepository.js:24:61)
       at Object.userId [as selectByUserId] (/home/gildas/projects/marmelab/javascript-boilerplate/src/api/orders/orderRepository.js:24:61)
       at Object.userId [as selectByUserId] (/home/gildas/projects/marmelab/javascript-boilerplate/src/api/orders/orderRepository.js:24:61)
       at Object.userId [as selectByUserId] (/home/gildas/projects/marmelab/javascript-boilerplate/src/api/orders/orderRepository.js:24:61)
       at Object.userId [as selectByUserId] (/home/gildas/projects/marmelab/javascript-boilerplate/src/api/orders/orderRepository.js:24:61)
       at Object.userId [as selectByUserId] (/home/gildas/projects/marmelab/javascript-boilerplate/src/api/orders/orderRepository.js:24:61)
       at Object.userId [as selectByUserId] (/home/gildas/projects/marmelab/javascript-boilerplate/src/api/orders/orderRepository.js:24:61)
       at Object.userId [as selectByUserId] (/home/gildas/projects/marmelab/javascript-boilerplate/src/api/orders/orderRepository.js:24:61)
       at Object.userId [as selectByUserId] (/home/gildas/projects/marmelab/javascript-boilerplate/src/api/orders/orderRepository.js:24:61)
       at Object.userId [as selectByUserId] (/home/gildas/projects/marmelab/javascript-boilerplate/src/api/orders/orderRepository.js:24:61)
       at Object.userId [as selectByUserId] (/home/gildas/projects/marmelab/javascript-boilerplate/src/api/orders/orderRepository.js:24:61)
       at Object.userId [as selectByUserId] (/home/gildas/projects/marmelab/javascript-boilerplate/src/api/orders/orderRepository.js:24:61)
       at Object.userId [as selectByUserId] (/home/gildas/projects/marmelab/javascript-boilerplate/src/api/orders/orderRepository.js:24:61)
       at Object.userId [as selectByUserId] (/home/gildas/projects/marmelab/javascript-boilerplate/src/api/orders/orderRepository.js:24:61)
       at Object.userId [as selectByUserId] (/home/gildas/projects/marmelab/javascript-boilerplate/src/api/orders/orderRepository.js:24:61)
       at Object.userId [as selectByUserId] (/home/gildas/projects/marmelab/javascript-boilerplate/src/api/orders/orderRepository.js:24:61)
       at Object.userId [as selectByUserId] (/home/gildas/projects/marmelab/javascript-boilerplate/src/api/orders/orderRepository.js:24:61)
       at Object.userId [as selectByUserId] (/home/gildas/projects/marmelab/javascript-boilerplate/src/api/orders/orderRepository.js:24:61)
       at Object.userId [as selectByUserId] (/home/gildas/projects/marmelab/javascript-boilerplate/src/api/orders/orderRepository.js:24:61)
       at Object.userId [as selectByUserId] (/home/gildas/projects/marmelab/javascript-boilerplate/src/api/orders/orderRepository.js:24:61)
       at Object.userId [as selectByUserId] (/home/gildas/projects/marmelab/javascript-boilerplate/src/api/orders/orderRepository.js:24:61)
       at Object.userId [as selectByUserId] (/home/gildas/projects/marmelab/javascript-boilerplate/src/api/orders/orderRepository.js:24:61)
       at Object.userId [as selectByUserId] (/home/gildas/projects/marmelab/javascript-boilerplate/src/api/orders/orderRepository.js:24:61)
       at Object.userId [as selectByUserId] (/home/gildas/projects/marmelab/javascript-boilerplate/src/api/orders/orderRepository.js:24:61)
       at Object.userId [as selectByUserId] (/home/gildas/projects/marmelab/javascript-boilerplate/src/api/orders/orderRepository.js:24:61)
       at Object.userId [as selectByUserId] (/home/gildas/projects/marmelab/javascript-boilerplate/src/api/orders/orderRepository.js:24:61)
       at Object.userId [as selectByUserId] (/home/gildas/projects/marmelab/javascript-boilerplate/src/api/orders/orderRepository.js:24:61)
       at Object.userId [as selectByUserId] (/home/gildas/projects/marmelab/javascript-boilerplate/src/api/orders/orderRepository.js:24:61)
       at Object.userId [as selectByUserId] (/home/gildas/projects/marmelab/javascript-boilerplate/src/api/orders/orderRepository.js:24:61)
       at Object.userId [as selectByUserId] (/home/gildas/projects/marmelab/javascript-boilerplate/src/api/orders/orderRepository.js:24:61)
       at Object.userId [as selectByUserId] (/home/gildas/projects/marmelab/javascript-boilerplate/src/api/orders/orderRepository.js:24:61)
       at Object.userId [as selectByUserId] (/home/gildas/projects/marmelab/javascript-boilerplate/src/api/orders/orderRepository.js:24:61)
       at Object.userId [as selectByUserId] (/home/gildas/projects/marmelab/javascript-boilerplate/src/api/orders/orderRepository.js:24:61)
       at Object.userId [as selectByUserId] (/home/gildas/projects/marmelab/javascript-boilerplate/src/api/orders/orderRepository.js:24:61)
       at Object.userId [as selectByUserId] (/home/gildas/projects/marmelab/javascript-boilerplate/src/api/orders/orderRepository.js:24:61)
       at Object.userId [as selectByUserId] (/home/gildas/projects/marmelab/javascript-boilerplate/src/api/orders/orderRepository.js:24:61)
       at Object.userId [as selectByUserId] (/home/gildas/projects/marmelab/javascript-boilerplate/src/api/orders/orderRepository.js:24:61)
       at Object.userId [as selectByUserId] (/home/gildas/projects/marmelab/javascript-boilerplate/src/api/orders/orderRepository.js:24:61)
       at Object.userId [as selectByUserId] (/home/gildas/projects/marmelab/javascript-boilerplate/src/api/orders/orderRepository.js:24:61)
       at Object.userId [as selectByUserId] (/home/gildas/projects/marmelab/javascript-boilerplate/src/api/orders/orderRepository.js:24:61)
       at Object.userId [as selectByUserId] (/home/gildas/projects/marmelab/javascript-boilerplate/src/api/orders/orderRepository.js:24:61)
       at Object.userId [as selectByUserId] (/home/gildas/projects/marmelab/javascript-boilerplate/src/api/orders/orderRepository.js:24:61)
       at Object.userId [as selectByUserId] (/home/gildas/projects/marmelab/javascript-boilerplate/src/api/orders/orderRepository.js:24:61)
       at Object.userId [as selectByUserId] (/home/gildas/projects/marmelab/javascript-boilerplate/src/api/orders/orderRepository.js:24:61)
       at Object.userId [as selectByUserId] (/home/gildas/projects/marmelab/javascript-boilerplate/src/api/orders/orderRepository.js:24:61)
       at Object.userId [as selectByUserId] (/home/gildas/projects/marmelab/javascript-boilerplate/src/api/orders/orderRepository.js:24:61)
       at Object.userId [as selectByUserId] (/home/gildas/projects/marmelab/javascript-boilerplate/src/api/orders/orderRepository.js:24:61)
       at Object.userId [as selectByUserId] (/home/gildas/projects/marmelab/javascript-boilerplate/src/api/orders/orderRepository.js:24:61)
       at Object.userId [as selectByUserId] (/home/gildas/projects/marmelab/javascript-boilerplate/src/api/orders/orderRepository.js:24:61)
       at Object.userId [as selectByUserId] (/home/gildas/projects/marmelab/javascript-boilerplate/src/api/orders/orderRepository.js:24:61)
       at Object.userId [as selectByUserId] (/home/gildas/projects/marmelab/javascript-boilerplate/src/api/orders/orderRepository.js:24:61)
       at Object.userId [as selectByUserId] (/home/gildas/projects/marmelab/javascript-boilerplate/src/api/orders/orderRepository.js:24:61)
       at Object.userId [as selectByUserId] (/home/gildas/projects/marmelab/javascript-boilerplate/src/api/orders/orderRepository.js:24:61)
       at Object.userId [as selectByUserId] (/home/gildas/projects/marmelab/javascript-boilerplate/src/api/orders/orderRepository.js:24:61)
       at Object.userId [as selectByUserId] (/home/gildas/projects/marmelab/javascript-boilerplate/src/api/orders/orderRepository.js:24:61)
       at Object.userId [as selectByUserId] (/home/gildas/projects/marmelab/javascript-boilerplate/src/api/orders/orderRepository.js:24:61)
       at Object.userId [as selectByUserId] (/home/gildas/projects/marmelab/javascript-boilerplate/src/api/orders/orderRepository.js:24:61)
       at Object.userId [as selectByUserId] (/home/gildas/projects/marmelab/javascript-boilerplate/src/api/orders/orderRepository.js:24:61)
       at Object.userId [as selectByUserId] (/home/gildas/projects/marmelab/javascript-boilerplate/src/api/orders/orderRepository.js:24:61)
       at Object.userId [as selectByUserId] (/home/gildas/projects/marmelab/javascript-boilerplate/src/api/orders/orderRepository.js:24:61)
       at Object.userId [as selectByUserId] (/home/gildas/projects/marmelab/javascript-boilerplate/src/api/orders/orderRepository.js:24:61)
       at Object.userId [as selectByUserId] (/home/gildas/projects/marmelab/javascript-boilerplate/src/api/orders/orderRepository.js:24:61)
       at Object.userId [as selectByUserId] (/home/gildas/projects/marmelab/javascript-boilerplate/src/api/orders/orderRepository.js:24:61)
       at Object.userId [as selectByUserId] (/home/gildas/projects/marmelab/javascript-boilerplate/src/api/orders/orderRepository.js:24:61)
       at Object.userId [as selectByUserId] (/home/gildas/projects/marmelab/javascript-boilerplate/src/api/orders/orderRepository.js:24:61)
       at Object.userId [as selectByUserId] (/home/gildas/projects/marmelab/javascript-boilerplate/src/api/orders/orderRepository.js:24:61)
       at Object.userId [as selectByUserId] (/home/gildas/projects/marmelab/javascript-boilerplate/src/api/orders/orderRepository.js:24:61)
       at Object.userId [as selectByUserId] (/home/gildas/projects/marmelab/javascript-boilerplate/src/api/orders/orderRepository.js:24:61)
       at Object.userId [as selectByUserId] (/home/gildas/projects/marmelab/javascript-boilerplate/src/api/orders/orderRepository.js:24:61)
       at Object.userId [as selectByUserId] (/home/gildas/projects/marmelab/javascript-boilerplate/src/api/orders/orderRepository.js:24:61)
       at Object.userId [as selectByUserId] (/home/gildas/projects/marmelab/javascript-boilerplate/src/api/orders/orderRepository.js:24:61)
       at Object.userId [as selectByUserId] (/home/gildas/projects/marmelab/javascript-boilerplate/src/api/orders/orderRepository.js:24:61)
       at Object.userId [as selectByUserId] (/home/gildas/projects/marmelab/javascript-boilerplate/src/api/orders/orderRepository.js:24:61)
       at Object.userId [as selectByUserId] (/home/gildas/projects/marmelab/javascript-boilerplate/src/api/orders/orderRepository.js:24:61)
       at Object.userId [as selectByUserId] (/home/gildas/projects/marmelab/javascript-boilerplate/src/api/orders/orderRepository.js:24:61)
       at Object.userId [as selectByUserId] (/home/gildas/projects/marmelab/javascript-boilerplate/src/api/orders/orderRepository.js:24:61)
       at Object.userId [as selectByUserId] (/home/gildas/projects/marmelab/javascript-boilerplate/src/api/orders/orderRepository.js:24:61)
       at Object.userId [as selectByUserId] (/home/gildas/projects/marmelab/javascript-boilerplate/src/api/orders/orderRepository.js:24:61)
       at Object.userId [as selectByUserId] (/home/gildas/projects/marmelab/javascript-boilerplate/src/api/orders/orderRepository.js:24:61)
       at Object.userId [as selectByUserId] (/home/gildas/projects/marmelab/javascript-boilerplate/src/api/orders/orderRepository.js:24:61)
       at Object.userId [as selectByUserId] (/home/gildas/projects/marmelab/javascript-boilerplate/src/api/orders/orderRepository.js:24:61)
       at Object.userId [as selectByUserId] (/home/gildas/projects/marmelab/javascript-boilerplate/src/api/orders/orderRepository.js:24:61)
       at Object.userId [as selectByUserId] (/home/gildas/projects/marmelab/javascript-boilerplate/src/api/orders/orderRepository.js:24:61)
       at Object.userId [as selectByUserId] (/home/gildas/projects/marmelab/javascript-boilerplate/src/api/orders/orderRepository.js:24:61)
       at Object.userId [as selectByUserId] (/home/gildas/projects/marmelab/javascript-boilerplate/src/api/orders/orderRepository.js:24:61)
       at Object.userId [as selectByUserId] (/home/gildas/projects/marmelab/javascript-boilerplate/src/api/orders/orderRepository.js:24:61)
       at Object.userId [as selectByUserId] (/home/gildas/projects/marmelab/javascript-boilerplate/src/api/orders/orderRepository.js:24:61)
       at Object.userId [as selectByUserId] (/home/gildas/projects/marmelab/javascript-boilerplate/src/api/orders/orderRepository.js:24:61)
       at Object.userId [as selectByUserId] (/home/gildas/projects/marmelab/javascript-boilerplate/src/api/orders/orderRepository.js:24:61)
       at Object.userId [as selectByUserId] (/home/gildas/projects/marmelab/javascript-boilerplate/src/api/orders/orderRepository.js:24:61)
       at Object.userId [as selectByUserId] (/home/gildas/projects/marmelab/javascript-boilerplate/src/api/orders/orderRepository.js:24:61)
       at Object.userId [as selectByUserId] (/home/gildas/projects/marmelab/javascript-boilerplate/src/api/orders/orderRepository.js:24:61)
       at Object.userId [as selectByUserId] (/home/gildas/projects/marmelab/javascript-boilerplate/src/api/orders/orderRepository.js:24:61)
       at Object.userId [as selectByUserId] (/home/gildas/projects/marmelab/javascript-boilerplate/src/api/orders/orderRepository.js:24:61)
       at Object.userId [as selectByUserId] (/home/gildas/projects/marmelab/javascript-boilerplate/src/api/orders/orderRepository.js:24:61)
       at Object.userId [as selectByUserId] (/home/gildas/projects/marmelab/javascript-boilerplate/src/api/orders/orderRepository.js:24:61)
       at Object.userId [as selectByUserId] (/home/gildas/projects/marmelab/javascript-boilerplate/src/api/orders/orderRepository.js:24:61)
       at Object.userId [as selectByUserId] (/home/gildas/projects/marmelab/javascript-boilerplate/src/api/orders/orderRepository.js:24:61)
       at Object.userId [as selectByUserId] (/home/gildas/projects/marmelab/javascript-boilerplate/src/api/orders/orderRepository.js:24:61)
       at Object.userId [as selectByUserId] (/home/gildas/projects/marmelab/javascript-boilerplate/src/api/orders/orderRepository.js:24:61)
       at Object.userId [as selectByUserId] (/home/gildas/projects/marmelab/javascript-boilerplate/src/api/orders/orderRepository.js:24:61)
       at Object.userId [as selectByUserId] (/home/gildas/projects/marmelab/javascript-boilerplate/src/api/orders/orderRepository.js:24:61)
       at Object.userId [as selectByUserId] (/home/gildas/projects/marmelab/javascript-boilerplate/src/api/orders/orderRepository.js:24:61)
       at Object.userId [as selectByUserId] (/home/gildas/projects/marmelab/javascript-boilerplate/src/api/orders/orderRepository.js:24:61)
       at Object.userId [as selectByUserId] (/home/gildas/projects/marmelab/javascript-boilerplate/src/api/orders/orderRepository.js:24:61)
       at Object.userId [as selectByUserId] (/home/gildas/projects/marmelab/javascript-boilerplate/src/api/orders/orderRepository.js:24:61)
       at Object.userId [as selectByUserId] (/home/gildas/projects/marmelab/javascript-boilerplate/src/api/orders/orderRepository.js:24:61)
       at Object.userId [as selectByUserId] (/home/gildas/projects/marmelab/javascript-boilerplate/src/api/orders/orderRepository.js:24:61)
       at Object.userId [as selectByUserId] (/home/gildas/projects/marmelab/javascript-boilerplate/src/api/orders/orderRepository.js:24:61)
       at Object.userId [as selectByUserId] (/home/gildas/projects/marmelab/javascript-boilerplate/src/api/orders/orderRepository.js:24:61)
       at Object.userId [as selectByUserId] (/home/gildas/projects/marmelab/javascript-boilerplate/src/api/orders/orderRepository.js:24:61)
       at Object.userId [as selectByUserId] (/home/gildas/projects/marmelab/javascript-boilerplate/src/api/orders/orderRepository.js:24:61)
       at Object.userId [as selectByUserId] (/home/gildas/projects/marmelab/javascript-boilerplate/src/api/orders/orderRepository.js:24:61)
       at Object.userId [as selectByUserId] (/home/gildas/projects/marmelab/javascript-boilerplate/src/api/orders/orderRepository.js:24:61)
       at Object.userId [as selectByUserId] (/home/gildas/projects/marmelab/javascript-boilerplate/src/api/orders/orderRepository.js:24:61)
       at Object.userId [as selectByUserId] (/home/gildas/projects/marmelab/javascript-boilerplate/src/api/orders/orderRepository.js:24:61)
       at Object.userId [as selectByUserId] (/home/gildas/projects/marmelab/javascript-boilerplate/src/api/orders/orderRepository.js:24:61)
       at Object.userId [as selectByUserId] (/home/gildas/projects/marmelab/javascript-boilerplate/src/api/orders/orderRepository.js:24:61)
       at Object.userId [as selectByUserId] (/home/gildas/projects/marmelab/javascript-boilerplate/src/api/orders/orderRepository.js:24:61)
       at Object.userId [as selectByUserId] (/home/gildas/projects/marmelab/javascript-boilerplate/src/api/orders/orderRepository.js:24:61)
       at Object.userId [as selectByUserId] (/home/gildas/projects/marmelab/javascript-boilerplate/src/api/orders/orderRepository.js:24:61)
       at Object.userId [as selectByUserId] (/home/gildas/projects/marmelab/javascript-boilerplate/src/api/orders/orderRepository.js:24:61)
       at Object.userId [as selectByUserId] (/home/gildas/projects/marmelab/javascript-boilerplate/src/api/orders/orderRepository.js:24:61)
       at Object.userId [as selectByUserId] (/home/gildas/projects/marmelab/javascript-boilerplate/src/api/orders/orderRepository.js:24:61)
       at Object.userId [as selectByUserId] (/home/gildas/projects/marmelab/javascript-boilerplate/src/api/orders/orderRepository.js:24:61)
       at Object.userId [as selectByUserId] (/home/gildas/projects/marmelab/javascript-boilerplate/src/api/orders/orderRepository.js:24:61)
       at Object.userId [as selectByUserId] (/home/gildas/projects/marmelab/javascript-boilerplate/src/api/orders/orderRepository.js:24:61)
       at Object.userId [as selectByUserId] (/home/gildas/projects/marmelab/javascript-boilerplate/src/api/orders/orderRepository.js:24:61)
       at Object.userId [as selectByUserId] (/home/gildas/projects/marmelab/javascript-boilerplate/src/api/orders/orderRepository.js:24:61)
       at Object.userId [as selectByUserId] (/home/gildas/projects/marmelab/javascript-boilerplate/src/api/orders/orderRepository.js:24:61)
       at Object.userId [as selectByUserId] (/home/gildas/projects/marmelab/javascript-boilerplate/src/api/orders/orderRepository.js:24:61)
       at Object.userId [as selectByUserId] (/home/gildas/projects/marmelab/javascript-boilerplate/src/api/orders/orderRepository.js:24:61)
       at Object.userId [as selectByUserId] (/home/gildas/projects/marmelab/javascript-boilerplate/src/api/orders/orderRepository.js:24:61)
       at Object.userId [as selectByUserId] (/home/gildas/projects/marmelab/javascript-boilerplate/src/api/orders/orderRepository.js:24:61)
       at Object.userId [as selectByUserId] (/home/gildas/projects/marmelab/javascript-boilerplate/src/api/orders/orderRepository.js:24:61)
       at Object.userId [as selectByUserId] (/home/gildas/projects/marmelab/javascript-boilerplate/src/api/orders/orderRepository.js:24:61)
       at Object.userId [as selectByUserId] (/home/gildas/projects/marmelab/javascript-boilerplate/src/api/orders/orderRepository.js:24:61)
       at Object.userId [as selectByUserId] (/home/gildas/projects/marmelab/javascript-boilerplate/src/api/orders/orderRepository.js:24:61)
       at Object.userId [as selectByUserId] (/home/gildas/projects/marmelab/javascript-boilerplate/src/api/orders/orderRepository.js:24:61)
       at Object.userId [as selectByUserId] (/home/gildas/projects/marmelab/javascript-boilerplate/src/api/orders/orderRepository.js:24:61)
       at Object.userId [as selectByUserId] (/home/gildas/projects/marmelab/javascript-boilerplate/src/api/orders/orderRepository.js:24:61)
       at Object.userId [as selectByUserId] (/home/gildas/projects/marmelab/javascript-boilerplate/src/api/orders/orderRepository.js:24:61)
       at Object.userId [as selectByUserId] (/home/gildas/projects/marmelab/javascript-boilerplate/src/api/orders/orderRepository.js:24:61)
       at Object.userId [as selectByUserId] (/home/gildas/projects/marmelab/javascript-boilerplate/src/api/orders/orderRepository.js:24:61)
       at Object.userId [as selectByUserId] (/home/gildas/projects/marmelab/javascript-boilerplate/src/api/orders/orderRepository.js:24:61)
       at Object.userId [as selectByUserId] (/home/gildas/projects/marmelab/javascript-boilerplate/src/api/orders/orderRepository.js:24:61)
       at Object.userId [as selectByUserId] (/home/gildas/projects/marmelab/javascript-boilerplate/src/api/orders/orderRepository.js:24:61)
       at Object.userId [as selectByUserId] (/home/gildas/projects/marmelab/javascript-boilerplate/src/api/orders/orderRepository.js:24:61)
       at Object.userId [as selectByUserId] (/home/gildas/projects/marmelab/javascript-boilerplate/src/api/orders/orderRepository.js:24:61)
       at Object.userId [as selectByUserId] (/home/gildas/projects/marmelab/javascript-boilerplate/src/api/orders/orderRepository.js:24:61)
       at Object.userId [as selectByUserId] (/home/gildas/projects/marmelab/javascript-boilerplate/src/api/orders/orderRepository.js:24:61)
       at Object.userId [as selectByUserId] (/home/gildas/projects/marmelab/javascript-boilerplate/src/api/orders/orderRepository.js:24:61)
       at Object.userId [as selectByUserId] (/home/gildas/projects/marmelab/javascript-boilerplate/src/api/orders/orderRepository.js:24:61)
       at Object.userId [as selectByUserId] (/home/gildas/projects/marmelab/javascript-boilerplate/src/api/orders/orderRepository.js:24:61)
       at Object.userId [as selectByUserId] (/home/gildas/projects/marmelab/javascript-boilerplate/src/api/orders/orderRepository.js:24:61)
       at Object.userId [as selectByUserId] (/home/gildas/projects/marmelab/javascript-boilerplate/src/api/orders/orderRepository.js:24:61)
       at Object.userId [as selectByUserId] (/home/gildas/projects/marmelab/javascript-boilerplate/src/api/orders/orderRepository.js:24:61)
       at Object.userId [as selectByUserId] (/home/gildas/projects/marmelab/javascript-boilerplate/src/api/orders/orderRepository.js:24:61)
       at Object.userId [as selectByUserId] (/home/gildas/projects/marmelab/javascript-boilerplate/src/api/orders/orderRepository.js:24:61)
       at Object.userId [as selectByUserId] (/home/gildas/projects/marmelab/javascript-boilerplate/src/api/orders/orderRepository.js:24:61)
       at Object.userId [as selectByUserId] (/home/gildas/projects/marmelab/javascript-boilerplate/src/api/orders/orderRepository.js:24:61)
       at Object.userId [as selectByUserId] (/home/gildas/projects/marmelab/javascript-boilerplate/src/api/orders/orderRepository.js:24:61)
       at Object.userId [as selectByUserId] (/home/gildas/projects/marmelab/javascript-boilerplate/src/api/orders/orderRepository.js:24:61)
       at Object.userId [as selectByUserId] (/home/gildas/projects/marmelab/javascript-boilerplate/src/api/orders/orderRepository.js:24:61)
       at Object.userId [as selectByUserId] (/home/gildas/projects/marmelab/javascript-boilerplate/src/api/orders/orderRepository.js:24:61)
       at Object.userId [as selectByUserId] (/home/gildas/projects/marmelab/javascript-boilerplate/src/api/orders/orderRepository.js:24:61)
       at Object.userId [as selectByUserId] (/home/gildas/projects/marmelab/javascript-boilerplate/src/api/orders/orderRepository.js:24:61)
       at Object.userId [as selectByUserId] (/home/gildas/projects/marmelab/javascript-boilerplate/src/api/orders/orderRepository.js:24:61)
       at Object.userId [as selectByUserId] (/home/gildas/projects/marmelab/javascript-boilerplate/src/api/orders/orderRepository.js:24:61)
       at Object.userId [as selectByUserId] (/home/gildas/projects/marmelab/javascript-boilerplate/src/api/orders/orderRepository.js:24:61)
       at Object.userId [as selectByUserId] (/home/gildas/projects/marmelab/javascript-boilerplate/src/api/orders/orderRepository.js:24:61)
       at Object.userId [as selectByUserId] (/home/gildas/projects/marmelab/javascript-boilerplate/src/api/orders/orderRepository.js:24:61)
       at Object.userId [as selectByUserId] (/home/gildas/projects/marmelab/javascript-boilerplate/src/api/orders/orderRepository.js:24:61)
       at Object.userId [as selectByUserId] (/home/gildas/projects/marmelab/javascript-boilerplate/src/api/orders/orderRepository.js:24:61)
       at Object.userId [as selectByUserId] (/home/gildas/projects/marmelab/javascript-boilerplate/src/api/orders/orderRepository.js:24:61)
       at Object.userId [as selectByUserId] (/home/gildas/projects/marmelab/javascript-boilerplate/src/api/orders/orderRepository.js:24:61)
       at Object.userId [as selectByUserId] (/home/gildas/projects/marmelab/javascript-boilerplate/src/api/orders/orderRepository.js:24:61)
       at Object.userId [as selectByUserId] (/home/gildas/projects/marmelab/javascript-boilerplate/src/api/orders/orderRepository.js:24:61)
       at Object.userId [as selectByUserId] (/home/gildas/projects/marmelab/javascript-boilerplate/src/api/orders/orderRepository.js:24:61)
       at Object.userId [as selectByUserId] (/home/gildas/projects/marmelab/javascript-boilerplate/src/api/orders/orderRepository.js:24:61)
       at Object.userId [as selectByUserId] (/home/gildas/projects/marmelab/javascript-boilerplate/src/api/orders/orderRepository.js:24:61)
       at Object.userId [as selectByUserId] (/home/gildas/projects/marmelab/javascript-boilerplate/src/api/orders/orderRepository.js:24:61)
       at Object.userId [as selectByUserId] (/home/gildas/projects/marmelab/javascript-boilerplate/src/api/orders/orderRepository.js:24:61)
       at Object.userId [as selectByUserId] (/home/gildas/projects/marmelab/javascript-boilerplate/src/api/orders/orderRepository.js:24:61)
       at Object.userId [as selectByUserId] (/home/gildas/projects/marmelab/javascript-boilerplate/src/api/orders/orderRepository.js:24:61)
       at Object.userId [as selectByUserId] (/home/gildas/projects/marmelab/javascript-boilerplate/src/api/orders/orderRepository.js:24:61)
       at Object.userId [as selectByUserId] (/home/gildas/projects/marmelab/javascript-boilerplate/src/api/orders/orderRepository.js:24:61)
       at Object.userId [as selectByUserId] (/home/gildas/projects/marmelab/javascript-boilerplate/src/api/orders/orderRepository.js:24:61)
       at Object.userId [as selectByUserId] (/home/gildas/projects/marmelab/javascript-boilerplate/src/api/orders/orderRepository.js:24:61)
       at Object.userId [as selectByUserId] (/home/gildas/projects/marmelab/javascript-boilerplate/src/api/orders/orderRepository.js:24:61)
       at Object.userId [as selectByUserId] (/home/gildas/projects/marmelab/javascript-boilerplate/src/api/orders/orderRepository.js:24:61)
       at Object.userId [as selectByUserId] (/home/gildas/projects/marmelab/javascript-boilerplate/src/api/orders/orderRepository.js:24:61)
       at Object.userId [as selectByUserId] (/home/gildas/projects/marmelab/javascript-boilerplate/src/api/orders/orderRepository.js:24:61)
       at Object.userId [as selectByUserId] (/home/gildas/projects/marmelab/javascript-boilerplate/src/api/orders/orderRepository.js:24:61)
       at Object.userId [as selectByUserId] (/home/gildas/projects/marmelab/javascript-boilerplate/src/api/orders/orderRepository.js:24:61)
       at Object.userId [as selectByUserId] (/home/gildas/projects/marmelab/javascript-boilerplate/src/api/orders/orderRepository.js:24:61)
       at Object.userId [as selectByUserId] (/home/gildas/projects/marmelab/javascript-boilerplate/src/api/orders/orderRepository.js:24:61)
       at Object.userId [as selectByUserId] (/home/gildas/projects/marmelab/javascript-boilerplate/src/api/orders/orderRepository.js:24:61)
       at Object.userId [as selectByUserId] (/home/gildas/projects/marmelab/javascript-boilerplate/src/api/orders/orderRepository.js:24:61)
       at Object.userId [as selectByUserId] (/home/gildas/projects/marmelab/javascript-boilerplate/src/api/orders/orderRepository.js:24:61)
       at Object.userId [as selectByUserId] (/home/gildas/projects/marmelab/javascript-boilerplate/src/api/orders/orderRepository.js:24:61)
       at Object.userId [as selectByUserId] (/home/gildas/projects/marmelab/javascript-boilerplate/src/api/orders/orderRepository.js:24:61)
       at Object.userId [as selectByUserId] (/home/gildas/projects/marmelab/javascript-boilerplate/src/api/orders/orderRepository.js:24:61)
       at Object.userId [as selectByUserId] (/home/gildas/projects/marmelab/javascript-boilerplate/src/api/orders/orderRepository.js:24:61)
       at Object.userId [as selectByUserId] (/home/gildas/projects/marmelab/javascript-boilerplate/src/api/orders/orderRepository.js:24:61)
       at Object.userId [as selectByUserId] (/home/gildas/projects/marmelab/javascript-boilerplate/src/api/orders/orderRepository.js:24:61)
       at Object.userId [as selectByUserId] (/home/gildas/projects/marmelab/javascript-boilerplate/src/api/orders/orderRepository.js:24:61)
       at Object.userId [as selectByUserId] (/home/gildas/projects/marmelab/javascript-boilerplate/src/api/orders/orderRepository.js:24:61)
       at Object.userId [as selectByUserId] (/home/gildas/projects/marmelab/javascript-boilerplate/src/api/orders/orderRepository.js:24:61)
       at Object.userId [as selectByUserId] (/home/gildas/projects/marmelab/javascript-boilerplate/src/api/orders/orderRepository.js:24:61)
       at Object.userId [as selectByUserId] (/home/gildas/projects/marmelab/javascript-boilerplate/src/api/orders/orderRepository.js:24:61)
       at Object.userId [as selectByUserId] (/home/gildas/projects/marmelab/javascript-boilerplate/src/api/orders/orderRepository.js:24:61)
       at Object.userId [as selectByUserId] (/home/gildas/projects/marmelab/javascript-boilerplate/src/api/orders/orderRepository.js:24:61)
       at Object.userId [as selectByUserId] (/home/gildas/projects/marmelab/javascript-boilerplate/src/api/orders/orderRepository.js:24:61)
       at Object.userId [as selectByUserId] (/home/gildas/projects/marmelab/javascript-boilerplate/src/api/orders/orderRepository.js:24:61)
       at Object.userId [as selectByUserId] (/home/gildas/projects/marmelab/javascript-boilerplate/src/api/orders/orderRepository.js:24:61)
       at Object.userId [as selectByUserId] (/home/gildas/projects/marmelab/javascript-boilerplate/src/api/orders/orderRepository.js:24:61)
       at Object.userId [as selectByUserId] (/home/gildas/projects/marmelab/javascript-boilerplate/src/api/orders/orderRepository.js:24:61)
       at Object.userId [as selectByUserId] (/home/gildas/projects/marmelab/javascript-boilerplate/src/api/orders/orderRepository.js:24:61)
       at Object.userId [as selectByUserId] (/home/gildas/projects/marmelab/javascript-boilerplate/src/api/orders/orderRepository.js:24:61)
       at Object.userId [as selectByUserId] (/home/gildas/projects/marmelab/javascript-boilerplate/src/api/orders/orderRepository.js:24:61)
       at Object.userId [as selectByUserId] (/home/gildas/projects/marmelab/javascript-boilerplate/src/api/orders/orderRepository.js:24:61)
       at Object.userId [as selectByUserId] (/home/gildas/projects/marmelab/javascript-boilerplate/src/api/orders/orderRepository.js:24:61)
       at Object.userId [as selectByUserId] (/home/gildas/projects/marmelab/javascript-boilerplate/src/api/orders/orderRepository.js:24:61)
       at Object.userId [as selectByUserId] (/home/gildas/projects/marmelab/javascript-boilerplate/src/api/orders/orderRepository.js:24:61)
       at Object.userId [as selectByUserId] (/home/gildas/projects/marmelab/javascript-boilerplate/src/api/orders/orderRepository.js:24:61)
       at Object.userId [as selectByUserId] (/home/gildas/projects/marmelab/javascript-boilerplate/src/api/orders/orderRepository.js:24:61)
       at Object.userId [as selectByUserId] (/home/gildas/projects/marmelab/javascript-boilerplate/src/api/orders/orderRepository.js:24:61)
       at Object.userId [as selectByUserId] (/home/gildas/projects/marmelab/javascript-boilerplate/src/api/orders/orderRepository.js:24:61)
       at Object.userId [as selectByUserId] (/home/gildas/projects/marmelab/javascript-boilerplate/src/api/orders/orderRepository.js:24:61)
       at Object.userId [as selectByUserId] (/home/gildas/projects/marmelab/javascript-boilerplate/src/api/orders/orderRepository.js:24:61)
       at Object.userId [as selectByUserId] (/home/gildas/projects/marmelab/javascript-boilerplate/src/api/orders/orderRepository.js:24:61)
       at Object.userId [as selectByUserId] (/home/gildas/projects/marmelab/javascript-boilerplate/src/api/orders/orderRepository.js:24:61)
       at Object.userId [as selectByUserId] (/home/gildas/projects/marmelab/javascript-boilerplate/src/api/orders/orderRepository.js:24:61)
       at Object.userId [as selectByUserId] (/home/gildas/projects/marmelab/javascript-boilerplate/src/api/orders/orderRepository.js:24:61)
       at Object.userId [as selectByUserId] (/home/gildas/projects/marmelab/javascript-boilerplate/src/api/orders/orderRepository.js:24:61)
       at Object.userId [as selectByUserId] (/home/gildas/projects/marmelab/javascript-boilerplate/src/api/orders/orderRepository.js:24:61)
       at Object.userId [as selectByUserId] (/home/gildas/projects/marmelab/javascript-boilerplate/src/api/orders/orderRepository.js:24:61)
       at Object.userId [as selectByUserId] (/home/gildas/projects/marmelab/javascript-boilerplate/src/api/orders/orderRepository.js:24:61)
       at Object.userId [as selectByUserId] (/home/gildas/projects/marmelab/javascript-boilerplate/src/api/orders/orderRepository.js:24:61)
       at Object.userId [as selectByUserId] (/home/gildas/projects/marmelab/javascript-boilerplate/src/api/orders/orderRepository.js:24:61)
       at Object.userId [as selectByUserId] (/home/gildas/projects/marmelab/javascript-boilerplate/src/api/orders/orderRepository.js:24:61)
       at Object.userId [as selectByUserId] (/home/gildas/projects/marmelab/javascript-boilerplate/src/api/orders/orderRepository.js:24:61)
       at Object.userId [as selectByUserId] (/home/gildas/projects/marmelab/javascript-boilerplate/src/api/orders/orderRepository.js:24:61)
       at Object.userId [as selectByUserId] (/home/gildas/projects/marmelab/javascript-boilerplate/src/api/orders/orderRepository.js:24:61)
       at Object.userId [as selectByUserId] (/home/gildas/projects/marmelab/javascript-boilerplate/src/api/orders/orderRepository.js:24:61)
       at Object.userId [as selectByUserId] (/home/gildas/projects/marmelab/javascript-boilerplate/src/api/orders/orderRepository.js:24:61)
       at Object.userId [as selectByUserId] (/home/gildas/projects/marmelab/javascript-boilerplate/src/api/orders/orderRepository.js:24:61)
       at Object.userId [as selectByUserId] (/home/gildas/projects/marmelab/javascript-boilerplate/src/api/orders/orderRepository.js:24:61)
       at Object.userId [as selectByUserId] (/home/gildas/projects/marmelab/javascript-boilerplate/src/api/orders/orderRepository.js:24:61)
       at Object.userId [as selectByUserId] (/home/gildas/projects/marmelab/javascript-boilerplate/src/api/orders/orderRepository.js:24:61)
       at Object.userId [as selectByUserId] (/home/gildas/projects/marmelab/javascript-boilerplate/src/api/orders/orderRepository.js:24:61)
       at Object.userId [as selectByUserId] (/home/gildas/projects/marmelab/javascript-boilerplate/src/api/orders/orderRepository.js:24:61)
       at Object.userId [as selectByUserId] (/home/gildas/projects/marmelab/javascript-boilerplate/src/api/orders/orderRepository.js:24:61)
       at Object.userId [as selectByUserId] (/home/gildas/projects/marmelab/javascript-boilerplate/src/api/orders/orderRepository.js:24:61)
       at Object.userId [as selectByUserId] (/home/gildas/projects/marmelab/javascript-boilerplate/src/api/orders/orderRepository.js:24:61)
       at Object.userId [as selectByUserId] (/home/gildas/projects/marmelab/javascript-boilerplate/src/api/orders/orderRepository.js:24:61)
       at Object.userId [as selectByUserId] (/home/gildas/projects/marmelab/javascript-boilerplate/src/api/orders/orderRepository.js:24:61)
       at Object.userId [as selectByUserId] (/home/gildas/projects/marmelab/javascript-boilerplate/src/api/orders/orderRepository.js:24:61)
       at Object.userId [as selectByUserId] (/home/gildas/projects/marmelab/javascript-boilerplate/src/api/orders/orderRepository.js:24:61)
       at Object.userId [as selectByUserId] (/home/gildas/projects/marmelab/javascript-boilerplate/src/api/orders/orderRepository.js:24:61)
       at Object.userId [as selectByUserId] (/home/gildas/projects/marmelab/javascript-boilerplate/src/api/orders/orderRepository.js:24:61)
       at Object.userId [as selectByUserId] (/home/gildas/projects/marmelab/javascript-boilerplate/src/api/orders/orderRepository.js:24:61)
       at Object.userId [as selectByUserId] (/home/gildas/projects/marmelab/javascript-boilerplate/src/api/orders/orderRepository.js:24:61)
       at Object.userId [as selectByUserId] (/home/gildas/projects/marmelab/javascript-boilerplate/src/api/orders/orderRepository.js:24:61)
       at Object.userId [as selectByUserId] (/home/gildas/projects/marmelab/javascript-boilerplate/src/api/orders/orderRepository.js:24:61)
       at Object.userId [as selectByUserId] (/home/gildas/projects/marmelab/javascript-boilerplate/src/api/orders/orderRepository.js:24:61)
       at Object.userId [as selectByUserId] (/home/gildas/projects/marmelab/javascript-boilerplate/src/api/orders/orderRepository.js:24:61)
       at Object.userId [as selectByUserId] (/home/gildas/projects/marmelab/javascript-boilerplate/src/api/orders/orderRepository.js:24:61)
       at Object.userId [as selectByUserId] (/home/gildas/projects/marmelab/javascript-boilerplate/src/api/orders/orderRepository.js:24:61)
       at Object.userId [as selectByUserId] (/home/gildas/projects/marmelab/javascript-boilerplate/src/api/orders/orderRepository.js:24:61)
       at Object.userId [as selectByUserId] (/home/gildas/projects/marmelab/javascript-boilerplate/src/api/orders/orderRepository.js:24:61)
       at Object.userId [as selectByUserId] (/home/gildas/projects/marmelab/javascript-boilerplate/src/api/orders/orderRepository.js:24:61)
       at Object.userId [as selectByUserId] (/home/gildas/projects/marmelab/javascript-boilerplate/src/api/orders/orderRepository.js:24:61)
       at Object.userId [as selectByUserId] (/home/gildas/projects/marmelab/javascript-boilerplate/src/api/orders/orderRepository.js:24:61)
       at Object.userId [as selectByUserId] (/home/gildas/projects/marmelab/javascript-boilerplate/src/api/orders/orderRepository.js:24:61)
       at Object.userId [as selectByUserId] (/home/gildas/projects/marmelab/javascript-boilerplate/src/api/orders/orderRepository.js:24:61)
       at Object.userId [as selectByUserId] (/home/gildas/projects/marmelab/javascript-boilerplate/src/api/orders/orderRepository.js:24:61)
       at Object.userId [as selectByUserId] (/home/gildas/projects/marmelab/javascript-boilerplate/src/api/orders/orderRepository.js:24:61)
       at Object.userId [as selectByUserId] (/home/gildas/projects/marmelab/javascript-boilerplate/src/api/orders/orderRepository.js:24:61)
       at Object.userId [as selectByUserId] (/home/gildas/projects/marmelab/javascript-boilerplate/src/api/orders/orderRepository.js:24:61)
       at Object.userId [as selectByUserId] (/home/gildas/projects/marmelab/javascript-boilerplate/src/api/orders/orderRepository.js:24:61)
       at Object.userId [as selectByUserId] (/home/gildas/projects/marmelab/javascript-boilerplate/src/api/orders/orderRepository.js:24:61)
       at Object.userId [as selectByUserId] (/home/gildas/projects/marmelab/javascript-boilerplate/src/api/orders/orderRepository.js:24:61)
       at Object.userId [as selectByUserId] (/home/gildas/projects/marmelab/javascript-boilerplate/src/api/orders/orderRepository.js:24:61)
       at Object.userId [as selectByUserId] (/home/gildas/projects/marmelab/javascript-boilerplate/src/api/orders/orderRepository.js:24:61)
       at Object.userId [as selectByUserId] (/home/gildas/projects/marmelab/javascript-boilerplate/src/api/orders/orderRepository.js:24:61)
       at Object.userId [as selectByUserId] (/home/gildas/projects/marmelab/javascript-boilerplate/src/api/orders/orderRepository.js:24:61)
       at Object.userId [as selectByUserId] (/home/gildas/projects/marmelab/javascript-boilerplate/src/api/orders/orderRepository.js:24:61)
       at Object.userId [as selectByUserId] (/home/gildas/projects/marmelab/javascript-boilerplate/src/api/orders/orderRepository.js:24:61)
       at Object.userId [as selectByUserId] (/home/gildas/projects/marmelab/javascript-boilerplate/src/api/orders/orderRepository.js:24:61)
       at Object.userId [as selectByUserId] (/home/gildas/projects/marmelab/javascript-boilerplate/src/api/orders/orderRepository.js:24:61)
       at Object.userId [as selectByUserId] (/home/gildas/projects/marmelab/javascript-boilerplate/src/api/orders/orderRepository.js:24:61)
       at Object.userId [as selectByUserId] (/home/gildas/projects/marmelab/javascript-boilerplate/src/api/orders/orderRepository.js:24:61)
       at Object.userId [as selectByUserId] (/home/gildas/projects/marmelab/javascript-boilerplate/src/api/orders/orderRepository.js:24:61)
       at Object.userId [as selectByUserId] (/home/gildas/projects/marmelab/javascript-boilerplate/src/api/orders/orderRepository.js:24:61)
       at Object.userId [as selectByUserId] (/home/gildas/projects/marmelab/javascript-boilerplate/src/api/orders/orderRepository.js:24:61)
       at Object.userId [as selectByUserId] (/home/gildas/projects/marmelab/javascript-boilerplate/src/api/orders/orderRepository.js:24:61)
       at Object.userId [as selectByUserId] (/home/gildas/projects/marmelab/javascript-boilerplate/src/api/orders/orderRepository.js:24:61)
       at Object.userId [as selectByUserId] (/home/gildas/projects/marmelab/javascript-boilerplate/src/api/orders/orderRepository.js:24:61)
       at Object.userId [as selectByUserId] (/home/gildas/projects/marmelab/javascript-boilerplate/src/api/orders/orderRepository.js:24:61)
       at Object.userId [as selectByUserId] (/home/gildas/projects/marmelab/javascript-boilerplate/src/api/orders/orderRepository.js:24:61)
       at Object.userId [as selectByUserId] (/home/gildas/projects/marmelab/javascript-boilerplate/src/api/orders/orderRepository.js:24:61)
       at Object.userId [as selectByUserId] (/home/gildas/projects/marmelab/javascript-boilerplate/src/api/orders/orderRepository.js:24:61)
       at Object.userId [as selectByUserId] (/home/gildas/projects/marmelab/javascript-boilerplate/src/api/orders/orderRepository.js:24:61)
       at Object.userId [as selectByUserId] (/home/gildas/projects/marmelab/javascript-boilerplate/src/api/orders/orderRepository.js:24:61)
       at Object.userId [as selectByUserId] (/home/gildas/projects/marmelab/javascript-boilerplate/src/api/orders/orderRepository.js:24:61)
       at Object.userId [as selectByUserId] (/home/gildas/projects/marmelab/javascript-boilerplate/src/api/orders/orderRepository.js:24:61)
       at Object.userId [as selectByUserId] (/home/gildas/projects/marmelab/javascript-boilerplate/src/api/orders/orderRepository.js:24:61)
       at Object.userId [as selectByUserId] (/home/gildas/projects/marmelab/javascript-boilerplate/src/api/orders/orderRepository.js:24:61)
       at Object.userId [as selectByUserId] (/home/gildas/projects/marmelab/javascript-boilerplate/src/api/orders/orderRepository.js:24:61)
       at Object.userId [as selectByUserId] (/home/gildas/projects/marmelab/javascript-boilerplate/src/api/orders/orderRepository.js:24:61)
       at Object.userId [as selectByUserId] (/home/gildas/projects/marmelab/javascript-boilerplate/src/api/orders/orderRepository.js:24:61)
       at Object.userId [as selectByUserId] (/home/gildas/projects/marmelab/javascript-boilerplate/src/api/orders/orderRepository.js:24:61)
       at Object.userId [as selectByUserId] (/home/gildas/projects/marmelab/javascript-boilerplate/src/api/orders/orderRepository.js:24:61)
       at Object.userId [as selectByUserId] (/home/gildas/projects/marmelab/javascript-boilerplate/src/api/orders/orderRepository.js:24:61)
       at Object.userId [as selectByUserId] (/home/gildas/projects/marmelab/javascript-boilerplate/src/api/orders/orderRepository.js:24:61)
       at Object.userId [as selectByUserId] (/home/gildas/projects/marmelab/javascript-boilerplate/src/api/orders/orderRepository.js:24:61)
       at Object.userId [as selectByUserId] (/home/gildas/projects/marmelab/javascript-boilerplate/src/api/orders/orderRepository.js:24:61)
       at Object.userId [as selectByUserId] (/home/gildas/projects/marmelab/javascript-boilerplate/src/api/orders/orderRepository.js:24:61)
       at Object.userId [as selectByUserId] (/home/gildas/projects/marmelab/javascript-boilerplate/src/api/orders/orderRepository.js:24:61)
       at Object.userId [as selectByUserId] (/home/gildas/projects/marmelab/javascript-boilerplate/src/api/orders/orderRepository.js:24:61)
       at Object.userId [as selectByUserId] (/home/gildas/projects/marmelab/javascript-boilerplate/src/api/orders/orderRepository.js:24:61)
       at Object.userId [as selectByUserId] (/home/gildas/projects/marmelab/javascript-boilerplate/src/api/orders/orderRepository.js:24:61)
       at Object.userId [as selectByUserId] (/home/gildas/projects/marmelab/javascript-boilerplate/src/api/orders/orderRepository.js:24:61)
       at Object.userId [as selectByUserId] (/home/gildas/projects/marmelab/javascript-boilerplate/src/api/orders/orderRepository.js:24:61)
       at Object.userId [as selectByUserId] (/home/gildas/projects/marmelab/javascript-boilerplate/src/api/orders/orderRepository.js:24:61)
       at Object.userId [as selectByUserId] (/home/gildas/projects/marmelab/javascript-boilerplate/src/api/orders/orderRepository.js:24:61)
       at Object.userId [as selectByUserId] (/home/gildas/projects/marmelab/javascript-boilerplate/src/api/orders/orderRepository.js:24:61)
       at Object.userId [as selectByUserId] (/home/gildas/projects/marmelab/javascript-boilerplate/src/api/orders/orderRepository.js:24:61)
       at Object.userId [as selectByUserId] (/home/gildas/projects/marmelab/javascript-boilerplate/src/api/orders/orderRepository.js:24:61)
       at Object.userId [as selectByUserId] (/home/gildas/projects/marmelab/javascript-boilerplate/src/api/orders/orderRepository.js:24:61)
       at Object.userId [as selectByUserId] (/home/gildas/projects/marmelab/javascript-boilerplate/src/api/orders/orderRepository.js:24:61)
       at Object.userId [as selectByUserId] (/home/gildas/projects/marmelab/javascript-boilerplate/src/api/orders/orderRepository.js:24:61)
       at Object.userId [as selectByUserId] (/home/gildas/projects/marmelab/javascript-boilerplate/src/api/orders/orderRepository.js:24:61)
       at Object.userId [as selectByUserId] (/home/gildas/projects/marmelab/javascript-boilerplate/src/api/orders/orderRepository.js:24:61)
       at Object.userId [as selectByUserId] (/home/gildas/projects/marmelab/javascript-boilerplate/src/api/orders/orderRepository.js:24:61)
       at Object.userId [as selectByUserId] (/home/gildas/projects/marmelab/javascript-boilerplate/src/api/orders/orderRepository.js:24:61)
       at Object.userId [as selectByUserId] (/home/gildas/projects/marmelab/javascript-boilerplate/src/api/orders/orderRepository.js:24:61)
       at Object.userId [as selectByUserId] (/home/gildas/projects/marmelab/javascript-boilerplate/src/api/orders/orderRepository.js:24:61)
       at Object.userId [as selectByUserId] (/home/gildas/projects/marmelab/javascript-boilerplate/src/api/orders/orderRepository.js:24:61)
       at Object.userId [as selectByUserId] (/home/gildas/projects/marmelab/javascript-boilerplate/src/api/orders/orderRepository.js:24:61)
       at Object.userId [as selectByUserId] (/home/gildas/projects/marmelab/javascript-boilerplate/src/api/orders/orderRepository.js:24:61)
       at Object.userId [as selectByUserId] (/home/gildas/projects/marmelab/javascript-boilerplate/src/api/orders/orderRepository.js:24:61)
       at Object.userId [as selectByUserId] (/home/gildas/projects/marmelab/javascript-boilerplate/src/api/orders/orderRepository.js:24:61)
       at Object.userId [as selectByUserId] (/home/gildas/projects/marmelab/javascript-boilerplate/src/api/orders/orderRepository.js:24:61)
       at Object.userId [as selectByUserId] (/home/gildas/projects/marmelab/javascript-boilerplate/src/api/orders/orderRepository.js:24:61)
       at Object.userId [as selectByUserId] (/home/gildas/projects/marmelab/javascript-boilerplate/src/api/orders/orderRepository.js:24:61)
       at Object.userId [as selectByUserId] (/home/gildas/projects/marmelab/javascript-boilerplate/src/api/orders/orderRepository.js:24:61)
       at Object.userId [as selectByUserId] (/home/gildas/projects/marmelab/javascript-boilerplate/src/api/orders/orderRepository.js:24:61)
       at Object.userId [as selectByUserId] (/home/gildas/projects/marmelab/javascript-boilerplate/src/api/orders/orderRepository.js:24:61)
       at Object.userId [as selectByUserId] (/home/gildas/projects/marmelab/javascript-boilerplate/src/api/orders/orderRepository.js:24:61)
       at Object.userId [as selectByUserId] (/home/gildas/projects/marmelab/javascript-boilerplate/src/api/orders/orderRepository.js:24:61)
       at Object.userId [as selectByUserId] (/home/gildas/projects/marmelab/javascript-boilerplate/src/api/orders/orderRepository.js:24:61)
       at Object.userId [as selectByUserId] (/home/gildas/projects/marmelab/javascript-boilerplate/src/api/orders/orderRepository.js:24:61)
       at Object.userId [as selectByUserId] (/home/gildas/projects/marmelab/javascript-boilerplate/src/api/orders/orderRepository.js:24:61)
       at Object.userId [as selectByUserId] (/home/gildas/projects/marmelab/javascript-boilerplate/src/api/orders/orderRepository.js:24:61)
       at Object.userId [as selectByUserId] (/home/gildas/projects/marmelab/javascript-boilerplate/src/api/orders/orderRepository.js:24:61)
       at Object.userId [as selectByUserId] (/home/gildas/projects/marmelab/javascript-boilerplate/src/api/orders/orderRepository.js:24:61)
       at Object.userId [as selectByUserId] (/home/gildas/projects/marmelab/javascript-boilerplate/src/api/orders/orderRepository.js:24:61)
       at Object.userId [as selectByUserId] (/home/gildas/projects/marmelab/javascript-boilerplate/src/api/orders/orderRepository.js:24:61)
       at Object.userId [as selectByUserId] (/home/gildas/projects/marmelab/javascript-boilerplate/src/api/orders/orderRepository.js:24:61)
       at Object.userId [as selectByUserId] (/home/gildas/projects/marmelab/javascript-boilerplate/src/api/orders/orderRepository.js:24:61)
       at Object.userId [as selectByUserId] (/home/gildas/projects/marmelab/javascript-boilerplate/src/api/orders/orderRepository.js:24:61)
       at Object.userId [as selectByUserId] (/home/gildas/projects/marmelab/javascript-boilerplate/src/api/orders/orderRepository.js:24:61)
       at Object.userId [as selectByUserId] (/home/gildas/projects/marmelab/javascript-boilerplate/src/api/orders/orderRepository.js:24:61)
       at Object.userId [as selectByUserId] (/home/gildas/projects/marmelab/javascript-boilerplate/src/api/orders/orderRepository.js:24:61)
       at Object.userId [as selectByUserId] (/home/gildas/projects/marmelab/javascript-boilerplate/src/api/orders/orderRepository.js:24:61)
       at Object.userId [as selectByUserId] (/home/gildas/projects/marmelab/javascript-boilerplate/src/api/orders/orderRepository.js:24:61)
       at Object.userId [as selectByUserId] (/home/gildas/projects/marmelab/javascript-boilerplate/src/api/orders/orderRepository.js:24:61)
       at Object.userId [as selectByUserId] (/home/gildas/projects/marmelab/javascript-boilerplate/src/api/orders/orderRepository.js:24:61)
       at Object.userId [as selectByUserId] (/home/gildas/projects/marmelab/javascript-boilerplate/src/api/orders/orderRepository.js:24:61)
       at Object.userId [as selectByUserId] (/home/gildas/projects/marmelab/javascript-boilerplate/src/api/orders/orderRepository.js:24:61)
       at Object.userId [as selectByUserId] (/home/gildas/projects/marmelab/javascript-boilerplate/src/api/orders/orderRepository.js:24:61)
       at Object.userId [as selectByUserId] (/home/gildas/projects/marmelab/javascript-boilerplate/src/api/orders/orderRepository.js:24:61)
       at Object.userId [as selectByUserId] (/home/gildas/projects/marmelab/javascript-boilerplate/src/api/orders/orderRepository.js:24:61)
       at Object.userId [as selectByUserId] (/home/gildas/projects/marmelab/javascript-boilerplate/src/api/orders/orderRepository.js:24:61)
       at Object.userId [as selectByUserId] (/home/gildas/projects/marmelab/javascript-boilerplate/src/api/orders/orderRepository.js:24:61)
       at Object.userId [as selectByUserId] (/home/gildas/projects/marmelab/javascript-boilerplate/src/api/orders/orderRepository.js:24:61)
       at Object.userId [as selectByUserId] (/home/gildas/projects/marmelab/javascript-boilerplate/src/api/orders/orderRepository.js:24:61)
       at Object.userId [as selectByUserId] (/home/gildas/projects/marmelab/javascript-boilerplate/src/api/orders/orderRepository.js:24:61)
       at Object.userId [as selectByUserId] (/home/gildas/projects/marmelab/javascript-boilerplate/src/api/orders/orderRepository.js:24:61)
       at Object.userId [as selectByUserId] (/home/gildas/projects/marmelab/javascript-boilerplate/src/api/orders/orderRepository.js:24:61)
       at Object.userId [as selectByUserId] (/home/gildas/projects/marmelab/javascript-boilerplate/src/api/orders/orderRepository.js:24:61)
       at Object.userId [as selectByUserId] (/home/gildas/projects/marmelab/javascript-boilerplate/src/api/orders/orderRepository.js:24:61)
       at Object.userId [as selectByUserId] (/home/gildas/projects/marmelab/javascript-boilerplate/src/api/orders/orderRepository.js:24:61)
       at Object.userId [as selectByUserId] (/home/gildas/projects/marmelab/javascript-boilerplate/src/api/orders/orderRepository.js:24:61)
       at Object.userId [as selectByUserId] (/home/gildas/projects/marmelab/javascript-boilerplate/src/api/orders/orderRepository.js:24:61)
       at Object.userId [as selectByUserId] (/home/gildas/projects/marmelab/javascript-boilerplate/src/api/orders/orderRepository.js:24:61)
       at Object.userId [as selectByUserId] (/home/gildas/projects/marmelab/javascript-boilerplate/src/api/orders/orderRepository.js:24:61)
       at Object.userId [as selectByUserId] (/home/gildas/projects/marmelab/javascript-boilerplate/src/api/orders/orderRepository.js:24:61)
       at Object.userId [as selectByUserId] (/home/gildas/projects/marmelab/javascript-boilerplate/src/api/orders/orderRepository.js:24:61)
       at Object.userId [as selectByUserId] (/home/gildas/projects/marmelab/javascript-boilerplate/src/api/orders/orderRepository.js:24:61)
       at Object.userId [as selectByUserId] (/home/gildas/projects/marmelab/javascript-boilerplate/src/api/orders/orderRepository.js:24:61)
       at Object.userId [as selectByUserId] (/home/gildas/projects/marmelab/javascript-boilerplate/src/api/orders/orderRepository.js:24:61)
       at Object.userId [as selectByUserId] (/home/gildas/projects/marmelab/javascript-boilerplate/src/api/orders/orderRepository.js:24:61)
       at Object.userId [as selectByUserId] (/home/gildas/projects/marmelab/javascript-boilerplate/src/api/orders/orderRepository.js:24:61)
       at Object.userId [as selectByUserId] (/home/gildas/projects/marmelab/javascript-boilerplate/src/api/orders/orderRepository.js:24:61)
       at Object.userId [as selectByUserId] (/home/gildas/projects/marmelab/javascript-boilerplate/src/api/orders/orderRepository.js:24:61)
       at Object.userId [as selectByUserId] (/home/gildas/projects/marmelab/javascript-boilerplate/src/api/orders/orderRepository.js:24:61)
       at Object.userId [as selectByUserId] (/home/gildas/projects/marmelab/javascript-boilerplate/src/api/orders/orderRepository.js:24:61)
       at Object.userId [as selectByUserId] (/home/gildas/projects/marmelab/javascript-boilerplate/src/api/orders/orderRepository.js:24:61)
       at Object.userId [as selectByUserId] (/home/gildas/projects/marmelab/javascript-boilerplate/src/api/orders/orderRepository.js:24:61)
       at Object.userId [as selectByUserId] (/home/gildas/projects/marmelab/javascript-boilerplate/src/api/orders/orderRepository.js:24:61)
       at Object.userId [as selectByUserId] (/home/gildas/projects/marmelab/javascript-boilerplate/src/api/orders/orderRepository.js:24:61)
       at Object.userId [as selectByUserId] (/home/gildas/projects/marmelab/javascript-boilerplate/src/api/orders/orderRepository.js:24:61)
       at Object.userId [as selectByUserId] (/home/gildas/projects/marmelab/javascript-boilerplate/src/api/orders/orderRepository.js:24:61)
       at Object.userId [as selectByUserId] (/home/gildas/projects/marmelab/javascript-boilerplate/src/api/orders/orderRepository.js:24:61)
       at Object.userId [as selectByUserId] (/home/gildas/projects/marmelab/javascript-boilerplate/src/api/orders/orderRepository.js:24:61)
       at Object.userId [as selectByUserId] (/home/gildas/projects/marmelab/javascript-boilerplate/src/api/orders/orderRepository.js:24:61)
       at Object.userId [as selectByUserId] (/home/gildas/projects/marmelab/javascript-boilerplate/src/api/orders/orderRepository.js:24:61)
       at Object.userId [as selectByUserId] (/home/gildas/projects/marmelab/javascript-boilerplate/src/api/orders/orderRepository.js:24:61)
       at Object.userId [as selectByUserId] (/home/gildas/projects/marmelab/javascript-boilerplate/src/api/orders/orderRepository.js:24:61)
       at Object.userId [as selectByUserId] (/home/gildas/projects/marmelab/javascript-boilerplate/src/api/orders/orderRepository.js:24:61)
       at Object.userId [as selectByUserId] (/home/gildas/projects/marmelab/javascript-boilerplate/src/api/orders/orderRepository.js:24:61)
       at Object.userId [as selectByUserId] (/home/gildas/projects/marmelab/javascript-boilerplate/src/api/orders/orderRepository.js:24:61)
       at Object.userId [as selectByUserId] (/home/gildas/projects/marmelab/javascript-boilerplate/src/api/orders/orderRepository.js:24:61)
       at Object.userId [as selectByUserId] (/home/gildas/projects/marmelab/javascript-boilerplate/src/api/orders/orderRepository.js:24:61)
       at Object.userId [as selectByUserId] (/home/gildas/projects/marmelab/javascript-boilerplate/src/api/orders/orderRepository.js:24:61)
       at Object.userId [as selectByUserId] (/home/gildas/projects/marmelab/javascript-boilerplate/src/api/orders/orderRepository.js:24:61)
       at Object.userId [as selectByUserId] (/home/gildas/projects/marmelab/javascript-boilerplate/src/api/orders/orderRepository.js:24:61)
       at Object.userId [as selectByUserId] (/home/gildas/projects/marmelab/javascript-boilerplate/src/api/orders/orderRepository.js:24:61)
       at Object.userId [as selectByUserId] (/home/gildas/projects/marmelab/javascript-boilerplate/src/api/orders/orderRepository.js:24:61)
       at Object.userId [as selectByUserId] (/home/gildas/projects/marmelab/javascript-boilerplate/src/api/orders/orderRepository.js:24:61)
       at Object.userId [as selectByUserId] (/home/gildas/projects/marmelab/javascript-boilerplate/src/api/orders/orderRepository.js:24:61)
       at Object.userId [as selectByUserId] (/home/gildas/projects/marmelab/javascript-boilerplate/src/api/orders/orderRepository.js:24:61)
       at Object.userId [as selectByUserId] (/home/gildas/projects/marmelab/javascript-boilerplate/src/api/orders/orderRepository.js:24:61)
       at Object.userId [as selectByUserId] (/home/gildas/projects/marmelab/javascript-boilerplate/src/api/orders/orderRepository.js:24:61)
       at Object.userId [as selectByUserId] (/home/gildas/projects/marmelab/javascript-boilerplate/src/api/orders/orderRepository.js:24:61)
       at Object.userId [as selectByUserId] (/home/gildas/projects/marmelab/javascript-boilerplate/src/api/orders/orderRepository.js:24:61)
       at Object.userId [as selectByUserId] (/home/gildas/projects/marmelab/javascript-boilerplate/src/api/orders/orderRepository.js:24:61)
       at Object.userId [as selectByUserId] (/home/gildas/projects/marmelab/javascript-boilerplate/src/api/orders/orderRepository.js:24:61)
       at Object.userId [as selectByUserId] (/home/gildas/projects/marmelab/javascript-boilerplate/src/api/orders/orderRepository.js:24:61)
       at Object.userId [as selectByUserId] (/home/gildas/projects/marmelab/javascript-boilerplate/src/api/orders/orderRepository.js:24:61)
       at Object.userId [as selectByUserId] (/home/gildas/projects/marmelab/javascript-boilerplate/src/api/orders/orderRepository.js:24:61)
       at Object.userId [as selectByUserId] (/home/gildas/projects/marmelab/javascript-boilerplate/src/api/orders/orderRepository.js:24:61)
       at Object.userId [as selectByUserId] (/home/gildas/projects/marmelab/javascript-boilerplate/src/api/orders/orderRepository.js:24:61)
       at Object.userId [as selectByUserId] (/home/gildas/projects/marmelab/javascript-boilerplate/src/api/orders/orderRepository.js:24:61)
       at Object.userId [as selectByUserId] (/home/gildas/projects/marmelab/javascript-boilerplate/src/api/orders/orderRepository.js:24:61)
       at Object.userId [as selectByUserId] (/home/gildas/projects/marmelab/javascript-boilerplate/src/api/orders/orderRepository.js:24:61)
       at Object.userId [as selectByUserId] (/home/gildas/projects/marmelab/javascript-boilerplate/src/api/orders/orderRepository.js:24:61)
       at Object.userId [as selectByUserId] (/home/gildas/projects/marmelab/javascript-boilerplate/src/api/orders/orderRepository.js:24:61)
       at Object.userId [as selectByUserId] (/home/gildas/projects/marmelab/javascript-boilerplate/src/api/orders/orderRepository.js:24:61)
       at Object.userId [as selectByUserId] (/home/gildas/projects/marmelab/javascript-boilerplate/src/api/orders/orderRepository.js:24:61)
       at Object.userId [as selectByUserId] (/home/gildas/projects/marmelab/javascript-boilerplate/src/api/orders/orderRepository.js:24:61)
       at Object.userId [as selectByUserId] (/home/gildas/projects/marmelab/javascript-boilerplate/src/api/orders/orderRepository.js:24:61)
       at Object.userId [as selectByUserId] (/home/gildas/projects/marmelab/javascript-boilerplate/src/api/orders/orderRepository.js:24:61)
       at Object.userId [as selectByUserId] (/home/gildas/projects/marmelab/javascript-boilerplate/src/api/orders/orderRepository.js:24:61)
       at Object.userId [as selectByUserId] (/home/gildas/projects/marmelab/javascript-boilerplate/src/api/orders/orderRepository.js:24:61)
       at Object.userId [as selectByUserId] (/home/gildas/projects/marmelab/javascript-boilerplate/src/api/orders/orderRepository.js:24:61)
       at Object.userId [as selectByUserId] (/home/gildas/projects/marmelab/javascript-boilerplate/src/api/orders/orderRepository.js:24:61)
       at Object.userId [as selectByUserId] (/home/gildas/projects/marmelab/javascript-boilerplate/src/api/orders/orderRepository.js:24:61)
       at Object.userId [as selectByUserId] (/home/gildas/projects/marmelab/javascript-boilerplate/src/api/orders/orderRepository.js:24:61)
       at Object.userId [as selectByUserId] (/home/gildas/projects/marmelab/javascript-boilerplate/src/api/orders/orderRepository.js:24:61)
       at Object.userId [as selectByUserId] (/home/gildas/projects/marmelab/javascript-boilerplate/src/api/orders/orderRepository.js:24:61)
       at Object.userId [as selectByUserId] (/home/gildas/projects/marmelab/javascript-boilerplate/src/api/orders/orderRepository.js:24:61)
       at Object.userId [as selectByUserId] (/home/gildas/projects/marmelab/javascript-boilerplate/src/api/orders/orderRepository.js:24:61)
       at Object.userId [as selectByUserId] (/home/gildas/projects/marmelab/javascript-boilerplate/src/api/orders/orderRepository.js:24:61)
       at Object.userId [as selectByUserId] (/home/gildas/projects/marmelab/javascript-boilerplate/src/api/orders/orderRepository.js:24:61)
       at Object.userId [as selectByUserId] (/home/gildas/projects/marmelab/javascript-boilerplate/src/api/orders/orderRepository.js:24:61)
       at Object.userId [as selectByUserId] (/home/gildas/projects/marmelab/javascript-boilerplate/src/api/orders/orderRepository.js:24:61)
       at Object.userId [as selectByUserId] (/home/gildas/projects/marmelab/javascript-boilerplate/src/api/orders/orderRepository.js:24:61)
       at Object.userId [as selectByUserId] (/home/gildas/projects/marmelab/javascript-boilerplate/src/api/orders/orderRepository.js:24:61)
       at Object.userId [as selectByUserId] (/home/gildas/projects/marmelab/javascript-boilerplate/src/api/orders/orderRepository.js:24:61)
       at Object.userId [as selectByUserId] (/home/gildas/projects/marmelab/javascript-boilerplate/src/api/orders/orderRepository.js:24:61)
       at Object.userId [as selectByUserId] (/home/gildas/projects/marmelab/javascript-boilerplate/src/api/orders/orderRepository.js:24:61)
       at Object.userId [as selectByUserId] (/home/gildas/projects/marmelab/javascript-boilerplate/src/api/orders/orderRepository.js:24:61)
       at Object.userId [as selectByUserId] (/home/gildas/projects/marmelab/javascript-boilerplate/src/api/orders/orderRepository.js:24:61)
       at Object.userId [as selectByUserId] (/home/gildas/projects/marmelab/javascript-boilerplate/src/api/orders/orderRepository.js:24:61)
       at Object.userId [as selectByUserId] (/home/gildas/projects/marmelab/javascript-boilerplate/src/api/orders/orderRepository.js:24:61)
       at Object.userId [as selectByUserId] (/home/gildas/projects/marmelab/javascript-boilerplate/src/api/orders/orderRepository.js:24:61)
       at Object.userId [as selectByUserId] (/home/gildas/projects/marmelab/javascript-boilerplate/src/api/orders/orderRepository.js:24:61)
       at Object.userId [as selectByUserId] (/home/gildas/projects/marmelab/javascript-boilerplate/src/api/orders/orderRepository.js:24:61)
       at Object.userId [as selectByUserId] (/home/gildas/projects/marmelab/javascript-boilerplate/src/api/orders/orderRepository.js:24:61)
       at Object.userId [as selectByUserId] (/home/gildas/projects/marmelab/javascript-boilerplate/src/api/orders/orderRepository.js:24:61)
       at Object.userId [as selectByUserId] (/home/gildas/projects/marmelab/javascript-boilerplate/src/api/orders/orderRepository.js:24:61)
       at Object.userId [as selectByUserId] (/home/gildas/projects/marmelab/javascript-boilerplate/src/api/orders/orderRepository.js:24:61)
       at Object.userId [as selectByUserId] (/home/gildas/projects/marmelab/javascript-boilerplate/src/api/orders/orderRepository.js:24:61)
       at Object.userId [as selectByUserId] (/home/gildas/projects/marmelab/javascript-boilerplate/src/api/orders/orderRepository.js:24:61)
       at Object.userId [as selectByUserId] (/home/gildas/projects/marmelab/javascript-boilerplate/src/api/orders/orderRepository.js:24:61)
       at Object.userId [as selectByUserId] (/home/gildas/projects/marmelab/javascript-boilerplate/src/api/orders/orderRepository.js:24:61)
       at Object.userId [as selectByUserId] (/home/gildas/projects/marmelab/javascript-boilerplate/src/api/orders/orderRepository.js:24:61)
       at Object.userId [as selectByUserId] (/home/gildas/projects/marmelab/javascript-boilerplate/src/api/orders/orderRepository.js:24:61)
       at Object.userId [as selectByUserId] (/home/gildas/projects/marmelab/javascript-boilerplate/src/api/orders/orderRepository.js:24:61)
       at Object.userId [as selectByUserId] (/home/gildas/projects/marmelab/javascript-boilerplate/src/api/orders/orderRepository.js:24:61)
       at Object.userId [as selectByUserId] (/home/gildas/projects/marmelab/javascript-boilerplate/src/api/orders/orderRepository.js:24:61)
       at Object.userId [as selectByUserId] (/home/gildas/projects/marmelab/javascript-boilerplate/src/api/orders/orderRepository.js:24:61)
       at Object.userId [as selectByUserId] (/home/gildas/projects/marmelab/javascript-boilerplate/src/api/orders/orderRepository.js:24:61)
       at Object.userId [as selectByUserId] (/home/gildas/projects/marmelab/javascript-boilerplate/src/api/orders/orderRepository.js:24:61)
       at Object.userId [as selectByUserId] (/home/gildas/projects/marmelab/javascript-boilerplate/src/api/orders/orderRepository.js:24:61)
       at Object.userId [as selectByUserId] (/home/gildas/projects/marmelab/javascript-boilerplate/src/api/orders/orderRepository.js:24:61)
       at Object.userId [as selectByUserId] (/home/gildas/projects/marmelab/javascript-boilerplate/src/api/orders/orderRepository.js:24:61)
       at Object.userId [as selectByUserId] (/home/gildas/projects/marmelab/javascript-boilerplate/src/api/orders/orderRepository.js:24:61)
       at Object.userId [as selectByUserId] (/home/gildas/projects/marmelab/javascript-boilerplate/src/api/orders/orderRepository.js:24:61)
       at Object.userId [as selectByUserId] (/home/gildas/projects/marmelab/javascript-boilerplate/src/api/orders/orderRepository.js:24:61)
       at Object.userId [as selectByUserId] (/home/gildas/projects/marmelab/javascript-boilerplate/src/api/orders/orderRepository.js:24:61)
       at Object.userId [as selectByUserId] (/home/gildas/projects/marmelab/javascript-boilerplate/src/api/orders/orderRepository.js:24:61)
       at Object.userId [as selectByUserId] (/home/gildas/projects/marmelab/javascript-boilerplate/src/api/orders/orderRepository.js:24:61)
       at Object.userId [as selectByUserId] (/home/gildas/projects/marmelab/javascript-boilerplate/src/api/orders/orderRepository.js:24:61)
       at Object.userId [as selectByUserId] (/home/gildas/projects/marmelab/javascript-boilerplate/src/api/orders/orderRepository.js:24:61)
       at Object.userId [as selectByUserId] (/home/gildas/projects/marmelab/javascript-boilerplate/src/api/orders/orderRepository.js:24:61)
       at Object.userId [as selectByUserId] (/home/gildas/projects/marmelab/javascript-boilerplate/src/api/orders/orderRepository.js:24:61)
       at Object.userId [as selectByUserId] (/home/gildas/projects/marmelab/javascript-boilerplate/src/api/orders/orderRepository.js:24:61)
       at Object.userId [as selectByUserId] (/home/gildas/projects/marmelab/javascript-boilerplate/src/api/orders/orderRepository.js:24:61)
       at Object.userId [as selectByUserId] (/home/gildas/projects/marmelab/javascript-boilerplate/src/api/orders/orderRepository.js:24:61)
       at Object.userId [as selectByUserId] (/home/gildas/projects/marmelab/javascript-boilerplate/src/api/orders/orderRepository.js:24:61)
       at Object.userId [as selectByUserId] (/home/gildas/projects/marmelab/javascript-boilerplate/src/api/orders/orderRepository.js:24:61)
       at Object.userId [as selectByUserId] (/home/gildas/projects/marmelab/javascript-boilerplate/src/api/orders/orderRepository.js:24:61)
       at Object.userId [as selectByUserId] (/home/gildas/projects/marmelab/javascript-boilerplate/src/api/orders/orderRepository.js:24:61)
       at Object.userId [as selectByUserId] (/home/gildas/projects/marmelab/javascript-boilerplate/src/api/orders/orderRepository.js:24:61)
       at Object.userId [as selectByUserId] (/home/gildas/projects/marmelab/javascript-boilerplate/src/api/orders/orderRepository.js:24:61)
       at Object.userId [as selectByUserId] (/home/gildas/projects/marmelab/javascript-boilerplate/src/api/orders/orderRepository.js:24:61)
       at Object.userId [as selectByUserId] (/home/gildas/projects/marmelab/javascript-boilerplate/src/api/orders/orderRepository.js:24:61)
       at Object.userId [as selectByUserId] (/home/gildas/projects/marmelab/javascript-boilerplate/src/api/orders/orderRepository.js:24:61)
       at Object.userId [as selectByUserId] (/home/gildas/projects/marmelab/javascript-boilerplate/src/api/orders/orderRepository.js:24:61)
       at Object.userId [as selectByUserId] (/home/gildas/projects/marmelab/javascript-boilerplate/src/api/orders/orderRepository.js:24:61)
       at Object.userId [as selectByUserId] (/home/gildas/projects/marmelab/javascript-boilerplate/src/api/orders/orderRepository.js:24:61)
       at Object.userId [as selectByUserId] (/home/gildas/projects/marmelab/javascript-boilerplate/src/api/orders/orderRepository.js:24:61)
       at Object.userId [as selectByUserId] (/home/gildas/projects/marmelab/javascript-boilerplate/src/api/orders/orderRepository.js:24:61)
       at Object.userId [as selectByUserId] (/home/gildas/projects/marmelab/javascript-boilerplate/src/api/orders/orderRepository.js:24:61)
       at Object.userId [as selectByUserId] (/home/gildas/projects/marmelab/javascript-boilerplate/src/api/orders/orderRepository.js:24:61)
       at Object.userId [as selectByUserId] (/home/gildas/projects/marmelab/javascript-boilerplate/src/api/orders/orderRepository.js:24:61)
       at Object.userId [as selectByUserId] (/home/gildas/projects/marmelab/javascript-boilerplate/src/api/orders/orderRepository.js:24:61)
       at Object.userId [as selectByUserId] (/home/gildas/projects/marmelab/javascript-boilerplate/src/api/orders/orderRepository.js:24:61)
       at Object.userId [as selectByUserId] (/home/gildas/projects/marmelab/javascript-boilerplate/src/api/orders/orderRepository.js:24:61)
       at Object.userId [as selectByUserId] (/home/gildas/projects/marmelab/javascript-boilerplate/src/api/orders/orderRepository.js:24:61)
       at Object.userId [as selectByUserId] (/home/gildas/projects/marmelab/javascript-boilerplate/src/api/orders/orderRepository.js:24:61)
       at Object.userId [as selectByUserId] (/home/gildas/projects/marmelab/javascript-boilerplate/src/api/orders/orderRepository.js:24:61)
       at Object.userId [as selectByUserId] (/home/gildas/projects/marmelab/javascript-boilerplate/src/api/orders/orderRepository.js:24:61)
       at Object.userId [as selectByUserId] (/home/gildas/projects/marmelab/javascript-boilerplate/src/api/orders/orderRepository.js:24:61)
       at Object.userId [as selectByUserId] (/home/gildas/projects/marmelab/javascript-boilerplate/src/api/orders/orderRepository.js:24:61)
       at Object.userId [as selectByUserId] (/home/gildas/projects/marmelab/javascript-boilerplate/src/api/orders/orderRepository.js:24:61)
       at Object.userId [as selectByUserId] (/home/gildas/projects/marmelab/javascript-boilerplate/src/api/orders/orderRepository.js:24:61)
       at Object.userId [as selectByUserId] (/home/gildas/projects/marmelab/javascript-boilerplate/src/api/orders/orderRepository.js:24:61)
       at Object.userId [as selectByUserId] (/home/gildas/projects/marmelab/javascript-boilerplate/src/api/orders/orderRepository.js:24:61)
       at Object.userId [as selectByUserId] (/home/gildas/projects/marmelab/javascript-boilerplate/src/api/orders/orderRepository.js:24:61)
       at Object.userId [as selectByUserId] (/home/gildas/projects/marmelab/javascript-boilerplate/src/api/orders/orderRepository.js:24:61)
       at Object.userId [as selectByUserId] (/home/gildas/projects/marmelab/javascript-boilerplate/src/api/orders/orderRepository.js:24:61)
       at Object.userId [as selectByUserId] (/home/gildas/projects/marmelab/javascript-boilerplate/src/api/orders/orderRepository.js:24:61)
       at Object.userId [as selectByUserId] (/home/gildas/projects/marmelab/javascript-boilerplate/src/api/orders/orderRepository.js:24:61)
       at Object.userId [as selectByUserId] (/home/gildas/projects/marmelab/javascript-boilerplate/src/api/orders/orderRepository.js:24:61)
       at Object.userId [as selectByUserId] (/home/gildas/projects/marmelab/javascript-boilerplate/src/api/orders/orderRepository.js:24:61)
       at Object.userId [as selectByUserId] (/home/gildas/projects/marmelab/javascript-boilerplate/src/api/orders/orderRepository.js:24:61)
       at Object.userId [as selectByUserId] (/home/gildas/projects/marmelab/javascript-boilerplate/src/api/orders/orderRepository.js:24:61)
       at Object.userId [as selectByUserId] (/home/gildas/projects/marmelab/javascript-boilerplate/src/api/orders/orderRepository.js:24:61)
       at Object.userId [as selectByUserId] (/home/gildas/projects/marmelab/javascript-boilerplate/src/api/orders/orderRepository.js:24:61)
       at Object.userId [as selectByUserId] (/home/gildas/projects/marmelab/javascript-boilerplate/src/api/orders/orderRepository.js:24:61)
       at Object.userId [as selectByUserId] (/home/gildas/projects/marmelab/javascript-boilerplate/src/api/orders/orderRepository.js:24:61)
       at Object.userId [as selectByUserId] (/home/gildas/projects/marmelab/javascript-boilerplate/src/api/orders/orderRepository.js:24:61)
       at Object.userId [as selectByUserId] (/home/gildas/projects/marmelab/javascript-boilerplate/src/api/orders/orderRepository.js:24:61)
       at Object.userId [as selectByUserId] (/home/gildas/projects/marmelab/javascript-boilerplate/src/api/orders/orderRepository.js:24:61)
       at Object.userId [as selectByUserId] (/home/gildas/projects/marmelab/javascript-boilerplate/src/api/orders/orderRepository.js:24:61)
       at Object.userId [as selectByUserId] (/home/gildas/projects/marmelab/javascript-boilerplate/src/api/orders/orderRepository.js:24:61)
       at Object.userId [as selectByUserId] (/home/gildas/projects/marmelab/javascript-boilerplate/src/api/orders/orderRepository.js:24:61)
       at Object.userId [as selectByUserId] (/home/gildas/projects/marmelab/javascript-boilerplate/src/api/orders/orderRepository.js:24:61)
       at Object.userId [as selectByUserId] (/home/gildas/projects/marmelab/javascript-boilerplate/src/api/orders/orderRepository.js:24:61)
       at Object.userId [as selectByUserId] (/home/gildas/projects/marmelab/javascript-boilerplate/src/api/orders/orderRepository.js:24:61)
       at Object.userId [as selectByUserId] (/home/gildas/projects/marmelab/javascript-boilerplate/src/api/orders/orderRepository.js:24:61)
       at Object.userId [as selectByUserId] (/home/gildas/projects/marmelab/javascript-boilerplate/src/api/orders/orderRepository.js:24:61)
       at Object.userId [as selectByUserId] (/home/gildas/projects/marmelab/javascript-boilerplate/src/api/orders/orderRepository.js:24:61)
       at Object.userId [as selectByUserId] (/home/gildas/projects/marmelab/javascript-boilerplate/src/api/orders/orderRepository.js:24:61)
       at Object.userId [as selectByUserId] (/home/gildas/projects/marmelab/javascript-boilerplate/src/api/orders/orderRepository.js:24:61)
       at Object.userId [as selectByUserId] (/home/gildas/projects/marmelab/javascript-boilerplate/src/api/orders/orderRepository.js:24:61)
       at Object.userId [as selectByUserId] (/home/gildas/projects/marmelab/javascript-boilerplate/src/api/orders/orderRepository.js:24:61)
       at Object.userId [as selectByUserId] (/home/gildas/projects/marmelab/javascript-boilerplate/src/api/orders/orderRepository.js:24:61)
       at Object.userId [as selectByUserId] (/home/gildas/projects/marmelab/javascript-boilerplate/src/api/orders/orderRepository.js:24:61)
       at Object.userId [as selectByUserId] (/home/gildas/projects/marmelab/javascript-boilerplate/src/api/orders/orderRepository.js:24:61)
       at Object.userId [as selectByUserId] (/home/gildas/projects/marmelab/javascript-boilerplate/src/api/orders/orderRepository.js:24:61)
       at Object.userId [as selectByUserId] (/home/gildas/projects/marmelab/javascript-boilerplate/src/api/orders/orderRepository.js:24:61)
       at Object.userId [as selectByUserId] (/home/gildas/projects/marmelab/javascript-boilerplate/src/api/orders/orderRepository.js:24:61)
       at Object.userId [as selectByUserId] (/home/gildas/projects/marmelab/javascript-boilerplate/src/api/orders/orderRepository.js:24:61)
       at Object.userId [as selectByUserId] (/home/gildas/projects/marmelab/javascript-boilerplate/src/api/orders/orderRepository.js:24:61)
       at Object.userId [as selectByUserId] (/home/gildas/projects/marmelab/javascript-boilerplate/src/api/orders/orderRepository.js:24:61)
       at Object.userId [as selectByUserId] (/home/gildas/projects/marmelab/javascript-boilerplate/src/api/orders/orderRepository.js:24:61)
       at Object.userId [as selectByUserId] (/home/gildas/projects/marmelab/javascript-boilerplate/src/api/orders/orderRepository.js:24:61)
       at Object.userId [as selectByUserId] (/home/gildas/projects/marmelab/javascript-boilerplate/src/api/orders/orderRepository.js:24:61)
       at Object.userId [as selectByUserId] (/home/gildas/projects/marmelab/javascript-boilerplate/src/api/orders/orderRepository.js:24:61)
       at Object.userId [as selectByUserId] (/home/gildas/projects/marmelab/javascript-boilerplate/src/api/orders/orderRepository.js:24:61)
       at Object.userId [as selectByUserId] (/home/gildas/projects/marmelab/javascript-boilerplate/src/api/orders/orderRepository.js:24:61)
       at Object.userId [as selectByUserId] (/home/gildas/projects/marmelab/javascript-boilerplate/src/api/orders/orderRepository.js:24:61)
       at Object.userId [as selectByUserId] (/home/gildas/projects/marmelab/javascript-boilerplate/src/api/orders/orderRepository.js:24:61)
       at Object.userId [as selectByUserId] (/home/gildas/projects/marmelab/javascript-boilerplate/src/api/orders/orderRepository.js:24:61)
       at Object.userId [as selectByUserId] (/home/gildas/projects/marmelab/javascript-boilerplate/src/api/orders/orderRepository.js:24:61)
       at Object.userId [as selectByUserId] (/home/gildas/projects/marmelab/javascript-boilerplate/src/api/orders/orderRepository.js:24:61)
       at Object.userId [as selectByUserId] (/home/gildas/projects/marmelab/javascript-boilerplate/src/api/orders/orderRepository.js:24:61)
       at Object.userId [as selectByUserId] (/home/gildas/projects/marmelab/javascript-boilerplate/src/api/orders/orderRepository.js:24:61)
       at Object.userId [as selectByUserId] (/home/gildas/projects/marmelab/javascript-boilerplate/src/api/orders/orderRepository.js:24:61)
       at Object.userId [as selectByUserId] (/home/gildas/projects/marmelab/javascript-boilerplate/src/api/orders/orderRepository.js:24:61)
       at Object.userId [as selectByUserId] (/home/gildas/projects/marmelab/javascript-boilerplate/src/api/orders/orderRepository.js:24:61)
       at Object.userId [as selectByUserId] (/home/gildas/projects/marmelab/javascript-boilerplate/src/api/orders/orderRepository.js:24:61)
       at Object.userId [as selectByUserId] (/home/gildas/projects/marmelab/javascript-boilerplate/src/api/orders/orderRepository.js:24:61)
       at Object.userId [as selectByUserId] (/home/gildas/projects/marmelab/javascript-boilerplate/src/api/orders/orderRepository.js:24:61)
       at Object.userId [as selectByUserId] (/home/gildas/projects/marmelab/javascript-boilerplate/src/api/orders/orderRepository.js:24:61)
       at Object.userId [as selectByUserId] (/home/gildas/projects/marmelab/javascript-boilerplate/src/api/orders/orderRepository.js:24:61)
       at Object.userId [as selectByUserId] (/home/gildas/projects/marmelab/javascript-boilerplate/src/api/orders/orderRepository.js:24:61)
       at Object.userId [as selectByUserId] (/home/gildas/projects/marmelab/javascript-boilerplate/src/api/orders/orderRepository.js:24:61)
       at Object.userId [as selectByUserId] (/home/gildas/projects/marmelab/javascript-boilerplate/src/api/orders/orderRepository.js:24:61)
       at Object.userId [as selectByUserId] (/home/gildas/projects/marmelab/javascript-boilerplate/src/api/orders/orderRepository.js:24:61)
       at Object.userId [as selectByUserId] (/home/gildas/projects/marmelab/javascript-boilerplate/src/api/orders/orderRepository.js:24:61)
       at Object.userId [as selectByUserId] (/home/gildas/projects/marmelab/javascript-boilerplate/src/api/orders/orderRepository.js:24:61)
       at Object.userId [as selectByUserId] (/home/gildas/projects/marmelab/javascript-boilerplate/src/api/orders/orderRepository.js:24:61)
       at Object.userId [as selectByUserId] (/home/gildas/projects/marmelab/javascript-boilerplate/src/api/orders/orderRepository.js:24:61)
       at Object.userId [as selectByUserId] (/home/gildas/projects/marmelab/javascript-boilerplate/src/api/orders/orderRepository.js:24:61)
       at Object.userId [as selectByUserId] (/home/gildas/projects/marmelab/javascript-boilerplate/src/api/orders/orderRepository.js:24:61)
       at Object.userId [as selectByUserId] (/home/gildas/projects/marmelab/javascript-boilerplate/src/api/orders/orderRepository.js:24:61)
       at Object.userId [as selectByUserId] (/home/gildas/projects/marmelab/javascript-boilerplate/src/api/orders/orderRepository.js:24:61)
       at Object.userId [as selectByUserId] (/home/gildas/projects/marmelab/javascript-boilerplate/src/api/orders/orderRepository.js:24:61)
       at Object.userId [as selectByUserId] (/home/gildas/projects/marmelab/javascript-boilerplate/src/api/orders/orderRepository.js:24:61)
       at Object.userId [as selectByUserId] (/home/gildas/projects/marmelab/javascript-boilerplate/src/api/orders/orderRepository.js:24:61)
       at Object.userId [as selectByUserId] (/home/gildas/projects/marmelab/javascript-boilerplate/src/api/orders/orderRepository.js:24:61)
       at Object.userId [as selectByUserId] (/home/gildas/projects/marmelab/javascript-boilerplate/src/api/orders/orderRepository.js:24:61)
       at Object.userId [as selectByUserId] (/home/gildas/projects/marmelab/javascript-boilerplate/src/api/orders/orderRepository.js:24:61)
       at Object.userId [as selectByUserId] (/home/gildas/projects/marmelab/javascript-boilerplate/src/api/orders/orderRepository.js:24:61)
       at Object.userId [as selectByUserId] (/home/gildas/projects/marmelab/javascript-boilerplate/src/api/orders/orderRepository.js:24:61)
       at Object.userId [as selectByUserId] (/home/gildas/projects/marmelab/javascript-boilerplate/src/api/orders/orderRepository.js:24:61)
       at Object.userId [as selectByUserId] (/home/gildas/projects/marmelab/javascript-boilerplate/src/api/orders/orderRepository.js:24:61)
       at Object.userId [as selectByUserId] (/home/gildas/projects/marmelab/javascript-boilerplate/src/api/orders/orderRepository.js:24:61)
       at Object.userId [as selectByUserId] (/home/gildas/projects/marmelab/javascript-boilerplate/src/api/orders/orderRepository.js:24:61)
       at Object.userId [as selectByUserId] (/home/gildas/projects/marmelab/javascript-boilerplate/src/api/orders/orderRepository.js:24:61)
       at Object.userId [as selectByUserId] (/home/gildas/projects/marmelab/javascript-boilerplate/src/api/orders/orderRepository.js:24:61)
       at Object.userId [as selectByUserId] (/home/gildas/projects/marmelab/javascript-boilerplate/src/api/orders/orderRepository.js:24:61)
       at Object.userId [as selectByUserId] (/home/gildas/projects/marmelab/javascript-boilerplate/src/api/orders/orderRepository.js:24:61)
       at Object.userId [as selectByUserId] (/home/gildas/projects/marmelab/javascript-boilerplate/src/api/orders/orderRepository.js:24:61)
       at Object.userId [as selectByUserId] (/home/gildas/projects/marmelab/javascript-boilerplate/src/api/orders/orderRepository.js:24:61)
       at Object.userId [as selectByUserId] (/home/gildas/projects/marmelab/javascript-boilerplate/src/api/orders/orderRepository.js:24:61)
       at Object.userId [as selectByUserId] (/home/gildas/projects/marmelab/javascript-boilerplate/src/api/orders/orderRepository.js:24:61)
       at Object.userId [as selectByUserId] (/home/gildas/projects/marmelab/javascript-boilerplate/src/api/orders/orderRepository.js:24:61)
       at Object.userId [as selectByUserId] (/home/gildas/projects/marmelab/javascript-boilerplate/src/api/orders/orderRepository.js:24:61)
       at Object.userId [as selectByUserId] (/home/gildas/projects/marmelab/javascript-boilerplate/src/api/orders/orderRepository.js:24:61)
       at Object.userId [as selectByUserId] (/home/gildas/projects/marmelab/javascript-boilerplate/src/api/orders/orderRepository.js:24:61)
       at Object.userId [as selectByUserId] (/home/gildas/projects/marmelab/javascript-boilerplate/src/api/orders/orderRepository.js:24:61)
       at Object.userId [as selectByUserId] (/home/gildas/projects/marmelab/javascript-boilerplate/src/api/orders/orderRepository.js:24:61)
       at Object.userId [as selectByUserId] (/home/gildas/projects/marmelab/javascript-boilerplate/src/api/orders/orderRepository.js:24:61)
       at Object.userId [as selectByUserId] (/home/gildas/projects/marmelab/javascript-boilerplate/src/api/orders/orderRepository.js:24:61)
       at Object.userId [as selectByUserId] (/home/gildas/projects/marmelab/javascript-boilerplate/src/api/orders/orderRepository.js:24:61)
       at Object.userId [as selectByUserId] (/home/gildas/projects/marmelab/javascript-boilerplate/src/api/orders/orderRepository.js:24:61)
       at Object.userId [as selectByUserId] (/home/gildas/projects/marmelab/javascript-boilerplate/src/api/orders/orderRepository.js:24:61)
       at Object.userId [as selectByUserId] (/home/gildas/projects/marmelab/javascript-boilerplate/src/api/orders/orderRepository.js:24:61)
       at Object.userId [as selectByUserId] (/home/gildas/projects/marmelab/javascript-boilerplate/src/api/orders/orderRepository.js:24:61)
       at Object.userId [as selectByUserId] (/home/gildas/projects/marmelab/javascript-boilerplate/src/api/orders/orderRepository.js:24:61)
       at Object.userId [as selectByUserId] (/home/gildas/projects/marmelab/javascript-boilerplate/src/api/orders/orderRepository.js:24:61)
       at Object.userId [as selectByUserId] (/home/gildas/projects/marmelab/javascript-boilerplate/src/api/orders/orderRepository.js:24:61)
       at Object.userId [as selectByUserId] (/home/gildas/projects/marmelab/javascript-boilerplate/src/api/orders/orderRepository.js:24:61)
       at Object.userId [as selectByUserId] (/home/gildas/projects/marmelab/javascript-boilerplate/src/api/orders/orderRepository.js:24:61)
       at Object.userId [as selectByUserId] (/home/gildas/projects/marmelab/javascript-boilerplate/src/api/orders/orderRepository.js:24:61)
       at Object.userId [as selectByUserId] (/home/gildas/projects/marmelab/javascript-boilerplate/src/api/orders/orderRepository.js:24:61)
       at Object.userId [as selectByUserId] (/home/gildas/projects/marmelab/javascript-boilerplate/src/api/orders/orderRepository.js:24:61)
       at Object.userId [as selectByUserId] (/home/gildas/projects/marmelab/javascript-boilerplate/src/api/orders/orderRepository.js:24:61)
       at Object.userId [as selectByUserId] (/home/gildas/projects/marmelab/javascript-boilerplate/src/api/orders/orderRepository.js:24:61)
       at Object.userId [as selectByUserId] (/home/gildas/projects/marmelab/javascript-boilerplate/src/api/orders/orderRepository.js:24:61)
       at Object.userId [as selectByUserId] (/home/gildas/projects/marmelab/javascript-boilerplate/src/api/orders/orderRepository.js:24:61)
       at Object.userId [as selectByUserId] (/home/gildas/projects/marmelab/javascript-boilerplate/src/api/orders/orderRepository.js:24:61)
       at Object.userId [as selectByUserId] (/home/gildas/projects/marmelab/javascript-boilerplate/src/api/orders/orderRepository.js:24:61)
       at Object.userId [as selectByUserId] (/home/gildas/projects/marmelab/javascript-boilerplate/src/api/orders/orderRepository.js:24:61)
       at Object.userId [as selectByUserId] (/home/gildas/projects/marmelab/javascript-boilerplate/src/api/orders/orderRepository.js:24:61)
       at Object.userId [as selectByUserId] (/home/gildas/projects/marmelab/javascript-boilerplate/src/api/orders/orderRepository.js:24:61)
       at Object.userId [as selectByUserId] (/home/gildas/projects/marmelab/javascript-boilerplate/src/api/orders/orderRepository.js:24:61)
       at Object.userId [as selectByUserId] (/home/gildas/projects/marmelab/javascript-boilerplate/src/api/orders/orderRepository.js:24:61)
       at Object.userId [as selectByUserId] (/home/gildas/projects/marmelab/javascript-boilerplate/src/api/orders/orderRepository.js:24:61)
       at Object.userId [as selectByUserId] (/home/gildas/projects/marmelab/javascript-boilerplate/src/api/orders/orderRepository.js:24:61)
       at Object.userId [as selectByUserId] (/home/gildas/projects/marmelab/javascript-boilerplate/src/api/orders/orderRepository.js:24:61)
       at Object.userId [as selectByUserId] (/home/gildas/projects/marmelab/javascript-boilerplate/src/api/orders/orderRepository.js:24:61)
       at Object.userId [as selectByUserId] (/home/gildas/projects/marmelab/javascript-boilerplate/src/api/orders/orderRepository.js:24:61)
       at Object.userId [as selectByUserId] (/home/gildas/projects/marmelab/javascript-boilerplate/src/api/orders/orderRepository.js:24:61)
       at Object.userId [as selectByUserId] (/home/gildas/projects/marmelab/javascript-boilerplate/src/api/orders/orderRepository.js:24:61)
       at Object.userId [as selectByUserId] (/home/gildas/projects/marmelab/javascript-boilerplate/src/api/orders/orderRepository.js:24:61)
       at Object.userId [as selectByUserId] (/home/gildas/projects/marmelab/javascript-boilerplate/src/api/orders/orderRepository.js:24:61)
       at Object.userId [as selectByUserId] (/home/gildas/projects/marmelab/javascript-boilerplate/src/api/orders/orderRepository.js:24:61)
       at Object.userId [as selectByUserId] (/home/gildas/projects/marmelab/javascript-boilerplate/src/api/orders/orderRepository.js:24:61)
       at Object.userId [as selectByUserId] (/home/gildas/projects/marmelab/javascript-boilerplate/src/api/orders/orderRepository.js:24:61)
       at Object.userId [as selectByUserId] (/home/gildas/projects/marmelab/javascript-boilerplate/src/api/orders/orderRepository.js:24:61)
       at Object.userId [as selectByUserId] (/home/gildas/projects/marmelab/javascript-boilerplate/src/api/orders/orderRepository.js:24:61)
       at Object.userId [as selectByUserId] (/home/gildas/projects/marmelab/javascript-boilerplate/src/api/orders/orderRepository.js:24:61)
       at Object.userId [as selectByUserId] (/home/gildas/projects/marmelab/javascript-boilerplate/src/api/orders/orderRepository.js:24:61)
       at Object.userId [as selectByUserId] (/home/gildas/projects/marmelab/javascript-boilerplate/src/api/orders/orderRepository.js:24:61)
       at Object.userId [as selectByUserId] (/home/gildas/projects/marmelab/javascript-boilerplate/src/api/orders/orderRepository.js:24:61)
       at Object.userId [as selectByUserId] (/home/gildas/projects/marmelab/javascript-boilerplate/src/api/orders/orderRepository.js:24:61)
       at Object.userId [as selectByUserId] (/home/gildas/projects/marmelab/javascript-boilerplate/src/api/orders/orderRepository.js:24:61)
       at Object.userId [as selectByUserId] (/home/gildas/projects/marmelab/javascript-boilerplate/src/api/orders/orderRepository.js:24:61)
       at Object.userId [as selectByUserId] (/home/gildas/projects/marmelab/javascript-boilerplate/src/api/orders/orderRepository.js:24:61)
       at Object.userId [as selectByUserId] (/home/gildas/projects/marmelab/javascript-boilerplate/src/api/orders/orderRepository.js:24:61)
       at Object.userId [as selectByUserId] (/home/gildas/projects/marmelab/javascript-boilerplate/src/api/orders/orderRepository.js:24:61)
       at Object.userId [as selectByUserId] (/home/gildas/projects/marmelab/javascript-boilerplate/src/api/orders/orderRepository.js:24:61)
       at Object.userId [as selectByUserId] (/home/gildas/projects/marmelab/javascript-boilerplate/src/api/orders/orderRepository.js:24:61)
       at Object.userId [as selectByUserId] (/home/gildas/projects/marmelab/javascript-boilerplate/src/api/orders/orderRepository.js:24:61)
       at Object.userId [as selectByUserId] (/home/gildas/projects/marmelab/javascript-boilerplate/src/api/orders/orderRepository.js:24:61)
       at Object.userId [as selectByUserId] (/home/gildas/projects/marmelab/javascript-boilerplate/src/api/orders/orderRepository.js:24:61)
       at Object.userId [as selectByUserId] (/home/gildas/projects/marmelab/javascript-boilerplate/src/api/orders/orderRepository.js:24:61)
       at Object.userId [as selectByUserId] (/home/gildas/projects/marmelab/javascript-boilerplate/src/api/orders/orderRepository.js:24:61)
       at Object.userId [as selectByUserId] (/home/gildas/projects/marmelab/javascript-boilerplate/src/api/orders/orderRepository.js:24:61)
       at Object.userId [as selectByUserId] (/home/gildas/projects/marmelab/javascript-boilerplate/src/api/orders/orderRepository.js:24:61)
       at Object.userId [as selectByUserId] (/home/gildas/projects/marmelab/javascript-boilerplate/src/api/orders/orderRepository.js:24:61)
       at Object.userId [as selectByUserId] (/home/gildas/projects/marmelab/javascript-boilerplate/src/api/orders/orderRepository.js:24:61)
       at Object.userId [as selectByUserId] (/home/gildas/projects/marmelab/javascript-boilerplate/src/api/orders/orderRepository.js:24:61)
       at Object.userId [as selectByUserId] (/home/gildas/projects/marmelab/javascript-boilerplate/src/api/orders/orderRepository.js:24:61)
       at Object.userId [as selectByUserId] (/home/gildas/projects/marmelab/javascript-boilerplate/src/api/orders/orderRepository.js:24:61)
       at Object.userId [as selectByUserId] (/home/gildas/projects/marmelab/javascript-boilerplate/src/api/orders/orderRepository.js:24:61)
       at Object.userId [as selectByUserId] (/home/gildas/projects/marmelab/javascript-boilerplate/src/api/orders/orderRepository.js:24:61)
       at Object.userId [as selectByUserId] (/home/gildas/projects/marmelab/javascript-boilerplate/src/api/orders/orderRepository.js:24:61)
       at Object.userId [as selectByUserId] (/home/gildas/projects/marmelab/javascript-boilerplate/src/api/orders/orderRepository.js:24:61)
       at Object.userId [as selectByUserId] (/home/gildas/projects/marmelab/javascript-boilerplate/src/api/orders/orderRepository.js:24:61)
       at Object.userId [as selectByUserId] (/home/gildas/projects/marmelab/javascript-boilerplate/src/api/orders/orderRepository.js:24:61)
       at Object.userId [as selectByUserId] (/home/gildas/projects/marmelab/javascript-boilerplate/src/api/orders/orderRepository.js:24:61)
       at Object.userId [as selectByUserId] (/home/gildas/projects/marmelab/javascript-boilerplate/src/api/orders/orderRepository.js:24:61)
       at Object.userId [as selectByUserId] (/home/gildas/projects/marmelab/javascript-boilerplate/src/api/orders/orderRepository.js:24:61)
       at Object.userId [as selectByUserId] (/home/gildas/projects/marmelab/javascript-boilerplate/src/api/orders/orderRepository.js:24:61)
       at Object.userId [as selectByUserId] (/home/gildas/projects/marmelab/javascript-boilerplate/src/api/orders/orderRepository.js:24:61)
       at Object.userId [as selectByUserId] (/home/gildas/projects/marmelab/javascript-boilerplate/src/api/orders/orderRepository.js:24:61)
       at Object.userId [as selectByUserId] (/home/gildas/projects/marmelab/javascript-boilerplate/src/api/orders/orderRepository.js:24:61)
       at Object.userId [as selectByUserId] (/home/gildas/projects/marmelab/javascript-boilerplate/src/api/orders/orderRepository.js:24:61)
       at Object.userId [as selectByUserId] (/home/gildas/projects/marmelab/javascript-boilerplate/src/api/orders/orderRepository.js:24:61)
       at Object.userId [as selectByUserId] (/home/gildas/projects/marmelab/javascript-boilerplate/src/api/orders/orderRepository.js:24:61)
       at Object.userId [as selectByUserId] (/home/gildas/projects/marmelab/javascript-boilerplate/src/api/orders/orderRepository.js:24:61)
       at Object.userId [as selectByUserId] (/home/gildas/projects/marmelab/javascript-boilerplate/src/api/orders/orderRepository.js:24:61)
       at Object.userId [as selectByUserId] (/home/gildas/projects/marmelab/javascript-boilerplate/src/api/orders/orderRepository.js:24:61)
       at Object.userId [as selectByUserId] (/home/gildas/projects/marmelab/javascript-boilerplate/src/api/orders/orderRepository.js:24:61)
       at Object.userId [as selectByUserId] (/home/gildas/projects/marmelab/javascript-boilerplate/src/api/orders/orderRepository.js:24:61)
       at Object.userId [as selectByUserId] (/home/gildas/projects/marmelab/javascript-boilerplate/src/api/orders/orderRepository.js:24:61)
       at Object.userId [as selectByUserId] (/home/gildas/projects/marmelab/javascript-boilerplate/src/api/orders/orderRepository.js:24:61)
       at Object.userId [as selectByUserId] (/home/gildas/projects/marmelab/javascript-boilerplate/src/api/orders/orderRepository.js:24:61)
       at Object.userId [as selectByUserId] (/home/gildas/projects/marmelab/javascript-boilerplate/src/api/orders/orderRepository.js:24:61)
       at Object.userId [as selectByUserId] (/home/gildas/projects/marmelab/javascript-boilerplate/src/api/orders/orderRepository.js:24:61)
       at Object.userId [as selectByUserId] (/home/gildas/projects/marmelab/javascript-boilerplate/src/api/orders/orderRepository.js:24:61)
       at Object.userId [as selectByUserId] (/home/gildas/projects/marmelab/javascript-boilerplate/src/api/orders/orderRepository.js:24:61)
       at Object.userId [as selectByUserId] (/home/gildas/projects/marmelab/javascript-boilerplate/src/api/orders/orderRepository.js:24:61)
       at Object.userId [as selectByUserId] (/home/gildas/projects/marmelab/javascript-boilerplate/src/api/orders/orderRepository.js:24:61)
       at Object.userId [as selectByUserId] (/home/gildas/projects/marmelab/javascript-boilerplate/src/api/orders/orderRepository.js:24:61)
       at Object.userId [as selectByUserId] (/home/gildas/projects/marmelab/javascript-boilerplate/src/api/orders/orderRepository.js:24:61)
       at Object.userId [as selectByUserId] (/home/gildas/projects/marmelab/javascript-boilerplate/src/api/orders/orderRepository.js:24:61)
       at Object.userId [as selectByUserId] (/home/gildas/projects/marmelab/javascript-boilerplate/src/api/orders/orderRepository.js:24:61)
       at Object.userId [as selectByUserId] (/home/gildas/projects/marmelab/javascript-boilerplate/src/api/orders/orderRepository.js:24:61)
       at Object.userId [as selectByUserId] (/home/gildas/projects/marmelab/javascript-boilerplate/src/api/orders/orderRepository.js:24:61)
       at Object.userId [as selectByUserId] (/home/gildas/projects/marmelab/javascript-boilerplate/src/api/orders/orderRepository.js:24:61)
       at Object.userId [as selectByUserId] (/home/gildas/projects/marmelab/javascript-boilerplate/src/api/orders/orderRepository.js:24:61)
       at Object.userId [as selectByUserId] (/home/gildas/projects/marmelab/javascript-boilerplate/src/api/orders/orderRepository.js:24:61)
       at Object.userId [as selectByUserId] (/home/gildas/projects/marmelab/javascript-boilerplate/src/api/orders/orderRepository.js:24:61)
       at Object.userId [as selectByUserId] (/home/gildas/projects/marmelab/javascript-boilerplate/src/api/orders/orderRepository.js:24:61)
       at Object.userId [as selectByUserId] (/home/gildas/projects/marmelab/javascript-boilerplate/src/api/orders/orderRepository.js:24:61)
       at Object.userId [as selectByUserId] (/home/gildas/projects/marmelab/javascript-boilerplate/src/api/orders/orderRepository.js:24:61)
       at Object.userId [as selectByUserId] (/home/gildas/projects/marmelab/javascript-boilerplate/src/api/orders/orderRepository.js:24:61)
       at Object.userId [as selectByUserId] (/home/gildas/projects/marmelab/javascript-boilerplate/src/api/orders/orderRepository.js:24:61)
       at Object.userId [as selectByUserId] (/home/gildas/projects/marmelab/javascript-boilerplate/src/api/orders/orderRepository.js:24:61)
       at Object.userId [as selectByUserId] (/home/gildas/projects/marmelab/javascript-boilerplate/src/api/orders/orderRepository.js:24:61)
       at Object.userId [as selectByUserId] (/home/gildas/projects/marmelab/javascript-boilerplate/src/api/orders/orderRepository.js:24:61)
       at Object.userId [as selectByUserId] (/home/gildas/projects/marmelab/javascript-boilerplate/src/api/orders/orderRepository.js:24:61)
       at Object.userId [as selectByUserId] (/home/gildas/projects/marmelab/javascript-boilerplate/src/api/orders/orderRepository.js:24:61)
       at Object.userId [as selectByUserId] (/home/gildas/projects/marmelab/javascript-boilerplate/src/api/orders/orderRepository.js:24:61)
       at Object.userId [as selectByUserId] (/home/gildas/projects/marmelab/javascript-boilerplate/src/api/orders/orderRepository.js:24:61)
       at Object.userId [as selectByUserId] (/home/gildas/projects/marmelab/javascript-boilerplate/src/api/orders/orderRepository.js:24:61)
       at Object.userId [as selectByUserId] (/home/gildas/projects/marmelab/javascript-boilerplate/src/api/orders/orderRepository.js:24:61)
       at Object.userId [as selectByUserId] (/home/gildas/projects/marmelab/javascript-boilerplate/src/api/orders/orderRepository.js:24:61)
       at Object.userId [as selectByUserId] (/home/gildas/projects/marmelab/javascript-boilerplate/src/api/orders/orderRepository.js:24:61)
       at Object.userId [as selectByUserId] (/home/gildas/projects/marmelab/javascript-boilerplate/src/api/orders/orderRepository.js:24:61)
       at Object.userId [as selectByUserId] (/home/gildas/projects/marmelab/javascript-boilerplate/src/api/orders/orderRepository.js:24:61)
       at Object.userId [as selectByUserId] (/home/gildas/projects/marmelab/javascript-boilerplate/src/api/orders/orderRepository.js:24:61)
       at Object.userId [as selectByUserId] (/home/gildas/projects/marmelab/javascript-boilerplate/src/api/orders/orderRepository.js:24:61)
       at Object.userId [as selectByUserId] (/home/gildas/projects/marmelab/javascript-boilerplate/src/api/orders/orderRepository.js:24:61)
       at Object.userId [as selectByUserId] (/home/gildas/projects/marmelab/javascript-boilerplate/src/api/orders/orderRepository.js:24:61)
       at Object.userId [as selectByUserId] (/home/gildas/projects/marmelab/javascript-boilerplate/src/api/orders/orderRepository.js:24:61)
       at Object.userId [as selectByUserId] (/home/gildas/projects/marmelab/javascript-boilerplate/src/api/orders/orderRepository.js:24:61)
       at Object.userId [as selectByUserId] (/home/gildas/projects/marmelab/javascript-boilerplate/src/api/orders/orderRepository.js:24:61)
       at Object.userId [as selectByUserId] (/home/gildas/projects/marmelab/javascript-boilerplate/src/api/orders/orderRepository.js:24:61)
       at Object.userId [as selectByUserId] (/home/gildas/projects/marmelab/javascript-boilerplate/src/api/orders/orderRepository.js:24:61)
       at Object.userId [as selectByUserId] (/home/gildas/projects/marmelab/javascript-boilerplate/src/api/orders/orderRepository.js:24:61)
       at Object.userId [as selectByUserId] (/home/gildas/projects/marmelab/javascript-boilerplate/src/api/orders/orderRepository.js:24:61)
       at Object.userId [as selectByUserId] (/home/gildas/projects/marmelab/javascript-boilerplate/src/api/orders/orderRepository.js:24:61)
       at Object.userId [as selectByUserId] (/home/gildas/projects/marmelab/javascript-boilerplate/src/api/orders/orderRepository.js:24:61)
       at Object.userId [as selectByUserId] (/home/gildas/projects/marmelab/javascript-boilerplate/src/api/orders/orderRepository.js:24:61)
       at Object.userId [as selectByUserId] (/home/gildas/projects/marmelab/javascript-boilerplate/src/api/orders/orderRepository.js:24:61)
       at Object.userId [as selectByUserId] (/home/gildas/projects/marmelab/javascript-boilerplate/src/api/orders/orderRepository.js:24:61)
       at Object.userId [as selectByUserId] (/home/gildas/projects/marmelab/javascript-boilerplate/src/api/orders/orderRepository.js:24:61)
       at Object.userId [as selectByUserId] (/home/gildas/projects/marmelab/javascript-boilerplate/src/api/orders/orderRepository.js:24:61)
       at Object.userId [as selectByUserId] (/home/gildas/projects/marmelab/javascript-boilerplate/src/api/orders/orderRepository.js:24:61)
       at Object.userId [as selectByUserId] (/home/gildas/projects/marmelab/javascript-boilerplate/src/api/orders/orderRepository.js:24:61)
       at Object.userId [as selectByUserId] (/home/gildas/projects/marmelab/javascript-boilerplate/src/api/orders/orderRepository.js:24:61)
       at Object.userId [as selectByUserId] (/home/gildas/projects/marmelab/javascript-boilerplate/src/api/orders/orderRepository.js:24:61)
       at Object.userId [as selectByUserId] (/home/gildas/projects/marmelab/javascript-boilerplate/src/api/orders/orderRepository.js:24:61)
       at Object.userId [as selectByUserId] (/home/gildas/projects/marmelab/javascript-boilerplate/src/api/orders/orderRepository.js:24:61)
       at Object.userId [as selectByUserId] (/home/gildas/projects/marmelab/javascript-boilerplate/src/api/orders/orderRepository.js:24:61)
       at Object.userId [as selectByUserId] (/home/gildas/projects/marmelab/javascript-boilerplate/src/api/orders/orderRepository.js:24:61)
       at Object.userId [as selectByUserId] (/home/gildas/projects/marmelab/javascript-boilerplate/src/api/orders/orderRepository.js:24:61)
       at Object.userId [as selectByUserId] (/home/gildas/projects/marmelab/javascript-boilerplate/src/api/orders/orderRepository.js:24:61)
       at Object.userId [as selectByUserId] (/home/gildas/projects/marmelab/javascript-boilerplate/src/api/orders/orderRepository.js:24:61)
       at Object.userId [as selectByUserId] (/home/gildas/projects/marmelab/javascript-boilerplate/src/api/orders/orderRepository.js:24:61)
       at Object.userId [as selectByUserId] (/home/gildas/projects/marmelab/javascript-boilerplate/src/api/orders/orderRepository.js:24:61)
       at Object.userId [as selectByUserId] (/home/gildas/projects/marmelab/javascript-boilerplate/src/api/orders/orderRepository.js:24:61)
       at Object.userId [as selectByUserId] (/home/gildas/projects/marmelab/javascript-boilerplate/src/api/orders/orderRepository.js:24:61)
       at Object.userId [as selectByUserId] (/home/gildas/projects/marmelab/javascript-boilerplate/src/api/orders/orderRepository.js:24:61)
       at Object.userId [as selectByUserId] (/home/gildas/projects/marmelab/javascript-boilerplate/src/api/orders/orderRepository.js:24:61)
       at Object.userId [as selectByUserId] (/home/gildas/projects/marmelab/javascript-boilerplate/src/api/orders/orderRepository.js:24:61)
       at Object.userId [as selectByUserId] (/home/gildas/projects/marmelab/javascript-boilerplate/src/api/orders/orderRepository.js:24:61)
       at Object.userId [as selectByUserId] (/home/gildas/projects/marmelab/javascript-boilerplate/src/api/orders/orderRepository.js:24:61)
       at Object.userId [as selectByUserId] (/home/gildas/projects/marmelab/javascript-boilerplate/src/api/orders/orderRepository.js:24:61)
       at Object.userId [as selectByUserId] (/home/gildas/projects/marmelab/javascript-boilerplate/src/api/orders/orderRepository.js:24:61)
       at Object.userId [as selectByUserId] (/home/gildas/projects/marmelab/javascript-boilerplate/src/api/orders/orderRepository.js:24:61)
       at Object.userId [as selectByUserId] (/home/gildas/projects/marmelab/javascript-boilerplate/src/api/orders/orderRepository.js:24:61)
       at Object.userId [as selectByUserId] (/home/gildas/projects/marmelab/javascript-boilerplate/src/api/orders/orderRepository.js:24:61)
       at Object.userId [as selectByUserId] (/home/gildas/projects/marmelab/javascript-boilerplate/src/api/orders/orderRepository.js:24:61)
       at Object.userId [as selectByUserId] (/home/gildas/projects/marmelab/javascript-boilerplate/src/api/orders/orderRepository.js:24:61)
       at Object.userId [as selectByUserId] (/home/gildas/projects/marmelab/javascript-boilerplate/src/api/orders/orderRepository.js:24:61)
       at Object.userId [as selectByUserId] (/home/gildas/projects/marmelab/javascript-boilerplate/src/api/orders/orderRepository.js:24:61)
       at Object.userId [as selectByUserId] (/home/gildas/projects/marmelab/javascript-boilerplate/src/api/orders/orderRepository.js:24:61)
       at Object.userId [as selectByUserId] (/home/gildas/projects/marmelab/javascript-boilerplate/src/api/orders/orderRepository.js:24:61)
       at Object.userId [as selectByUserId] (/home/gildas/projects/marmelab/javascript-boilerplate/src/api/orders/orderRepository.js:24:61)
       at Object.userId [as selectByUserId] (/home/gildas/projects/marmelab/javascript-boilerplate/src/api/orders/orderRepository.js:24:61)
       at Object.userId [as selectByUserId] (/home/gildas/projects/marmelab/javascript-boilerplate/src/api/orders/orderRepository.js:24:61)
       at Object.userId [as selectByUserId] (/home/gildas/projects/marmelab/javascript-boilerplate/src/api/orders/orderRepository.js:24:61)
       at Object.userId [as selectByUserId] (/home/gildas/projects/marmelab/javascript-boilerplate/src/api/orders/orderRepository.js:24:61)
       at Object.userId [as selectByUserId] (/home/gildas/projects/marmelab/javascript-boilerplate/src/api/orders/orderRepository.js:24:61)
       at Object.userId [as selectByUserId] (/home/gildas/projects/marmelab/javascript-boilerplate/src/api/orders/orderRepository.js:24:61)
       at Object.userId [as selectByUserId] (/home/gildas/projects/marmelab/javascript-boilerplate/src/api/orders/orderRepository.js:24:61)
       at Object.userId [as selectByUserId] (/home/gildas/projects/marmelab/javascript-boilerplate/src/api/orders/orderRepository.js:24:61)
       at Object.userId [as selectByUserId] (/home/gildas/projects/marmelab/javascript-boilerplate/src/api/orders/orderRepository.js:24:61)
       at Object.userId [as selectByUserId] (/home/gildas/projects/marmelab/javascript-boilerplate/src/api/orders/orderRepository.js:24:61)
       at Object.userId [as selectByUserId] (/home/gildas/projects/marmelab/javascript-boilerplate/src/api/orders/orderRepository.js:24:61)
       at Object.userId [as selectByUserId] (/home/gildas/projects/marmelab/javascript-boilerplate/src/api/orders/orderRepository.js:24:61)
       at Object.userId [as selectByUserId] (/home/gildas/projects/marmelab/javascript-boilerplate/src/api/orders/orderRepository.js:24:61)
       at Object.userId [as selectByUserId] (/home/gildas/projects/marmelab/javascript-boilerplate/src/api/orders/orderRepository.js:24:61)
       at Object.userId [as selectByUserId] (/home/gildas/projects/marmelab/javascript-boilerplate/src/api/orders/orderRepository.js:24:61)
       at Object.userId [as selectByUserId] (/home/gildas/projects/marmelab/javascript-boilerplate/src/api/orders/orderRepository.js:24:61)
       at Object.userId [as selectByUserId] (/home/gildas/projects/marmelab/javascript-boilerplate/src/api/orders/orderRepository.js:24:61)
       at Object.userId [as selectByUserId] (/home/gildas/projects/marmelab/javascript-boilerplate/src/api/orders/orderRepository.js:24:61)
       at Object.userId [as selectByUserId] (/home/gildas/projects/marmelab/javascript-boilerplate/src/api/orders/orderRepository.js:24:61)
       at Object.userId [as selectByUserId] (/home/gildas/projects/marmelab/javascript-boilerplate/src/api/orders/orderRepository.js:24:61)
       at Object.userId [as selectByUserId] (/home/gildas/projects/marmelab/javascript-boilerplate/src/api/orders/orderRepository.js:24:61)
       at Object.userId [as selectByUserId] (/home/gildas/projects/marmelab/javascript-boilerplate/src/api/orders/orderRepository.js:24:61)
       at Object.userId [as selectByUserId] (/home/gildas/projects/marmelab/javascript-boilerplate/src/api/orders/orderRepository.js:24:61)
       at Object.userId [as selectByUserId] (/home/gildas/projects/marmelab/javascript-boilerplate/src/api/orders/orderRepository.js:24:61)
       at Object.userId [as selectByUserId] (/home/gildas/projects/marmelab/javascript-boilerplate/src/api/orders/orderRepository.js:24:61)
       at Object.userId [as selectByUserId] (/home/gildas/projects/marmelab/javascript-boilerplate/src/api/orders/orderRepository.js:24:61)
       at Object.userId [as selectByUserId] (/home/gildas/projects/marmelab/javascript-boilerplate/src/api/orders/orderRepository.js:24:61)
       at Object.userId [as selectByUserId] (/home/gildas/projects/marmelab/javascript-boilerplate/src/api/orders/orderRepository.js:24:61)
       at Object.userId [as selectByUserId] (/home/gildas/projects/marmelab/javascript-boilerplate/src/api/orders/orderRepository.js:24:61)
       at Object.userId [as selectByUserId] (/home/gildas/projects/marmelab/javascript-boilerplate/src/api/orders/orderRepository.js:24:61)
       at Object.userId [as selectByUserId] (/home/gildas/projects/marmelab/javascript-boilerplate/src/api/orders/orderRepository.js:24:61)
       at Object.userId [as selectByUserId] (/home/gildas/projects/marmelab/javascript-boilerplate/src/api/orders/orderRepository.js:24:61)
       at Object.userId [as selectByUserId] (/home/gildas/projects/marmelab/javascript-boilerplate/src/api/orders/orderRepository.js:24:61)
       at Object.userId [as selectByUserId] (/home/gildas/projects/marmelab/javascript-boilerplate/src/api/orders/orderRepository.js:24:61)
       at Object.userId [as selectByUserId] (/home/gildas/projects/marmelab/javascript-boilerplate/src/api/orders/orderRepository.js:24:61)
       at Object.userId [as selectByUserId] (/home/gildas/projects/marmelab/javascript-boilerplate/src/api/orders/orderRepository.js:24:61)
       at Object.userId [as selectByUserId] (/home/gildas/projects/marmelab/javascript-boilerplate/src/api/orders/orderRepository.js:24:61)
       at Object.userId [as selectByUserId] (/home/gildas/projects/marmelab/javascript-boilerplate/src/api/orders/orderRepository.js:24:61)
       at Object.userId [as selectByUserId] (/home/gildas/projects/marmelab/javascript-boilerplate/src/api/orders/orderRepository.js:24:61)
       at Object.userId [as selectByUserId] (/home/gildas/projects/marmelab/javascript-boilerplate/src/api/orders/orderRepository.js:24:61)
       at Object.userId [as selectByUserId] (/home/gildas/projects/marmelab/javascript-boilerplate/src/api/orders/orderRepository.js:24:61)
       at Object.userId [as selectByUserId] (/home/gildas/projects/marmelab/javascript-boilerplate/src/api/orders/orderRepository.js:24:61)
       at Object.userId [as selectByUserId] (/home/gildas/projects/marmelab/javascript-boilerplate/src/api/orders/orderRepository.js:24:61)
       at Object.userId [as selectByUserId] (/home/gildas/projects/marmelab/javascript-boilerplate/src/api/orders/orderRepository.js:24:61)
       at Object.userId [as selectByUserId] (/home/gildas/projects/marmelab/javascript-boilerplate/src/api/orders/orderRepository.js:24:61)
       at Object.userId [as selectByUserId] (/home/gildas/projects/marmelab/javascript-boilerplate/src/api/orders/orderRepository.js:24:61)
       at Object.userId [as selectByUserId] (/home/gildas/projects/marmelab/javascript-boilerplate/src/api/orders/orderRepository.js:24:61)
       at Object.userId [as selectByUserId] (/home/gildas/projects/marmelab/javascript-boilerplate/src/api/orders/orderRepository.js:24:61)
       at Object.userId [as selectByUserId] (/home/gildas/projects/marmelab/javascript-boilerplate/src/api/orders/orderRepository.js:24:61)
       at Object.userId [as selectByUserId] (/home/gildas/projects/marmelab/javascript-boilerplate/src/api/orders/orderRepository.js:24:61)
       at Object.userId [as selectByUserId] (/home/gildas/projects/marmelab/javascript-boilerplate/src/api/orders/orderRepository.js:24:61)
       at Object.userId [as selectByUserId] (/home/gildas/projects/marmelab/javascript-boilerplate/src/api/orders/orderRepository.js:24:61)
       at Object.userId [as selectByUserId] (/home/gildas/projects/marmelab/javascript-boilerplate/src/api/orders/orderRepository.js:24:61)
       at Object.userId [as selectByUserId] (/home/gildas/projects/marmelab/javascript-boilerplate/src/api/orders/orderRepository.js:24:61)
       at Object.userId [as selectByUserId] (/home/gildas/projects/marmelab/javascript-boilerplate/src/api/orders/orderRepository.js:24:61)
       at Object.userId [as selectByUserId] (/home/gildas/projects/marmelab/javascript-boilerplate/src/api/orders/orderRepository.js:24:61)
       at Object.userId [as selectByUserId] (/home/gildas/projects/marmelab/javascript-boilerplate/src/api/orders/orderRepository.js:24:61)
       at Object.userId [as selectByUserId] (/home/gildas/projects/marmelab/javascript-boilerplate/src/api/orders/orderRepository.js:24:61)
       at Object.userId [as selectByUserId] (/home/gildas/projects/marmelab/javascript-boilerplate/src/api/orders/orderRepository.js:24:61)
       at Object.userId [as selectByUserId] (/home/gildas/projects/marmelab/javascript-boilerplate/src/api/orders/orderRepository.js:24:61)
       at Object.userId [as selectByUserId] (/home/gildas/projects/marmelab/javascript-boilerplate/src/api/orders/orderRepository.js:24:61)
       at Object.userId [as selectByUserId] (/home/gildas/projects/marmelab/javascript-boilerplate/src/api/orders/orderRepository.js:24:61)
       at Object.userId [as selectByUserId] (/home/gildas/projects/marmelab/javascript-boilerplate/src/api/orders/orderRepository.js:24:61)
       at Object.userId [as selectByUserId] (/home/gildas/projects/marmelab/javascript-boilerplate/src/api/orders/orderRepository.js:24:61)
       at Object.userId [as selectByUserId] (/home/gildas/projects/marmelab/javascript-boilerplate/src/api/orders/orderRepository.js:24:61)
       at Object.userId [as selectByUserId] (/home/gildas/projects/marmelab/javascript-boilerplate/src/api/orders/orderRepository.js:24:61)
       at Object.userId [as selectByUserId] (/home/gildas/projects/marmelab/javascript-boilerplate/src/api/orders/orderRepository.js:24:61)
       at Object.userId [as selectByUserId] (/home/gildas/projects/marmelab/javascript-boilerplate/src/api/orders/orderRepository.js:24:61)
       at Object.userId [as selectByUserId] (/home/gildas/projects/marmelab/javascript-boilerplate/src/api/orders/orderRepository.js:24:61)
       at Object.userId [as selectByUserId] (/home/gildas/projects/marmelab/javascript-boilerplate/src/api/orders/orderRepository.js:24:61)
       at Object.userId [as selectByUserId] (/home/gildas/projects/marmelab/javascript-boilerplate/src/api/orders/orderRepository.js:24:61)
       at Object.userId [as selectByUserId] (/home/gildas/projects/marmelab/javascript-boilerplate/src/api/orders/orderRepository.js:24:61)
       at Object.userId [as selectByUserId] (/home/gildas/projects/marmelab/javascript-boilerplate/src/api/orders/orderRepository.js:24:61)
       at Object.userId [as selectByUserId] (/home/gildas/projects/marmelab/javascript-boilerplate/src/api/orders/orderRepository.js:24:61)
       at Object.userId [as selectByUserId] (/home/gildas/projects/marmelab/javascript-boilerplate/src/api/orders/orderRepository.js:24:61)
       at Object.userId [as selectByUserId] (/home/gildas/projects/marmelab/javascript-boilerplate/src/api/orders/orderRepository.js:24:61)
       at Object.userId [as selectByUserId] (/home/gildas/projects/marmelab/javascript-boilerplate/src/api/orders/orderRepository.js:24:61)
       at Object.userId [as selectByUserId] (/home/gildas/projects/marmelab/javascript-boilerplate/src/api/orders/orderRepository.js:24:61)
       at Object.userId [as selectByUserId] (/home/gildas/projects/marmelab/javascript-boilerplate/src/api/orders/orderRepository.js:24:61)
       at Object.userId [as selectByUserId] (/home/gildas/projects/marmelab/javascript-boilerplate/src/api/orders/orderRepository.js:24:61)
       at Object.userId [as selectByUserId] (/home/gildas/projects/marmelab/javascript-boilerplate/src/api/orders/orderRepository.js:24:61)
       at Object.userId [as selectByUserId] (/home/gildas/projects/marmelab/javascript-boilerplate/src/api/orders/orderRepository.js:24:61)
       at Object.userId [as selectByUserId] (/home/gildas/projects/marmelab/javascript-boilerplate/src/api/orders/orderRepository.js:24:61)
       at Object.userId [as selectByUserId] (/home/gildas/projects/marmelab/javascript-boilerplate/src/api/orders/orderRepository.js:24:61)
       at Object.userId [as selectByUserId] (/home/gildas/projects/marmelab/javascript-boilerplate/src/api/orders/orderRepository.js:24:61)
       at Object.userId [as selectByUserId] (/home/gildas/projects/marmelab/javascript-boilerplate/src/api/orders/orderRepository.js:24:61)
       at Object.userId [as selectByUserId] (/home/gildas/projects/marmelab/javascript-boilerplate/src/api/orders/orderRepository.js:24:61)
       at Object.userId [as selectByUserId] (/home/gildas/projects/marmelab/javascript-boilerplate/src/api/orders/orderRepository.js:24:61)
       at Object.userId [as selectByUserId] (/home/gildas/projects/marmelab/javascript-boilerplate/src/api/orders/orderRepository.js:24:61)
       at Object.userId [as selectByUserId] (/home/gildas/projects/marmelab/javascript-boilerplate/src/api/orders/orderRepository.js:24:61)
       at Object.userId [as selectByUserId] (/home/gildas/projects/marmelab/javascript-boilerplate/src/api/orders/orderRepository.js:24:61)
       at Object.userId [as selectByUserId] (/home/gildas/projects/marmelab/javascript-boilerplate/src/api/orders/orderRepository.js:24:61)
       at Object.userId [as selectByUserId] (/home/gildas/projects/marmelab/javascript-boilerplate/src/api/orders/orderRepository.js:24:61)
       at Object.userId [as selectByUserId] (/home/gildas/projects/marmelab/javascript-boilerplate/src/api/orders/orderRepository.js:24:61)
       at Object.userId [as selectByUserId] (/home/gildas/projects/marmelab/javascript-boilerplate/src/api/orders/orderRepository.js:24:61)
       at Object.userId [as selectByUserId] (/home/gildas/projects/marmelab/javascript-boilerplate/src/api/orders/orderRepository.js:24:61)
       at Object.userId [as selectByUserId] (/home/gildas/projects/marmelab/javascript-boilerplate/src/api/orders/orderRepository.js:24:61)
       at Object.userId [as selectByUserId] (/home/gildas/projects/marmelab/javascript-boilerplate/src/api/orders/orderRepository.js:24:61)
       at Object.userId [as selectByUserId] (/home/gildas/projects/marmelab/javascript-boilerplate/src/api/orders/orderRepository.js:24:61)
       at Object.userId [as selectByUserId] (/home/gildas/projects/marmelab/javascript-boilerplate/src/api/orders/orderRepository.js:24:61)
       at Object.userId [as selectByUserId] (/home/gildas/projects/marmelab/javascript-boilerplate/src/api/orders/orderRepository.js:24:61)
       at Object.userId [as selectByUserId] (/home/gildas/projects/marmelab/javascript-boilerplate/src/api/orders/orderRepository.js:24:61)
       at Object.userId [as selectByUserId] (/home/gildas/projects/marmelab/javascript-boilerplate/src/api/orders/orderRepository.js:24:61)
       at Object.userId [as selectByUserId] (/home/gildas/projects/marmelab/javascript-boilerplate/src/api/orders/orderRepository.js:24:61)
       at Object.userId [as selectByUserId] (/home/gildas/projects/marmelab/javascript-boilerplate/src/api/orders/orderRepository.js:24:61)
       at Object.userId [as selectByUserId] (/home/gildas/projects/marmelab/javascript-boilerplate/src/api/orders/orderRepository.js:24:61)
       at Object.userId [as selectByUserId] (/home/gildas/projects/marmelab/javascript-boilerplate/src/api/orders/orderRepository.js:24:61)
       at Object.userId [as selectByUserId] (/home/gildas/projects/marmelab/javascript-boilerplate/src/api/orders/orderRepository.js:24:61)
       at Object.userId [as selectByUserId] (/home/gildas/projects/marmelab/javascript-boilerplate/src/api/orders/orderRepository.js:24:61)
       at Object.userId [as selectByUserId] (/home/gildas/projects/marmelab/javascript-boilerplate/src/api/orders/orderRepository.js:24:61)
       at Object.userId [as selectByUserId] (/home/gildas/projects/marmelab/javascript-boilerplate/src/api/orders/orderRepository.js:24:61)
       at Object.userId [as selectByUserId] (/home/gildas/projects/marmelab/javascript-boilerplate/src/api/orders/orderRepository.js:24:61)
       at Object.userId [as selectByUserId] (/home/gildas/projects/marmelab/javascript-boilerplate/src/api/orders/orderRepository.js:24:61)
       at Object.userId [as selectByUserId] (/home/gildas/projects/marmelab/javascript-boilerplate/src/api/orders/orderRepository.js:24:61)
       at Object.userId [as selectByUserId] (/home/gildas/projects/marmelab/javascript-boilerplate/src/api/orders/orderRepository.js:24:61)
       at Object.userId [as selectByUserId] (/home/gildas/projects/marmelab/javascript-boilerplate/src/api/orders/orderRepository.js:24:61)
       at Object.userId [as selectByUserId] (/home/gildas/projects/marmelab/javascript-boilerplate/src/api/orders/orderRepository.js:24:61)
       at Object.userId [as selectByUserId] (/home/gildas/projects/marmelab/javascript-boilerplate/src/api/orders/orderRepository.js:24:61)
       at Object.userId [as selectByUserId] (/home/gildas/projects/marmelab/javascript-boilerplate/src/api/orders/orderRepository.js:24:61)
       at Object.userId [as selectByUserId] (/home/gildas/projects/marmelab/javascript-boilerplate/src/api/orders/orderRepository.js:24:61)
       at Object.userId [as selectByUserId] (/home/gildas/projects/marmelab/javascript-boilerplate/src/api/orders/orderRepository.js:24:61)
       at Object.userId [as selectByUserId] (/home/gildas/projects/marmelab/javascript-boilerplate/src/api/orders/orderRepository.js:24:61)
       at Object.userId [as selectByUserId] (/home/gildas/projects/marmelab/javascript-boilerplate/src/api/orders/orderRepository.js:24:61)
       at Object.userId [as selectByUserId] (/home/gildas/projects/marmelab/javascript-boilerplate/src/api/orders/orderRepository.js:24:61)
       at Object.userId [as selectByUserId] (/home/gildas/projects/marmelab/javascript-boilerplate/src/api/orders/orderRepository.js:24:61)
       at Object.userId [as selectByUserId] (/home/gildas/projects/marmelab/javascript-boilerplate/src/api/orders/orderRepository.js:24:61)
       at Object.userId [as selectByUserId] (/home/gildas/projects/marmelab/javascript-boilerplate/src/api/orders/orderRepository.js:24:61)
       at Object.userId [as selectByUserId] (/home/gildas/projects/marmelab/javascript-boilerplate/src/api/orders/orderRepository.js:24:61)
       at Object.userId [as selectByUserId] (/home/gildas/projects/marmelab/javascript-boilerplate/src/api/orders/orderRepository.js:24:61)
       at Object.userId [as selectByUserId] (/home/gildas/projects/marmelab/javascript-boilerplate/src/api/orders/orderRepository.js:24:61)
       at Object.userId [as selectByUserId] (/home/gildas/projects/marmelab/javascript-boilerplate/src/api/orders/orderRepository.js:24:61)
       at Object.userId [as selectByUserId] (/home/gildas/projects/marmelab/javascript-boilerplate/src/api/orders/orderRepository.js:24:61)
       at Object.userId [as selectByUserId] (/home/gildas/projects/marmelab/javascript-boilerplate/src/api/orders/orderRepository.js:24:61)
       at Object.userId [as selectByUserId] (/home/gildas/projects/marmelab/javascript-boilerplate/src/api/orders/orderRepository.js:24:61)
       at Object.userId [as selectByUserId] (/home/gildas/projects/marmelab/javascript-boilerplate/src/api/orders/orderRepository.js:24:61)
       at Object.userId [as selectByUserId] (/home/gildas/projects/marmelab/javascript-boilerplate/src/api/orders/orderRepository.js:24:61)
       at Object.userId [as selectByUserId] (/home/gildas/projects/marmelab/javascript-boilerplate/src/api/orders/orderRepository.js:24:61)
       at Object.userId [as selectByUserId] (/home/gildas/projects/marmelab/javascript-boilerplate/src/api/orders/orderRepository.js:24:61)
       at Object.userId [as selectByUserId] (/home/gildas/projects/marmelab/javascript-boilerplate/src/api/orders/orderRepository.js:24:61)
       at Object.userId [as selectByUserId] (/home/gildas/projects/marmelab/javascript-boilerplate/src/api/orders/orderRepository.js:24:61)
       at Object.userId [as selectByUserId] (/home/gildas/projects/marmelab/javascript-boilerplate/src/api/orders/orderRepository.js:24:61)
       at Object.userId [as selectByUserId] (/home/gildas/projects/marmelab/javascript-boilerplate/src/api/orders/orderRepository.js:24:61)
       at Object.userId [as selectByUserId] (/home/gildas/projects/marmelab/javascript-boilerplate/src/api/orders/orderRepository.js:24:61)
       at Object.userId [as selectByUserId] (/home/gildas/projects/marmelab/javascript-boilerplate/src/api/orders/orderRepository.js:24:61)
       at Object.userId [as selectByUserId] (/home/gildas/projects/marmelab/javascript-boilerplate/src/api/orders/orderRepository.js:24:61)
       at Object.userId [as selectByUserId] (/home/gildas/projects/marmelab/javascript-boilerplate/src/api/orders/orderRepository.js:24:61)
       at Object.userId [as selectByUserId] (/home/gildas/projects/marmelab/javascript-boilerplate/src/api/orders/orderRepository.js:24:61)
       at Object.userId [as selectByUserId] (/home/gildas/projects/marmelab/javascript-boilerplate/src/api/orders/orderRepository.js:24:61)
       at Object.userId [as selectByUserId] (/home/gildas/projects/marmelab/javascript-boilerplate/src/api/orders/orderRepository.js:24:61)
       at Object.userId [as selectByUserId] (/home/gildas/projects/marmelab/javascript-boilerplate/src/api/orders/orderRepository.js:24:61)
       at Object.userId [as selectByUserId] (/home/gildas/projects/marmelab/javascript-boilerplate/src/api/orders/orderRepository.js:24:61)
       at Object.userId [as selectByUserId] (/home/gildas/projects/marmelab/javascript-boilerplate/src/api/orders/orderRepository.js:24:61)
       at Object.userId [as selectByUserId] (/home/gildas/projects/marmelab/javascript-boilerplate/src/api/orders/orderRepository.js:24:61)
       at Object.userId [as selectByUserId] (/home/gildas/projects/marmelab/javascript-boilerplate/src/api/orders/orderRepository.js:24:61)
       at Object.userId [as selectByUserId] (/home/gildas/projects/marmelab/javascript-boilerplate/src/api/orders/orderRepository.js:24:61)
       at Object.userId [as selectByUserId] (/home/gildas/projects/marmelab/javascript-boilerplate/src/api/orders/orderRepository.js:24:61)
       at Object.userId [as selectByUserId] (/home/gildas/projects/marmelab/javascript-boilerplate/src/api/orders/orderRepository.js:24:61)
       at Object.userId [as selectByUserId] (/home/gildas/projects/marmelab/javascript-boilerplate/src/api/orders/orderRepository.js:24:61)
       at Object.userId [as selectByUserId] (/home/gildas/projects/marmelab/javascript-boilerplate/src/api/orders/orderRepository.js:24:61)
       at Object.userId [as selectByUserId] (/home/gildas/projects/marmelab/javascript-boilerplate/src/api/orders/orderRepository.js:24:61)
       at Object.userId [as selectByUserId] (/home/gildas/projects/marmelab/javascript-boilerplate/src/api/orders/orderRepository.js:24:61)
       at Object.userId [as selectByUserId] (/home/gildas/projects/marmelab/javascript-boilerplate/src/api/orders/orderRepository.js:24:61)
       at Object.userId [as selectByUserId] (/home/gildas/projects/marmelab/javascript-boilerplate/src/api/orders/orderRepository.js:24:61)
       at Object.userId [as selectByUserId] (/home/gildas/projects/marmelab/javascript-boilerplate/src/api/orders/orderRepository.js:24:61)
       at Object.userId [as selectByUserId] (/home/gildas/projects/marmelab/javascript-boilerplate/src/api/orders/orderRepository.js:24:61)
       at Object.userId [as selectByUserId] (/home/gildas/projects/marmelab/javascript-boilerplate/src/api/orders/orderRepository.js:24:61)
       at Object.userId [as selectByUserId] (/home/gildas/projects/marmelab/javascript-boilerplate/src/api/orders/orderRepository.js:24:61)
       at Object.userId [as selectByUserId] (/home/gildas/projects/marmelab/javascript-boilerplate/src/api/orders/orderRepository.js:24:61)
       at Object.userId [as selectByUserId] (/home/gildas/projects/marmelab/javascript-boilerplate/src/api/orders/orderRepository.js:24:61)
       at Object.userId [as selectByUserId] (/home/gildas/projects/marmelab/javascript-boilerplate/src/api/orders/orderRepository.js:24:61)
       at Object.userId [as selectByUserId] (/home/gildas/projects/marmelab/javascript-boilerplate/src/api/orders/orderRepository.js:24:61)
       at Object.userId [as selectByUserId] (/home/gildas/projects/marmelab/javascript-boilerplate/src/api/orders/orderRepository.js:24:61)
       at Object.userId [as selectByUserId] (/home/gildas/projects/marmelab/javascript-boilerplate/src/api/orders/orderRepository.js:24:61)
       at Object.userId [as selectByUserId] (/home/gildas/projects/marmelab/javascript-boilerplate/src/api/orders/orderRepository.js:24:61)
       at Object.userId [as selectByUserId] (/home/gildas/projects/marmelab/javascript-boilerplate/src/api/orders/orderRepository.js:24:61)
       at Object.userId [as selectByUserId] (/home/gildas/projects/marmelab/javascript-boilerplate/src/api/orders/orderRepository.js:24:61)
       at Object.userId [as selectByUserId] (/home/gildas/projects/marmelab/javascript-boilerplate/src/api/orders/orderRepository.js:24:61)
       at Object.userId [as selectByUserId] (/home/gildas/projects/marmelab/javascript-boilerplate/src/api/orders/orderRepository.js:24:61)
       at Object.userId [as selectByUserId] (/home/gildas/projects/marmelab/javascript-boilerplate/src/api/orders/orderRepository.js:24:61)
       at Object.userId [as selectByUserId] (/home/gildas/projects/marmelab/javascript-boilerplate/src/api/orders/orderRepository.js:24:61)
       at Object.userId [as selectByUserId] (/home/gildas/projects/marmelab/javascript-boilerplate/src/api/orders/orderRepository.js:24:61)
       at Object.userId [as selectByUserId] (/home/gildas/projects/marmelab/javascript-boilerplate/src/api/orders/orderRepository.js:24:61)
       at Object.userId [as selectByUserId] (/home/gildas/projects/marmelab/javascript-boilerplate/src/api/orders/orderRepository.js:24:61)
       at Object.userId [as selectByUserId] (/home/gildas/projects/marmelab/javascript-boilerplate/src/api/orders/orderRepository.js:24:61)
       at Object.userId [as selectByUserId] (/home/gildas/projects/marmelab/javascript-boilerplate/src/api/orders/orderRepository.js:24:61)
       at Object.userId [as selectByUserId] (/home/gildas/projects/marmelab/javascript-boilerplate/src/api/orders/orderRepository.js:24:61)
       at Object.userId [as selectByUserId] (/home/gildas/projects/marmelab/javascript-boilerplate/src/api/orders/orderRepository.js:24:61)
       at Object.userId [as selectByUserId] (/home/gildas/projects/marmelab/javascript-boilerplate/src/api/orders/orderRepository.js:24:61)
       at Object.userId [as selectByUserId] (/home/gildas/projects/marmelab/javascript-boilerplate/src/api/orders/orderRepository.js:24:61)
       at Object.userId [as selectByUserId] (/home/gildas/projects/marmelab/javascript-boilerplate/src/api/orders/orderRepository.js:24:61)
       at Object.userId [as selectByUserId] (/home/gildas/projects/marmelab/javascript-boilerplate/src/api/orders/orderRepository.js:24:61)
       at Object.userId [as selectByUserId] (/home/gildas/projects/marmelab/javascript-boilerplate/src/api/orders/orderRepository.js:24:61)
       at Object.userId [as selectByUserId] (/home/gildas/projects/marmelab/javascript-boilerplate/src/api/orders/orderRepository.js:24:61)
       at Object.userId [as selectByUserId] (/home/gildas/projects/marmelab/javascript-boilerplate/src/api/orders/orderRepository.js:24:61)
       at Object.userId [as selectByUserId] (/home/gildas/projects/marmelab/javascript-boilerplate/src/api/orders/orderRepository.js:24:61)
       at Object.userId [as selectByUserId] (/home/gildas/projects/marmelab/javascript-boilerplate/src/api/orders/orderRepository.js:24:61)
       at Object.userId [as selectByUserId] (/home/gildas/projects/marmelab/javascript-boilerplate/src/api/orders/orderRepository.js:24:61)
       at Object.userId [as selectByUserId] (/home/gildas/projects/marmelab/javascript-boilerplate/src/api/orders/orderRepository.js:24:61)
       at Object.userId [as selectByUserId] (/home/gildas/projects/marmelab/javascript-boilerplate/src/api/orders/orderRepository.js:24:61)
       at Object.userId [as selectByUserId] (/home/gildas/projects/marmelab/javascript-boilerplate/src/api/orders/orderRepository.js:24:61)
       at Object.userId [as selectByUserId] (/home/gildas/projects/marmelab/javascript-boilerplate/src/api/orders/orderRepository.js:24:61)
       at Object.userId [as selectByUserId] (/home/gildas/projects/marmelab/javascript-boilerplate/src/api/orders/orderRepository.js:24:61)
       at Object.userId [as selectByUserId] (/home/gildas/projects/marmelab/javascript-boilerplate/src/api/orders/orderRepository.js:24:61)
       at Object.userId [as selectByUserId] (/home/gildas/projects/marmelab/javascript-boilerplate/src/api/orders/orderRepository.js:24:61)
       at Object.userId [as selectByUserId] (/home/gildas/projects/marmelab/javascript-boilerplate/src/api/orders/orderRepository.js:24:61)
       at Object.userId [as selectByUserId] (/home/gildas/projects/marmelab/javascript-boilerplate/src/api/orders/orderRepository.js:24:61)
       at Object.userId [as selectByUserId] (/home/gildas/projects/marmelab/javascript-boilerplate/src/api/orders/orderRepository.js:24:61)
       at Object.userId [as selectByUserId] (/home/gildas/projects/marmelab/javascript-boilerplate/src/api/orders/orderRepository.js:24:61)
       at Object.userId [as selectByUserId] (/home/gildas/projects/marmelab/javascript-boilerplate/src/api/orders/orderRepository.js:24:61)
       at Object.userId [as selectByUserId] (/home/gildas/projects/marmelab/javascript-boilerplate/src/api/orders/orderRepository.js:24:61)
       at Object.userId [as selectByUserId] (/home/gildas/projects/marmelab/javascript-boilerplate/src/api/orders/orderRepository.js:24:61)
       at Object.userId [as selectByUserId] (/home/gildas/projects/marmelab/javascript-boilerplate/src/api/orders/orderRepository.js:24:61)
       at Object.userId [as selectByUserId] (/home/gildas/projects/marmelab/javascript-boilerplate/src/api/orders/orderRepository.js:24:61)
       at Object.userId [as selectByUserId] (/home/gildas/projects/marmelab/javascript-boilerplate/src/api/orders/orderRepository.js:24:61)
       at Object.userId [as selectByUserId] (/home/gildas/projects/marmelab/javascript-boilerplate/src/api/orders/orderRepository.js:24:61)
       at Object.userId [as selectByUserId] (/home/gildas/projects/marmelab/javascript-boilerplate/src/api/orders/orderRepository.js:24:61)
       at Object.userId [as selectByUserId] (/home/gildas/projects/marmelab/javascript-boilerplate/src/api/orders/orderRepository.js:24:61)
       at Object.userId [as selectByUserId] (/home/gildas/projects/marmelab/javascript-boilerplate/src/api/orders/orderRepository.js:24:61)
       at Object.userId [as selectByUserId] (/home/gildas/projects/marmelab/javascript-boilerplate/src/api/orders/orderRepository.js:24:61)
       at Object.userId [as selectByUserId] (/home/gildas/projects/marmelab/javascript-boilerplate/src/api/orders/orderRepository.js:24:61)
       at Object.userId [as selectByUserId] (/home/gildas/projects/marmelab/javascript-boilerplate/src/api/orders/orderRepository.js:24:61)
       at Object.userId [as selectByUserId] (/home/gildas/projects/marmelab/javascript-boilerplate/src/api/orders/orderRepository.js:24:61)
       at Object.userId [as selectByUserId] (/home/gildas/projects/marmelab/javascript-boilerplate/src/api/orders/orderRepository.js:24:61)
       at Object.userId [as selectByUserId] (/home/gildas/projects/marmelab/javascript-boilerplate/src/api/orders/orderRepository.js:24:61)
       at Object.userId [as selectByUserId] (/home/gildas/projects/marmelab/javascript-boilerplate/src/api/orders/orderRepository.js:24:61)
       at Object.userId [as selectByUserId] (/home/gildas/projects/marmelab/javascript-boilerplate/src/api/orders/orderRepository.js:24:61)
       at Object.userId [as selectByUserId] (/home/gildas/projects/marmelab/javascript-boilerplate/src/api/orders/orderRepository.js:24:61)
       at Object.userId [as selectByUserId] (/home/gildas/projects/marmelab/javascript-boilerplate/src/api/orders/orderRepository.js:24:61)
       at Object.userId [as selectByUserId] (/home/gildas/projects/marmelab/javascript-boilerplate/src/api/orders/orderRepository.js:24:61)
       at Object.userId [as selectByUserId] (/home/gildas/projects/marmelab/javascript-boilerplate/src/api/orders/orderRepository.js:24:61)
       at Object.userId [as selectByUserId] (/home/gildas/projects/marmelab/javascript-boilerplate/src/api/orders/orderRepository.js:24:61)
       at Object.userId [as selectByUserId] (/home/gildas/projects/marmelab/javascript-boilerplate/src/api/orders/orderRepository.js:24:61)
       at Object.userId [as selectByUserId] (/home/gildas/projects/marmelab/javascript-boilerplate/src/api/orders/orderRepository.js:24:61)
       at Object.userId [as selectByUserId] (/home/gildas/projects/marmelab/javascript-boilerplate/src/api/orders/orderRepository.js:24:61)
       at Object.userId [as selectByUserId] (/home/gildas/projects/marmelab/javascript-boilerplate/src/api/orders/orderRepository.js:24:61)
       at Object.userId [as selectByUserId] (/home/gildas/projects/marmelab/javascript-boilerplate/src/api/orders/orderRepository.js:24:61)
       at Object.userId [as selectByUserId] (/home/gildas/projects/marmelab/javascript-boilerplate/src/api/orders/orderRepository.js:24:61)
       at Object.userId [as selectByUserId] (/home/gildas/projects/marmelab/javascript-boilerplate/src/api/orders/orderRepository.js:24:61)
       at Object.userId [as selectByUserId] (/home/gildas/projects/marmelab/javascript-boilerplate/src/api/orders/orderRepository.js:24:61)
       at Object.userId [as selectByUserId] (/home/gildas/projects/marmelab/javascript-boilerplate/src/api/orders/orderRepository.js:24:61)
       at Object.userId [as selectByUserId] (/home/gildas/projects/marmelab/javascript-boilerplate/src/api/orders/orderRepository.js:24:61)
       at Object.userId [as selectByUserId] (/home/gildas/projects/marmelab/javascript-boilerplate/src/api/orders/orderRepository.js:24:61)
       at Object.userId [as selectByUserId] (/home/gildas/projects/marmelab/javascript-boilerplate/src/api/orders/orderRepository.js:24:61)
       at Object.userId [as selectByUserId] (/home/gildas/projects/marmelab/javascript-boilerplate/src/api/orders/orderRepository.js:24:61)
       at Object.userId [as selectByUserId] (/home/gildas/projects/marmelab/javascript-boilerplate/src/api/orders/orderRepository.js:24:61)
       at Object.userId [as selectByUserId] (/home/gildas/projects/marmelab/javascript-boilerplate/src/api/orders/orderRepository.js:24:61)
       at Object.userId [as selectByUserId] (/home/gildas/projects/marmelab/javascript-boilerplate/src/api/orders/orderRepository.js:24:61)
       at Object.userId [as selectByUserId] (/home/gildas/projects/marmelab/javascript-boilerplate/src/api/orders/orderRepository.js:24:61)
       at Object.userId [as selectByUserId] (/home/gildas/projects/marmelab/javascript-boilerplate/src/api/orders/orderRepository.js:24:61)
       at Object.userId [as selectByUserId] (/home/gildas/projects/marmelab/javascript-boilerplate/src/api/orders/orderRepository.js:24:61)
       at Object.userId [as selectByUserId] (/home/gildas/projects/marmelab/javascript-boilerplate/src/api/orders/orderRepository.js:24:61)
       at Object.userId [as selectByUserId] (/home/gildas/projects/marmelab/javascript-boilerplate/src/api/orders/orderRepository.js:24:61)
       at Object.userId [as selectByUserId] (/home/gildas/projects/marmelab/javascript-boilerplate/src/api/orders/orderRepository.js:24:61)
       at Object.userId [as selectByUserId] (/home/gildas/projects/marmelab/javascript-boilerplate/src/api/orders/orderRepository.js:24:61)
       at Object.userId [as selectByUserId] (/home/gildas/projects/marmelab/javascript-boilerplate/src/api/orders/orderRepository.js:24:61)
       at Object.userId [as selectByUserId] (/home/gildas/projects/marmelab/javascript-boilerplate/src/api/orders/orderRepository.js:24:61)
       at Object.userId [as selectByUserId] (/home/gildas/projects/marmelab/javascript-boilerplate/src/api/orders/orderRepository.js:24:61)
       at Object.userId [as selectByUserId] (/home/gildas/projects/marmelab/javascript-boilerplate/src/api/orders/orderRepository.js:24:61)
       at Object.userId [as selectByUserId] (/home/gildas/projects/marmelab/javascript-boilerplate/src/api/orders/orderRepository.js:24:61)
       at Object.userId [as selectByUserId] (/home/gildas/projects/marmelab/javascript-boilerplate/src/api/orders/orderRepository.js:24:61)
       at Object.userId [as selectByUserId] (/home/gildas/projects/marmelab/javascript-boilerplate/src/api/orders/orderRepository.js:24:61)
       at Object.userId [as selectByUserId] (/home/gildas/projects/marmelab/javascript-boilerplate/src/api/orders/orderRepository.js:24:61)
       at Object.userId [as selectByUserId] (/home/gildas/projects/marmelab/javascript-boilerplate/src/api/orders/orderRepository.js:24:61)
       at Object.userId [as selectByUserId] (/home/gildas/projects/marmelab/javascript-boilerplate/src/api/orders/orderRepository.js:24:61)
       at Object.userId [as selectByUserId] (/home/gildas/projects/marmelab/javascript-boilerplate/src/api/orders/orderRepository.js:24:61)
       at Object.userId [as selectByUserId] (/home/gildas/projects/marmelab/javascript-boilerplate/src/api/orders/orderRepository.js:24:61)
       at Object.userId [as selectByUserId] (/home/gildas/projects/marmelab/javascript-boilerplate/src/api/orders/orderRepository.js:24:61)
       at Object.userId [as selectByUserId] (/home/gildas/projects/marmelab/javascript-boilerplate/src/api/orders/orderRepository.js:24:61)
       at Object.userId [as selectByUserId] (/home/gildas/projects/marmelab/javascript-boilerplate/src/api/orders/orderRepository.js:24:61)
       at Object.userId [as selectByUserId] (/home/gildas/projects/marmelab/javascript-boilerplate/src/api/orders/orderRepository.js:24:61)
       at Object.userId [as selectByUserId] (/home/gildas/projects/marmelab/javascript-boilerplate/src/api/orders/orderRepository.js:24:61)
       at Object.userId [as selectByUserId] (/home/gildas/projects/marmelab/javascript-boilerplate/src/api/orders/orderRepository.js:24:61)
       at Object.userId [as selectByUserId] (/home/gildas/projects/marmelab/javascript-boilerplate/src/api/orders/orderRepository.js:24:61)
       at Object.userId [as selectByUserId] (/home/gildas/projects/marmelab/javascript-boilerplate/src/api/orders/orderRepository.js:24:61)
       at Object.userId [as selectByUserId] (/home/gildas/projects/marmelab/javascript-boilerplate/src/api/orders/orderRepository.js:24:61)
       at Object.userId [as selectByUserId] (/home/gildas/projects/marmelab/javascript-boilerplate/src/api/orders/orderRepository.js:24:61)
       at Object.userId [as selectByUserId] (/home/gildas/projects/marmelab/javascript-boilerplate/src/api/orders/orderRepository.js:24:61)
       at Object.userId [as selectByUserId] (/home/gildas/projects/marmelab/javascript-boilerplate/src/api/orders/orderRepository.js:24:61)
       at Object.userId [as selectByUserId] (/home/gildas/projects/marmelab/javascript-boilerplate/src/api/orders/orderRepository.js:24:61)
       at Object.userId [as selectByUserId] (/home/gildas/projects/marmelab/javascript-boilerplate/src/api/orders/orderRepository.js:24:61)
       at Object.userId [as selectByUserId] (/home/gildas/projects/marmelab/javascript-boilerplate/src/api/orders/orderRepository.js:24:61)
       at Object.userId [as selectByUserId] (/home/gildas/projects/marmelab/javascript-boilerplate/src/api/orders/orderRepository.js:24:61)
       at Object.userId [as selectByUserId] (/home/gildas/projects/marmelab/javascript-boilerplate/src/api/orders/orderRepository.js:24:61)
       at Object.userId [as selectByUserId] (/home/gildas/projects/marmelab/javascript-boilerplate/src/api/orders/orderRepository.js:24:61)
       at Object.userId [as selectByUserId] (/home/gildas/projects/marmelab/javascript-boilerplate/src/api/orders/orderRepository.js:24:61)
       at Object.userId [as selectByUserId] (/home/gildas/projects/marmelab/javascript-boilerplate/src/api/orders/orderRepository.js:24:61)
       at Object.userId [as selectByUserId] (/home/gildas/projects/marmelab/javascript-boilerplate/src/api/orders/orderRepository.js:24:61)
       at Object.userId [as selectByUserId] (/home/gildas/projects/marmelab/javascript-boilerplate/src/api/orders/orderRepository.js:24:61)
       at Object.userId [as selectByUserId] (/home/gildas/projects/marmelab/javascript-boilerplate/src/api/orders/orderRepository.js:24:61)
       at Object.userId [as selectByUserId] (/home/gildas/projects/marmelab/javascript-boilerplate/src/api/orders/orderRepository.js:24:61)
       at Object.userId [as selectByUserId] (/home/gildas/projects/marmelab/javascript-boilerplate/src/api/orders/orderRepository.js:24:61)
       at Object.userId [as selectByUserId] (/home/gildas/projects/marmelab/javascript-boilerplate/src/api/orders/orderRepository.js:24:61)
       at Object.userId [as selectByUserId] (/home/gildas/projects/marmelab/javascript-boilerplate/src/api/orders/orderRepository.js:24:61)
       at Object.userId [as selectByUserId] (/home/gildas/projects/marmelab/javascript-boilerplate/src/api/orders/orderRepository.js:24:61)
       at Object.userId [as selectByUserId] (/home/gildas/projects/marmelab/javascript-boilerplate/src/api/orders/orderRepository.js:24:61)
       at Object.userId [as selectByUserId] (/home/gildas/projects/marmelab/javascript-boilerplate/src/api/orders/orderRepository.js:24:61)
       at Object.userId [as selectByUserId] (/home/gildas/projects/marmelab/javascript-boilerplate/src/api/orders/orderRepository.js:24:61)
       at Object.userId [as selectByUserId] (/home/gildas/projects/marmelab/javascript-boilerplate/src/api/orders/orderRepository.js:24:61)
       at Object.userId [as selectByUserId] (/home/gildas/projects/marmelab/javascript-boilerplate/src/api/orders/orderRepository.js:24:61)
       at Object.userId [as selectByUserId] (/home/gildas/projects/marmelab/javascript-boilerplate/src/api/orders/orderRepository.js:24:61)
       at Object.userId [as selectByUserId] (/home/gildas/projects/marmelab/javascript-boilerplate/src/api/orders/orderRepository.js:24:61)
       at Object.userId [as selectByUserId] (/home/gildas/projects/marmelab/javascript-boilerplate/src/api/orders/orderRepository.js:24:61)
       at Object.userId [as selectByUserId] (/home/gildas/projects/marmelab/javascript-boilerplate/src/api/orders/orderRepository.js:24:61)
       at Object.userId [as selectByUserId] (/home/gildas/projects/marmelab/javascript-boilerplate/src/api/orders/orderRepository.js:24:61)
       at Object.userId [as selectByUserId] (/home/gildas/projects/marmelab/javascript-boilerplate/src/api/orders/orderRepository.js:24:61)
       at Object.userId [as selectByUserId] (/home/gildas/projects/marmelab/javascript-boilerplate/src/api/orders/orderRepository.js:24:61)
       at Object.userId [as selectByUserId] (/home/gildas/projects/marmelab/javascript-boilerplate/src/api/orders/orderRepository.js:24:61)
       at Object.userId [as selectByUserId] (/home/gildas/projects/marmelab/javascript-boilerplate/src/api/orders/orderRepository.js:24:61)
       at Object.userId [as selectByUserId] (/home/gildas/projects/marmelab/javascript-boilerplate/src/api/orders/orderRepository.js:24:61)
       at Object.userId [as selectByUserId] (/home/gildas/projects/marmelab/javascript-boilerplate/src/api/orders/orderRepository.js:24:61)
       at Object.userId [as selectByUserId] (/home/gildas/projects/marmelab/javascript-boilerplate/src/api/orders/orderRepository.js:24:61)
       at Object.userId [as selectByUserId] (/home/gildas/projects/marmelab/javascript-boilerplate/src/api/orders/orderRepository.js:24:61)
       at Object.userId [as selectByUserId] (/home/gildas/projects/marmelab/javascript-boilerplate/src/api/orders/orderRepository.js:24:61)
       at Object.userId [as selectByUserId] (/home/gildas/projects/marmelab/javascript-boilerplate/src/api/orders/orderRepository.js:24:61)
       at Object.userId [as selectByUserId] (/home/gildas/projects/marmelab/javascript-boilerplate/src/api/orders/orderRepository.js:24:61)
       at Object.userId [as selectByUserId] (/home/gildas/projects/marmelab/javascript-boilerplate/src/api/orders/orderRepository.js:24:61)
       at Object.userId [as selectByUserId] (/home/gildas/projects/marmelab/javascript-boilerplate/src/api/orders/orderRepository.js:24:61)
       at Object.userId [as selectByUserId] (/home/gildas/projects/marmelab/javascript-boilerplate/src/api/orders/orderRepository.js:24:61)
       at Object.userId [as selectByUserId] (/home/gildas/projects/marmelab/javascript-boilerplate/src/api/orders/orderRepository.js:24:61)
       at Object.userId [as selectByUserId] (/home/gildas/projects/marmelab/javascript-boilerplate/src/api/orders/orderRepository.js:24:61)
       at Object.userId [as selectByUserId] (/home/gildas/projects/marmelab/javascript-boilerplate/src/api/orders/orderRepository.js:24:61)
       at Object.userId [as selectByUserId] (/home/gildas/projects/marmelab/javascript-boilerplate/src/api/orders/orderRepository.js:24:61)
       at Object.userId [as selectByUserId] (/home/gildas/projects/marmelab/javascript-boilerplate/src/api/orders/orderRepository.js:24:61)
       at Object.userId [as selectByUserId] (/home/gildas/projects/marmelab/javascript-boilerplate/src/api/orders/orderRepository.js:24:61)
       at Object.userId [as selectByUserId] (/home/gildas/projects/marmelab/javascript-boilerplate/src/api/orders/orderRepository.js:24:61)
       at Object.userId [as selectByUserId] (/home/gildas/projects/marmelab/javascript-boilerplate/src/api/orders/orderRepository.js:24:61)
       at Object.userId [as selectByUserId] (/home/gildas/projects/marmelab/javascript-boilerplate/src/api/orders/orderRepository.js:24:61)
       at Object.userId [as selectByUserId] (/home/gildas/projects/marmelab/javascript-boilerplate/src/api/orders/orderRepository.js:24:61)
       at Object.userId [as selectByUserId] (/home/gildas/projects/marmelab/javascript-boilerplate/src/api/orders/orderRepository.js:24:61)
       at Object.userId [as selectByUserId] (/home/gildas/projects/marmelab/javascript-boilerplate/src/api/orders/orderRepository.js:24:61)
       at Object.userId [as selectByUserId] (/home/gildas/projects/marmelab/javascript-boilerplate/src/api/orders/orderRepository.js:24:61)
       at Object.userId [as selectByUserId] (/home/gildas/projects/marmelab/javascript-boilerplate/src/api/orders/orderRepository.js:24:61)
       at Object.userId [as selectByUserId] (/home/gildas/projects/marmelab/javascript-boilerplate/src/api/orders/orderRepository.js:24:61)
       at Object.userId [as selectByUserId] (/home/gildas/projects/marmelab/javascript-boilerplate/src/api/orders/orderRepository.js:24:61)
       at Object.userId [as selectByUserId] (/home/gildas/projects/marmelab/javascript-boilerplate/src/api/orders/orderRepository.js:24:61)
       at Object.userId [as selectByUserId] (/home/gildas/projects/marmelab/javascript-boilerplate/src/api/orders/orderRepository.js:24:61)
       at Object.userId [as selectByUserId] (/home/gildas/projects/marmelab/javascript-boilerplate/src/api/orders/orderRepository.js:24:61)
       at Object.userId [as selectByUserId] (/home/gildas/projects/marmelab/javascript-boilerplate/src/api/orders/orderRepository.js:24:61)
       at Object.userId [as selectByUserId] (/home/gildas/projects/marmelab/javascript-boilerplate/src/api/orders/orderRepository.js:24:61)
       at Object.userId [as selectByUserId] (/home/gildas/projects/marmelab/javascript-boilerplate/src/api/orders/orderRepository.js:24:61)
       at Object.userId [as selectByUserId] (/home/gildas/projects/marmelab/javascript-boilerplate/src/api/orders/orderRepository.js:24:61)
       at Object.userId [as selectByUserId] (/home/gildas/projects/marmelab/javascript-boilerplate/src/api/orders/orderRepository.js:24:61)
       at Object.userId [as selectByUserId] (/home/gildas/projects/marmelab/javascript-boilerplate/src/api/orders/orderRepository.js:24:61)
       at Object.userId [as selectByUserId] (/home/gildas/projects/marmelab/javascript-boilerplate/src/api/orders/orderRepository.js:24:61)
       at Object.userId [as selectByUserId] (/home/gildas/projects/marmelab/javascript-boilerplate/src/api/orders/orderRepository.js:24:61)
       at Object.userId [as selectByUserId] (/home/gildas/projects/marmelab/javascript-boilerplate/src/api/orders/orderRepository.js:24:61)
       at Object.userId [as selectByUserId] (/home/gildas/projects/marmelab/javascript-boilerplate/src/api/orders/orderRepository.js:24:61)
       at Object.userId [as selectByUserId] (/home/gildas/projects/marmelab/javascript-boilerplate/src/api/orders/orderRepository.js:24:61)
       at Object.userId [as selectByUserId] (/home/gildas/projects/marmelab/javascript-boilerplate/src/api/orders/orderRepository.js:24:61)
       at Object.userId [as selectByUserId] (/home/gildas/projects/marmelab/javascript-boilerplate/src/api/orders/orderRepository.js:24:61)
       at Object.userId [as selectByUserId] (/home/gildas/projects/marmelab/javascript-boilerplate/src/api/orders/orderRepository.js:24:61)
       at Object.userId [as selectByUserId] (/home/gildas/projects/marmelab/javascript-boilerplate/src/api/orders/orderRepository.js:24:61)
       at Object.userId [as selectByUserId] (/home/gildas/projects/marmelab/javascript-boilerplate/src/api/orders/orderRepository.js:24:61)
       at Object.userId [as selectByUserId] (/home/gildas/projects/marmelab/javascript-boilerplate/src/api/orders/orderRepository.js:24:61)
       at Object.userId [as selectByUserId] (/home/gildas/projects/marmelab/javascript-boilerplate/src/api/orders/orderRepository.js:24:61)
       at Object.userId [as selectByUserId] (/home/gildas/projects/marmelab/javascript-boilerplate/src/api/orders/orderRepository.js:24:61)
       at Object.userId [as selectByUserId] (/home/gildas/projects/marmelab/javascript-boilerplate/src/api/orders/orderRepository.js:24:61)
       at Object.userId [as selectByUserId] (/home/gildas/projects/marmelab/javascript-boilerplate/src/api/orders/orderRepository.js:24:61)
       at Object.userId [as selectByUserId] (/home/gildas/projects/marmelab/javascript-boilerplate/src/api/orders/orderRepository.js:24:61)
       at Object.userId [as selectByUserId] (/home/gildas/projects/marmelab/javascript-boilerplate/src/api/orders/orderRepository.js:24:61)
       at Object.userId [as selectByUserId] (/home/gildas/projects/marmelab/javascript-boilerplate/src/api/orders/orderRepository.js:24:61)
       at Object.userId [as selectByUserId] (/home/gildas/projects/marmelab/javascript-boilerplate/src/api/orders/orderRepository.js:24:61)
       at Object.userId [as selectByUserId] (/home/gildas/projects/marmelab/javascript-boilerplate/src/api/orders/orderRepository.js:24:61)
       at Object.userId [as selectByUserId] (/home/gildas/projects/marmelab/javascript-boilerplate/src/api/orders/orderRepository.js:24:61)
       at Object.userId [as selectByUserId] (/home/gildas/projects/marmelab/javascript-boilerplate/src/api/orders/orderRepository.js:24:61)
       at Object.userId [as selectByUserId] (/home/gildas/projects/marmelab/javascript-boilerplate/src/api/orders/orderRepository.js:24:61)
       at Object.userId [as selectByUserId] (/home/gildas/projects/marmelab/javascript-boilerplate/src/api/orders/orderRepository.js:24:61)
       at Object.userId [as selectByUserId] (/home/gildas/projects/marmelab/javascript-boilerplate/src/api/orders/orderRepository.js:24:61)
       at Object.userId [as selectByUserId] (/home/gildas/projects/marmelab/javascript-boilerplate/src/api/orders/orderRepository.js:24:61)
       at Object.userId [as selectByUserId] (/home/gildas/projects/marmelab/javascript-boilerplate/src/api/orders/orderRepository.js:24:61)
       at Object.userId [as selectByUserId] (/home/gildas/projects/marmelab/javascript-boilerplate/src/api/orders/orderRepository.js:24:61)
       at Object.userId [as selectByUserId] (/home/gildas/projects/marmelab/javascript-boilerplate/src/api/orders/orderRepository.js:24:61)
       at Object.userId [as selectByUserId] (/home/gildas/projects/marmelab/javascript-boilerplate/src/api/orders/orderRepository.js:24:61)
       at Object.userId [as selectByUserId] (/home/gildas/projects/marmelab/javascript-boilerplate/src/api/orders/orderRepository.js:24:61)
       at Object.userId [as selectByUserId] (/home/gildas/projects/marmelab/javascript-boilerplate/src/api/orders/orderRepository.js:24:61)
       at Object.userId [as selectByUserId] (/home/gildas/projects/marmelab/javascript-boilerplate/src/api/orders/orderRepository.js:24:61)
       at Object.userId [as selectByUserId] (/home/gildas/projects/marmelab/javascript-boilerplate/src/api/orders/orderRepository.js:24:61)
       at Object.userId [as selectByUserId] (/home/gildas/projects/marmelab/javascript-boilerplate/src/api/orders/orderRepository.js:24:61)
       at Object.userId [as selectByUserId] (/home/gildas/projects/marmelab/javascript-boilerplate/src/api/orders/orderRepository.js:24:61)
       at Object.userId [as selectByUserId] (/home/gildas/projects/marmelab/javascript-boilerplate/src/api/orders/orderRepository.js:24:61)
       at Object.userId [as selectByUserId] (/home/gildas/projects/marmelab/javascript-boilerplate/src/api/orders/orderRepository.js:24:61)
       at Object.userId [as selectByUserId] (/home/gildas/projects/marmelab/javascript-boilerplate/src/api/orders/orderRepository.js:24:61)
       at Object.userId [as selectByUserId] (/home/gildas/projects/marmelab/javascript-boilerplate/src/api/orders/orderRepository.js:24:61)
       at Object.userId [as selectByUserId] (/home/gildas/projects/marmelab/javascript-boilerplate/src/api/orders/orderRepository.js:24:61)
       at Object.userId [as selectByUserId] (/home/gildas/projects/marmelab/javascript-boilerplate/src/api/orders/orderRepository.js:24:61)
       at Object.userId [as selectByUserId] (/home/gildas/projects/marmelab/javascript-boilerplate/src/api/orders/orderRepository.js:24:61)
       at Object.userId [as selectByUserId] (/home/gildas/projects/marmelab/javascript-boilerplate/src/api/orders/orderRepository.js:24:61)
       at Object.userId [as selectByUserId] (/home/gildas/projects/marmelab/javascript-boilerplate/src/api/orders/orderRepository.js:24:61)
       at Object.userId [as selectByUserId] (/home/gildas/projects/marmelab/javascript-boilerplate/src/api/orders/orderRepository.js:24:61)
       at Object.userId [as selectByUserId] (/home/gildas/projects/marmelab/javascript-boilerplate/src/api/orders/orderRepository.js:24:61)
       at Object.userId [as selectByUserId] (/home/gildas/projects/marmelab/javascript-boilerplate/src/api/orders/orderRepository.js:24:61)
       at Object.userId [as selectByUserId] (/home/gildas/projects/marmelab/javascript-boilerplate/src/api/orders/orderRepository.js:24:61)
       at Object.userId [as selectByUserId] (/home/gildas/projects/marmelab/javascript-boilerplate/src/api/orders/orderRepository.js:24:61)
       at Object.userId [as selectByUserId] (/home/gildas/projects/marmelab/javascript-boilerplate/src/api/orders/orderRepository.js:24:61)
       at Object.userId [as selectByUserId] (/home/gildas/projects/marmelab/javascript-boilerplate/src/api/orders/orderRepository.js:24:61)
       at Object.userId [as selectByUserId] (/home/gildas/projects/marmelab/javascript-boilerplate/src/api/orders/orderRepository.js:24:61)
       at Object.userId [as selectByUserId] (/home/gildas/projects/marmelab/javascript-boilerplate/src/api/orders/orderRepository.js:24:61)
       at Object.userId [as selectByUserId] (/home/gildas/projects/marmelab/javascript-boilerplate/src/api/orders/orderRepository.js:24:61)
       at Object.userId [as selectByUserId] (/home/gildas/projects/marmelab/javascript-boilerplate/src/api/orders/orderRepository.js:24:61)
       at Object.userId [as selectByUserId] (/home/gildas/projects/marmelab/javascript-boilerplate/src/api/orders/orderRepository.js:24:61)
       at Object.userId [as selectByUserId] (/home/gildas/projects/marmelab/javascript-boilerplate/src/api/orders/orderRepository.js:24:61)
       at Object.userId [as selectByUserId] (/home/gildas/projects/marmelab/javascript-boilerplate/src/api/orders/orderRepository.js:24:61)
       at Object.userId [as selectByUserId] (/home/gildas/projects/marmelab/javascript-boilerplate/src/api/orders/orderRepository.js:24:61)
       at Object.userId [as selectByUserId] (/home/gildas/projects/marmelab/javascript-boilerplate/src/api/orders/orderRepository.js:24:61)
       at Object.userId [as selectByUserId] (/home/gildas/projects/marmelab/javascript-boilerplate/src/api/orders/orderRepository.js:24:61)
       at Object.userId [as selectByUserId] (/home/gildas/projects/marmelab/javascript-boilerplate/src/api/orders/orderRepository.js:24:61)
       at Object.userId [as selectByUserId] (/home/gildas/projects/marmelab/javascript-boilerplate/src/api/orders/orderRepository.js:24:61)
       at Object.userId [as selectByUserId] (/home/gildas/projects/marmelab/javascript-boilerplate/src/api/orders/orderRepository.js:24:61)
       at Object.userId [as selectByUserId] (/home/gildas/projects/marmelab/javascript-boilerplate/src/api/orders/orderRepository.js:24:61)
       at Object.userId [as selectByUserId] (/home/gildas/projects/marmelab/javascript-boilerplate/src/api/orders/orderRepository.js:24:61)
       at Object.userId [as selectByUserId] (/home/gildas/projects/marmelab/javascript-boilerplate/src/api/orders/orderRepository.js:24:61)
       at Object.userId [as selectByUserId] (/home/gildas/projects/marmelab/javascript-boilerplate/src/api/orders/orderRepository.js:24:61)
       at Object.userId [as selectByUserId] (/home/gildas/projects/marmelab/javascript-boilerplate/src/api/orders/orderRepository.js:24:61)
       at Object.userId [as selectByUserId] (/home/gildas/projects/marmelab/javascript-boilerplate/src/api/orders/orderRepository.js:24:61)
       at Object.userId [as selectByUserId] (/home/gildas/projects/marmelab/javascript-boilerplate/src/api/orders/orderRepository.js:24:61)
       at Object.userId [as selectByUserId] (/home/gildas/projects/marmelab/javascript-boilerplate/src/api/orders/orderRepository.js:24:61)
       at Object.userId [as selectByUserId] (/home/gildas/projects/marmelab/javascript-boilerplate/src/api/orders/orderRepository.js:24:61)
       at Object.userId [as selectByUserId] (/home/gildas/projects/marmelab/javascript-boilerplate/src/api/orders/orderRepository.js:24:61)
       at Object.userId [as selectByUserId] (/home/gildas/projects/marmelab/javascript-boilerplate/src/api/orders/orderRepository.js:24:61)
       at Object.userId [as selectByUserId] (/home/gildas/projects/marmelab/javascript-boilerplate/src/api/orders/orderRepository.js:24:61)
       at Object.userId [as selectByUserId] (/home/gildas/projects/marmelab/javascript-boilerplate/src/api/orders/orderRepository.js:24:61)
       at Object.userId [as selectByUserId] (/home/gildas/projects/marmelab/javascript-boilerplate/src/api/orders/orderRepository.js:24:61)
       at Object.userId [as selectByUserId] (/home/gildas/projects/marmelab/javascript-boilerplate/src/api/orders/orderRepository.js:24:61)
       at Object.userId [as selectByUserId] (/home/gildas/projects/marmelab/javascript-boilerplate/src/api/orders/orderRepository.js:24:61)
       at Object.userId [as selectByUserId] (/home/gildas/projects/marmelab/javascript-boilerplate/src/api/orders/orderRepository.js:24:61)
       at Object.userId [as selectByUserId] (/home/gildas/projects/marmelab/javascript-boilerplate/src/api/orders/orderRepository.js:24:61)
       at Object.userId [as selectByUserId] (/home/gildas/projects/marmelab/javascript-boilerplate/src/api/orders/orderRepository.js:24:61)
       at Object.userId [as selectByUserId] (/home/gildas/projects/marmelab/javascript-boilerplate/src/api/orders/orderRepository.js:24:61)
       at Object.userId [as selectByUserId] (/home/gildas/projects/marmelab/javascript-boilerplate/src/api/orders/orderRepository.js:24:61)
       at Object.userId [as selectByUserId] (/home/gildas/projects/marmelab/javascript-boilerplate/src/api/orders/orderRepository.js:24:61)
       at Object.userId [as selectByUserId] (/home/gildas/projects/marmelab/javascript-boilerplate/src/api/orders/orderRepository.js:24:61)
       at Object.userId [as selectByUserId] (/home/gildas/projects/marmelab/javascript-boilerplate/src/api/orders/orderRepository.js:24:61)
       at Object.userId [as selectByUserId] (/home/gildas/projects/marmelab/javascript-boilerplate/src/api/orders/orderRepository.js:24:61)
       at Object.userId [as selectByUserId] (/home/gildas/projects/marmelab/javascript-boilerplate/src/api/orders/orderRepository.js:24:61)
       at Object.userId [as selectByUserId] (/home/gildas/projects/marmelab/javascript-boilerplate/src/api/orders/orderRepository.js:24:61)
       at Object.userId [as selectByUserId] (/home/gildas/projects/marmelab/javascript-boilerplate/src/api/orders/orderRepository.js:24:61)
       at Object.userId [as selectByUserId] (/home/gildas/projects/marmelab/javascript-boilerplate/src/api/orders/orderRepository.js:24:61)
       at Object.userId [as selectByUserId] (/home/gildas/projects/marmelab/javascript-boilerplate/src/api/orders/orderRepository.js:24:61)
       at Object.userId [as selectByUserId] (/home/gildas/projects/marmelab/javascript-boilerplate/src/api/orders/orderRepository.js:24:61)
       at Object.userId [as selectByUserId] (/home/gildas/projects/marmelab/javascript-boilerplate/src/api/orders/orderRepository.js:24:61)
       at Object.userId [as selectByUserId] (/home/gildas/projects/marmelab/javascript-boilerplate/src/api/orders/orderRepository.js:24:61)
       at Object.userId [as selectByUserId] (/home/gildas/projects/marmelab/javascript-boilerplate/src/api/orders/orderRepository.js:24:61)
       at Object.userId [as selectByUserId] (/home/gildas/projects/marmelab/javascript-boilerplate/src/api/orders/orderRepository.js:24:61)
       at Object.userId [as selectByUserId] (/home/gildas/projects/marmelab/javascript-boilerplate/src/api/orders/orderRepository.js:24:61)
       at Object.userId [as selectByUserId] (/home/gildas/projects/marmelab/javascript-boilerplate/src/api/orders/orderRepository.js:24:61)
       at Object.userId [as selectByUserId] (/home/gildas/projects/marmelab/javascript-boilerplate/src/api/orders/orderRepository.js:24:61)
       at Object.userId [as selectByUserId] (/home/gildas/projects/marmelab/javascript-boilerplate/src/api/orders/orderRepository.js:24:61)
       at Object.userId [as selectByUserId] (/home/gildas/projects/marmelab/javascript-boilerplate/src/api/orders/orderRepository.js:24:61)
       at Object.userId [as selectByUserId] (/home/gildas/projects/marmelab/javascript-boilerplate/src/api/orders/orderRepository.js:24:61)
       at Object.userId [as selectByUserId] (/home/gildas/projects/marmelab/javascript-boilerplate/src/api/orders/orderRepository.js:24:61)
       at Object.userId [as selectByUserId] (/home/gildas/projects/marmelab/javascript-boilerplate/src/api/orders/orderRepository.js:24:61)
       at Object.userId [as selectByUserId] (/home/gildas/projects/marmelab/javascript-boilerplate/src/api/orders/orderRepository.js:24:61)
       at Object.userId [as selectByUserId] (/home/gildas/projects/marmelab/javascript-boilerplate/src/api/orders/orderRepository.js:24:61)
       at Object.userId [as selectByUserId] (/home/gildas/projects/marmelab/javascript-boilerplate/src/api/orders/orderRepository.js:24:61)
       at Object.userId [as selectByUserId] (/home/gildas/projects/marmelab/javascript-boilerplate/src/api/orders/orderRepository.js:24:61)
       at Object.userId [as selectByUserId] (/home/gildas/projects/marmelab/javascript-boilerplate/src/api/orders/orderRepository.js:24:61)
       at Object.userId [as selectByUserId] (/home/gildas/projects/marmelab/javascript-boilerplate/src/api/orders/orderRepository.js:24:61)
       at Object.userId [as selectByUserId] (/home/gildas/projects/marmelab/javascript-boilerplate/src/api/orders/orderRepository.js:24:61)
       at Object.userId [as selectByUserId] (/home/gildas/projects/marmelab/javascript-boilerplate/src/api/orders/orderRepository.js:24:61)
       at Object.userId [as selectByUserId] (/home/gildas/projects/marmelab/javascript-boilerplate/src/api/orders/orderRepository.js:24:61)
       at Object.userId [as selectByUserId] (/home/gildas/projects/marmelab/javascript-boilerplate/src/api/orders/orderRepository.js:24:61)
       at Object.userId [as selectByUserId] (/home/gildas/projects/marmelab/javascript-boilerplate/src/api/orders/orderRepository.js:24:61)
       at Object.userId [as selectByUserId] (/home/gildas/projects/marmelab/javascript-boilerplate/src/api/orders/orderRepository.js:24:61)
       at Object.userId [as selectByUserId] (/home/gildas/projects/marmelab/javascript-boilerplate/src/api/orders/orderRepository.js:24:61)
       at Object.userId [as selectByUserId] (/home/gildas/projects/marmelab/javascript-boilerplate/src/api/orders/orderRepository.js:24:61)
       at Object.userId [as selectByUserId] (/home/gildas/projects/marmelab/javascript-boilerplate/src/api/orders/orderRepository.js:24:61)
       at Object.userId [as selectByUserId] (/home/gildas/projects/marmelab/javascript-boilerplate/src/api/orders/orderRepository.js:24:61)
       at Object.userId [as selectByUserId] (/home/gildas/projects/marmelab/javascript-boilerplate/src/api/orders/orderRepository.js:24:61)
       at Object.userId [as selectByUserId] (/home/gildas/projects/marmelab/javascript-boilerplate/src/api/orders/orderRepository.js:24:61)
       at Object.userId [as selectByUserId] (/home/gildas/projects/marmelab/javascript-boilerplate/src/api/orders/orderRepository.js:24:61)
       at Object.userId [as selectByUserId] (/home/gildas/projects/marmelab/javascript-boilerplate/src/api/orders/orderRepository.js:24:61)
       at Object.userId [as selectByUserId] (/home/gildas/projects/marmelab/javascript-boilerplate/src/api/orders/orderRepository.js:24:61)
       at Object.userId [as selectByUserId] (/home/gildas/projects/marmelab/javascript-boilerplate/src/api/orders/orderRepository.js:24:61)
       at Object.userId [as selectByUserId] (/home/gildas/projects/marmelab/javascript-boilerplate/src/api/orders/orderRepository.js:24:61)
       at Object.userId [as selectByUserId] (/home/gildas/projects/marmelab/javascript-boilerplate/src/api/orders/orderRepository.js:24:61)
       at Object.userId [as selectByUserId] (/home/gildas/projects/marmelab/javascript-boilerplate/src/api/orders/orderRepository.js:24:61)
       at Object.userId [as selectByUserId] (/home/gildas/projects/marmelab/javascript-boilerplate/src/api/orders/orderRepository.js:24:61)
       at Object.userId [as selectByUserId] (/home/gildas/projects/marmelab/javascript-boilerplate/src/api/orders/orderRepository.js:24:61)
       at Object.userId [as selectByUserId] (/home/gildas/projects/marmelab/javascript-boilerplate/src/api/orders/orderRepository.js:24:61)
       at Object.userId [as selectByUserId] (/home/gildas/projects/marmelab/javascript-boilerplate/src/api/orders/orderRepository.js:24:61)
       at Object.userId [as selectByUserId] (/home/gildas/projects/marmelab/javascript-boilerplate/src/api/orders/orderRepository.js:24:61)
       at Object.userId [as selectByUserId] (/home/gildas/projects/marmelab/javascript-boilerplate/src/api/orders/orderRepository.js:24:61)
       at Object.userId [as selectByUserId] (/home/gildas/projects/marmelab/javascript-boilerplate/src/api/orders/orderRepository.js:24:61)
       at Object.userId [as selectByUserId] (/home/gildas/projects/marmelab/javascript-boilerplate/src/api/orders/orderRepository.js:24:61)
       at Object.userId [as selectByUserId] (/home/gildas/projects/marmelab/javascript-boilerplate/src/api/orders/orderRepository.js:24:61)
       at Object.userId [as selectByUserId] (/home/gildas/projects/marmelab/javascript-boilerplate/src/api/orders/orderRepository.js:24:61)
       at Object.userId [as selectByUserId] (/home/gildas/projects/marmelab/javascript-boilerplate/src/api/orders/orderRepository.js:24:61)
       at Object.userId [as selectByUserId] (/home/gildas/projects/marmelab/javascript-boilerplate/src/api/orders/orderRepository.js:24:61)
       at Object.userId [as selectByUserId] (/home/gildas/projects/marmelab/javascript-boilerplate/src/api/orders/orderRepository.js:24:61)
       at Object.userId [as selectByUserId] (/home/gildas/projects/marmelab/javascript-boilerplate/src/api/orders/orderRepository.js:24:61)
       at Object.userId [as selectByUserId] (/home/gildas/projects/marmelab/javascript-boilerplate/src/api/orders/orderRepository.js:24:61)
       at Object.userId [as selectByUserId] (/home/gildas/projects/marmelab/javascript-boilerplate/src/api/orders/orderRepository.js:24:61)
       at Object.userId [as selectByUserId] (/home/gildas/projects/marmelab/javascript-boilerplate/src/api/orders/orderRepository.js:24:61)
       at Object.userId [as selectByUserId] (/home/gildas/projects/marmelab/javascript-boilerplate/src/api/orders/orderRepository.js:24:61)
       at Object.userId [as selectByUserId] (/home/gildas/projects/marmelab/javascript-boilerplate/src/api/orders/orderRepository.js:24:61)
       at Object.userId [as selectByUserId] (/home/gildas/projects/marmelab/javascript-boilerplate/src/api/orders/orderRepository.js:24:61)
       at Object.userId [as selectByUserId] (/home/gildas/projects/marmelab/javascript-boilerplate/src/api/orders/orderRepository.js:24:61)
       at Object.userId [as selectByUserId] (/home/gildas/projects/marmelab/javascript-boilerplate/src/api/orders/orderRepository.js:24:61)
       at Object.userId [as selectByUserId] (/home/gildas/projects/marmelab/javascript-boilerplate/src/api/orders/orderRepository.js:24:61)
       at Object.userId [as selectByUserId] (/home/gildas/projects/marmelab/javascript-boilerplate/src/api/orders/orderRepository.js:24:61)
       at Object.userId [as selectByUserId] (/home/gildas/projects/marmelab/javascript-boilerplate/src/api/orders/orderRepository.js:24:61)
       at Object.userId [as selectByUserId] (/home/gildas/projects/marmelab/javascript-boilerplate/src/api/orders/orderRepository.js:24:61)
       at Object.userId [as selectByUserId] (/home/gildas/projects/marmelab/javascript-boilerplate/src/api/orders/orderRepository.js:24:61)
       at Object.userId [as selectByUserId] (/home/gildas/projects/marmelab/javascript-boilerplate/src/api/orders/orderRepository.js:24:61)
       at Object.userId [as selectByUserId] (/home/gildas/projects/marmelab/javascript-boilerplate/src/api/orders/orderRepository.js:24:61)
       at Object.userId [as selectByUserId] (/home/gildas/projects/marmelab/javascript-boilerplate/src/api/orders/orderRepository.js:24:61)
       at Object.userId [as selectByUserId] (/home/gildas/projects/marmelab/javascript-boilerplate/src/api/orders/orderRepository.js:24:61)
       at Object.userId [as selectByUserId] (/home/gildas/projects/marmelab/javascript-boilerplate/src/api/orders/orderRepository.js:24:61)
       at Object.userId [as selectByUserId] (/home/gildas/projects/marmelab/javascript-boilerplate/src/api/orders/orderRepository.js:24:61)
       at Object.userId [as selectByUserId] (/home/gildas/projects/marmelab/javascript-boilerplate/src/api/orders/orderRepository.js:24:61)
       at Object.userId [as selectByUserId] (/home/gildas/projects/marmelab/javascript-boilerplate/src/api/orders/orderRepository.js:24:61)
       at Object.userId [as selectByUserId] (/home/gildas/projects/marmelab/javascript-boilerplate/src/api/orders/orderRepository.js:24:61)
       at Object.userId [as selectByUserId] (/home/gildas/projects/marmelab/javascript-boilerplate/src/api/orders/orderRepository.js:24:61)
       at Object.userId [as selectByUserId] (/home/gildas/projects/marmelab/javascript-boilerplate/src/api/orders/orderRepository.js:24:61)
       at Object.userId [as selectByUserId] (/home/gildas/projects/marmelab/javascript-boilerplate/src/api/orders/orderRepository.js:24:61)
       at Object.userId [as selectByUserId] (/home/gildas/projects/marmelab/javascript-boilerplate/src/api/orders/orderRepository.js:24:61)
       at Object.userId [as selectByUserId] (/home/gildas/projects/marmelab/javascript-boilerplate/src/api/orders/orderRepository.js:24:61)
       at Object.userId [as selectByUserId] (/home/gildas/projects/marmelab/javascript-boilerplate/src/api/orders/orderRepository.js:24:61)
       at Object.userId [as selectByUserId] (/home/gildas/projects/marmelab/javascript-boilerplate/src/api/orders/orderRepository.js:24:61)
       at Object.userId [as selectByUserId] (/home/gildas/projects/marmelab/javascript-boilerplate/src/api/orders/orderRepository.js:24:61)
       at Object.userId [as selectByUserId] (/home/gildas/projects/marmelab/javascript-boilerplate/src/api/orders/orderRepository.js:24:61)
       at Object.userId [as selectByUserId] (/home/gildas/projects/marmelab/javascript-boilerplate/src/api/orders/orderRepository.js:24:61)
       at Object.userId [as selectByUserId] (/home/gildas/projects/marmelab/javascript-boilerplate/src/api/orders/orderRepository.js:24:61)
       at Object.userId [as selectByUserId] (/home/gildas/projects/marmelab/javascript-boilerplate/src/api/orders/orderRepository.js:24:61)
       at Object.userId [as selectByUserId] (/home/gildas/projects/marmelab/javascript-boilerplate/src/api/orders/orderRepository.js:24:61)
       at Object.userId [as selectByUserId] (/home/gildas/projects/marmelab/javascript-boilerplate/src/api/orders/orderRepository.js:24:61)
       at Object.userId [as selectByUserId] (/home/gildas/projects/marmelab/javascript-boilerplate/src/api/orders/orderRepository.js:24:61)
       at Object.userId [as selectByUserId] (/home/gildas/projects/marmelab/javascript-boilerplate/src/api/orders/orderRepository.js:24:61)
       at Object.userId [as selectByUserId] (/home/gildas/projects/marmelab/javascript-boilerplate/src/api/orders/orderRepository.js:24:61)
       at Object.userId [as selectByUserId] (/home/gildas/projects/marmelab/javascript-boilerplate/src/api/orders/orderRepository.js:24:61)
       at Object.userId [as selectByUserId] (/home/gildas/projects/marmelab/javascript-boilerplate/src/api/orders/orderRepository.js:24:61)
       at Object.userId [as selectByUserId] (/home/gildas/projects/marmelab/javascript-boilerplate/src/api/orders/orderRepository.js:24:61)
       at Object.userId [as selectByUserId] (/home/gildas/projects/marmelab/javascript-boilerplate/src/api/orders/orderRepository.js:24:61)
       at Object.userId [as selectByUserId] (/home/gildas/projects/marmelab/javascript-boilerplate/src/api/orders/orderRepository.js:24:61)
       at Object.userId [as selectByUserId] (/home/gildas/projects/marmelab/javascript-boilerplate/src/api/orders/orderRepository.js:24:61)
       at Object.userId [as selectByUserId] (/home/gildas/projects/marmelab/javascript-boilerplate/src/api/orders/orderRepository.js:24:61)
       at Object.userId [as selectByUserId] (/home/gildas/projects/marmelab/javascript-boilerplate/src/api/orders/orderRepository.js:24:61)
       at Object.userId [as selectByUserId] (/home/gildas/projects/marmelab/javascript-boilerplate/src/api/orders/orderRepository.js:24:61)
       at Object.userId [as selectByUserId] (/home/gildas/projects/marmelab/javascript-boilerplate/src/api/orders/orderRepository.js:24:61)
       at Object.userId [as selectByUserId] (/home/gildas/projects/marmelab/javascript-boilerplate/src/api/orders/orderRepository.js:24:61)
       at Object.userId [as selectByUserId] (/home/gildas/projects/marmelab/javascript-boilerplate/src/api/orders/orderRepository.js:24:61)
       at Object.userId [as selectByUserId] (/home/gildas/projects/marmelab/javascript-boilerplate/src/api/orders/orderRepository.js:24:61)
       at Object.userId [as selectByUserId] (/home/gildas/projects/marmelab/javascript-boilerplate/src/api/orders/orderRepository.js:24:61)
       at Object.userId [as selectByUserId] (/home/gildas/projects/marmelab/javascript-boilerplate/src/api/orders/orderRepository.js:24:61)
       at Object.userId [as selectByUserId] (/home/gildas/projects/marmelab/javascript-boilerplate/src/api/orders/orderRepository.js:24:61)
       at Object.userId [as selectByUserId] (/home/gildas/projects/marmelab/javascript-boilerplate/src/api/orders/orderRepository.js:24:61)
       at Object.userId [as selectByUserId] (/home/gildas/projects/marmelab/javascript-boilerplate/src/api/orders/orderRepository.js:24:61)
       at Object.userId [as selectByUserId] (/home/gildas/projects/marmelab/javascript-boilerplate/src/api/orders/orderRepository.js:24:61)
       at Object.userId [as selectByUserId] (/home/gildas/projects/marmelab/javascript-boilerplate/src/api/orders/orderRepository.js:24:61)
       at Object.userId [as selectByUserId] (/home/gildas/projects/marmelab/javascript-boilerplate/src/api/orders/orderRepository.js:24:61)
       at Object.userId [as selectByUserId] (/home/gildas/projects/marmelab/javascript-boilerplate/src/api/orders/orderRepository.js:24:61)
       at Object.userId [as selectByUserId] (/home/gildas/projects/marmelab/javascript-boilerplate/src/api/orders/orderRepository.js:24:61)
       at Object.userId [as selectByUserId] (/home/gildas/projects/marmelab/javascript-boilerplate/src/api/orders/orderRepository.js:24:61)
       at Object.userId [as selectByUserId] (/home/gildas/projects/marmelab/javascript-boilerplate/src/api/orders/orderRepository.js:24:61)
       at Object.userId [as selectByUserId] (/home/gildas/projects/marmelab/javascript-boilerplate/src/api/orders/orderRepository.js:24:61)
       at Object.userId [as selectByUserId] (/home/gildas/projects/marmelab/javascript-boilerplate/src/api/orders/orderRepository.js:24:61)
       at Object.userId [as selectByUserId] (/home/gildas/projects/marmelab/javascript-boilerplate/src/api/orders/orderRepository.js:24:61)
       at Object.userId [as selectByUserId] (/home/gildas/projects/marmelab/javascript-boilerplate/src/api/orders/orderRepository.js:24:61)
       at Object.userId [as selectByUserId] (/home/gildas/projects/marmelab/javascript-boilerplate/src/api/orders/orderRepository.js:24:61)
       at Object.userId [as selectByUserId] (/home/gildas/projects/marmelab/javascript-boilerplate/src/api/orders/orderRepository.js:24:61)
       at Object.userId [as selectByUserId] (/home/gildas/projects/marmelab/javascript-boilerplate/src/api/orders/orderRepository.js:24:61)
       at Object.userId [as selectByUserId] (/home/gildas/projects/marmelab/javascript-boilerplate/src/api/orders/orderRepository.js:24:61)
       at Object.userId [as selectByUserId] (/home/gildas/projects/marmelab/javascript-boilerplate/src/api/orders/orderRepository.js:24:61)
       at Object.userId [as selectByUserId] (/home/gildas/projects/marmelab/javascript-boilerplate/src/api/orders/orderRepository.js:24:61)
       at Object.userId [as selectByUserId] (/home/gildas/projects/marmelab/javascript-boilerplate/src/api/orders/orderRepository.js:24:61)
       at Object.userId [as selectByUserId] (/home/gildas/projects/marmelab/javascript-boilerplate/src/api/orders/orderRepository.js:24:61)
       at Object.userId [as selectByUserId] (/home/gildas/projects/marmelab/javascript-boilerplate/src/api/orders/orderRepository.js:24:61)
       at Object.userId [as selectByUserId] (/home/gildas/projects/marmelab/javascript-boilerplate/src/api/orders/orderRepository.js:24:61)
       at Object.userId [as selectByUserId] (/home/gildas/projects/marmelab/javascript-boilerplate/src/api/orders/orderRepository.js:24:61)
       at Object.userId [as selectByUserId] (/home/gildas/projects/marmelab/javascript-boilerplate/src/api/orders/orderRepository.js:24:61)
       at Object.userId [as selectByUserId] (/home/gildas/projects/marmelab/javascript-boilerplate/src/api/orders/orderRepository.js:24:61)
       at Object.userId [as selectByUserId] (/home/gildas/projects/marmelab/javascript-boilerplate/src/api/orders/orderRepository.js:24:61)
       at Object.userId [as selectByUserId] (/home/gildas/projects/marmelab/javascript-boilerplate/src/api/orders/orderRepository.js:24:61)
       at Object.userId [as selectByUserId] (/home/gildas/projects/marmelab/javascript-boilerplate/src/api/orders/orderRepository.js:24:61)
       at Object.userId [as selectByUserId] (/home/gildas/projects/marmelab/javascript-boilerplate/src/api/orders/orderRepository.js:24:61)
       at Object.userId [as selectByUserId] (/home/gildas/projects/marmelab/javascript-boilerplate/src/api/orders/orderRepository.js:24:61)
       at Object.userId [as selectByUserId] (/home/gildas/projects/marmelab/javascript-boilerplate/src/api/orders/orderRepository.js:24:61)
       at Object.userId [as selectByUserId] (/home/gildas/projects/marmelab/javascript-boilerplate/src/api/orders/orderRepository.js:24:61)
       at Object.userId [as selectByUserId] (/home/gildas/projects/marmelab/javascript-boilerplate/src/api/orders/orderRepository.js:24:61)
       at Object.userId [as selectByUserId] (/home/gildas/projects/marmelab/javascript-boilerplate/src/api/orders/orderRepository.js:24:61)
       at Object.userId [as selectByUserId] (/home/gildas/projects/marmelab/javascript-boilerplate/src/api/orders/orderRepository.js:24:61)
       at Object.userId [as selectByUserId] (/home/gildas/projects/marmelab/javascript-boilerplate/src/api/orders/orderRepository.js:24:61)
       at Object.userId [as selectByUserId] (/home/gildas/projects/marmelab/javascript-boilerplate/src/api/orders/orderRepository.js:24:61)
       at Object.userId [as selectByUserId] (/home/gildas/projects/marmelab/javascript-boilerplate/src/api/orders/orderRepository.js:24:61)
       at Object.userId [as selectByUserId] (/home/gildas/projects/marmelab/javascript-boilerplate/src/api/orders/orderRepository.js:24:61)
       at Object.userId [as selectByUserId] (/home/gildas/projects/marmelab/javascript-boilerplate/src/api/orders/orderRepository.js:24:61)
       at Object.userId [as selectByUserId] (/home/gildas/projects/marmelab/javascript-boilerplate/src/api/orders/orderRepository.js:24:61)
       at Object.userId [as selectByUserId] (/home/gildas/projects/marmelab/javascript-boilerplate/src/api/orders/orderRepository.js:24:61)
       at Object.userId [as selectByUserId] (/home/gildas/projects/marmelab/javascript-boilerplate/src/api/orders/orderRepository.js:24:61)
       at Object.userId [as selectByUserId] (/home/gildas/projects/marmelab/javascript-boilerplate/src/api/orders/orderRepository.js:24:61)
       at Object.userId [as selectByUserId] (/home/gildas/projects/marmelab/javascript-boilerplate/src/api/orders/orderRepository.js:24:61)
       at Object.userId [as selectByUserId] (/home/gildas/projects/marmelab/javascript-boilerplate/src/api/orders/orderRepository.js:24:61)
       at Object.userId [as selectByUserId] (/home/gildas/projects/marmelab/javascript-boilerplate/src/api/orders/orderRepository.js:24:61)
       at Object.userId [as selectByUserId] (/home/gildas/projects/marmelab/javascript-boilerplate/src/api/orders/orderRepository.js:24:61)
       at Object.userId [as selectByUserId] (/home/gildas/projects/marmelab/javascript-boilerplate/src/api/orders/orderRepository.js:24:61)
       at Object.userId [as selectByUserId] (/home/gildas/projects/marmelab/javascript-boilerplate/src/api/orders/orderRepository.js:24:61)
       at Object.userId [as selectByUserId] (/home/gildas/projects/marmelab/javascript-boilerplate/src/api/orders/orderRepository.js:24:61)
       at Object.userId [as selectByUserId] (/home/gildas/projects/marmelab/javascript-boilerplate/src/api/orders/orderRepository.js:24:61)
       at Object.userId [as selectByUserId] (/home/gildas/projects/marmelab/javascript-boilerplate/src/api/orders/orderRepository.js:24:61)
       at Object.userId [as selectByUserId] (/home/gildas/projects/marmelab/javascript-boilerplate/src/api/orders/orderRepository.js:24:61)
       at Object.userId [as selectByUserId] (/home/gildas/projects/marmelab/javascript-boilerplate/src/api/orders/orderRepository.js:24:61)
       at Object.userId [as selectByUserId] (/home/gildas/projects/marmelab/javascript-boilerplate/src/api/orders/orderRepository.js:24:61)
       at Object.userId [as selectByUserId] (/home/gildas/projects/marmelab/javascript-boilerplate/src/api/orders/orderRepository.js:24:61)
       at Object.userId [as selectByUserId] (/home/gildas/projects/marmelab/javascript-boilerplate/src/api/orders/orderRepository.js:24:61)
       at Object.userId [as selectByUserId] (/home/gildas/projects/marmelab/javascript-boilerplate/src/api/orders/orderRepository.js:24:61)
       at Object.userId [as selectByUserId] (/home/gildas/projects/marmelab/javascript-boilerplate/src/api/orders/orderRepository.js:24:61)
       at Object.userId [as selectByUserId] (/home/gildas/projects/marmelab/javascript-boilerplate/src/api/orders/orderRepository.js:24:61)
       at Object.userId [as selectByUserId] (/home/gildas/projects/marmelab/javascript-boilerplate/src/api/orders/orderRepository.js:24:61)
       at Object.userId [as selectByUserId] (/home/gildas/projects/marmelab/javascript-boilerplate/src/api/orders/orderRepository.js:24:61)
       at Object.userId [as selectByUserId] (/home/gildas/projects/marmelab/javascript-boilerplate/src/api/orders/orderRepository.js:24:61)
       at Object.userId [as selectByUserId] (/home/gildas/projects/marmelab/javascript-boilerplate/src/api/orders/orderRepository.js:24:61)
       at Object.userId [as selectByUserId] (/home/gildas/projects/marmelab/javascript-boilerplate/src/api/orders/orderRepository.js:24:61)
       at Object.userId [as selectByUserId] (/home/gildas/projects/marmelab/javascript-boilerplate/src/api/orders/orderRepository.js:24:61)
       at Object.userId [as selectByUserId] (/home/gildas/projects/marmelab/javascript-boilerplate/src/api/orders/orderRepository.js:24:61)
       at Object.userId [as selectByUserId] (/home/gildas/projects/marmelab/javascript-boilerplate/src/api/orders/orderRepository.js:24:61)
       at Object.userId [as selectByUserId] (/home/gildas/projects/marmelab/javascript-boilerplate/src/api/orders/orderRepository.js:24:61)
       at Object.userId [as selectByUserId] (/home/gildas/projects/marmelab/javascript-boilerplate/src/api/orders/orderRepository.js:24:61)
       at Object.userId [as selectByUserId] (/home/gildas/projects/marmelab/javascript-boilerplate/src/api/orders/orderRepository.js:24:61)
       at Object.userId [as selectByUserId] (/home/gildas/projects/marmelab/javascript-boilerplate/src/api/orders/orderRepository.js:24:61)
       at Object.userId [as selectByUserId] (/home/gildas/projects/marmelab/javascript-boilerplate/src/api/orders/orderRepository.js:24:61)
       at Object.userId [as selectByUserId] (/home/gildas/projects/marmelab/javascript-boilerplate/src/api/orders/orderRepository.js:24:61)
       at Object.userId [as selectByUserId] (/home/gildas/projects/marmelab/javascript-boilerplate/src/api/orders/orderRepository.js:24:61)
       at Object.userId [as selectByUserId] (/home/gildas/projects/marmelab/javascript-boilerplate/src/api/orders/orderRepository.js:24:61)
       at Object.userId [as selectByUserId] (/home/gildas/projects/marmelab/javascript-boilerplate/src/api/orders/orderRepository.js:24:61)
       at Object.userId [as selectByUserId] (/home/gildas/projects/marmelab/javascript-boilerplate/src/api/orders/orderRepository.js:24:61)
       at Object.userId [as selectByUserId] (/home/gildas/projects/marmelab/javascript-boilerplate/src/api/orders/orderRepository.js:24:61)
       at Object.userId [as selectByUserId] (/home/gildas/projects/marmelab/javascript-boilerplate/src/api/orders/orderRepository.js:24:61)
       at Object.userId [as selectByUserId] (/home/gildas/projects/marmelab/javascript-boilerplate/src/api/orders/orderRepository.js:24:61)
       at Object.userId [as selectByUserId] (/home/gildas/projects/marmelab/javascript-boilerplate/src/api/orders/orderRepository.js:24:61)
       at Object.userId [as selectByUserId] (/home/gildas/projects/marmelab/javascript-boilerplate/src/api/orders/orderRepository.js:24:61)
       at Object.userId [as selectByUserId] (/home/gildas/projects/marmelab/javascript-boilerplate/src/api/orders/orderRepository.js:24:61)
       at Object.userId [as selectByUserId] (/home/gildas/projects/marmelab/javascript-boilerplate/src/api/orders/orderRepository.js:24:61)
       at Object.userId [as selectByUserId] (/home/gildas/projects/marmelab/javascript-boilerplate/src/api/orders/orderRepository.js:24:61)
       at Object.userId [as selectByUserId] (/home/gildas/projects/marmelab/javascript-boilerplate/src/api/orders/orderRepository.js:24:61)
       at Object.userId [as selectByUserId] (/home/gildas/projects/marmelab/javascript-boilerplate/src/api/orders/orderRepository.js:24:61)
       at Object.userId [as selectByUserId] (/home/gildas/projects/marmelab/javascript-boilerplate/src/api/orders/orderRepository.js:24:61)
       at Object.userId [as selectByUserId] (/home/gildas/projects/marmelab/javascript-boilerplate/src/api/orders/orderRepository.js:24:61)
       at Object.userId [as selectByUserId] (/home/gildas/projects/marmelab/javascript-boilerplate/src/api/orders/orderRepository.js:24:61)
       at Object.userId [as selectByUserId] (/home/gildas/projects/marmelab/javascript-boilerplate/src/api/orders/orderRepository.js:24:61)
       at Object.userId [as selectByUserId] (/home/gildas/projects/marmelab/javascript-boilerplate/src/api/orders/orderRepository.js:24:61)
       at Object.userId [as selectByUserId] (/home/gildas/projects/marmelab/javascript-boilerplate/src/api/orders/orderRepository.js:24:61)
       at Object.userId [as selectByUserId] (/home/gildas/projects/marmelab/javascript-boilerplate/src/api/orders/orderRepository.js:24:61)
       at Object.userId [as selectByUserId] (/home/gildas/projects/marmelab/javascript-boilerplate/src/api/orders/orderRepository.js:24:61)
       at Object.userId [as selectByUserId] (/home/gildas/projects/marmelab/javascript-boilerplate/src/api/orders/orderRepository.js:24:61)
       at Object.userId [as selectByUserId] (/home/gildas/projects/marmelab/javascript-boilerplate/src/api/orders/orderRepository.js:24:61)
       at Object.userId [as selectByUserId] (/home/gildas/projects/marmelab/javascript-boilerplate/src/api/orders/orderRepository.js:24:61)
       at Object.userId [as selectByUserId] (/home/gildas/projects/marmelab/javascript-boilerplate/src/api/orders/orderRepository.js:24:61)
       at Object.userId [as selectByUserId] (/home/gildas/projects/marmelab/javascript-boilerplate/src/api/orders/orderRepository.js:24:61)
       at Object.userId [as selectByUserId] (/home/gildas/projects/marmelab/javascript-boilerplate/src/api/orders/orderRepository.js:24:61)
       at Object.userId [as selectByUserId] (/home/gildas/projects/marmelab/javascript-boilerplate/src/api/orders/orderRepository.js:24:61)
       at Object.userId [as selectByUserId] (/home/gildas/projects/marmelab/javascript-boilerplate/src/api/orders/orderRepository.js:24:61)
       at Object.userId [as selectByUserId] (/home/gildas/projects/marmelab/javascript-boilerplate/src/api/orders/orderRepository.js:24:61)
       at Object.userId [as selectByUserId] (/home/gildas/projects/marmelab/javascript-boilerplate/src/api/orders/orderRepository.js:24:61)
       at Object.userId [as selectByUserId] (/home/gildas/projects/marmelab/javascript-boilerplate/src/api/orders/orderRepository.js:24:61)
       at Object.userId [as selectByUserId] (/home/gildas/projects/marmelab/javascript-boilerplate/src/api/orders/orderRepository.js:24:61)
       at Object.userId [as selectByUserId] (/home/gildas/projects/marmelab/javascript-boilerplate/src/api/orders/orderRepository.js:24:61)
       at Object.userId [as selectByUserId] (/home/gildas/projects/marmelab/javascript-boilerplate/src/api/orders/orderRepository.js:24:61)
       at Object.userId [as selectByUserId] (/home/gildas/projects/marmelab/javascript-boilerplate/src/api/orders/orderRepository.js:24:61)
       at Object.userId [as selectByUserId] (/home/gildas/projects/marmelab/javascript-boilerplate/src/api/orders/orderRepository.js:24:61)
       at Object.userId [as selectByUserId] (/home/gildas/projects/marmelab/javascript-boilerplate/src/api/orders/orderRepository.js:24:61)
       at Object.userId [as selectByUserId] (/home/gildas/projects/marmelab/javascript-boilerplate/src/api/orders/orderRepository.js:24:61)
       at Object.userId [as selectByUserId] (/home/gildas/projects/marmelab/javascript-boilerplate/src/api/orders/orderRepository.js:24:61)
       at Object.userId [as selectByUserId] (/home/gildas/projects/marmelab/javascript-boilerplate/src/api/orders/orderRepository.js:24:61)
       at Object.userId [as selectByUserId] (/home/gildas/projects/marmelab/javascript-boilerplate/src/api/orders/orderRepository.js:24:61)
       at Object.userId [as selectByUserId] (/home/gildas/projects/marmelab/javascript-boilerplate/src/api/orders/orderRepository.js:24:61)
       at Object.userId [as selectByUserId] (/home/gildas/projects/marmelab/javascript-boilerplate/src/api/orders/orderRepository.js:24:61)
       at Object.userId [as selectByUserId] (/home/gildas/projects/marmelab/javascript-boilerplate/src/api/orders/orderRepository.js:24:61)
       at Object.userId [as selectByUserId] (/home/gildas/projects/marmelab/javascript-boilerplate/src/api/orders/orderRepository.js:24:61)
       at Object.userId [as selectByUserId] (/home/gildas/projects/marmelab/javascript-boilerplate/src/api/orders/orderRepository.js:24:61)
       at Object.userId [as selectByUserId] (/home/gildas/projects/marmelab/javascript-boilerplate/src/api/orders/orderRepository.js:24:61)
       at Object.userId [as selectByUserId] (/home/gildas/projects/marmelab/javascript-boilerplate/src/api/orders/orderRepository.js:24:61)
       at Object.userId [as selectByUserId] (/home/gildas/projects/marmelab/javascript-boilerplate/src/api/orders/orderRepository.js:24:61)
       at Object.userId [as selectByUserId] (/home/gildas/projects/marmelab/javascript-boilerplate/src/api/orders/orderRepository.js:24:61)
       at Object.userId [as selectByUserId] (/home/gildas/projects/marmelab/javascript-boilerplate/src/api/orders/orderRepository.js:24:61)
       at Object.userId [as selectByUserId] (/home/gildas/projects/marmelab/javascript-boilerplate/src/api/orders/orderRepository.js:24:61)
       at Object.userId [as selectByUserId] (/home/gildas/projects/marmelab/javascript-boilerplate/src/api/orders/orderRepository.js:24:61)
       at Object.userId [as selectByUserId] (/home/gildas/projects/marmelab/javascript-boilerplate/src/api/orders/orderRepository.js:24:61)
       at Object.userId [as selectByUserId] (/home/gildas/projects/marmelab/javascript-boilerplate/src/api/orders/orderRepository.js:24:61)
       at Object.userId [as selectByUserId] (/home/gildas/projects/marmelab/javascript-boilerplate/src/api/orders/orderRepository.js:24:61)
       at Object.userId [as selectByUserId] (/home/gildas/projects/marmelab/javascript-boilerplate/src/api/orders/orderRepository.js:24:61)
       at Object.userId [as selectByUserId] (/home/gildas/projects/marmelab/javascript-boilerplate/src/api/orders/orderRepository.js:24:61)
       at Object.userId [as selectByUserId] (/home/gildas/projects/marmelab/javascript-boilerplate/src/api/orders/orderRepository.js:24:61)
       at Object.userId [as selectByUserId] (/home/gildas/projects/marmelab/javascript-boilerplate/src/api/orders/orderRepository.js:24:61)
       at Object.userId [as selectByUserId] (/home/gildas/projects/marmelab/javascript-boilerplate/src/api/orders/orderRepository.js:24:61)
       at Object.userId [as selectByUserId] (/home/gildas/projects/marmelab/javascript-boilerplate/src/api/orders/orderRepository.js:24:61)
       at Object.userId [as selectByUserId] (/home/gildas/projects/marmelab/javascript-boilerplate/src/api/orders/orderRepository.js:24:61)
       at Object.userId [as selectByUserId] (/home/gildas/projects/marmelab/javascript-boilerplate/src/api/orders/orderRepository.js:24:61)
       at Object.userId [as selectByUserId] (/home/gildas/projects/marmelab/javascript-boilerplate/src/api/orders/orderRepository.js:24:61)
       at Object.userId [as selectByUserId] (/home/gildas/projects/marmelab/javascript-boilerplate/src/api/orders/orderRepository.js:24:61)
       at Object.userId [as selectByUserId] (/home/gildas/projects/marmelab/javascript-boilerplate/src/api/orders/orderRepository.js:24:61)
       at Object.userId [as selectByUserId] (/home/gildas/projects/marmelab/javascript-boilerplate/src/api/orders/orderRepository.js:24:61)
       at Object.userId [as selectByUserId] (/home/gildas/projects/marmelab/javascript-boilerplate/src/api/orders/orderRepository.js:24:61)
       at Object.userId [as selectByUserId] (/home/gildas/projects/marmelab/javascript-boilerplate/src/api/orders/orderRepository.js:24:61)
       at Object.userId [as selectByUserId] (/home/gildas/projects/marmelab/javascript-boilerplate/src/api/orders/orderRepository.js:24:61)
       at Object.userId [as selectByUserId] (/home/gildas/projects/marmelab/javascript-boilerplate/src/api/orders/orderRepository.js:24:61)
       at Object.userId [as selectByUserId] (/home/gildas/projects/marmelab/javascript-boilerplate/src/api/orders/orderRepository.js:24:61)
       at Object.userId [as selectByUserId] (/home/gildas/projects/marmelab/javascript-boilerplate/src/api/orders/orderRepository.js:24:61)
       at Object.userId [as selectByUserId] (/home/gildas/projects/marmelab/javascript-boilerplate/src/api/orders/orderRepository.js:24:61)
       at Object.userId [as selectByUserId] (/home/gildas/projects/marmelab/javascript-boilerplate/src/api/orders/orderRepository.js:24:61)
       at Object.userId [as selectByUserId] (/home/gildas/projects/marmelab/javascript-boilerplate/src/api/orders/orderRepository.js:24:61)
       at Object.userId [as selectByUserId] (/home/gildas/projects/marmelab/javascript-boilerplate/src/api/orders/orderRepository.js:24:61)
       at Object.userId [as selectByUserId] (/home/gildas/projects/marmelab/javascript-boilerplate/src/api/orders/orderRepository.js:24:61)
       at Object.userId [as selectByUserId] (/home/gildas/projects/marmelab/javascript-boilerplate/src/api/orders/orderRepository.js:24:61)
       at Object.userId [as selectByUserId] (/home/gildas/projects/marmelab/javascript-boilerplate/src/api/orders/orderRepository.js:24:61)
       at Object.userId [as selectByUserId] (/home/gildas/projects/marmelab/javascript-boilerplate/src/api/orders/orderRepository.js:24:61)
       at Object.userId [as selectByUserId] (/home/gildas/projects/marmelab/javascript-boilerplate/src/api/orders/orderRepository.js:24:61)
       at Object.userId [as selectByUserId] (/home/gildas/projects/marmelab/javascript-boilerplate/src/api/orders/orderRepository.js:24:61)
       at Object.userId [as selectByUserId] (/home/gildas/projects/marmelab/javascript-boilerplate/src/api/orders/orderRepository.js:24:61)
       at Object.userId [as selectByUserId] (/home/gildas/projects/marmelab/javascript-boilerplate/src/api/orders/orderRepository.js:24:61)
       at Object.userId [as selectByUserId] (/home/gildas/projects/marmelab/javascript-boilerplate/src/api/orders/orderRepository.js:24:61)
       at Object.userId [as selectByUserId] (/home/gildas/projects/marmelab/javascript-boilerplate/src/api/orders/orderRepository.js:24:61)
       at Object.userId [as selectByUserId] (/home/gildas/projects/marmelab/javascript-boilerplate/src/api/orders/orderRepository.js:24:61)
       at Object.userId [as selectByUserId] (/home/gildas/projects/marmelab/javascript-boilerplate/src/api/orders/orderRepository.js:24:61)
       at Object.userId [as selectByUserId] (/home/gildas/projects/marmelab/javascript-boilerplate/src/api/orders/orderRepository.js:24:61)
       at Object.userId [as selectByUserId] (/home/gildas/projects/marmelab/javascript-boilerplate/src/api/orders/orderRepository.js:24:61)
       at Object.userId [as selectByUserId] (/home/gildas/projects/marmelab/javascript-boilerplate/src/api/orders/orderRepository.js:24:61)
       at Object.userId [as selectByUserId] (/home/gildas/projects/marmelab/javascript-boilerplate/src/api/orders/orderRepository.js:24:61)
       at Object.userId [as selectByUserId] (/home/gildas/projects/marmelab/javascript-boilerplate/src/api/orders/orderRepository.js:24:61)
       at Object.userId [as selectByUserId] (/home/gildas/projects/marmelab/javascript-boilerplate/src/api/orders/orderRepository.js:24:61)
       at Object.userId [as selectByUserId] (/home/gildas/projects/marmelab/javascript-boilerplate/src/api/orders/orderRepository.js:24:61)
       at Object.userId [as selectByUserId] (/home/gildas/projects/marmelab/javascript-boilerplate/src/api/orders/orderRepository.js:24:61)
       at Object.userId [as selectByUserId] (/home/gildas/projects/marmelab/javascript-boilerplate/src/api/orders/orderRepository.js:24:61)
       at Object.userId [as selectByUserId] (/home/gildas/projects/marmelab/javascript-boilerplate/src/api/orders/orderRepository.js:24:61)
       at Object.userId [as selectByUserId] (/home/gildas/projects/marmelab/javascript-boilerplate/src/api/orders/orderRepository.js:24:61)
       at Object.userId [as selectByUserId] (/home/gildas/projects/marmelab/javascript-boilerplate/src/api/orders/orderRepository.js:24:61)
       at Object.userId [as selectByUserId] (/home/gildas/projects/marmelab/javascript-boilerplate/src/api/orders/orderRepository.js:24:61)
       at Object.userId [as selectByUserId] (/home/gildas/projects/marmelab/javascript-boilerplate/src/api/orders/orderRepository.js:24:61)
       at Object.userId [as selectByUserId] (/home/gildas/projects/marmelab/javascript-boilerplate/src/api/orders/orderRepository.js:24:61)
       at Object.userId [as selectByUserId] (/home/gildas/projects/marmelab/javascript-boilerplate/src/api/orders/orderRepository.js:24:61)
       at Object.userId [as selectByUserId] (/home/gildas/projects/marmelab/javascript-boilerplate/src/api/orders/orderRepository.js:24:61)
       at Object.userId [as selectByUserId] (/home/gildas/projects/marmelab/javascript-boilerplate/src/api/orders/orderRepository.js:24:61)
       at Object.userId [as selectByUserId] (/home/gildas/projects/marmelab/javascript-boilerplate/src/api/orders/orderRepository.js:24:61)
       at Object.userId [as selectByUserId] (/home/gildas/projects/marmelab/javascript-boilerplate/src/api/orders/orderRepository.js:24:61)
       at Object.userId [as selectByUserId] (/home/gildas/projects/marmelab/javascript-boilerplate/src/api/orders/orderRepository.js:24:61)
       at Object.userId [as selectByUserId] (/home/gildas/projects/marmelab/javascript-boilerplate/src/api/orders/orderRepository.js:24:61)
       at Object.userId [as selectByUserId] (/home/gildas/projects/marmelab/javascript-boilerplate/src/api/orders/orderRepository.js:24:61)
       at Object.userId [as selectByUserId] (/home/gildas/projects/marmelab/javascript-boilerplate/src/api/orders/orderRepository.js:24:61)
       at Object.userId [as selectByUserId] (/home/gildas/projects/marmelab/javascript-boilerplate/src/api/orders/orderRepository.js:24:61)
       at Object.userId [as selectByUserId] (/home/gildas/projects/marmelab/javascript-boilerplate/src/api/orders/orderRepository.js:24:61)
       at Object.userId [as selectByUserId] (/home/gildas/projects/marmelab/javascript-boilerplate/src/api/orders/orderRepository.js:24:61)
       at Object.userId [as selectByUserId] (/home/gildas/projects/marmelab/javascript-boilerplate/src/api/orders/orderRepository.js:24:61)
       at Object.userId [as selectByUserId] (/home/gildas/projects/marmelab/javascript-boilerplate/src/api/orders/orderRepository.js:24:61)
       at Object.userId [as selectByUserId] (/home/gildas/projects/marmelab/javascript-boilerplate/src/api/orders/orderRepository.js:24:61)
       at Object.userId [as selectByUserId] (/home/gildas/projects/marmelab/javascript-boilerplate/src/api/orders/orderRepository.js:24:61)
       at Object.userId [as selectByUserId] (/home/gildas/projects/marmelab/javascript-boilerplate/src/api/orders/orderRepository.js:24:61)
       at Object.userId [as selectByUserId] (/home/gildas/projects/marmelab/javascript-boilerplate/src/api/orders/orderRepository.js:24:61)
       at Object.userId [as selectByUserId] (/home/gildas/projects/marmelab/javascript-boilerplate/src/api/orders/orderRepository.js:24:61)
       at Object.userId [as selectByUserId] (/home/gildas/projects/marmelab/javascript-boilerplate/src/api/orders/orderRepository.js:24:61)
       at Object.userId [as selectByUserId] (/home/gildas/projects/marmelab/javascript-boilerplate/src/api/orders/orderRepository.js:24:61)
       at Object.userId [as selectByUserId] (/home/gildas/projects/marmelab/javascript-boilerplate/src/api/orders/orderRepository.js:24:61)
       at Object.userId [as selectByUserId] (/home/gildas/projects/marmelab/javascript-boilerplate/src/api/orders/orderRepository.js:24:61)
       at Object.userId [as selectByUserId] (/home/gildas/projects/marmelab/javascript-boilerplate/src/api/orders/orderRepository.js:24:61)
       at Object.userId [as selectByUserId] (/home/gildas/projects/marmelab/javascript-boilerplate/src/api/orders/orderRepository.js:24:61)
       at Object.userId [as selectByUserId] (/home/gildas/projects/marmelab/javascript-boilerplate/src/api/orders/orderRepository.js:24:61)
       at Object.userId [as selectByUserId] (/home/gildas/projects/marmelab/javascript-boilerplate/src/api/orders/orderRepository.js:24:61)
       at Object.userId [as selectByUserId] (/home/gildas/projects/marmelab/javascript-boilerplate/src/api/orders/orderRepository.js:24:61)
       at Object.userId [as selectByUserId] (/home/gildas/projects/marmelab/javascript-boilerplate/src/api/orders/orderRepository.js:24:61)
       at Object.userId [as selectByUserId] (/home/gildas/projects/marmelab/javascript-boilerplate/src/api/orders/orderRepository.js:24:61)
       at Object.userId [as selectByUserId] (/home/gildas/projects/marmelab/javascript-boilerplate/src/api/orders/orderRepository.js:24:61)
       at Object.userId [as selectByUserId] (/home/gildas/projects/marmelab/javascript-boilerplate/src/api/orders/orderRepository.js:24:61)
       at Object.userId [as selectByUserId] (/home/gildas/projects/marmelab/javascript-boilerplate/src/api/orders/orderRepository.js:24:61)
       at Object.userId [as selectByUserId] (/home/gildas/projects/marmelab/javascript-boilerplate/src/api/orders/orderRepository.js:24:61)
       at Object.userId [as selectByUserId] (/home/gildas/projects/marmelab/javascript-boilerplate/src/api/orders/orderRepository.js:24:61)
       at Object.userId [as selectByUserId] (/home/gildas/projects/marmelab/javascript-boilerplate/src/api/orders/orderRepository.js:24:61)
       at Object.userId [as selectByUserId] (/home/gildas/projects/marmelab/javascript-boilerplate/src/api/orders/orderRepository.js:24:61)
       at Object.userId [as selectByUserId] (/home/gildas/projects/marmelab/javascript-boilerplate/src/api/orders/orderRepository.js:24:61)
       at Object.userId [as selectByUserId] (/home/gildas/projects/marmelab/javascript-boilerplate/src/api/orders/orderRepository.js:24:61)
       at Object.userId [as selectByUserId] (/home/gildas/projects/marmelab/javascript-boilerplate/src/api/orders/orderRepository.js:24:61)
       at Object.userId [as selectByUserId] (/home/gildas/projects/marmelab/javascript-boilerplate/src/api/orders/orderRepository.js:24:61)
       at Object.userId [as selectByUserId] (/home/gildas/projects/marmelab/javascript-boilerplate/src/api/orders/orderRepository.js:24:61)
       at Object.userId [as selectByUserId] (/home/gildas/projects/marmelab/javascript-boilerplate/src/api/orders/orderRepository.js:24:61)
       at Object.userId [as selectByUserId] (/home/gildas/projects/marmelab/javascript-boilerplate/src/api/orders/orderRepository.js:24:61)
       at Object.userId [as selectByUserId] (/home/gildas/projects/marmelab/javascript-boilerplate/src/api/orders/orderRepository.js:24:61)
       at Object.userId [as selectByUserId] (/home/gildas/projects/marmelab/javascript-boilerplate/src/api/orders/orderRepository.js:24:61)
       at Object.userId [as selectByUserId] (/home/gildas/projects/marmelab/javascript-boilerplate/src/api/orders/orderRepository.js:24:61)
       at Object.userId [as selectByUserId] (/home/gildas/projects/marmelab/javascript-boilerplate/src/api/orders/orderRepository.js:24:61)
       at Object.userId [as selectByUserId] (/home/gildas/projects/marmelab/javascript-boilerplate/src/api/orders/orderRepository.js:24:61)
       at Object.userId [as selectByUserId] (/home/gildas/projects/marmelab/javascript-boilerplate/src/api/orders/orderRepository.js:24:61)
       at Object.userId [as selectByUserId] (/home/gildas/projects/marmelab/javascript-boilerplate/src/api/orders/orderRepository.js:24:61)
       at Object.userId [as selectByUserId] (/home/gildas/projects/marmelab/javascript-boilerplate/src/api/orders/orderRepository.js:24:61)
       at Object.userId [as selectByUserId] (/home/gildas/projects/marmelab/javascript-boilerplate/src/api/orders/orderRepository.js:24:61)
       at Object.userId [as selectByUserId] (/home/gildas/projects/marmelab/javascript-boilerplate/src/api/orders/orderRepository.js:24:61)
       at Object.userId [as selectByUserId] (/home/gildas/projects/marmelab/javascript-boilerplate/src/api/orders/orderRepository.js:24:61)
       at Object.userId [as selectByUserId] (/home/gildas/projects/marmelab/javascript-boilerplate/src/api/orders/orderRepository.js:24:61)
       at Object.userId [as selectByUserId] (/home/gildas/projects/marmelab/javascript-boilerplate/src/api/orders/orderRepository.js:24:61)
       at Object.userId [as selectByUserId] (/home/gildas/projects/marmelab/javascript-boilerplate/src/api/orders/orderRepository.js:24:61)
       at Object.userId [as selectByUserId] (/home/gildas/projects/marmelab/javascript-boilerplate/src/api/orders/orderRepository.js:24:61)
       at Object.userId [as selectByUserId] (/home/gildas/projects/marmelab/javascript-boilerplate/src/api/orders/orderRepository.js:24:61)
       at Object.userId [as selectByUserId] (/home/gildas/projects/marmelab/javascript-boilerplate/src/api/orders/orderRepository.js:24:61)
       at Object.userId [as selectByUserId] (/home/gildas/projects/marmelab/javascript-boilerplate/src/api/orders/orderRepository.js:24:61)
       at Object.userId [as selectByUserId] (/home/gildas/projects/marmelab/javascript-boilerplate/src/api/orders/orderRepository.js:24:61)
       at Object.userId [as selectByUserId] (/home/gildas/projects/marmelab/javascript-boilerplate/src/api/orders/orderRepository.js:24:61)
       at Object.userId [as selectByUserId] (/home/gildas/projects/marmelab/javascript-boilerplate/src/api/orders/orderRepository.js:24:61)
       at Object.userId [as selectByUserId] (/home/gildas/projects/marmelab/javascript-boilerplate/src/api/orders/orderRepository.js:24:61)
       at Object.userId [as selectByUserId] (/home/gildas/projects/marmelab/javascript-boilerplate/src/api/orders/orderRepository.js:24:61)
       at Object.userId [as selectByUserId] (/home/gildas/projects/marmelab/javascript-boilerplate/src/api/orders/orderRepository.js:24:61)
       at Object.userId [as selectByUserId] (/home/gildas/projects/marmelab/javascript-boilerplate/src/api/orders/orderRepository.js:24:61)
       at Object.userId [as selectByUserId] (/home/gildas/projects/marmelab/javascript-boilerplate/src/api/orders/orderRepository.js:24:61)
       at Object.userId [as selectByUserId] (/home/gildas/projects/marmelab/javascript-boilerplate/src/api/orders/orderRepository.js:24:61)
       at Object.userId [as selectByUserId] (/home/gildas/projects/marmelab/javascript-boilerplate/src/api/orders/orderRepository.js:24:61)
       at Object.userId [as selectByUserId] (/home/gildas/projects/marmelab/javascript-boilerplate/src/api/orders/orderRepository.js:24:61)
       at Object.userId [as selectByUserId] (/home/gildas/projects/marmelab/javascript-boilerplate/src/api/orders/orderRepository.js:24:61)
       at Object.userId [as selectByUserId] (/home/gildas/projects/marmelab/javascript-boilerplate/src/api/orders/orderRepository.js:24:61)
       at Object.userId [as selectByUserId] (/home/gildas/projects/marmelab/javascript-boilerplate/src/api/orders/orderRepository.js:24:61)
       at Object.userId [as selectByUserId] (/home/gildas/projects/marmelab/javascript-boilerplate/src/api/orders/orderRepository.js:24:61)
       at Object.userId [as selectByUserId] (/home/gildas/projects/marmelab/javascript-boilerplate/src/api/orders/orderRepository.js:24:61)
       at Object.userId [as selectByUserId] (/home/gildas/projects/marmelab/javascript-boilerplate/src/api/orders/orderRepository.js:24:61)
       at Object.userId [as selectByUserId] (/home/gildas/projects/marmelab/javascript-boilerplate/src/api/orders/orderRepository.js:24:61)
       at Object.userId [as selectByUserId] (/home/gildas/projects/marmelab/javascript-boilerplate/src/api/orders/orderRepository.js:24:61)
       at Object.userId [as selectByUserId] (/home/gildas/projects/marmelab/javascript-boilerplate/src/api/orders/orderRepository.js:24:61)
       at Object.userId [as selectByUserId] (/home/gildas/projects/marmelab/javascript-boilerplate/src/api/orders/orderRepository.js:24:61)
       at Object.userId [as selectByUserId] (/home/gildas/projects/marmelab/javascript-boilerplate/src/api/orders/orderRepository.js:24:61)
       at Object.userId [as selectByUserId] (/home/gildas/projects/marmelab/javascript-boilerplate/src/api/orders/orderRepository.js:24:61)
       at Object.userId [as selectByUserId] (/home/gildas/projects/marmelab/javascript-boilerplate/src/api/orders/orderRepository.js:24:61)
       at Object.userId [as selectByUserId] (/home/gildas/projects/marmelab/javascript-boilerplate/src/api/orders/orderRepository.js:24:61)
       at Object.userId [as selectByUserId] (/home/gildas/projects/marmelab/javascript-boilerplate/src/api/orders/orderRepository.js:24:61)
       at Object.userId [as selectByUserId] (/home/gildas/projects/marmelab/javascript-boilerplate/src/api/orders/orderRepository.js:24:61)
       at Object.userId [as selectByUserId] (/home/gildas/projects/marmelab/javascript-boilerplate/src/api/orders/orderRepository.js:24:61)
       at Object.userId [as selectByUserId] (/home/gildas/projects/marmelab/javascript-boilerplate/src/api/orders/orderRepository.js:24:61)
       at Object.userId [as selectByUserId] (/home/gildas/projects/marmelab/javascript-boilerplate/src/api/orders/orderRepository.js:24:61)
       at Object.userId [as selectByUserId] (/home/gildas/projects/marmelab/javascript-boilerplate/src/api/orders/orderRepository.js:24:61)
       at Object.userId [as selectByUserId] (/home/gildas/projects/marmelab/javascript-boilerplate/src/api/orders/orderRepository.js:24:61)
       at Object.userId [as selectByUserId] (/home/gildas/projects/marmelab/javascript-boilerplate/src/api/orders/orderRepository.js:24:61)
       at Object.userId [as selectByUserId] (/home/gildas/projects/marmelab/javascript-boilerplate/src/api/orders/orderRepository.js:24:61)
       at Object.userId [as selectByUserId] (/home/gildas/projects/marmelab/javascript-boilerplate/src/api/orders/orderRepository.js:24:61)
       at Object.userId [as selectByUserId] (/home/gildas/projects/marmelab/javascript-boilerplate/src/api/orders/orderRepository.js:24:61)
       at Object.userId [as selectByUserId] (/home/gildas/projects/marmelab/javascript-boilerplate/src/api/orders/orderRepository.js:24:61)
       at Object.userId [as selectByUserId] (/home/gildas/projects/marmelab/javascript-boilerplate/src/api/orders/orderRepository.js:24:61)
       at Object.userId [as selectByUserId] (/home/gildas/projects/marmelab/javascript-boilerplate/src/api/orders/orderRepository.js:24:61)
       at Object.userId [as selectByUserId] (/home/gildas/projects/marmelab/javascript-boilerplate/src/api/orders/orderRepository.js:24:61)
       at Object.userId [as selectByUserId] (/home/gildas/projects/marmelab/javascript-boilerplate/src/api/orders/orderRepository.js:24:61)
       at Object.userId [as selectByUserId] (/home/gildas/projects/marmelab/javascript-boilerplate/src/api/orders/orderRepository.js:24:61)
       at Object.userId [as selectByUserId] (/home/gildas/projects/marmelab/javascript-boilerplate/src/api/orders/orderRepository.js:24:61)
       at Object.userId [as selectByUserId] (/home/gildas/projects/marmelab/javascript-boilerplate/src/api/orders/orderRepository.js:24:61)
       at Object.userId [as selectByUserId] (/home/gildas/projects/marmelab/javascript-boilerplate/src/api/orders/orderRepository.js:24:61)
       at Object.userId [as selectByUserId] (/home/gildas/projects/marmelab/javascript-boilerplate/src/api/orders/orderRepository.js:24:61)
       at Object.userId [as selectByUserId] (/home/gildas/projects/marmelab/javascript-boilerplate/src/api/orders/orderRepository.js:24:61)
       at Object.userId [as selectByUserId] (/home/gildas/projects/marmelab/javascript-boilerplate/src/api/orders/orderRepository.js:24:61)
       at Object.userId [as selectByUserId] (/home/gildas/projects/marmelab/javascript-boilerplate/src/api/orders/orderRepository.js:24:61)
       at Object.userId [as selectByUserId] (/home/gildas/projects/marmelab/javascript-boilerplate/src/api/orders/orderRepository.js:24:61)
       at Object.userId [as selectByUserId] (/home/gildas/projects/marmelab/javascript-boilerplate/src/api/orders/orderRepository.js:24:61)
       at Object.userId [as selectByUserId] (/home/gildas/projects/marmelab/javascript-boilerplate/src/api/orders/orderRepository.js:24:61)
       at Object.userId [as selectByUserId] (/home/gildas/projects/marmelab/javascript-boilerplate/src/api/orders/orderRepository.js:24:61)
       at Object.userId [as selectByUserId] (/home/gildas/projects/marmelab/javascript-boilerplate/src/api/orders/orderRepository.js:24:61)
       at Object.userId [as selectByUserId] (/home/gildas/projects/marmelab/javascript-boilerplate/src/api/orders/orderRepository.js:24:61)
       at Object.userId [as selectByUserId] (/home/gildas/projects/marmelab/javascript-boilerplate/src/api/orders/orderRepository.js:24:61)
       at Object.userId [as selectByUserId] (/home/gildas/projects/marmelab/javascript-boilerplate/src/api/orders/orderRepository.js:24:61)
       at Object.userId [as selectByUserId] (/home/gildas/projects/marmelab/javascript-boilerplate/src/api/orders/orderRepository.js:24:61)
       at Object.userId [as selectByUserId] (/home/gildas/projects/marmelab/javascript-boilerplate/src/api/orders/orderRepository.js:24:61)
       at Object.userId [as selectByUserId] (/home/gildas/projects/marmelab/javascript-boilerplate/src/api/orders/orderRepository.js:24:61)
       at Object.userId [as selectByUserId] (/home/gildas/projects/marmelab/javascript-boilerplate/src/api/orders/orderRepository.js:24:61)
       at Object.userId [as selectByUserId] (/home/gildas/projects/marmelab/javascript-boilerplate/src/api/orders/orderRepository.js:24:61)
       at Object.userId [as selectByUserId] (/home/gildas/projects/marmelab/javascript-boilerplate/src/api/orders/orderRepository.js:24:61)
       at Object.userId [as selectByUserId] (/home/gildas/projects/marmelab/javascript-boilerplate/src/api/orders/orderRepository.js:24:61)
       at Object.userId [as selectByUserId] (/home/gildas/projects/marmelab/javascript-boilerplate/src/api/orders/orderRepository.js:24:61)
       at Object.userId [as selectByUserId] (/home/gildas/projects/marmelab/javascript-boilerplate/src/api/orders/orderRepository.js:24:61)
       at Object.userId [as selectByUserId] (/home/gildas/projects/marmelab/javascript-boilerplate/src/api/orders/orderRepository.js:24:61)
       at Object.userId [as selectByUserId] (/home/gildas/projects/marmelab/javascript-boilerplate/src/api/orders/orderRepository.js:24:61)
       at Object.userId [as selectByUserId] (/home/gildas/projects/marmelab/javascript-boilerplate/src/api/orders/orderRepository.js:24:61)
       at Object.userId [as selectByUserId] (/home/gildas/projects/marmelab/javascript-boilerplate/src/api/orders/orderRepository.js:24:61)
       at Object.userId [as selectByUserId] (/home/gildas/projects/marmelab/javascript-boilerplate/src/api/orders/orderRepository.js:24:61)
       at Object.userId [as selectByUserId] (/home/gildas/projects/marmelab/javascript-boilerplate/src/api/orders/orderRepository.js:24:61)
       at Object.userId [as selectByUserId] (/home/gildas/projects/marmelab/javascript-boilerplate/src/api/orders/orderRepository.js:24:61)
       at Object.userId [as selectByUserId] (/home/gildas/projects/marmelab/javascript-boilerplate/src/api/orders/orderRepository.js:24:61)
       at Object.userId [as selectByUserId] (/home/gildas/projects/marmelab/javascript-boilerplate/src/api/orders/orderRepository.js:24:61)
       at Object.userId [as selectByUserId] (/home/gildas/projects/marmelab/javascript-boilerplate/src/api/orders/orderRepository.js:24:61)
       at Object.userId [as selectByUserId] (/home/gildas/projects/marmelab/javascript-boilerplate/src/api/orders/orderRepository.js:24:61)
       at Object.userId [as selectByUserId] (/home/gildas/projects/marmelab/javascript-boilerplate/src/api/orders/orderRepository.js:24:61)
       at Object.userId [as selectByUserId] (/home/gildas/projects/marmelab/javascript-boilerplate/src/api/orders/orderRepository.js:24:61)
       at Object.userId [as selectByUserId] (/home/gildas/projects/marmelab/javascript-boilerplate/src/api/orders/orderRepository.js:24:61)
       at Object.userId [as selectByUserId] (/home/gildas/projects/marmelab/javascript-boilerplate/src/api/orders/orderRepository.js:24:61)
       at Object.userId [as selectByUserId] (/home/gildas/projects/marmelab/javascript-boilerplate/src/api/orders/orderRepository.js:24:61)
       at Object.userId [as selectByUserId] (/home/gildas/projects/marmelab/javascript-boilerplate/src/api/orders/orderRepository.js:24:61)
       at Object.userId [as selectByUserId] (/home/gildas/projects/marmelab/javascript-boilerplate/src/api/orders/orderRepository.js:24:61)
       at Object.userId [as selectByUserId] (/home/gildas/projects/marmelab/javascript-boilerplate/src/api/orders/orderRepository.js:24:61)
       at Object.userId [as selectByUserId] (/home/gildas/projects/marmelab/javascript-boilerplate/src/api/orders/orderRepository.js:24:61)
       at Object.userId [as selectByUserId] (/home/gildas/projects/marmelab/javascript-boilerplate/src/api/orders/orderRepository.js:24:61)
       at Object.userId [as selectByUserId] (/home/gildas/projects/marmelab/javascript-boilerplate/src/api/orders/orderRepository.js:24:61)
       at Object.userId [as selectByUserId] (/home/gildas/projects/marmelab/javascript-boilerplate/src/api/orders/orderRepository.js:24:61)
       at Object.userId [as selectByUserId] (/home/gildas/projects/marmelab/javascript-boilerplate/src/api/orders/orderRepository.js:24:61)
       at Object.userId [as selectByUserId] (/home/gildas/projects/marmelab/javascript-boilerplate/src/api/orders/orderRepository.js:24:61)
       at Object.userId [as selectByUserId] (/home/gildas/projects/marmelab/javascript-boilerplate/src/api/orders/orderRepository.js:24:61)
       at Object.userId [as selectByUserId] (/home/gildas/projects/marmelab/javascript-boilerplate/src/api/orders/orderRepository.js:24:61)
       at Object.userId [as selectByUserId] (/home/gildas/projects/marmelab/javascript-boilerplate/src/api/orders/orderRepository.js:24:61)
       at Object.userId [as selectByUserId] (/home/gildas/projects/marmelab/javascript-boilerplate/src/api/orders/orderRepository.js:24:61)
       at Object.userId [as selectByUserId] (/home/gildas/projects/marmelab/javascript-boilerplate/src/api/orders/orderRepository.js:24:61)
       at Object.userId [as selectByUserId] (/home/gildas/projects/marmelab/javascript-boilerplate/src/api/orders/orderRepository.js:24:61)
       at Object.userId [as selectByUserId] (/home/gildas/projects/marmelab/javascript-boilerplate/src/api/orders/orderRepository.js:24:61)
       at Object.userId [as selectByUserId] (/home/gildas/projects/marmelab/javascript-boilerplate/src/api/orders/orderRepository.js:24:61)
       at Object.userId [as selectByUserId] (/home/gildas/projects/marmelab/javascript-boilerplate/src/api/orders/orderRepository.js:24:61)
       at Object.userId [as selectByUserId] (/home/gildas/projects/marmelab/javascript-boilerplate/src/api/orders/orderRepository.js:24:61)
       at Object.userId [as selectByUserId] (/home/gildas/projects/marmelab/javascript-boilerplate/src/api/orders/orderRepository.js:24:61)
       at Object.userId [as selectByUserId] (/home/gildas/projects/marmelab/javascript-boilerplate/src/api/orders/orderRepository.js:24:61)
       at Object.userId [as selectByUserId] (/home/gildas/projects/marmelab/javascript-boilerplate/src/api/orders/orderRepository.js:24:61)
       at Object.userId [as selectByUserId] (/home/gildas/projects/marmelab/javascript-boilerplate/src/api/orders/orderRepository.js:24:61)
       at Object.userId [as selectByUserId] (/home/gildas/projects/marmelab/javascript-boilerplate/src/api/orders/orderRepository.js:24:61)
       at Object.userId [as selectByUserId] (/home/gildas/projects/marmelab/javascript-boilerplate/src/api/orders/orderRepository.js:24:61)
       at Object.userId [as selectByUserId] (/home/gildas/projects/marmelab/javascript-boilerplate/src/api/orders/orderRepository.js:24:61)
       at Object.userId [as selectByUserId] (/home/gildas/projects/marmelab/javascript-boilerplate/src/api/orders/orderRepository.js:24:61)
       at Object.userId [as selectByUserId] (/home/gildas/projects/marmelab/javascript-boilerplate/src/api/orders/orderRepository.js:24:61)
       at Object.userId [as selectByUserId] (/home/gildas/projects/marmelab/javascript-boilerplate/src/api/orders/orderRepository.js:24:61)
       at Object.userId [as selectByUserId] (/home/gildas/projects/marmelab/javascript-boilerplate/src/api/orders/orderRepository.js:24:61)
       at Object.userId [as selectByUserId] (/home/gildas/projects/marmelab/javascript-boilerplate/src/api/orders/orderRepository.js:24:61)
       at Object.userId [as selectByUserId] (/home/gildas/projects/marmelab/javascript-boilerplate/src/api/orders/orderRepository.js:24:61)
       at Object.userId [as selectByUserId] (/home/gildas/projects/marmelab/javascript-boilerplate/src/api/orders/orderRepository.js:24:61)
       at Object.userId [as selectByUserId] (/home/gildas/projects/marmelab/javascript-boilerplate/src/api/orders/orderRepository.js:24:61)
       at Object.userId [as selectByUserId] (/home/gildas/projects/marmelab/javascript-boilerplate/src/api/orders/orderRepository.js:24:61)
       at Object.userId [as selectByUserId] (/home/gildas/projects/marmelab/javascript-boilerplate/src/api/orders/orderRepository.js:24:61)
       at Object.userId [as selectByUserId] (/home/gildas/projects/marmelab/javascript-boilerplate/src/api/orders/orderRepository.js:24:61)
       at Object.userId [as selectByUserId] (/home/gildas/projects/marmelab/javascript-boilerplate/src/api/orders/orderRepository.js:24:61)
       at Object.userId [as selectByUserId] (/home/gildas/projects/marmelab/javascript-boilerplate/src/api/orders/orderRepository.js:24:61)
       at Object.userId [as selectByUserId] (/home/gildas/projects/marmelab/javascript-boilerplate/src/api/orders/orderRepository.js:24:61)
       at Object.userId [as selectByUserId] (/home/gildas/projects/marmelab/javascript-boilerplate/src/api/orders/orderRepository.js:24:61)
       at Object.userId [as selectByUserId] (/home/gildas/projects/marmelab/javascript-boilerplate/src/api/orders/orderRepository.js:24:61)
       at Object.userId [as selectByUserId] (/home/gildas/projects/marmelab/javascript-boilerplate/src/api/orders/orderRepository.js:24:61)
       at Object.userId [as selectByUserId] (/home/gildas/projects/marmelab/javascript-boilerplate/src/api/orders/orderRepository.js:24:61)
       at Object.userId [as selectByUserId] (/home/gildas/projects/marmelab/javascript-boilerplate/src/api/orders/orderRepository.js:24:61)
       at Object.userId [as selectByUserId] (/home/gildas/projects/marmelab/javascript-boilerplate/src/api/orders/orderRepository.js:24:61)
       at Object.userId [as selectByUserId] (/home/gildas/projects/marmelab/javascript-boilerplate/src/api/orders/orderRepository.js:24:61)
       at Object.userId [as selectByUserId] (/home/gildas/projects/marmelab/javascript-boilerplate/src/api/orders/orderRepository.js:24:61)
       at Object.userId [as selectByUserId] (/home/gildas/projects/marmelab/javascript-boilerplate/src/api/orders/orderRepository.js:24:61)
       at Object.userId [as selectByUserId] (/home/gildas/projects/marmelab/javascript-boilerplate/src/api/orders/orderRepository.js:24:61)
       at Object.userId [as selectByUserId] (/home/gildas/projects/marmelab/javascript-boilerplate/src/api/orders/orderRepository.js:24:61)
       at Object.userId [as selectByUserId] (/home/gildas/projects/marmelab/javascript-boilerplate/src/api/orders/orderRepository.js:24:61)
       at Object.userId [as selectByUserId] (/home/gildas/projects/marmelab/javascript-boilerplate/src/api/orders/orderRepository.js:24:61)
       at Object.userId [as selectByUserId] (/home/gildas/projects/marmelab/javascript-boilerplate/src/api/orders/orderRepository.js:24:61)
       at Object.userId [as selectByUserId] (/home/gildas/projects/marmelab/javascript-boilerplate/src/api/orders/orderRepository.js:24:61)
       at Object.userId [as selectByUserId] (/home/gildas/projects/marmelab/javascript-boilerplate/src/api/orders/orderRepository.js:24:61)
       at Object.userId [as selectByUserId] (/home/gildas/projects/marmelab/javascript-boilerplate/src/api/orders/orderRepository.js:24:61)
       at Object.userId [as selectByUserId] (/home/gildas/projects/marmelab/javascript-boilerplate/src/api/orders/orderRepository.js:24:61)
       at Object.userId [as selectByUserId] (/home/gildas/projects/marmelab/javascript-boilerplate/src/api/orders/orderRepository.js:24:61)
       at Object.userId [as selectByUserId] (/home/gildas/projects/marmelab/javascript-boilerplate/src/api/orders/orderRepository.js:24:61)
       at Object.userId [as selectByUserId] (/home/gildas/projects/marmelab/javascript-boilerplate/src/api/orders/orderRepository.js:24:61)
       at Object.userId [as selectByUserId] (/home/gildas/projects/marmelab/javascript-boilerplate/src/api/orders/orderRepository.js:24:61)
       at Object.userId [as selectByUserId] (/home/gildas/projects/marmelab/javascript-boilerplate/src/api/orders/orderRepository.js:24:61)
       at Object.userId [as selectByUserId] (/home/gildas/projects/marmelab/javascript-boilerplate/src/api/orders/orderRepository.js:24:61)
       at Object.userId [as selectByUserId] (/home/gildas/projects/marmelab/javascript-boilerplate/src/api/orders/orderRepository.js:24:61)
       at Object.userId [as selectByUserId] (/home/gildas/projects/marmelab/javascript-boilerplate/src/api/orders/orderRepository.js:24:61)
       at Object.userId [as selectByUserId] (/home/gildas/projects/marmelab/javascript-boilerplate/src/api/orders/orderRepository.js:24:61)
       at Object.userId [as selectByUserId] (/home/gildas/projects/marmelab/javascript-boilerplate/src/api/orders/orderRepository.js:24:61)
       at Object.userId [as selectByUserId] (/home/gildas/projects/marmelab/javascript-boilerplate/src/api/orders/orderRepository.js:24:61)
       at Object.userId [as selectByUserId] (/home/gildas/projects/marmelab/javascript-boilerplate/src/api/orders/orderRepository.js:24:61)
       at Object.userId [as selectByUserId] (/home/gildas/projects/marmelab/javascript-boilerplate/src/api/orders/orderRepository.js:24:61)
       at Object.userId [as selectByUserId] (/home/gildas/projects/marmelab/javascript-boilerplate/src/api/orders/orderRepository.js:24:61)
       at Object.userId [as selectByUserId] (/home/gildas/projects/marmelab/javascript-boilerplate/src/api/orders/orderRepository.js:24:61)
       at Object.userId [as selectByUserId] (/home/gildas/projects/marmelab/javascript-boilerplate/src/api/orders/orderRepository.js:24:61)
       at Object.userId [as selectByUserId] (/home/gildas/projects/marmelab/javascript-boilerplate/src/api/orders/orderRepository.js:24:61)
       at Object.userId [as selectByUserId] (/home/gildas/projects/marmelab/javascript-boilerplate/src/api/orders/orderRepository.js:24:61)
       at Object.userId [as selectByUserId] (/home/gildas/projects/marmelab/javascript-boilerplate/src/api/orders/orderRepository.js:24:61)
       at Object.userId [as selectByUserId] (/home/gildas/projects/marmelab/javascript-boilerplate/src/api/orders/orderRepository.js:24:61)
       at Object.userId [as selectByUserId] (/home/gildas/projects/marmelab/javascript-boilerplate/src/api/orders/orderRepository.js:24:61)
       at Object.userId [as selectByUserId] (/home/gildas/projects/marmelab/javascript-boilerplate/src/api/orders/orderRepository.js:24:61)
       at Object.userId [as selectByUserId] (/home/gildas/projects/marmelab/javascript-boilerplate/src/api/orders/orderRepository.js:24:61)
       at Object.userId [as selectByUserId] (/home/gildas/projects/marmelab/javascript-boilerplate/src/api/orders/orderRepository.js:24:61)
       at Object.userId [as selectByUserId] (/home/gildas/projects/marmelab/javascript-boilerplate/src/api/orders/orderRepository.js:24:61)
       at Object.userId [as selectByUserId] (/home/gildas/projects/marmelab/javascript-boilerplate/src/api/orders/orderRepository.js:24:61)
       at Object.userId [as selectByUserId] (/home/gildas/projects/marmelab/javascript-boilerplate/src/api/orders/orderRepository.js:24:61)
       at Object.userId [as selectByUserId] (/home/gildas/projects/marmelab/javascript-boilerplate/src/api/orders/orderRepository.js:24:61)
       at Object.userId [as selectByUserId] (/home/gildas/projects/marmelab/javascript-boilerplate/src/api/orders/orderRepository.js:24:61)
       at Object.userId [as selectByUserId] (/home/gildas/projects/marmelab/javascript-boilerplate/src/api/orders/orderRepository.js:24:61)
       at Object.userId [as selectByUserId] (/home/gildas/projects/marmelab/javascript-boilerplate/src/api/orders/orderRepository.js:24:61)
       at Object.userId [as selectByUserId] (/home/gildas/projects/marmelab/javascript-boilerplate/src/api/orders/orderRepository.js:24:61)
       at Object.userId [as selectByUserId] (/home/gildas/projects/marmelab/javascript-boilerplate/src/api/orders/orderRepository.js:24:61)
       at Object.userId [as selectByUserId] (/home/gildas/projects/marmelab/javascript-boilerplate/src/api/orders/orderRepository.js:24:61)
       at Object.userId [as selectByUserId] (/home/gildas/projects/marmelab/javascript-boilerplate/src/api/orders/orderRepository.js:24:61)
       at Object.userId [as selectByUserId] (/home/gildas/projects/marmelab/javascript-boilerplate/src/api/orders/orderRepository.js:24:61)
       at Object.userId [as selectByUserId] (/home/gildas/projects/marmelab/javascript-boilerplate/src/api/orders/orderRepository.js:24:61)
       at Object.userId [as selectByUserId] (/home/gildas/projects/marmelab/javascript-boilerplate/src/api/orders/orderRepository.js:24:61)
       at Object.userId [as selectByUserId] (/home/gildas/projects/marmelab/javascript-boilerplate/src/api/orders/orderRepository.js:24:61)
       at Object.userId [as selectByUserId] (/home/gildas/projects/marmelab/javascript-boilerplate/src/api/orders/orderRepository.js:24:61)
       at Object.userId [as selectByUserId] (/home/gildas/projects/marmelab/javascript-boilerplate/src/api/orders/orderRepository.js:24:61)
       at Object.userId [as selectByUserId] (/home/gildas/projects/marmelab/javascript-boilerplate/src/api/orders/orderRepository.js:24:61)
       at Object.userId [as selectByUserId] (/home/gildas/projects/marmelab/javascript-boilerplate/src/api/orders/orderRepository.js:24:61)
       at Object.userId [as selectByUserId] (/home/gildas/projects/marmelab/javascript-boilerplate/src/api/orders/orderRepository.js:24:61)
       at Object.userId [as selectByUserId] (/home/gildas/projects/marmelab/javascript-boilerplate/src/api/orders/orderRepository.js:24:61)
       at Object.userId [as selectByUserId] (/home/gildas/projects/marmelab/javascript-boilerplate/src/api/orders/orderRepository.js:24:61)
       at Object.userId [as selectByUserId] (/home/gildas/projects/marmelab/javascript-boilerplate/src/api/orders/orderRepository.js:24:61)
       at Object.userId [as selectByUserId] (/home/gildas/projects/marmelab/javascript-boilerplate/src/api/orders/orderRepository.js:24:61)
       at Object.userId [as selectByUserId] (/home/gildas/projects/marmelab/javascript-boilerplate/src/api/orders/orderRepository.js:24:61)
       at Object.userId [as selectByUserId] (/home/gildas/projects/marmelab/javascript-boilerplate/src/api/orders/orderRepository.js:24:61)
       at Object.userId [as selectByUserId] (/home/gildas/projects/marmelab/javascript-boilerplate/src/api/orders/orderRepository.js:24:61)
       at Object.userId [as selectByUserId] (/home/gildas/projects/marmelab/javascript-boilerplate/src/api/orders/orderRepository.js:24:61)
       at Object.userId [as selectByUserId] (/home/gildas/projects/marmelab/javascript-boilerplate/src/api/orders/orderRepository.js:24:61)
       at Object.userId [as selectByUserId] (/home/gildas/projects/marmelab/javascript-boilerplate/src/api/orders/orderRepository.js:24:61)
       at Object.userId [as selectByUserId] (/home/gildas/projects/marmelab/javascript-boilerplate/src/api/orders/orderRepository.js:24:61)
       at Object.userId [as selectByUserId] (/home/gildas/projects/marmelab/javascript-boilerplate/src/api/orders/orderRepository.js:24:61)
       at Object.userId [as selectByUserId] (/home/gildas/projects/marmelab/javascript-boilerplate/src/api/orders/orderRepository.js:24:61)
       at Object.userId [as selectByUserId] (/home/gildas/projects/marmelab/javascript-boilerplate/src/api/orders/orderRepository.js:24:61)
       at Object.userId [as selectByUserId] (/home/gildas/projects/marmelab/javascript-boilerplate/src/api/orders/orderRepository.js:24:61)
       at Object.userId [as selectByUserId] (/home/gildas/projects/marmelab/javascript-boilerplate/src/api/orders/orderRepository.js:24:61)
       at Object.userId [as selectByUserId] (/home/gildas/projects/marmelab/javascript-boilerplate/src/api/orders/orderRepository.js:24:61)
       at Object.userId [as selectByUserId] (/home/gildas/projects/marmelab/javascript-boilerplate/src/api/orders/orderRepository.js:24:61)
       at Object.userId [as selectByUserId] (/home/gildas/projects/marmelab/javascript-boilerplate/src/api/orders/orderRepository.js:24:61)
       at Object.userId [as selectByUserId] (/home/gildas/projects/marmelab/javascript-boilerplate/src/api/orders/orderRepository.js:24:61)
       at Object.userId [as selectByUserId] (/home/gildas/projects/marmelab/javascript-boilerplate/src/api/orders/orderRepository.js:24:61)
       at Object.userId [as selectByUserId] (/home/gildas/projects/marmelab/javascript-boilerplate/src/api/orders/orderRepository.js:24:61)
       at Object.userId [as selectByUserId] (/home/gildas/projects/marmelab/javascript-boilerplate/src/api/orders/orderRepository.js:24:61)
       at Object.userId [as selectByUserId] (/home/gildas/projects/marmelab/javascript-boilerplate/src/api/orders/orderRepository.js:24:61)
       at Object.userId [as selectByUserId] (/home/gildas/projects/marmelab/javascript-boilerplate/src/api/orders/orderRepository.js:24:61)
       at Object.userId [as selectByUserId] (/home/gildas/projects/marmelab/javascript-boilerplate/src/api/orders/orderRepository.js:24:61)
       at Object.userId [as selectByUserId] (/home/gildas/projects/marmelab/javascript-boilerplate/src/api/orders/orderRepository.js:24:61)
       at Object.userId [as selectByUserId] (/home/gildas/projects/marmelab/javascript-boilerplate/src/api/orders/orderRepository.js:24:61)
       at Object.userId [as selectByUserId] (/home/gildas/projects/marmelab/javascript-boilerplate/src/api/orders/orderRepository.js:24:61)
       at Object.userId [as selectByUserId] (/home/gildas/projects/marmelab/javascript-boilerplate/src/api/orders/orderRepository.js:24:61)
       at Object.userId [as selectByUserId] (/home/gildas/projects/marmelab/javascript-boilerplate/src/api/orders/orderRepository.js:24:61)
       at Object.userId [as selectByUserId] (/home/gildas/projects/marmelab/javascript-boilerplate/src/api/orders/orderRepository.js:24:61)
       at Object.userId [as selectByUserId] (/home/gildas/projects/marmelab/javascript-boilerplate/src/api/orders/orderRepository.js:24:61)
       at Object.userId [as selectByUserId] (/home/gildas/projects/marmelab/javascript-boilerplate/src/api/orders/orderRepository.js:24:61)
       at Object.userId [as selectByUserId] (/home/gildas/projects/marmelab/javascript-boilerplate/src/api/orders/orderRepository.js:24:61)
       at Object.userId [as selectByUserId] (/home/gildas/projects/marmelab/javascript-boilerplate/src/api/orders/orderRepository.js:24:61)
       at Object.userId [as selectByUserId] (/home/gildas/projects/marmelab/javascript-boilerplate/src/api/orders/orderRepository.js:24:61)
       at Object.userId [as selectByUserId] (/home/gildas/projects/marmelab/javascript-boilerplate/src/api/orders/orderRepository.js:24:61)
       at Object.userId [as selectByUserId] (/home/gildas/projects/marmelab/javascript-boilerplate/src/api/orders/orderRepository.js:24:61)
       at Object.userId [as selectByUserId] (/home/gildas/projects/marmelab/javascript-boilerplate/src/api/orders/orderRepository.js:24:61)
       at Object.userId [as selectByUserId] (/home/gildas/projects/marmelab/javascript-boilerplate/src/api/orders/orderRepository.js:24:61)
       at Object.userId [as selectByUserId] (/home/gildas/projects/marmelab/javascript-boilerplate/src/api/orders/orderRepository.js:24:61)
       at Object.userId [as selectByUserId] (/home/gildas/projects/marmelab/javascript-boilerplate/src/api/orders/orderRepository.js:24:61)
       at Object.userId [as selectByUserId] (/home/gildas/projects/marmelab/javascript-boilerplate/src/api/orders/orderRepository.js:24:61)
       at Object.userId [as selectByUserId] (/home/gildas/projects/marmelab/javascript-boilerplate/src/api/orders/orderRepository.js:24:61)
       at Object.userId [as selectByUserId] (/home/gildas/projects/marmelab/javascript-boilerplate/src/api/orders/orderRepository.js:24:61)
       at Object.userId [as selectByUserId] (/home/gildas/projects/marmelab/javascript-boilerplate/src/api/orders/orderRepository.js:24:61)
       at Object.userId [as selectByUserId] (/home/gildas/projects/marmelab/javascript-boilerplate/src/api/orders/orderRepository.js:24:61)
       at Object.userId [as selectByUserId] (/home/gildas/projects/marmelab/javascript-boilerplate/src/api/orders/orderRepository.js:24:61)
       at Object.userId [as selectByUserId] (/home/gildas/projects/marmelab/javascript-boilerplate/src/api/orders/orderRepository.js:24:61)
       at Object.userId [as selectByUserId] (/home/gildas/projects/marmelab/javascript-boilerplate/src/api/orders/orderRepository.js:24:61)
       at Object.userId [as selectByUserId] (/home/gildas/projects/marmelab/javascript-boilerplate/src/api/orders/orderRepository.js:24:61)
       at Object.userId [as selectByUserId] (/home/gildas/projects/marmelab/javascript-boilerplate/src/api/orders/orderRepository.js:24:61)
       at Object.userId [as selectByUserId] (/home/gildas/projects/marmelab/javascript-boilerplate/src/api/orders/orderRepository.js:24:61)
       at Object.userId [as selectByUserId] (/home/gildas/projects/marmelab/javascript-boilerplate/src/api/orders/orderRepository.js:24:61)
       at Object.userId [as selectByUserId] (/home/gildas/projects/marmelab/javascript-boilerplate/src/api/orders/orderRepository.js:24:61)
       at Object.userId [as selectByUserId] (/home/gildas/projects/marmelab/javascript-boilerplate/src/api/orders/orderRepository.js:24:61)
       at Object.userId [as selectByUserId] (/home/gildas/projects/marmelab/javascript-boilerplate/src/api/orders/orderRepository.js:24:61)
       at Object.userId [as selectByUserId] (/home/gildas/projects/marmelab/javascript-boilerplate/src/api/orders/orderRepository.js:24:61)
       at Object.userId [as selectByUserId] (/home/gildas/projects/marmelab/javascript-boilerplate/src/api/orders/orderRepository.js:24:61)
       at Object.userId [as selectByUserId] (/home/gildas/projects/marmelab/javascript-boilerplate/src/api/orders/orderRepository.js:24:61)
       at Object.userId [as selectByUserId] (/home/gildas/projects/marmelab/javascript-boilerplate/src/api/orders/orderRepository.js:24:61)
       at Object.userId [as selectByUserId] (/home/gildas/projects/marmelab/javascript-boilerplate/src/api/orders/orderRepository.js:24:61)
       at Object.userId [as selectByUserId] (/home/gildas/projects/marmelab/javascript-boilerplate/src/api/orders/orderRepository.js:24:61)
       at Object.userId [as selectByUserId] (/home/gildas/projects/marmelab/javascript-boilerplate/src/api/orders/orderRepository.js:24:61)
       at Object.userId [as selectByUserId] (/home/gildas/projects/marmelab/javascript-boilerplate/src/api/orders/orderRepository.js:24:61)
       at Object.userId [as selectByUserId] (/home/gildas/projects/marmelab/javascript-boilerplate/src/api/orders/orderRepository.js:24:61)
       at Object.userId [as selectByUserId] (/home/gildas/projects/marmelab/javascript-boilerplate/src/api/orders/orderRepository.js:24:61)
       at Object.userId [as selectByUserId] (/home/gildas/projects/marmelab/javascript-boilerplate/src/api/orders/orderRepository.js:24:61)
       at Object.userId [as selectByUserId] (/home/gildas/projects/marmelab/javascript-boilerplate/src/api/orders/orderRepository.js:24:61)
       at Object.userId [as selectByUserId] (/home/gildas/projects/marmelab/javascript-boilerplate/src/api/orders/orderRepository.js:24:61)
       at Object.userId [as selectByUserId] (/home/gildas/projects/marmelab/javascript-boilerplate/src/api/orders/orderRepository.js:24:61)
       at Object.userId [as selectByUserId] (/home/gildas/projects/marmelab/javascript-boilerplate/src/api/orders/orderRepository.js:24:61)
       at Object.userId [as selectByUserId] (/home/gildas/projects/marmelab/javascript-boilerplate/src/api/orders/orderRepository.js:24:61)
       at Object.userId [as selectByUserId] (/home/gildas/projects/marmelab/javascript-boilerplate/src/api/orders/orderRepository.js:24:61)
       at Object.userId [as selectByUserId] (/home/gildas/projects/marmelab/javascript-boilerplate/src/api/orders/orderRepository.js:24:61)
       at Object.userId [as selectByUserId] (/home/gildas/projects/marmelab/javascript-boilerplate/src/api/orders/orderRepository.js:24:61)
       at Object.userId [as selectByUserId] (/home/gildas/projects/marmelab/javascript-boilerplate/src/api/orders/orderRepository.js:24:61)
       at Object.userId [as selectByUserId] (/home/gildas/projects/marmelab/javascript-boilerplate/src/api/orders/orderRepository.js:24:61)
       at Object.userId [as selectByUserId] (/home/gildas/projects/marmelab/javascript-boilerplate/src/api/orders/orderRepository.js:24:61)
       at Object.userId [as selectByUserId] (/home/gildas/projects/marmelab/javascript-boilerplate/src/api/orders/orderRepository.js:24:61)
       at Object.userId [as selectByUserId] (/home/gildas/projects/marmelab/javascript-boilerplate/src/api/orders/orderRepository.js:24:61)
       at Object.userId [as selectByUserId] (/home/gildas/projects/marmelab/javascript-boilerplate/src/api/orders/orderRepository.js:24:61)
       at Object.userId [as selectByUserId] (/home/gildas/projects/marmelab/javascript-boilerplate/src/api/orders/orderRepository.js:24:61)
       at Object.userId [as selectByUserId] (/home/gildas/projects/marmelab/javascript-boilerplate/src/api/orders/orderRepository.js:24:61)
       at Object.userId [as selectByUserId] (/home/gildas/projects/marmelab/javascript-boilerplate/src/api/orders/orderRepository.js:24:61)
       at Object.userId [as selectByUserId] (/home/gildas/projects/marmelab/javascript-boilerplate/src/api/orders/orderRepository.js:24:61)
       at Object.userId [as selectByUserId] (/home/gildas/projects/marmelab/javascript-boilerplate/src/api/orders/orderRepository.js:24:61)
       at Object.userId [as selectByUserId] (/home/gildas/projects/marmelab/javascript-boilerplate/src/api/orders/orderRepository.js:24:61)
       at Object.userId [as selectByUserId] (/home/gildas/projects/marmelab/javascript-boilerplate/src/api/orders/orderRepository.js:24:61)
       at Object.userId [as selectByUserId] (/home/gildas/projects/marmelab/javascript-boilerplate/src/api/orders/orderRepository.js:24:61)
       at Object.userId [as selectByUserId] (/home/gildas/projects/marmelab/javascript-boilerplate/src/api/orders/orderRepository.js:24:61)
       at Object.userId [as selectByUserId] (/home/gildas/projects/marmelab/javascript-boilerplate/src/api/orders/orderRepository.js:24:61)
       at Object.userId [as selectByUserId] (/home/gildas/projects/marmelab/javascript-boilerplate/src/api/orders/orderRepository.js:24:61)
       at Object.userId [as selectByUserId] (/home/gildas/projects/marmelab/javascript-boilerplate/src/api/orders/orderRepository.js:24:61)
       at Object.userId [as selectByUserId] (/home/gildas/projects/marmelab/javascript-boilerplate/src/api/orders/orderRepository.js:24:61)
       at Object.userId [as selectByUserId] (/home/gildas/projects/marmelab/javascript-boilerplate/src/api/orders/orderRepository.js:24:61)
       at Object.userId [as selectByUserId] (/home/gildas/projects/marmelab/javascript-boilerplate/src/api/orders/orderRepository.js:24:61)
       at Object.userId [as selectByUserId] (/home/gildas/projects/marmelab/javascript-boilerplate/src/api/orders/orderRepository.js:24:61)
       at Object.userId [as selectByUserId] (/home/gildas/projects/marmelab/javascript-boilerplate/src/api/orders/orderRepository.js:24:61)
       at Object.userId [as selectByUserId] (/home/gildas/projects/marmelab/javascript-boilerplate/src/api/orders/orderRepository.js:24:61)
       at Object.userId [as selectByUserId] (/home/gildas/projects/marmelab/javascript-boilerplate/src/api/orders/orderRepository.js:24:61)
       at Object.userId [as selectByUserId] (/home/gildas/projects/marmelab/javascript-boilerplate/src/api/orders/orderRepository.js:24:61)
       at Object.userId [as selectByUserId] (/home/gildas/projects/marmelab/javascript-boilerplate/src/api/orders/orderRepository.js:24:61)
       at Object.userId [as selectByUserId] (/home/gildas/projects/marmelab/javascript-boilerplate/src/api/orders/orderRepository.js:24:61)
       at Object.userId [as selectByUserId] (/home/gildas/projects/marmelab/javascript-boilerplate/src/api/orders/orderRepository.js:24:61)
       at Object.userId [as selectByUserId] (/home/gildas/projects/marmelab/javascript-boilerplate/src/api/orders/orderRepository.js:24:61)
       at Object.userId [as selectByUserId] (/home/gildas/projects/marmelab/javascript-boilerplate/src/api/orders/orderRepository.js:24:61)
       at Object.userId [as selectByUserId] (/home/gildas/projects/marmelab/javascript-boilerplate/src/api/orders/orderRepository.js:24:61)
       at Object.userId [as selectByUserId] (/home/gildas/projects/marmelab/javascript-boilerplate/src/api/orders/orderRepository.js:24:61)
       at Object.userId [as selectByUserId] (/home/gildas/projects/marmelab/javascript-boilerplate/src/api/orders/orderRepository.js:24:61)
       at Object.userId [as selectByUserId] (/home/gildas/projects/marmelab/javascript-boilerplate/src/api/orders/orderRepository.js:24:61)
       at Object.userId [as selectByUserId] (/home/gildas/projects/marmelab/javascript-boilerplate/src/api/orders/orderRepository.js:24:61)
       at Object.userId [as selectByUserId] (/home/gildas/projects/marmelab/javascript-boilerplate/src/api/orders/orderRepository.js:24:61)
       at Object.userId [as selectByUserId] (/home/gildas/projects/marmelab/javascript-boilerplate/src/api/orders/orderRepository.js:24:61)
       at Object.userId [as selectByUserId] (/home/gildas/projects/marmelab/javascript-boilerplate/src/api/orders/orderRepository.js:24:61)
       at Object.userId [as selectByUserId] (/home/gildas/projects/marmelab/javascript-boilerplate/src/api/orders/orderRepository.js:24:61)
       at Object.userId [as selectByUserId] (/home/gildas/projects/marmelab/javascript-boilerplate/src/api/orders/orderRepository.js:24:61)
       at Object.userId [as selectByUserId] (/home/gildas/projects/marmelab/javascript-boilerplate/src/api/orders/orderRepository.js:24:61)
       at Object.userId [as selectByUserId] (/home/gildas/projects/marmelab/javascript-boilerplate/src/api/orders/orderRepository.js:24:61)
       at Object.userId [as selectByUserId] (/home/gildas/projects/marmelab/javascript-boilerplate/src/api/orders/orderRepository.js:24:61)
       at Object.userId [as selectByUserId] (/home/gildas/projects/marmelab/javascript-boilerplate/src/api/orders/orderRepository.js:24:61)
       at Object.userId [as selectByUserId] (/home/gildas/projects/marmelab/javascript-boilerplate/src/api/orders/orderRepository.js:24:61)
       at Object.userId [as selectByUserId] (/home/gildas/projects/marmelab/javascript-boilerplate/src/api/orders/orderRepository.js:24:61)
       at Object.userId [as selectByUserId] (/home/gildas/projects/marmelab/javascript-boilerplate/src/api/orders/orderRepository.js:24:61)
       at Object.userId [as selectByUserId] (/home/gildas/projects/marmelab/javascript-boilerplate/src/api/orders/orderRepository.js:24:61)
       at Object.userId [as selectByUserId] (/home/gildas/projects/marmelab/javascript-boilerplate/src/api/orders/orderRepository.js:24:61)
       at Object.userId [as selectByUserId] (/home/gildas/projects/marmelab/javascript-boilerplate/src/api/orders/orderRepository.js:24:61)
       at Object.userId [as selectByUserId] (/home/gildas/projects/marmelab/javascript-boilerplate/src/api/orders/orderRepository.js:24:61)
       at Object.userId [as selectByUserId] (/home/gildas/projects/marmelab/javascript-boilerplate/src/api/orders/orderRepository.js:24:61)
       at Object.userId [as selectByUserId] (/home/gildas/projects/marmelab/javascript-boilerplate/src/api/orders/orderRepository.js:24:61)
       at Object.userId [as selectByUserId] (/home/gildas/projects/marmelab/javascript-boilerplate/src/api/orders/orderRepository.js:24:61)
       at Object.userId [as selectByUserId] (/home/gildas/projects/marmelab/javascript-boilerplate/src/api/orders/orderRepository.js:24:61)
       at Object.userId [as selectByUserId] (/home/gildas/projects/marmelab/javascript-boilerplate/src/api/orders/orderRepository.js:24:61)
       at Object.userId [as selectByUserId] (/home/gildas/projects/marmelab/javascript-boilerplate/src/api/orders/orderRepository.js:24:61)
       at Object.userId [as selectByUserId] (/home/gildas/projects/marmelab/javascript-boilerplate/src/api/orders/orderRepository.js:24:61)
       at Object.userId [as selectByUserId] (/home/gildas/projects/marmelab/javascript-boilerplate/src/api/orders/orderRepository.js:24:61)
       at Object.userId [as selectByUserId] (/home/gildas/projects/marmelab/javascript-boilerplate/src/api/orders/orderRepository.js:24:61)
       at Object.userId [as selectByUserId] (/home/gildas/projects/marmelab/javascript-boilerplate/src/api/orders/orderRepository.js:24:61)
       at Object.userId [as selectByUserId] (/home/gildas/projects/marmelab/javascript-boilerplate/src/api/orders/orderRepository.js:24:61)
       at Object.userId [as selectByUserId] (/home/gildas/projects/marmelab/javascript-boilerplate/src/api/orders/orderRepository.js:24:61)
       at Object.userId [as selectByUserId] (/home/gildas/projects/marmelab/javascript-boilerplate/src/api/orders/orderRepository.js:24:61)
       at Object.userId [as selectByUserId] (/home/gildas/projects/marmelab/javascript-boilerplate/src/api/orders/orderRepository.js:24:61)
       at Object.userId [as selectByUserId] (/home/gildas/projects/marmelab/javascript-boilerplate/src/api/orders/orderRepository.js:24:61)
       at Object.userId [as selectByUserId] (/home/gildas/projects/marmelab/javascript-boilerplate/src/api/orders/orderRepository.js:24:61)
       at Object.userId [as selectByUserId] (/home/gildas/projects/marmelab/javascript-boilerplate/src/api/orders/orderRepository.js:24:61)
       at Object.userId [as selectByUserId] (/home/gildas/projects/marmelab/javascript-boilerplate/src/api/orders/orderRepository.js:24:61)
       at Object.userId [as selectByUserId] (/home/gildas/projects/marmelab/javascript-boilerplate/src/api/orders/orderRepository.js:24:61)
       at Object.userId [as selectByUserId] (/home/gildas/projects/marmelab/javascript-boilerplate/src/api/orders/orderRepository.js:24:61)
       at Object.userId [as selectByUserId] (/home/gildas/projects/marmelab/javascript-boilerplate/src/api/orders/orderRepository.js:24:61)
       at Object.userId [as selectByUserId] (/home/gildas/projects/marmelab/javascript-boilerplate/src/api/orders/orderRepository.js:24:61)
       at Object.userId [as selectByUserId] (/home/gildas/projects/marmelab/javascript-boilerplate/src/api/orders/orderRepository.js:24:61)
       at Object.userId [as selectByUserId] (/home/gildas/projects/marmelab/javascript-boilerplate/src/api/orders/orderRepository.js:24:61)
       at Object.userId [as selectByUserId] (/home/gildas/projects/marmelab/javascript-boilerplate/src/api/orders/orderRepository.js:24:61)
       at Object.userId [as selectByUserId] (/home/gildas/projects/marmelab/javascript-boilerplate/src/api/orders/orderRepository.js:24:61)
       at Object.userId [as selectByUserId] (/home/gildas/projects/marmelab/javascript-boilerplate/src/api/orders/orderRepository.js:24:61)
       at Object.userId [as selectByUserId] (/home/gildas/projects/marmelab/javascript-boilerplate/src/api/orders/orderRepository.js:24:61)
       at Object.userId [as selectByUserId] (/home/gildas/projects/marmelab/javascript-boilerplate/src/api/orders/orderRepository.js:24:61)
       at Object.userId [as selectByUserId] (/home/gildas/projects/marmelab/javascript-boilerplate/src/api/orders/orderRepository.js:24:61)
       at Object.userId [as selectByUserId] (/home/gildas/projects/marmelab/javascript-boilerplate/src/api/orders/orderRepository.js:24:61)
       at Object.userId [as selectByUserId] (/home/gildas/projects/marmelab/javascript-boilerplate/src/api/orders/orderRepository.js:24:61)
       at Object.userId [as selectByUserId] (/home/gildas/projects/marmelab/javascript-boilerplate/src/api/orders/orderRepository.js:24:61)
       at Object.userId [as selectByUserId] (/home/gildas/projects/marmelab/javascript-boilerplate/src/api/orders/orderRepository.js:24:61)
       at Object.userId [as selectByUserId] (/home/gildas/projects/marmelab/javascript-boilerplate/src/api/orders/orderRepository.js:24:61)
       at Object.userId [as selectByUserId] (/home/gildas/projects/marmelab/javascript-boilerplate/src/api/orders/orderRepository.js:24:61)
       at Object.userId [as selectByUserId] (/home/gildas/projects/marmelab/javascript-boilerplate/src/api/orders/orderRepository.js:24:61)
       at Object.userId [as selectByUserId] (/home/gildas/projects/marmelab/javascript-boilerplate/src/api/orders/orderRepository.js:24:61)
       at Object.userId [as selectByUserId] (/home/gildas/projects/marmelab/javascript-boilerplate/src/api/orders/orderRepository.js:24:61)
       at Object.userId [as selectByUserId] (/home/gildas/projects/marmelab/javascript-boilerplate/src/api/orders/orderRepository.js:24:61)
       at Object.userId [as selectByUserId] (/home/gildas/projects/marmelab/javascript-boilerplate/src/api/orders/orderRepository.js:24:61)
       at Object.userId [as selectByUserId] (/home/gildas/projects/marmelab/javascript-boilerplate/src/api/orders/orderRepository.js:24:61)
       at Object.userId [as selectByUserId] (/home/gildas/projects/marmelab/javascript-boilerplate/src/api/orders/orderRepository.js:24:61)
       at Object.userId [as selectByUserId] (/home/gildas/projects/marmelab/javascript-boilerplate/src/api/orders/orderRepository.js:24:61)
       at Object.userId [as selectByUserId] (/home/gildas/projects/marmelab/javascript-boilerplate/src/api/orders/orderRepository.js:24:61)
       at Object.userId [as selectByUserId] (/home/gildas/projects/marmelab/javascript-boilerplate/src/api/orders/orderRepository.js:24:61)
       at Object.userId [as selectByUserId] (/home/gildas/projects/marmelab/javascript-boilerplate/src/api/orders/orderRepository.js:24:61)
       at Object.userId [as selectByUserId] (/home/gildas/projects/marmelab/javascript-boilerplate/src/api/orders/orderRepository.js:24:61)
       at Object.userId [as selectByUserId] (/home/gildas/projects/marmelab/javascript-boilerplate/src/api/orders/orderRepository.js:24:61)
       at Object.userId [as selectByUserId] (/home/gildas/projects/marmelab/javascript-boilerplate/src/api/orders/orderRepository.js:24:61)
       at Object.userId [as selectByUserId] (/home/gildas/projects/marmelab/javascript-boilerplate/src/api/orders/orderRepository.js:24:61)
       at Object.userId [as selectByUserId] (/home/gildas/projects/marmelab/javascript-boilerplate/src/api/orders/orderRepository.js:24:61)
       at Object.userId [as selectByUserId] (/home/gildas/projects/marmelab/javascript-boilerplate/src/api/orders/orderRepository.js:24:61)
       at Object.userId [as selectByUserId] (/home/gildas/projects/marmelab/javascript-boilerplate/src/api/orders/orderRepository.js:24:61)
       at Object.userId [as selectByUserId] (/home/gildas/projects/marmelab/javascript-boilerplate/src/api/orders/orderRepository.js:24:61)
       at Object.userId [as selectByUserId] (/home/gildas/projects/marmelab/javascript-boilerplate/src/api/orders/orderRepository.js:24:61)
       at Object.userId [as selectByUserId] (/home/gildas/projects/marmelab/javascript-boilerplate/src/api/orders/orderRepository.js:24:61)
       at Object.userId [as selectByUserId] (/home/gildas/projects/marmelab/javascript-boilerplate/src/api/orders/orderRepository.js:24:61)
       at Object.userId [as selectByUserId] (/home/gildas/projects/marmelab/javascript-boilerplate/src/api/orders/orderRepository.js:24:61)
       at Object.userId [as selectByUserId] (/home/gildas/projects/marmelab/javascript-boilerplate/src/api/orders/orderRepository.js:24:61)
       at Object.userId [as selectByUserId] (/home/gildas/projects/marmelab/javascript-boilerplate/src/api/orders/orderRepository.js:24:61)
       at Object.userId [as selectByUserId] (/home/gildas/projects/marmelab/javascript-boilerplate/src/api/orders/orderRepository.js:24:61)
       at Object.userId [as selectByUserId] (/home/gildas/projects/marmelab/javascript-boilerplate/src/api/orders/orderRepository.js:24:61)
       at Object.userId [as selectByUserId] (/home/gildas/projects/marmelab/javascript-boilerplate/src/api/orders/orderRepository.js:24:61)
       at Object.userId [as selectByUserId] (/home/gildas/projects/marmelab/javascript-boilerplate/src/api/orders/orderRepository.js:24:61)
       at Object.userId [as selectByUserId] (/home/gildas/projects/marmelab/javascript-boilerplate/src/api/orders/orderRepository.js:24:61)
       at Object.userId [as selectByUserId] (/home/gildas/projects/marmelab/javascript-boilerplate/src/api/orders/orderRepository.js:24:61)
       at Object.userId [as selectByUserId] (/home/gildas/projects/marmelab/javascript-boilerplate/src/api/orders/orderRepository.js:24:61)
       at Object.userId [as selectByUserId] (/home/gildas/projects/marmelab/javascript-boilerplate/src/api/orders/orderRepository.js:24:61)
       at Object.userId [as selectByUserId] (/home/gildas/projects/marmelab/javascript-boilerplate/src/api/orders/orderRepository.js:24:61)
       at Object.userId [as selectByUserId] (/home/gildas/projects/marmelab/javascript-boilerplate/src/api/orders/orderRepository.js:24:61)
       at Object.userId [as selectByUserId] (/home/gildas/projects/marmelab/javascript-boilerplate/src/api/orders/orderRepository.js:24:61)
       at Object.userId [as selectByUserId] (/home/gildas/projects/marmelab/javascript-boilerplate/src/api/orders/orderRepository.js:24:61)
       at Object.userId [as selectByUserId] (/home/gildas/projects/marmelab/javascript-boilerplate/src/api/orders/orderRepository.js:24:61)
       at Object.userId [as selectByUserId] (/home/gildas/projects/marmelab/javascript-boilerplate/src/api/orders/orderRepository.js:24:61)
       at Object.userId [as selectByUserId] (/home/gildas/projects/marmelab/javascript-boilerplate/src/api/orders/orderRepository.js:24:61)
       at Object.userId [as selectByUserId] (/home/gildas/projects/marmelab/javascript-boilerplate/src/api/orders/orderRepository.js:24:61)
       at Object.userId [as selectByUserId] (/home/gildas/projects/marmelab/javascript-boilerplate/src/api/orders/orderRepository.js:24:61)
       at Object.userId [as selectByUserId] (/home/gildas/projects/marmelab/javascript-boilerplate/src/api/orders/orderRepository.js:24:61)
       at Object.userId [as selectByUserId] (/home/gildas/projects/marmelab/javascript-boilerplate/src/api/orders/orderRepository.js:24:61)
       at Object.userId [as selectByUserId] (/home/gildas/projects/marmelab/javascript-boilerplate/src/api/orders/orderRepository.js:24:61)
       at Object.userId [as selectByUserId] (/home/gildas/projects/marmelab/javascript-boilerplate/src/api/orders/orderRepository.js:24:61)
       at Object.userId [as selectByUserId] (/home/gildas/projects/marmelab/javascript-boilerplate/src/api/orders/orderRepository.js:24:61)
       at Object.userId [as selectByUserId] (/home/gildas/projects/marmelab/javascript-boilerplate/src/api/orders/orderRepository.js:24:61)
       at Object.userId [as selectByUserId] (/home/gildas/projects/marmelab/javascript-boilerplate/src/api/orders/orderRepository.js:24:61)
       at Object.userId [as selectByUserId] (/home/gildas/projects/marmelab/javascript-boilerplate/src/api/orders/orderRepository.js:24:61)
       at Object.userId [as selectByUserId] (/home/gildas/projects/marmelab/javascript-boilerplate/src/api/orders/orderRepository.js:24:61)
       at Object.userId [as selectByUserId] (/home/gildas/projects/marmelab/javascript-boilerplate/src/api/orders/orderRepository.js:24:61)
       at Object.userId [as selectByUserId] (/home/gildas/projects/marmelab/javascript-boilerplate/src/api/orders/orderRepository.js:24:61)
       at Object.userId [as selectByUserId] (/home/gildas/projects/marmelab/javascript-boilerplate/src/api/orders/orderRepository.js:24:61)
       at Object.userId [as selectByUserId] (/home/gildas/projects/marmelab/javascript-boilerplate/src/api/orders/orderRepository.js:24:61)
       at Object.userId [as selectByUserId] (/home/gildas/projects/marmelab/javascript-boilerplate/src/api/orders/orderRepository.js:24:61)
       at Object.userId [as selectByUserId] (/home/gildas/projects/marmelab/javascript-boilerplate/src/api/orders/orderRepository.js:24:61)
       at Object.userId [as selectByUserId] (/home/gildas/projects/marmelab/javascript-boilerplate/src/api/orders/orderRepository.js:24:61)
       at Object.userId [as selectByUserId] (/home/gildas/projects/marmelab/javascript-boilerplate/src/api/orders/orderRepository.js:24:61)
       at Object.userId [as selectByUserId] (/home/gildas/projects/marmelab/javascript-boilerplate/src/api/orders/orderRepository.js:24:61)
       at Object.userId [as selectByUserId] (/home/gildas/projects/marmelab/javascript-boilerplate/src/api/orders/orderRepository.js:24:61)
       at Object.userId [as selectByUserId] (/home/gildas/projects/marmelab/javascript-boilerplate/src/api/orders/orderRepository.js:24:61)
       at Object.userId [as selectByUserId] (/home/gildas/projects/marmelab/javascript-boilerplate/src/api/orders/orderRepository.js:24:61)
       at Object.userId [as selectByUserId] (/home/gildas/projects/marmelab/javascript-boilerplate/src/api/orders/orderRepository.js:24:61)
       at Object.userId [as selectByUserId] (/home/gildas/projects/marmelab/javascript-boilerplate/src/api/orders/orderRepository.js:24:61)
       at Object.userId [as selectByUserId] (/home/gildas/projects/marmelab/javascript-boilerplate/src/api/orders/orderRepository.js:24:61)
       at Object.userId [as selectByUserId] (/home/gildas/projects/marmelab/javascript-boilerplate/src/api/orders/orderRepository.js:24:61)
       at Object.userId [as selectByUserId] (/home/gildas/projects/marmelab/javascript-boilerplate/src/api/orders/orderRepository.js:24:61)
       at Object.userId [as selectByUserId] (/home/gildas/projects/marmelab/javascript-boilerplate/src/api/orders/orderRepository.js:24:61)
       at Object.userId [as selectByUserId] (/home/gildas/projects/marmelab/javascript-boilerplate/src/api/orders/orderRepository.js:24:61)
       at Object.userId [as selectByUserId] (/home/gildas/projects/marmelab/javascript-boilerplate/src/api/orders/orderRepository.js:24:61)
       at Object.userId [as selectByUserId] (/home/gildas/projects/marmelab/javascript-boilerplate/src/api/orders/orderRepository.js:24:61)
       at Object.userId [as selectByUserId] (/home/gildas/projects/marmelab/javascript-boilerplate/src/api/orders/orderRepository.js:24:61)
       at Object.userId [as selectByUserId] (/home/gildas/projects/marmelab/javascript-boilerplate/src/api/orders/orderRepository.js:24:61)
       at Object.userId [as selectByUserId] (/home/gildas/projects/marmelab/javascript-boilerplate/src/api/orders/orderRepository.js:24:61)
       at Object.userId [as selectByUserId] (/home/gildas/projects/marmelab/javascript-boilerplate/src/api/orders/orderRepository.js:24:61)
       at Object.userId [as selectByUserId] (/home/gildas/projects/marmelab/javascript-boilerplate/src/api/orders/orderRepository.js:24:61)
       at Object.userId [as selectByUserId] (/home/gildas/projects/marmelab/javascript-boilerplate/src/api/orders/orderRepository.js:24:61)
       at Object.userId [as selectByUserId] (/home/gildas/projects/marmelab/javascript-boilerplate/src/api/orders/orderRepository.js:24:61)
       at Object.userId [as selectByUserId] (/home/gildas/projects/marmelab/javascript-boilerplate/src/api/orders/orderRepository.js:24:61)
       at Object.userId [as selectByUserId] (/home/gildas/projects/marmelab/javascript-boilerplate/src/api/orders/orderRepository.js:24:61)
       at Object.userId [as selectByUserId] (/home/gildas/projects/marmelab/javascript-boilerplate/src/api/orders/orderRepository.js:24:61)
       at Object.userId [as selectByUserId] (/home/gildas/projects/marmelab/javascript-boilerplate/src/api/orders/orderRepository.js:24:61)
       at Object.userId [as selectByUserId] (/home/gildas/projects/marmelab/javascript-boilerplate/src/api/orders/orderRepository.js:24:61)
       at Object.userId [as selectByUserId] (/home/gildas/projects/marmelab/javascript-boilerplate/src/api/orders/orderRepository.js:24:61)
       at Object.userId [as selectByUserId] (/home/gildas/projects/marmelab/javascript-boilerplate/src/api/orders/orderRepository.js:24:61)
       at Object.userId [as selectByUserId] (/home/gildas/projects/marmelab/javascript-boilerplate/src/api/orders/orderRepository.js:24:61)
       at Object.userId [as selectByUserId] (/home/gildas/projects/marmelab/javascript-boilerplate/src/api/orders/orderRepository.js:24:61)
       at Object.userId [as selectByUserId] (/home/gildas/projects/marmelab/javascript-boilerplate/src/api/orders/orderRepository.js:24:61)
       at Object.userId [as selectByUserId] (/home/gildas/projects/marmelab/javascript-boilerplate/src/api/orders/orderRepository.js:24:61)
       at Object.userId [as selectByUserId] (/home/gildas/projects/marmelab/javascript-boilerplate/src/api/orders/orderRepository.js:24:61)
       at Object.userId [as selectByUserId] (/home/gildas/projects/marmelab/javascript-boilerplate/src/api/orders/orderRepository.js:24:61)
       at Object.userId [as selectByUserId] (/home/gildas/projects/marmelab/javascript-boilerplate/src/api/orders/orderRepository.js:24:61)
       at Object.userId [as selectByUserId] (/home/gildas/projects/marmelab/javascript-boilerplate/src/api/orders/orderRepository.js:24:61)
       at Object.userId [as selectByUserId] (/home/gildas/projects/marmelab/javascript-boilerplate/src/api/orders/orderRepository.js:24:61)
       at Object.userId [as selectByUserId] (/home/gildas/projects/marmelab/javascript-boilerplate/src/api/orders/orderRepository.js:24:61)
       at Object.userId [as selectByUserId] (/home/gildas/projects/marmelab/javascript-boilerplate/src/api/orders/orderRepository.js:24:61)
       at Object.userId [as selectByUserId] (/home/gildas/projects/marmelab/javascript-boilerplate/src/api/orders/orderRepository.js:24:61)
       at Object.userId [as selectByUserId] (/home/gildas/projects/marmelab/javascript-boilerplate/src/api/orders/orderRepository.js:24:61)
       at Object.userId [as selectByUserId] (/home/gildas/projects/marmelab/javascript-boilerplate/src/api/orders/orderRepository.js:24:61)
       at Object.userId [as selectByUserId] (/home/gildas/projects/marmelab/javascript-boilerplate/src/api/orders/orderRepository.js:24:61)
       at Object.userId [as selectByUserId] (/home/gildas/projects/marmelab/javascript-boilerplate/src/api/orders/orderRepository.js:24:61)
       at Object.userId [as selectByUserId] (/home/gildas/projects/marmelab/javascript-boilerplate/src/api/orders/orderRepository.js:24:61)
       at Object.userId [as selectByUserId] (/home/gildas/projects/marmelab/javascript-boilerplate/src/api/orders/orderRepository.js:24:61)
       at Object.userId [as selectByUserId] (/home/gildas/projects/marmelab/javascript-boilerplate/src/api/orders/orderRepository.js:24:61)
       at Object.userId [as selectByUserId] (/home/gildas/projects/marmelab/javascript-boilerplate/src/api/orders/orderRepository.js:24:61)
       at Object.userId [as selectByUserId] (/home/gildas/projects/marmelab/javascript-boilerplate/src/api/orders/orderRepository.js:24:61)
       at Object.userId [as selectByUserId] (/home/gildas/projects/marmelab/javascript-boilerplate/src/api/orders/orderRepository.js:24:61)
       at Object.userId [as selectByUserId] (/home/gildas/projects/marmelab/javascript-boilerplate/src/api/orders/orderRepository.js:24:61)
       at Object.userId [as selectByUserId] (/home/gildas/projects/marmelab/javascript-boilerplate/src/api/orders/orderRepository.js:24:61)
       at Object.userId [as selectByUserId] (/home/gildas/projects/marmelab/javascript-boilerplate/src/api/orders/orderRepository.js:24:61)
       at Object.userId [as selectByUserId] (/home/gildas/projects/marmelab/javascript-boilerplate/src/api/orders/orderRepository.js:24:61)
       at Object.userId [as selectByUserId] (/home/gildas/projects/marmelab/javascript-boilerplate/src/api/orders/orderRepository.js:24:61)
       at Object.userId [as selectByUserId] (/home/gildas/projects/marmelab/javascript-boilerplate/src/api/orders/orderRepository.js:24:61)
       at Object.userId [as selectByUserId] (/home/gildas/projects/marmelab/javascript-boilerplate/src/api/orders/orderRepository.js:24:61)
       at Object.userId [as selectByUserId] (/home/gildas/projects/marmelab/javascript-boilerplate/src/api/orders/orderRepository.js:24:61)
       at Object.userId [as selectByUserId] (/home/gildas/projects/marmelab/javascript-boilerplate/src/api/orders/orderRepository.js:24:61)
       at Object.userId [as selectByUserId] (/home/gildas/projects/marmelab/javascript-boilerplate/src/api/orders/orderRepository.js:24:61)
       at Object.userId [as selectByUserId] (/home/gildas/projects/marmelab/javascript-boilerplate/src/api/orders/orderRepository.js:24:61)
       at Object.userId [as selectByUserId] (/home/gildas/projects/marmelab/javascript-boilerplate/src/api/orders/orderRepository.js:24:61)
       at Object.userId [as selectByUserId] (/home/gildas/projects/marmelab/javascript-boilerplate/src/api/orders/orderRepository.js:24:61)
       at Object.userId [as selectByUserId] (/home/gildas/projects/marmelab/javascript-boilerplate/src/api/orders/orderRepository.js:24:61)
       at Object.userId [as selectByUserId] (/home/gildas/projects/marmelab/javascript-boilerplate/src/api/orders/orderRepository.js:24:61)
       at Object.userId [as selectByUserId] (/home/gildas/projects/marmelab/javascript-boilerplate/src/api/orders/orderRepository.js:24:61)
       at Object.userId [as selectByUserId] (/home/gildas/projects/marmelab/javascript-boilerplate/src/api/orders/orderRepository.js:24:61)
       at Object.userId [as selectByUserId] (/home/gildas/projects/marmelab/javascript-boilerplate/src/api/orders/orderRepository.js:24:61)
       at Object.userId [as selectByUserId] (/home/gildas/projects/marmelab/javascript-boilerplate/src/api/orders/orderRepository.js:24:61)
       at Object.userId [as selectByUserId] (/home/gildas/projects/marmelab/javascript-boilerplate/src/api/orders/orderRepository.js:24:61)
       at Object.userId [as selectByUserId] (/home/gildas/projects/marmelab/javascript-boilerplate/src/api/orders/orderRepository.js:24:61)
       at Object.userId [as selectByUserId] (/home/gildas/projects/marmelab/javascript-boilerplate/src/api/orders/orderRepository.js:24:61)
       at Object.userId [as selectByUserId] (/home/gildas/projects/marmelab/javascript-boilerplate/src/api/orders/orderRepository.js:24:61)
       at Object.userId [as selectByUserId] (/home/gildas/projects/marmelab/javascript-boilerplate/src/api/orders/orderRepository.js:24:61)
       at Object.userId [as selectByUserId] (/home/gildas/projects/marmelab/javascript-boilerplate/src/api/orders/orderRepository.js:24:61)
       at Object.userId [as selectByUserId] (/home/gildas/projects/marmelab/javascript-boilerplate/src/api/orders/orderRepository.js:24:61)
       at Object.userId [as selectByUserId] (/home/gildas/projects/marmelab/javascript-boilerplate/src/api/orders/orderRepository.js:24:61)
       at Object.userId [as selectByUserId] (/home/gildas/projects/marmelab/javascript-boilerplate/src/api/orders/orderRepository.js:24:61)
       at Object.userId [as selectByUserId] (/home/gildas/projects/marmelab/javascript-boilerplate/src/api/orders/orderRepository.js:24:61)
       at Object.userId [as selectByUserId] (/home/gildas/projects/marmelab/javascript-boilerplate/src/api/orders/orderRepository.js:24:61)
       at Object.userId [as selectByUserId] (/home/gildas/projects/marmelab/javascript-boilerplate/src/api/orders/orderRepository.js:24:61)
       at Object.userId [as selectByUserId] (/home/gildas/projects/marmelab/javascript-boilerplate/src/api/orders/orderRepository.js:24:61)
       at Object.userId [as selectByUserId] (/home/gildas/projects/marmelab/javascript-boilerplate/src/api/orders/orderRepository.js:24:61)
       at Object.userId [as selectByUserId] (/home/gildas/projects/marmelab/javascript-boilerplate/src/api/orders/orderRepository.js:24:61)
       at Object.userId [as selectByUserId] (/home/gildas/projects/marmelab/javascript-boilerplate/src/api/orders/orderRepository.js:24:61)
       at Object.userId [as selectByUserId] (/home/gildas/projects/marmelab/javascript-boilerplate/src/api/orders/orderRepository.js:24:61)
       at Object.userId [as selectByUserId] (/home/gildas/projects/marmelab/javascript-boilerplate/src/api/orders/orderRepository.js:24:61)
       at Object.userId [as selectByUserId] (/home/gildas/projects/marmelab/javascript-boilerplate/src/api/orders/orderRepository.js:24:61)
       at Object.userId [as selectByUserId] (/home/gildas/projects/marmelab/javascript-boilerplate/src/api/orders/orderRepository.js:24:61)
       at Object.userId [as selectByUserId] (/home/gildas/projects/marmelab/javascript-boilerplate/src/api/orders/orderRepository.js:24:61)
       at Object.userId [as selectByUserId] (/home/gildas/projects/marmelab/javascript-boilerplate/src/api/orders/orderRepository.js:24:61)
       at Object.userId [as selectByUserId] (/home/gildas/projects/marmelab/javascript-boilerplate/src/api/orders/orderRepository.js:24:61)
       at Object.userId [as selectByUserId] (/home/gildas/projects/marmelab/javascript-boilerplate/src/api/orders/orderRepository.js:24:61)
       at Object.userId [as selectByUserId] (/home/gildas/projects/marmelab/javascript-boilerplate/src/api/orders/orderRepository.js:24:61)
       at Object.userId [as selectByUserId] (/home/gildas/projects/marmelab/javascript-boilerplate/src/api/orders/orderRepository.js:24:61)
       at Object.userId [as selectByUserId] (/home/gildas/projects/marmelab/javascript-boilerplate/src/api/orders/orderRepository.js:24:61)
       at Object.userId [as selectByUserId] (/home/gildas/projects/marmelab/javascript-boilerplate/src/api/orders/orderRepository.js:24:61)
       at Object.userId [as selectByUserId] (/home/gildas/projects/marmelab/javascript-boilerplate/src/api/orders/orderRepository.js:24:61)
       at Object.userId [as selectByUserId] (/home/gildas/projects/marmelab/javascript-boilerplate/src/api/orders/orderRepository.js:24:61)
       at Object.userId [as selectByUserId] (/home/gildas/projects/marmelab/javascript-boilerplate/src/api/orders/orderRepository.js:24:61)
       at Object.userId [as selectByUserId] (/home/gildas/projects/marmelab/javascript-boilerplate/src/api/orders/orderRepository.js:24:61)
       at Object.userId [as selectByUserId] (/home/gildas/projects/marmelab/javascript-boilerplate/src/api/orders/orderRepository.js:24:61)
       at Object.userId [as selectByUserId] (/home/gildas/projects/marmelab/javascript-boilerplate/src/api/orders/orderRepository.js:24:61)
       at Object.userId [as selectByUserId] (/home/gildas/projects/marmelab/javascript-boilerplate/src/api/orders/orderRepository.js:24:61)
       at Object.userId [as selectByUserId] (/home/gildas/projects/marmelab/javascript-boilerplate/src/api/orders/orderRepository.js:24:61)
       at Object.userId [as selectByUserId] (/home/gildas/projects/marmelab/javascript-boilerplate/src/api/orders/orderRepository.js:24:61)
       at Object.userId [as selectByUserId] (/home/gildas/projects/marmelab/javascript-boilerplate/src/api/orders/orderRepository.js:24:61)
       at Object.userId [as selectByUserId] (/home/gildas/projects/marmelab/javascript-boilerplate/src/api/orders/orderRepository.js:24:61)
       at Object.userId [as selectByUserId] (/home/gildas/projects/marmelab/javascript-boilerplate/src/api/orders/orderRepository.js:24:61)
       at Object.userId [as selectByUserId] (/home/gildas/projects/marmelab/javascript-boilerplate/src/api/orders/orderRepository.js:24:61)
       at Object.userId [as selectByUserId] (/home/gildas/projects/marmelab/javascript-boilerplate/src/api/orders/orderRepository.js:24:61)
       at Object.userId [as selectByUserId] (/home/gildas/projects/marmelab/javascript-boilerplate/src/api/orders/orderRepository.js:24:61)
       at Object.userId [as selectByUserId] (/home/gildas/projects/marmelab/javascript-boilerplate/src/api/orders/orderRepository.js:24:61)
       at Object.userId [as selectByUserId] (/home/gildas/projects/marmelab/javascript-boilerplate/src/api/orders/orderRepository.js:24:61)
       at Object.userId [as selectByUserId] (/home/gildas/projects/marmelab/javascript-boilerplate/src/api/orders/orderRepository.js:24:61)
       at Object.userId [as selectByUserId] (/home/gildas/projects/marmelab/javascript-boilerplate/src/api/orders/orderRepository.js:24:61)
       at Object.userId [as selectByUserId] (/home/gildas/projects/marmelab/javascript-boilerplate/src/api/orders/orderRepository.js:24:61)
       at Object.userId [as selectByUserId] (/home/gildas/projects/marmelab/javascript-boilerplate/src/api/orders/orderRepository.js:24:61)
       at Object.userId [as selectByUserId] (/home/gildas/projects/marmelab/javascript-boilerplate/src/api/orders/orderRepository.js:24:61)
       at Object.userId [as selectByUserId] (/home/gildas/projects/marmelab/javascript-boilerplate/src/api/orders/orderRepository.js:24:61)
       at Object.userId [as selectByUserId] (/home/gildas/projects/marmelab/javascript-boilerplate/src/api/orders/orderRepository.js:24:61)
       at Object.userId [as selectByUserId] (/home/gildas/projects/marmelab/javascript-boilerplate/src/api/orders/orderRepository.js:24:61)
       at Object.userId [as selectByUserId] (/home/gildas/projects/marmelab/javascript-boilerplate/src/api/orders/orderRepository.js:24:61)
       at Object.userId [as selectByUserId] (/home/gildas/projects/marmelab/javascript-boilerplate/src/api/orders/orderRepository.js:24:61)
       at Object.userId [as selectByUserId] (/home/gildas/projects/marmelab/javascript-boilerplate/src/api/orders/orderRepository.js:24:61)
       at Object.userId [as selectByUserId] (/home/gildas/projects/marmelab/javascript-boilerplate/src/api/orders/orderRepository.js:24:61)
       at Object.userId [as selectByUserId] (/home/gildas/projects/marmelab/javascript-boilerplate/src/api/orders/orderRepository.js:24:61)
       at Object.userId [as selectByUserId] (/home/gildas/projects/marmelab/javascript-boilerplate/src/api/orders/orderRepository.js:24:61)
       at Object.userId [as selectByUserId] (/home/gildas/projects/marmelab/javascript-boilerplate/src/api/orders/orderRepository.js:24:61)
       at Object.userId [as selectByUserId] (/home/gildas/projects/marmelab/javascript-boilerplate/src/api/orders/orderRepository.js:24:61)
       at Object.userId [as selectByUserId] (/home/gildas/projects/marmelab/javascript-boilerplate/src/api/orders/orderRepository.js:24:61)
       at Object.userId [as selectByUserId] (/home/gildas/projects/marmelab/javascript-boilerplate/src/api/orders/orderRepository.js:24:61)
       at Object.userId [as selectByUserId] (/home/gildas/projects/marmelab/javascript-boilerplate/src/api/orders/orderRepository.js:24:61)
       at Object.userId [as selectByUserId] (/home/gildas/projects/marmelab/javascript-boilerplate/src/api/orders/orderRepository.js:24:61)
       at Object.userId [as selectByUserId] (/home/gildas/projects/marmelab/javascript-boilerplate/src/api/orders/orderRepository.js:24:61)
       at Object.userId [as selectByUserId] (/home/gildas/projects/marmelab/javascript-boilerplate/src/api/orders/orderRepository.js:24:61)
       at Object.userId [as selectByUserId] (/home/gildas/projects/marmelab/javascript-boilerplate/src/api/orders/orderRepository.js:24:61)
       at Object.userId [as selectByUserId] (/home/gildas/projects/marmelab/javascript-boilerplate/src/api/orders/orderRepository.js:24:61)
       at Object.userId [as selectByUserId] (/home/gildas/projects/marmelab/javascript-boilerplate/src/api/orders/orderRepository.js:24:61)
       at Object.userId [as selectByUserId] (/home/gildas/projects/marmelab/javascript-boilerplate/src/api/orders/orderRepository.js:24:61)
       at Object.userId [as selectByUserId] (/home/gildas/projects/marmelab/javascript-boilerplate/src/api/orders/orderRepository.js:24:61)
       at Object.userId [as selectByUserId] (/home/gildas/projects/marmelab/javascript-boilerplate/src/api/orders/orderRepository.js:24:61)
       at Object.userId [as selectByUserId] (/home/gildas/projects/marmelab/javascript-boilerplate/src/api/orders/orderRepository.js:24:61)
       at Object.userId [as selectByUserId] (/home/gildas/projects/marmelab/javascript-boilerplate/src/api/orders/orderRepository.js:24:61)
       at Object.userId [as selectByUserId] (/home/gildas/projects/marmelab/javascript-boilerplate/src/api/orders/orderRepository.js:24:61)
       at Object.userId [as selectByUserId] (/home/gildas/projects/marmelab/javascript-boilerplate/src/api/orders/orderRepository.js:24:61)
       at Object.userId [as selectByUserId] (/home/gildas/projects/marmelab/javascript-boilerplate/src/api/orders/orderRepository.js:24:61)
       at Object.userId [as selectByUserId] (/home/gildas/projects/marmelab/javascript-boilerplate/src/api/orders/orderRepository.js:24:61)
       at Object.userId [as selectByUserId] (/home/gildas/projects/marmelab/javascript-boilerplate/src/api/orders/orderRepository.js:24:61)
       at Object.userId [as selectByUserId] (/home/gildas/projects/marmelab/javascript-boilerplate/src/api/orders/orderRepository.js:24:61)
       at Object.userId [as selectByUserId] (/home/gildas/projects/marmelab/javascript-boilerplate/src/api/orders/orderRepository.js:24:61)
       at Object.userId [as selectByUserId] (/home/gildas/projects/marmelab/javascript-boilerplate/src/api/orders/orderRepository.js:24:61)
       at Object.userId [as selectByUserId] (/home/gildas/projects/marmelab/javascript-boilerplate/src/api/orders/orderRepository.js:24:61)
       at Object.userId [as selectByUserId] (/home/gildas/projects/marmelab/javascript-boilerplate/src/api/orders/orderRepository.js:24:61)
       at Object.userId [as selectByUserId] (/home/gildas/projects/marmelab/javascript-boilerplate/src/api/orders/orderRepository.js:24:61)
       at Object.userId [as selectByUserId] (/home/gildas/projects/marmelab/javascript-boilerplate/src/api/orders/orderRepository.js:24:61)
       at Object.userId [as selectByUserId] (/home/gildas/projects/marmelab/javascript-boilerplate/src/api/orders/orderRepository.js:24:61)
       at Object.userId [as selectByUserId] (/home/gildas/projects/marmelab/javascript-boilerplate/src/api/orders/orderRepository.js:24:61)
       at Object.userId [as selectByUserId] (/home/gildas/projects/marmelab/javascript-boilerplate/src/api/orders/orderRepository.js:24:61)
       at Object.userId [as selectByUserId] (/home/gildas/projects/marmelab/javascript-boilerplate/src/api/orders/orderRepository.js:24:61)
       at Object.userId [as selectByUserId] (/home/gildas/projects/marmelab/javascript-boilerplate/src/api/orders/orderRepository.js:24:61)
       at Object.userId [as selectByUserId] (/home/gildas/projects/marmelab/javascript-boilerplate/src/api/orders/orderRepository.js:24:61)
       at Object.userId [as selectByUserId] (/home/gildas/projects/marmelab/javascript-boilerplate/src/api/orders/orderRepository.js:24:61)
       at Object.userId [as selectByUserId] (/home/gildas/projects/marmelab/javascript-boilerplate/src/api/orders/orderRepository.js:24:61)
       at Object.userId [as selectByUserId] (/home/gildas/projects/marmelab/javascript-boilerplate/src/api/orders/orderRepository.js:24:61)
       at Object.userId [as selectByUserId] (/home/gildas/projects/marmelab/javascript-boilerplate/src/api/orders/orderRepository.js:24:61)
       at Object.userId [as selectByUserId] (/home/gildas/projects/marmelab/javascript-boilerplate/src/api/orders/orderRepository.js:24:61)
       at Object.userId [as selectByUserId] (/home/gildas/projects/marmelab/javascript-boilerplate/src/api/orders/orderRepository.js:24:61)
       at Object.userId [as selectByUserId] (/home/gildas/projects/marmelab/javascript-boilerplate/src/api/orders/orderRepository.js:24:61)
       at Object.userId [as selectByUserId] (/home/gildas/projects/marmelab/javascript-boilerplate/src/api/orders/orderRepository.js:24:61)
       at Object.userId [as selectByUserId] (/home/gildas/projects/marmelab/javascript-boilerplate/src/api/orders/orderRepository.js:24:61)
       at Object.userId [as selectByUserId] (/home/gildas/projects/marmelab/javascript-boilerplate/src/api/orders/orderRepository.js:24:61)
       at Object.userId [as selectByUserId] (/home/gildas/projects/marmelab/javascript-boilerplate/src/api/orders/orderRepository.js:24:61)
       at Object.userId [as selectByUserId] (/home/gildas/projects/marmelab/javascript-boilerplate/src/api/orders/orderRepository.js:24:61)
       at Object.userId [as selectByUserId] (/home/gildas/projects/marmelab/javascript-boilerplate/src/api/orders/orderRepository.js:24:61)
       at Object.userId [as selectByUserId] (/home/gildas/projects/marmelab/javascript-boilerplate/src/api/orders/orderRepository.js:24:61)
       at Object.userId [as selectByUserId] (/home/gildas/projects/marmelab/javascript-boilerplate/src/api/orders/orderRepository.js:24:61)
       at Object.userId [as selectByUserId] (/home/gildas/projects/marmelab/javascript-boilerplate/src/api/orders/orderRepository.js:24:61)
       at Object.userId [as selectByUserId] (/home/gildas/projects/marmelab/javascript-boilerplate/src/api/orders/orderRepository.js:24:61)
       at Object.userId [as selectByUserId] (/home/gildas/projects/marmelab/javascript-boilerplate/src/api/orders/orderRepository.js:24:61)
       at Object.userId [as selectByUserId] (/home/gildas/projects/marmelab/javascript-boilerplate/src/api/orders/orderRepository.js:24:61)
       at Object.userId [as selectByUserId] (/home/gildas/projects/marmelab/javascript-boilerplate/src/api/orders/orderRepository.js:24:61)
       at Object.userId [as selectByUserId] (/home/gildas/projects/marmelab/javascript-boilerplate/src/api/orders/orderRepository.js:24:61)
       at Object.userId [as selectByUserId] (/home/gildas/projects/marmelab/javascript-boilerplate/src/api/orders/orderRepository.js:24:61)
       at Object.userId [as selectByUserId] (/home/gildas/projects/marmelab/javascript-boilerplate/src/api/orders/orderRepository.js:24:61)
       at Object.userId [as selectByUserId] (/home/gildas/projects/marmelab/javascript-boilerplate/src/api/orders/orderRepository.js:24:61)
       at Object.userId [as selectByUserId] (/home/gildas/projects/marmelab/javascript-boilerplate/src/api/orders/orderRepository.js:24:61)
       at Object.userId [as selectByUserId] (/home/gildas/projects/marmelab/javascript-boilerplate/src/api/orders/orderRepository.js:24:61)
       at Object.userId [as selectByUserId] (/home/gildas/projects/marmelab/javascript-boilerplate/src/api/orders/orderRepository.js:24:61)
       at Object.userId [as selectByUserId] (/home/gildas/projects/marmelab/javascript-boilerplate/src/api/orders/orderRepository.js:24:61)
       at Object.userId [as selectByUserId] (/home/gildas/projects/marmelab/javascript-boilerplate/src/api/orders/orderRepository.js:24:61)
       at Object.userId [as selectByUserId] (/home/gildas/projects/marmelab/javascript-boilerplate/src/api/orders/orderRepository.js:24:61)
       at Object.userId [as selectByUserId] (/home/gildas/projects/marmelab/javascript-boilerplate/src/api/orders/orderRepository.js:24:61)
       at Object.userId [as selectByUserId] (/home/gildas/projects/marmelab/javascript-boilerplate/src/api/orders/orderRepository.js:24:61)
       at Object.userId [as selectByUserId] (/home/gildas/projects/marmelab/javascript-boilerplate/src/api/orders/orderRepository.js:24:61)
       at Object.userId [as selectByUserId] (/home/gildas/projects/marmelab/javascript-boilerplate/src/api/orders/orderRepository.js:24:61)
       at Object.userId [as selectByUserId] (/home/gildas/projects/marmelab/javascript-boilerplate/src/api/orders/orderRepository.js:24:61)
       at Object.userId [as selectByUserId] (/home/gildas/projects/marmelab/javascript-boilerplate/src/api/orders/orderRepository.js:24:61)
       at Object.userId [as selectByUserId] (/home/gildas/projects/marmelab/javascript-boilerplate/src/api/orders/orderRepository.js:24:61)
       at Object.userId [as selectByUserId] (/home/gildas/projects/marmelab/javascript-boilerplate/src/api/orders/orderRepository.js:24:61)
       at Object.userId [as selectByUserId] (/home/gildas/projects/marmelab/javascript-boilerplate/src/api/orders/orderRepository.js:24:61)
       at Object.userId [as selectByUserId] (/home/gildas/projects/marmelab/javascript-boilerplate/src/api/orders/orderRepository.js:24:61)
       at Object.userId [as selectByUserId] (/home/gildas/projects/marmelab/javascript-boilerplate/src/api/orders/orderRepository.js:24:61)
       at Object.userId [as selectByUserId] (/home/gildas/projects/marmelab/javascript-boilerplate/src/api/orders/orderRepository.js:24:61)
       at Object.userId [as selectByUserId] (/home/gildas/projects/marmelab/javascript-boilerplate/src/api/orders/orderRepository.js:24:61)
       at Object.userId [as selectByUserId] (/home/gildas/projects/marmelab/javascript-boilerplate/src/api/orders/orderRepository.js:24:61)
       at Object.userId [as selectByUserId] (/home/gildas/projects/marmelab/javascript-boilerplate/src/api/orders/orderRepository.js:24:61)
       at Object.userId [as selectByUserId] (/home/gildas/projects/marmelab/javascript-boilerplate/src/api/orders/orderRepository.js:24:61)
       at Object.userId [as selectByUserId] (/home/gildas/projects/marmelab/javascript-boilerplate/src/api/orders/orderRepository.js:24:61)
       at Object.userId [as selectByUserId] (/home/gildas/projects/marmelab/javascript-boilerplate/src/api/orders/orderRepository.js:24:61)
       at Object.userId [as selectByUserId] (/home/gildas/projects/marmelab/javascript-boilerplate/src/api/orders/orderRepository.js:24:61)
       at Object.userId [as selectByUserId] (/home/gildas/projects/marmelab/javascript-boilerplate/src/api/orders/orderRepository.js:24:61)
       at Object.userId [as selectByUserId] (/home/gildas/projects/marmelab/javascript-boilerplate/src/api/orders/orderRepository.js:24:61)
       at Object.userId [as selectByUserId] (/home/gildas/projects/marmelab/javascript-boilerplate/src/api/orders/orderRepository.js:24:61)
       at Object.userId [as selectByUserId] (/home/gildas/projects/marmelab/javascript-boilerplate/src/api/orders/orderRepository.js:24:61)
       at Object.userId [as selectByUserId] (/home/gildas/projects/marmelab/javascript-boilerplate/src/api/orders/orderRepository.js:24:61)
       at Object.userId [as selectByUserId] (/home/gildas/projects/marmelab/javascript-boilerplate/src/api/orders/orderRepository.js:24:61)
       at Object.userId [as selectByUserId] (/home/gildas/projects/marmelab/javascript-boilerplate/src/api/orders/orderRepository.js:24:61)
       at Object.userId [as selectByUserId] (/home/gildas/projects/marmelab/javascript-boilerplate/src/api/orders/orderRepository.js:24:61)
       at Object.userId [as selectByUserId] (/home/gildas/projects/marmelab/javascript-boilerplate/src/api/orders/orderRepository.js:24:61)
       at Object.userId [as selectByUserId] (/home/gildas/projects/marmelab/javascript-boilerplate/src/api/orders/orderRepository.js:24:61)
       at Object.userId [as selectByUserId] (/home/gildas/projects/marmelab/javascript-boilerplate/src/api/orders/orderRepository.js:24:61)
       at Object.userId [as selectByUserId] (/home/gildas/projects/marmelab/javascript-boilerplate/src/api/orders/orderRepository.js:24:61)
       at Object.userId [as selectByUserId] (/home/gildas/projects/marmelab/javascript-boilerplate/src/api/orders/orderRepository.js:24:61)
       at Object.userId [as selectByUserId] (/home/gildas/projects/marmelab/javascript-boilerplate/src/api/orders/orderRepository.js:24:61)
       at Object.userId [as selectByUserId] (/home/gildas/projects/marmelab/javascript-boilerplate/src/api/orders/orderRepository.js:24:61)
       at Object.userId [as selectByUserId] (/home/gildas/projects/marmelab/javascript-boilerplate/src/api/orders/orderRepository.js:24:61)
       at Object.userId [as selectByUserId] (/home/gildas/projects/marmelab/javascript-boilerplate/src/api/orders/orderRepository.js:24:61)
       at Object.userId [as selectByUserId] (/home/gildas/projects/marmelab/javascript-boilerplate/src/api/orders/orderRepository.js:24:61)
       at Object.userId [as selectByUserId] (/home/gildas/projects/marmelab/javascript-boilerplate/src/api/orders/orderRepository.js:24:61)
       at Object.userId [as selectByUserId] (/home/gildas/projects/marmelab/javascript-boilerplate/src/api/orders/orderRepository.js:24:61)
       at Object.userId [as selectByUserId] (/home/gildas/projects/marmelab/javascript-boilerplate/src/api/orders/orderRepository.js:24:61)
       at Object.userId [as selectByUserId] (/home/gildas/projects/marmelab/javascript-boilerplate/src/api/orders/orderRepository.js:24:61)
       at Object.userId [as selectByUserId] (/home/gildas/projects/marmelab/javascript-boilerplate/src/api/orders/orderRepository.js:24:61)
       at Object.userId [as selectByUserId] (/home/gildas/projects/marmelab/javascript-boilerplate/src/api/orders/orderRepository.js:24:61)
       at Object.userId [as selectByUserId] (/home/gildas/projects/marmelab/javascript-boilerplate/src/api/orders/orderRepository.js:24:61)
       at Object.userId [as selectByUserId] (/home/gildas/projects/marmelab/javascript-boilerplate/src/api/orders/orderRepository.js:24:61)
       at Object.userId [as selectByUserId] (/home/gildas/projects/marmelab/javascript-boilerplate/src/api/orders/orderRepository.js:24:61)
       at Object.userId [as selectByUserId] (/home/gildas/projects/marmelab/javascript-boilerplate/src/api/orders/orderRepository.js:24:61)
       at Object.userId [as selectByUserId] (/home/gildas/projects/marmelab/javascript-boilerplate/src/api/orders/orderRepository.js:24:61)
       at Object.userId [as selectByUserId] (/home/gildas/projects/marmelab/javascript-boilerplate/src/api/orders/orderRepository.js:24:61)
       at Object.userId [as selectByUserId] (/home/gildas/projects/marmelab/javascript-boilerplate/src/api/orders/orderRepository.js:24:61)
       at Object.userId [as selectByUserId] (/home/gildas/projects/marmelab/javascript-boilerplate/src/api/orders/orderRepository.js:24:61)
       at Object.userId [as selectByUserId] (/home/gildas/projects/marmelab/javascript-boilerplate/src/api/orders/orderRepository.js:24:61)
       at Object.userId [as selectByUserId] (/home/gildas/projects/marmelab/javascript-boilerplate/src/api/orders/orderRepository.js:24:61)
       at Object.userId [as selectByUserId] (/home/gildas/projects/marmelab/javascript-boilerplate/src/api/orders/orderRepository.js:24:61)
       at Object.userId [as selectByUserId] (/home/gildas/projects/marmelab/javascript-boilerplate/src/api/orders/orderRepository.js:24:61)
       at Object.userId [as selectByUserId] (/home/gildas/projects/marmelab/javascript-boilerplate/src/api/orders/orderRepository.js:24:61)
       at Object.userId [as selectByUserId] (/home/gildas/projects/marmelab/javascript-boilerplate/src/api/orders/orderRepository.js:24:61)
       at Object.userId [as selectByUserId] (/home/gildas/projects/marmelab/javascript-boilerplate/src/api/orders/orderRepository.js:24:61)
       at Object.userId [as selectByUserId] (/home/gildas/projects/marmelab/javascript-boilerplate/src/api/orders/orderRepository.js:24:61)
       at Object.userId [as selectByUserId] (/home/gildas/projects/marmelab/javascript-boilerplate/src/api/orders/orderRepository.js:24:61)
       at Object.userId [as selectByUserId] (/home/gildas/projects/marmelab/javascript-boilerplate/src/api/orders/orderRepository.js:24:61)
       at Object.userId [as selectByUserId] (/home/gildas/projects/marmelab/javascript-boilerplate/src/api/orders/orderRepository.js:24:61)
       at Object.userId [as selectByUserId] (/home/gildas/projects/marmelab/javascript-boilerplate/src/api/orders/orderRepository.js:24:61)
       at Object.userId [as selectByUserId] (/home/gildas/projects/marmelab/javascript-boilerplate/src/api/orders/orderRepository.js:24:61)
       at Object.userId [as selectByUserId] (/home/gildas/projects/marmelab/javascript-boilerplate/src/api/orders/orderRepository.js:24:61)
       at Object.userId [as selectByUserId] (/home/gildas/projects/marmelab/javascript-boilerplate/src/api/orders/orderRepository.js:24:61)
       at Object.userId [as selectByUserId] (/home/gildas/projects/marmelab/javascript-boilerplate/src/api/orders/orderRepository.js:24:61)
       at Object.userId [as selectByUserId] (/home/gildas/projects/marmelab/javascript-boilerplate/src/api/orders/orderRepository.js:24:61)
       at Object.userId [as selectByUserId] (/home/gildas/projects/marmelab/javascript-boilerplate/src/api/orders/orderRepository.js:24:61)
       at Object.userId [as selectByUserId] (/home/gildas/projects/marmelab/javascript-boilerplate/src/api/orders/orderRepository.js:24:61)
       at Object.userId [as selectByUserId] (/home/gildas/projects/marmelab/javascript-boilerplate/src/api/orders/orderRepository.js:24:61)
       at Object.userId [as selectByUserId] (/home/gildas/projects/marmelab/javascript-boilerplate/src/api/orders/orderRepository.js:24:61)
       at Object.userId [as selectByUserId] (/home/gildas/projects/marmelab/javascript-boilerplate/src/api/orders/orderRepository.js:24:61)
       at Object.userId [as selectByUserId] (/home/gildas/projects/marmelab/javascript-boilerplate/src/api/orders/orderRepository.js:24:61)
       at Object.userId [as selectByUserId] (/home/gildas/projects/marmelab/javascript-boilerplate/src/api/orders/orderRepository.js:24:61)
       at Object.userId [as selectByUserId] (/home/gildas/projects/marmelab/javascript-boilerplate/src/api/orders/orderRepository.js:24:61)
       at Object.userId [as selectByUserId] (/home/gildas/projects/marmelab/javascript-boilerplate/src/api/orders/orderRepository.js:24:61)
       at Object.userId [as selectByUserId] (/home/gildas/projects/marmelab/javascript-boilerplate/src/api/orders/orderRepository.js:24:61)
       at Object.userId [as selectByUserId] (/home/gildas/projects/marmelab/javascript-boilerplate/src/api/orders/orderRepository.js:24:61)
       at Object.userId [as selectByUserId] (/home/gildas/projects/marmelab/javascript-boilerplate/src/api/orders/orderRepository.js:24:61)
       at Object.userId [as selectByUserId] (/home/gildas/projects/marmelab/javascript-boilerplate/src/api/orders/orderRepository.js:24:61)
       at Object.userId [as selectByUserId] (/home/gildas/projects/marmelab/javascript-boilerplate/src/api/orders/orderRepository.js:24:61)
       at Object.userId [as selectByUserId] (/home/gildas/projects/marmelab/javascript-boilerplate/src/api/orders/orderRepository.js:24:61)
       at Object.userId [as selectByUserId] (/home/gildas/projects/marmelab/javascript-boilerplate/src/api/orders/orderRepository.js:24:61)
       at Object.userId [as selectByUserId] (/home/gildas/projects/marmelab/javascript-boilerplate/src/api/orders/orderRepository.js:24:61)
       at Object.userId [as selectByUserId] (/home/gildas/projects/marmelab/javascript-boilerplate/src/api/orders/orderRepository.js:24:61)
       at Object.userId [as selectByUserId] (/home/gildas/projects/marmelab/javascript-boilerplate/src/api/orders/orderRepository.js:24:61)
       at Object.userId [as selectByUserId] (/home/gildas/projects/marmelab/javascript-boilerplate/src/api/orders/orderRepository.js:24:61)
       at Object.userId [as selectByUserId] (/home/gildas/projects/marmelab/javascript-boilerplate/src/api/orders/orderRepository.js:24:61)
       at Object.userId [as selectByUserId] (/home/gildas/projects/marmelab/javascript-boilerplate/src/api/orders/orderRepository.js:24:61)
       at Object.userId [as selectByUserId] (/home/gildas/projects/marmelab/javascript-boilerplate/src/api/orders/orderRepository.js:24:61)
       at Object.userId [as selectByUserId] (/home/gildas/projects/marmelab/javascript-boilerplate/src/api/orders/orderRepository.js:24:61)
       at Object.userId [as selectByUserId] (/home/gildas/projects/marmelab/javascript-boilerplate/src/api/orders/orderRepository.js:24:61)
       at Object.userId [as selectByUserId] (/home/gildas/projects/marmelab/javascript-boilerplate/src/api/orders/orderRepository.js:24:61)
       at Object.userId [as selectByUserId] (/home/gildas/projects/marmelab/javascript-boilerplate/src/api/orders/orderRepository.js:24:61)
       at Object.userId [as selectByUserId] (/home/gildas/projects/marmelab/javascript-boilerplate/src/api/orders/orderRepository.js:24:61)
       at Object.userId [as selectByUserId] (/home/gildas/projects/marmelab/javascript-boilerplate/src/api/orders/orderRepository.js:24:61)
       at Object.userId [as selectByUserId] (/home/gildas/projects/marmelab/javascript-boilerplate/src/api/orders/orderRepository.js:24:61)
       at Object.userId [as selectByUserId] (/home/gildas/projects/marmelab/javascript-boilerplate/src/api/orders/orderRepository.js:24:61)
       at Object.userId [as selectByUserId] (/home/gildas/projects/marmelab/javascript-boilerplate/src/api/orders/orderRepository.js:24:61)
       at Object.userId [as selectByUserId] (/home/gildas/projects/marmelab/javascript-boilerplate/src/api/orders/orderRepository.js:24:61)
       at Object.userId [as selectByUserId] (/home/gildas/projects/marmelab/javascript-boilerplate/src/api/orders/orderRepository.js:24:61)
       at Object.userId [as selectByUserId] (/home/gildas/projects/marmelab/javascript-boilerplate/src/api/orders/orderRepository.js:24:61)
       at Object.userId [as selectByUserId] (/home/gildas/projects/marmelab/javascript-boilerplate/src/api/orders/orderRepository.js:24:61)
       at Object.userId [as selectByUserId] (/home/gildas/projects/marmelab/javascript-boilerplate/src/api/orders/orderRepository.js:24:61)
       at Object.userId [as selectByUserId] (/home/gildas/projects/marmelab/javascript-boilerplate/src/api/orders/orderRepository.js:24:61)
       at Object.userId [as selectByUserId] (/home/gildas/projects/marmelab/javascript-boilerplate/src/api/orders/orderRepository.js:24:61)
       at Object.userId [as selectByUserId] (/home/gildas/projects/marmelab/javascript-boilerplate/src/api/orders/orderRepository.js:24:61)
       at Object.userId [as selectByUserId] (/home/gildas/projects/marmelab/javascript-boilerplate/src/api/orders/orderRepository.js:24:61)
       at Object.userId [as selectByUserId] (/home/gildas/projects/marmelab/javascript-boilerplate/src/api/orders/orderRepository.js:24:61)
       at Object.userId [as selectByUserId] (/home/gildas/projects/marmelab/javascript-boilerplate/src/api/orders/orderRepository.js:24:61)
       at Object.userId [as selectByUserId] (/home/gildas/projects/marmelab/javascript-boilerplate/src/api/orders/orderRepository.js:24:61)
       at Object.userId [as selectByUserId] (/home/gildas/projects/marmelab/javascript-boilerplate/src/api/orders/orderRepository.js:24:61)
       at Object.userId [as selectByUserId] (/home/gildas/projects/marmelab/javascript-boilerplate/src/api/orders/orderRepository.js:24:61)
       at Object.userId [as selectByUserId] (/home/gildas/projects/marmelab/javascript-boilerplate/src/api/orders/orderRepository.js:24:61)
       at Object.userId [as selectByUserId] (/home/gildas/projects/marmelab/javascript-boilerplate/src/api/orders/orderRepository.js:24:61)
       at Object.userId [as selectByUserId] (/home/gildas/projects/marmelab/javascript-boilerplate/src/api/orders/orderRepository.js:24:61)
       at Object.userId [as selectByUserId] (/home/gildas/projects/marmelab/javascript-boilerplate/src/api/orders/orderRepository.js:24:61)
       at Object.userId [as selectByUserId] (/home/gildas/projects/marmelab/javascript-boilerplate/src/api/orders/orderRepository.js:24:61)
       at Object.userId [as selectByUserId] (/home/gildas/projects/marmelab/javascript-boilerplate/src/api/orders/orderRepository.js:24:61)
       at Object.userId [as selectByUserId] (/home/gildas/projects/marmelab/javascript-boilerplate/src/api/orders/orderRepository.js:24:61)
       at Object.userId [as selectByUserId] (/home/gildas/projects/marmelab/javascript-boilerplate/src/api/orders/orderRepository.js:24:61)
       at Object.userId [as selectByUserId] (/home/gildas/projects/marmelab/javascript-boilerplate/src/api/orders/orderRepository.js:24:61)
       at Object.userId [as selectByUserId] (/home/gildas/projects/marmelab/javascript-boilerplate/src/api/orders/orderRepository.js:24:61)
       at Object.userId [as selectByUserId] (/home/gildas/projects/marmelab/javascript-boilerplate/src/api/orders/orderRepository.js:24:61)
       at Object.userId [as selectByUserId] (/home/gildas/projects/marmelab/javascript-boilerplate/src/api/orders/orderRepository.js:24:61)
       at Object.userId [as selectByUserId] (/home/gildas/projects/marmelab/javascript-boilerplate/src/api/orders/orderRepository.js:24:61)
       at Object.userId [as selectByUserId] (/home/gildas/projects/marmelab/javascript-boilerplate/src/api/orders/orderRepository.js:24:61)
       at Object.userId [as selectByUserId] (/home/gildas/projects/marmelab/javascript-boilerplate/src/api/orders/orderRepository.js:24:61)
       at Object.userId [as selectByUserId] (/home/gildas/projects/marmelab/javascript-boilerplate/src/api/orders/orderRepository.js:24:61)
       at Object.userId [as selectByUserId] (/home/gildas/projects/marmelab/javascript-boilerplate/src/api/orders/orderRepository.js:24:61)
       at Object.userId [as selectByUserId] (/home/gildas/projects/marmelab/javascript-boilerplate/src/api/orders/orderRepository.js:24:61)
       at Object.userId [as selectByUserId] (/home/gildas/projects/marmelab/javascript-boilerplate/src/api/orders/orderRepository.js:24:61)
       at Object.userId [as selectByUserId] (/home/gildas/projects/marmelab/javascript-boilerplate/src/api/orders/orderRepository.js:24:61)
       at Object.userId [as selectByUserId] (/home/gildas/projects/marmelab/javascript-boilerplate/src/api/orders/orderRepository.js:24:61)
       at Object.userId [as selectByUserId] (/home/gildas/projects/marmelab/javascript-boilerplate/src/api/orders/orderRepository.js:24:61)
       at Object.userId [as selectByUserId] (/home/gildas/projects/marmelab/javascript-boilerplate/src/api/orders/orderRepository.js:24:61)
       at Object.userId [as selectByUserId] (/home/gildas/projects/marmelab/javascript-boilerplate/src/api/orders/orderRepository.js:24:61)
       at Object.userId [as selectByUserId] (/home/gildas/projects/marmelab/javascript-boilerplate/src/api/orders/orderRepository.js:24:61)
       at Object.userId [as selectByUserId] (/home/gildas/projects/marmelab/javascript-boilerplate/src/api/orders/orderRepository.js:24:61)
       at Object.userId [as selectByUserId] (/home/gildas/projects/marmelab/javascript-boilerplate/src/api/orders/orderRepository.js:24:61)
       at Object.userId [as selectByUserId] (/home/gildas/projects/marmelab/javascript-boilerplate/src/api/orders/orderRepository.js:24:61)
       at Object.userId [as selectByUserId] (/home/gildas/projects/marmelab/javascript-boilerplate/src/api/orders/orderRepository.js:24:61)
       at Object.userId [as selectByUserId] (/home/gildas/projects/marmelab/javascript-boilerplate/src/api/orders/orderRepository.js:24:61)
       at Object.userId [as selectByUserId] (/home/gildas/projects/marmelab/javascript-boilerplate/src/api/orders/orderRepository.js:24:61)
       at Object.userId [as selectByUserId] (/home/gildas/projects/marmelab/javascript-boilerplate/src/api/orders/orderRepository.js:24:61)
       at Object.userId [as selectByUserId] (/home/gildas/projects/marmelab/javascript-boilerplate/src/api/orders/orderRepository.js:24:61)
       at Object.userId [as selectByUserId] (/home/gildas/projects/marmelab/javascript-boilerplate/src/api/orders/orderRepository.js:24:61)
       at Object.userId [as selectByUserId] (/home/gildas/projects/marmelab/javascript-boilerplate/src/api/orders/orderRepository.js:24:61)
       at Object.userId [as selectByUserId] (/home/gildas/projects/marmelab/javascript-boilerplate/src/api/orders/orderRepository.js:24:61)
       at Object.userId [as selectByUserId] (/home/gildas/projects/marmelab/javascript-boilerplate/src/api/orders/orderRepository.js:24:61)
       at Object.userId [as selectByUserId] (/home/gildas/projects/marmelab/javascript-boilerplate/src/api/orders/orderRepository.js:24:61)
       at Object.userId [as selectByUserId] (/home/gildas/projects/marmelab/javascript-boilerplate/src/api/orders/orderRepository.js:24:61)
       at Object.userId [as selectByUserId] (/home/gildas/projects/marmelab/javascript-boilerplate/src/api/orders/orderRepository.js:24:61)
       at Object.userId [as selectByUserId] (/home/gildas/projects/marmelab/javascript-boilerplate/src/api/orders/orderRepository.js:24:61)
       at Object.userId [as selectByUserId] (/home/gildas/projects/marmelab/javascript-boilerplate/src/api/orders/orderRepository.js:24:61)
       at Object.userId [as selectByUserId] (/home/gildas/projects/marmelab/javascript-boilerplate/src/api/orders/orderRepository.js:24:61)
       at Object.userId [as selectByUserId] (/home/gildas/projects/marmelab/javascript-boilerplate/src/api/orders/orderRepository.js:24:61)
       at Object.userId [as selectByUserId] (/home/gildas/projects/marmelab/javascript-boilerplate/src/api/orders/orderRepository.js:24:61)
       at Object.userId [as selectByUserId] (/home/gildas/projects/marmelab/javascript-boilerplate/src/api/orders/orderRepository.js:24:61)
       at Object.userId [as selectByUserId] (/home/gildas/projects/marmelab/javascript-boilerplate/src/api/orders/orderRepository.js:24:61)
       at Object.userId [as selectByUserId] (/home/gildas/projects/marmelab/javascript-boilerplate/src/api/orders/orderRepository.js:24:61)
       at Object.userId [as selectByUserId] (/home/gildas/projects/marmelab/javascript-boilerplate/src/api/orders/orderRepository.js:24:61)
       at Object.userId [as selectByUserId] (/home/gildas/projects/marmelab/javascript-boilerplate/src/api/orders/orderRepository.js:24:61)
       at Object.userId [as selectByUserId] (/home/gildas/projects/marmelab/javascript-boilerplate/src/api/orders/orderRepository.js:24:61)
       at Object.userId [as selectByUserId] (/home/gildas/projects/marmelab/javascript-boilerplate/src/api/orders/orderRepository.js:24:61)
       at Object.userId [as selectByUserId] (/home/gildas/projects/marmelab/javascript-boilerplate/src/api/orders/orderRepository.js:24:61)
       at Object.userId [as selectByUserId] (/home/gildas/projects/marmelab/javascript-boilerplate/src/api/orders/orderRepository.js:24:61)
       at Object.userId [as selectByUserId] (/home/gildas/projects/marmelab/javascript-boilerplate/src/api/orders/orderRepository.js:24:61)
       at Object.userId [as selectByUserId] (/home/gildas/projects/marmelab/javascript-boilerplate/src/api/orders/orderRepository.js:24:61)
       at Object.userId [as selectByUserId] (/home/gildas/projects/marmelab/javascript-boilerplate/src/api/orders/orderRepository.js:24:61)
       at Object.userId [as selectByUserId] (/home/gildas/projects/marmelab/javascript-boilerplate/src/api/orders/orderRepository.js:24:61)
       at Object.userId [as selectByUserId] (/home/gildas/projects/marmelab/javascript-boilerplate/src/api/orders/orderRepository.js:24:61)
       at Object.userId [as selectByUserId] (/home/gildas/projects/marmelab/javascript-boilerplate/src/api/orders/orderRepository.js:24:61)
       at Object.userId [as selectByUserId] (/home/gildas/projects/marmelab/javascript-boilerplate/src/api/orders/orderRepository.js:24:61)
       at Object.userId [as selectByUserId] (/home/gildas/projects/marmelab/javascript-boilerplate/src/api/orders/orderRepository.js:24:61)
       at Object.userId [as selectByUserId] (/home/gildas/projects/marmelab/javascript-boilerplate/src/api/orders/orderRepository.js:24:61)
       at Object.userId [as selectByUserId] (/home/gildas/projects/marmelab/javascript-boilerplate/src/api/orders/orderRepository.js:24:61)
       at Object.userId [as selectByUserId] (/home/gildas/projects/marmelab/javascript-boilerplate/src/api/orders/orderRepository.js:24:61)
       at Object.userId [as selectByUserId] (/home/gildas/projects/marmelab/javascript-boilerplate/src/api/orders/orderRepository.js:24:61)
       at Object.userId [as selectByUserId] (/home/gildas/projects/marmelab/javascript-boilerplate/src/api/orders/orderRepository.js:24:61)
       at Object.userId [as selectByUserId] (/home/gildas/projects/marmelab/javascript-boilerplate/src/api/orders/orderRepository.js:24:61)
       at Object.userId [as selectByUserId] (/home/gildas/projects/marmelab/javascript-boilerplate/src/api/orders/orderRepository.js:24:61)
       at Object.userId [as selectByUserId] (/home/gildas/projects/marmelab/javascript-boilerplate/src/api/orders/orderRepository.js:24:61)
       at Object.userId [as selectByUserId] (/home/gildas/projects/marmelab/javascript-boilerplate/src/api/orders/orderRepository.js:24:61)
       at Object.userId [as selectByUserId] (/home/gildas/projects/marmelab/javascript-boilerplate/src/api/orders/orderRepository.js:24:61)
       at Object.userId [as selectByUserId] (/home/gildas/projects/marmelab/javascript-boilerplate/src/api/orders/orderRepository.js:24:61)
       at Object.userId [as selectByUserId] (/home/gildas/projects/marmelab/javascript-boilerplate/src/api/orders/orderRepository.js:24:61)
       at Object.userId [as selectByUserId] (/home/gildas/projects/marmelab/javascript-boilerplate/src/api/orders/orderRepository.js:24:61)
       at Object.userId [as selectByUserId] (/home/gildas/projects/marmelab/javascript-boilerplate/src/api/orders/orderRepository.js:24:61)
       at Object.userId [as selectByUserId] (/home/gildas/projects/marmelab/javascript-boilerplate/src/api/orders/orderRepository.js:24:61)
       at Object.userId [as selectByUserId] (/home/gildas/projects/marmelab/javascript-boilerplate/src/api/orders/orderRepository.js:24:61)
       at Object.userId [as selectByUserId] (/home/gildas/projects/marmelab/javascript-boilerplate/src/api/orders/orderRepository.js:24:61)
       at Object.userId [as selectByUserId] (/home/gildas/projects/marmelab/javascript-boilerplate/src/api/orders/orderRepository.js:24:61)
       at Object.userId [as selectByUserId] (/home/gildas/projects/marmelab/javascript-boilerplate/src/api/orders/orderRepository.js:24:61)
       at Object.userId [as selectByUserId] (/home/gildas/projects/marmelab/javascript-boilerplate/src/api/orders/orderRepository.js:24:61)
       at Object.userId [as selectByUserId] (/home/gildas/projects/marmelab/javascript-boilerplate/src/api/orders/orderRepository.js:24:61)
       at Object.userId [as selectByUserId] (/home/gildas/projects/marmelab/javascript-boilerplate/src/api/orders/orderRepository.js:24:61)
       at Object.userId [as selectByUserId] (/home/gildas/projects/marmelab/javascript-boilerplate/src/api/orders/orderRepository.js:24:61)
       at Object.userId [as selectByUserId] (/home/gildas/projects/marmelab/javascript-boilerplate/src/api/orders/orderRepository.js:24:61)
       at Object.userId [as selectByUserId] (/home/gildas/projects/marmelab/javascript-boilerplate/src/api/orders/orderRepository.js:24:61)
       at Object.userId [as selectByUserId] (/home/gildas/projects/marmelab/javascript-boilerplate/src/api/orders/orderRepository.js:24:61)
       at Object.userId [as selectByUserId] (/home/gildas/projects/marmelab/javascript-boilerplate/src/api/orders/orderRepository.js:24:61)
       at Object.userId [as selectByUserId] (/home/gildas/projects/marmelab/javascript-boilerplate/src/api/orders/orderRepository.js:24:61)
       at Object.userId [as selectByUserId] (/home/gildas/projects/marmelab/javascript-boilerplate/src/api/orders/orderRepository.js:24:61)
       at Object.userId [as selectByUserId] (/home/gildas/projects/marmelab/javascript-boilerplate/src/api/orders/orderRepository.js:24:61)
       at Object.userId [as selectByUserId] (/home/gildas/projects/marmelab/javascript-boilerplate/src/api/orders/orderRepository.js:24:61)
       at Object.userId [as selectByUserId] (/home/gildas/projects/marmelab/javascript-boilerplate/src/api/orders/orderRepository.js:24:61)
       at Object.userId [as selectByUserId] (/home/gildas/projects/marmelab/javascript-boilerplate/src/api/orders/orderRepository.js:24:61)
       at Object.userId [as selectByUserId] (/home/gildas/projects/marmelab/javascript-boilerplate/src/api/orders/orderRepository.js:24:61)
       at Object.userId [as selectByUserId] (/home/gildas/projects/marmelab/javascript-boilerplate/src/api/orders/orderRepository.js:24:61)
       at Object.userId [as selectByUserId] (/home/gildas/projects/marmelab/javascript-boilerplate/src/api/orders/orderRepository.js:24:61)
       at Object.userId [as selectByUserId] (/home/gildas/projects/marmelab/javascript-boilerplate/src/api/orders/orderRepository.js:24:61)
       at Object.userId [as selectByUserId] (/home/gildas/projects/marmelab/javascript-boilerplate/src/api/orders/orderRepository.js:24:61)
       at Object.userId [as selectByUserId] (/home/gildas/projects/marmelab/javascript-boilerplate/src/api/orders/orderRepository.js:24:61)
       at Object.userId [as selectByUserId] (/home/gildas/projects/marmelab/javascript-boilerplate/src/api/orders/orderRepository.js:24:61)
       at Object.userId [as selectByUserId] (/home/gildas/projects/marmelab/javascript-boilerplate/src/api/orders/orderRepository.js:24:61)
       at Object.userId [as selectByUserId] (/home/gildas/projects/marmelab/javascript-boilerplate/src/api/orders/orderRepository.js:24:61)
       at Object.userId [as selectByUserId] (/home/gildas/projects/marmelab/javascript-boilerplate/src/api/orders/orderRepository.js:24:61)
       at Object.userId [as selectByUserId] (/home/gildas/projects/marmelab/javascript-boilerplate/src/api/orders/orderRepository.js:24:61)
       at Object.userId [as selectByUserId] (/home/gildas/projects/marmelab/javascript-boilerplate/src/api/orders/orderRepository.js:24:61)
       at Object.userId [as selectByUserId] (/home/gildas/projects/marmelab/javascript-boilerplate/src/api/orders/orderRepository.js:24:61)
       at Object.userId [as selectByUserId] (/home/gildas/projects/marmelab/javascript-boilerplate/src/api/orders/orderRepository.js:24:61)
       at Object.userId [as selectByUserId] (/home/gildas/projects/marmelab/javascript-boilerplate/src/api/orders/orderRepository.js:24:61)
       at Object.userId [as selectByUserId] (/home/gildas/projects/marmelab/javascript-boilerplate/src/api/orders/orderRepository.js:24:61)
       at Object.userId [as selectByUserId] (/home/gildas/projects/marmelab/javascript-boilerplate/src/api/orders/orderRepository.js:24:61)
       at Object.userId [as selectByUserId] (/home/gildas/projects/marmelab/javascript-boilerplate/src/api/orders/orderRepository.js:24:61)
       at Object.userId [as selectByUserId] (/home/gildas/projects/marmelab/javascript-boilerplate/src/api/orders/orderRepository.js:24:61)
       at Object.userId [as selectByUserId] (/home/gildas/projects/marmelab/javascript-boilerplate/src/api/orders/orderRepository.js:24:61)
       at Object.userId [as selectByUserId] (/home/gildas/projects/marmelab/javascript-boilerplate/src/api/orders/orderRepository.js:24:61)
       at Object.userId [as selectByUserId] (/home/gildas/projects/marmelab/javascript-boilerplate/src/api/orders/orderRepository.js:24:61)
       at Object.userId [as selectByUserId] (/home/gildas/projects/marmelab/javascript-boilerplate/src/api/orders/orderRepository.js:24:61)
       at Object.userId [as selectByUserId] (/home/gildas/projects/marmelab/javascript-boilerplate/src/api/orders/orderRepository.js:24:61)
       at Object.userId [as selectByUserId] (/home/gildas/projects/marmelab/javascript-boilerplate/src/api/orders/orderRepository.js:24:61)
       at Object.userId [as selectByUserId] (/home/gildas/projects/marmelab/javascript-boilerplate/src/api/orders/orderRepository.js:24:61)
       at Object.userId [as selectByUserId] (/home/gildas/projects/marmelab/javascript-boilerplate/src/api/orders/orderRepository.js:24:61)
       at Object.userId [as selectByUserId] (/home/gildas/projects/marmelab/javascript-boilerplate/src/api/orders/orderRepository.js:24:61)
       at Object.userId [as selectByUserId] (/home/gildas/projects/marmelab/javascript-boilerplate/src/api/orders/orderRepository.js:24:61)
       at Object.userId [as selectByUserId] (/home/gildas/projects/marmelab/javascript-boilerplate/src/api/orders/orderRepository.js:24:61)
       at Object.userId [as selectByUserId] (/home/gildas/projects/marmelab/javascript-boilerplate/src/api/orders/orderRepository.js:24:61)
       at Object.userId [as selectByUserId] (/home/gildas/projects/marmelab/javascript-boilerplate/src/api/orders/orderRepository.js:24:61)
       at Object.userId [as selectByUserId] (/home/gildas/projects/marmelab/javascript-boilerplate/src/api/orders/orderRepository.js:24:61)
       at Object.userId [as selectByUserId] (/home/gildas/projects/marmelab/javascript-boilerplate/src/api/orders/orderRepository.js:24:61)
       at Object.userId [as selectByUserId] (/home/gildas/projects/marmelab/javascript-boilerplate/src/api/orders/orderRepository.js:24:61)
       at Object.userId [as selectByUserId] (/home/gildas/projects/marmelab/javascript-boilerplate/src/api/orders/orderRepository.js:24:61)
       at Object.userId [as selectByUserId] (/home/gildas/projects/marmelab/javascript-boilerplate/src/api/orders/orderRepository.js:24:61)
       at Object.userId [as selectByUserId] (/home/gildas/projects/marmelab/javascript-boilerplate/src/api/orders/orderRepository.js:24:61)
       at Object.userId [as selectByUserId] (/home/gildas/projects/marmelab/javascript-boilerplate/src/api/orders/orderRepository.js:24:61)
       at Object.userId [as selectByUserId] (/home/gildas/projects/marmelab/javascript-boilerplate/src/api/orders/orderRepository.js:24:61)
       at Object.userId [as selectByUserId] (/home/gildas/projects/marmelab/javascript-boilerplate/src/api/orders/orderRepository.js:24:61)
       at Object.userId [as selectByUserId] (/home/gildas/projects/marmelab/javascript-boilerplate/src/api/orders/orderRepository.js:24:61)
       at Object.userId [as selectByUserId] (/home/gildas/projects/marmelab/javascript-boilerplate/src/api/orders/orderRepository.js:24:61)
       at Object.userId [as selectByUserId] (/home/gildas/projects/marmelab/javascript-boilerplate/src/api/orders/orderRepository.js:24:61)
       at Object.userId [as selectByUserId] (/home/gildas/projects/marmelab/javascript-boilerplate/src/api/orders/orderRepository.js:24:61)
       at Object.userId [as selectByUserId] (/home/gildas/projects/marmelab/javascript-boilerplate/src/api/orders/orderRepository.js:24:61)
       at Object.userId [as selectByUserId] (/home/gildas/projects/marmelab/javascript-boilerplate/src/api/orders/orderRepository.js:24:61)
       at Object.userId [as selectByUserId] (/home/gildas/projects/marmelab/javascript-boilerplate/src/api/orders/orderRepository.js:24:61)
       at Object.userId [as selectByUserId] (/home/gildas/projects/marmelab/javascript-boilerplate/src/api/orders/orderRepository.js:24:61)
       at Object.userId [as selectByUserId] (/home/gildas/projects/marmelab/javascript-boilerplate/src/api/orders/orderRepository.js:24:61)
       at Object.userId [as selectByUserId] (/home/gildas/projects/marmelab/javascript-boilerplate/src/api/orders/orderRepository.js:24:61)
       at Object.userId [as selectByUserId] (/home/gildas/projects/marmelab/javascript-boilerplate/src/api/orders/orderRepository.js:24:61)
       at Object.userId [as selectByUserId] (/home/gildas/projects/marmelab/javascript-boilerplate/src/api/orders/orderRepository.js:24:61)
       at Object.userId [as selectByUserId] (/home/gildas/projects/marmelab/javascript-boilerplate/src/api/orders/orderRepository.js:24:61)
       at Object.userId [as selectByUserId] (/home/gildas/projects/marmelab/javascript-boilerplate/src/api/orders/orderRepository.js:24:61)
       at Object.userId [as selectByUserId] (/home/gildas/projects/marmelab/javascript-boilerplate/src/api/orders/orderRepository.js:24:61)
       at Object.userId [as selectByUserId] (/home/gildas/projects/marmelab/javascript-boilerplate/src/api/orders/orderRepository.js:24:61)
       at Object.userId [as selectByUserId] (/home/gildas/projects/marmelab/javascript-boilerplate/src/api/orders/orderRepository.js:24:61)
       at Object.userId [as selectByUserId] (/home/gildas/projects/marmelab/javascript-boilerplate/src/api/orders/orderRepository.js:24:61)
       at Object.userId [as selectByUserId] (/home/gildas/projects/marmelab/javascript-boilerplate/src/api/orders/orderRepository.js:24:61)
       at Object.userId [as selectByUserId] (/home/gildas/projects/marmelab/javascript-boilerplate/src/api/orders/orderRepository.js:24:61)
       at Object.userId [as selectByUserId] (/home/gildas/projects/marmelab/javascript-boilerplate/src/api/orders/orderRepository.js:24:61)
       at Object.userId [as selectByUserId] (/home/gildas/projects/marmelab/javascript-boilerplate/src/api/orders/orderRepository.js:24:61)
       at Object.userId [as selectByUserId] (/home/gildas/projects/marmelab/javascript-boilerplate/src/api/orders/orderRepository.js:24:61)
       at Object.userId [as selectByUserId] (/home/gildas/projects/marmelab/javascript-boilerplate/src/api/orders/orderRepository.js:24:61)
       at Object.userId [as selectByUserId] (/home/gildas/projects/marmelab/javascript-boilerplate/src/api/orders/orderRepository.js:24:61)
       at Object.userId [as selectByUserId] (/home/gildas/projects/marmelab/javascript-boilerplate/src/api/orders/orderRepository.js:24:61)
       at Object.userId [as selectByUserId] (/home/gildas/projects/marmelab/javascript-boilerplate/src/api/orders/orderRepository.js:24:61)
       at Object.userId [as selectByUserId] (/home/gildas/projects/marmelab/javascript-boilerplate/src/api/orders/orderRepository.js:24:61)
       at Object.userId [as selectByUserId] (/home/gildas/projects/marmelab/javascript-boilerplate/src/api/orders/orderRepository.js:24:61)
       at Object.userId [as selectByUserId] (/home/gildas/projects/marmelab/javascript-boilerplate/src/api/orders/orderRepository.js:24:61)
       at Object.userId [as selectByUserId] (/home/gildas/projects/marmelab/javascript-boilerplate/src/api/orders/orderRepository.js:24:61)
       at Object.userId [as selectByUserId] (/home/gildas/projects/marmelab/javascript-boilerplate/src/api/orders/orderRepository.js:24:61)
       at Object.userId [as selectByUserId] (/home/gildas/projects/marmelab/javascript-boilerplate/src/api/orders/orderRepository.js:24:61)
       at Object.userId [as selectByUserId] (/home/gildas/projects/marmelab/javascript-boilerplate/src/api/orders/orderRepository.js:24:61)
       at Object.userId [as selectByUserId] (/home/gildas/projects/marmelab/javascript-boilerplate/src/api/orders/orderRepository.js:24:61)
       at Object.userId [as selectByUserId] (/home/gildas/projects/marmelab/javascript-boilerplate/src/api/orders/orderRepository.js:24:61)
       at Object.userId [as selectByUserId] (/home/gildas/projects/marmelab/javascript-boilerplate/src/api/orders/orderRepository.js:24:61)
       at Object.userId [as selectByUserId] (/home/gildas/projects/marmelab/javascript-boilerplate/src/api/orders/orderRepository.js:24:61)
       at Object.userId [as selectByUserId] (/home/gildas/projects/marmelab/javascript-boilerplate/src/api/orders/orderRepository.js:24:61)
       at Object.userId [as selectByUserId] (/home/gildas/projects/marmelab/javascript-boilerplate/src/api/orders/orderRepository.js:24:61)
       at Object.userId [as selectByUserId] (/home/gildas/projects/marmelab/javascript-boilerplate/src/api/orders/orderRepository.js:24:61)
       at Object.userId [as selectByUserId] (/home/gildas/projects/marmelab/javascript-boilerplate/src/api/orders/orderRepository.js:24:61)
       at Object.userId [as selectByUserId] (/home/gildas/projects/marmelab/javascript-boilerplate/src/api/orders/orderRepository.js:24:61)
       at Object.userId [as selectByUserId] (/home/gildas/projects/marmelab/javascript-boilerplate/src/api/orders/orderRepository.js:24:61)
       at Object.userId [as selectByUserId] (/home/gildas/projects/marmelab/javascript-boilerplate/src/api/orders/orderRepository.js:24:61)
       at Object.userId [as selectByUserId] (/home/gildas/projects/marmelab/javascript-boilerplate/src/api/orders/orderRepository.js:24:61)
       at Object.userId [as selectByUserId] (/home/gildas/projects/marmelab/javascript-boilerplate/src/api/orders/orderRepository.js:24:61)
       at Object.userId [as selectByUserId] (/home/gildas/projects/marmelab/javascript-boilerplate/src/api/orders/orderRepository.js:24:61)
       at Object.userId [as selectByUserId] (/home/gildas/projects/marmelab/javascript-boilerplate/src/api/orders/orderRepository.js:24:61)
       at Object.userId [as selectByUserId] (/home/gildas/projects/marmelab/javascript-boilerplate/src/api/orders/orderRepository.js:24:61)
       at Object.userId [as selectByUserId] (/home/gildas/projects/marmelab/javascript-boilerplate/src/api/orders/orderRepository.js:24:61)
       at Object.userId [as selectByUserId] (/home/gildas/projects/marmelab/javascript-boilerplate/src/api/orders/orderRepository.js:24:61)
       at Object.userId [as selectByUserId] (/home/gildas/projects/marmelab/javascript-boilerplate/src/api/orders/orderRepository.js:24:61)
       at Object.userId [as selectByUserId] (/home/gildas/projects/marmelab/javascript-boilerplate/src/api/orders/orderRepository.js:24:61)
       at Object.userId [as selectByUserId] (/home/gildas/projects/marmelab/javascript-boilerplate/src/api/orders/orderRepository.js:24:61)
       at Object.userId [as selectByUserId] (/home/gildas/projects/marmelab/javascript-boilerplate/src/api/orders/orderRepository.js:24:61)
       at Object.userId [as selectByUserId] (/home/gildas/projects/marmelab/javascript-boilerplate/src/api/orders/orderRepository.js:24:61)
       at Object.userId [as selectByUserId] (/home/gildas/projects/marmelab/javascript-boilerplate/src/api/orders/orderRepository.js:24:61)
       at Object.userId [as selectByUserId] (/home/gildas/projects/marmelab/javascript-boilerplate/src/api/orders/orderRepository.js:24:61)
       at Object.userId [as selectByUserId] (/home/gildas/projects/marmelab/javascript-boilerplate/src/api/orders/orderRepository.js:24:61)
       at Object.userId [as selectByUserId] (/home/gildas/projects/marmelab/javascript-boilerplate/src/api/orders/orderRepository.js:24:61)
       at Object.userId [as selectByUserId] (/home/gildas/projects/marmelab/javascript-boilerplate/src/api/orders/orderRepository.js:24:61)
       at Object.userId [as selectByUserId] (/home/gildas/projects/marmelab/javascript-boilerplate/src/api/orders/orderRepository.js:24:61)
       at Object.userId [as selectByUserId] (/home/gildas/projects/marmelab/javascript-boilerplate/src/api/orders/orderRepository.js:24:61)
       at Object.userId [as selectByUserId] (/home/gildas/projects/marmelab/javascript-boilerplate/src/api/orders/orderRepository.js:24:61)
       at Object.userId [as selectByUserId] (/home/gildas/projects/marmelab/javascript-boilerplate/src/api/orders/orderRepository.js:24:61)
       at Object.userId [as selectByUserId] (/home/gildas/projects/marmelab/javascript-boilerplate/src/api/orders/orderRepository.js:24:61)
       at Object.userId [as selectByUserId] (/home/gildas/projects/marmelab/javascript-boilerplate/src/api/orders/orderRepository.js:24:61)
       at Object.userId [as selectByUserId] (/home/gildas/projects/marmelab/javascript-boilerplate/src/api/orders/orderRepository.js:24:61)
       at Object.userId [as selectByUserId] (/home/gildas/projects/marmelab/javascript-boilerplate/src/api/orders/orderRepository.js:24:61)
       at Object.userId [as selectByUserId] (/home/gildas/projects/marmelab/javascript-boilerplate/src/api/orders/orderRepository.js:24:61)
       at Object.userId [as selectByUserId] (/home/gildas/projects/marmelab/javascript-boilerplate/src/api/orders/orderRepository.js:24:61)
       at Object.userId [as selectByUserId] (/home/gildas/projects/marmelab/javascript-boilerplate/src/api/orders/orderRepository.js:24:61)
       at Object.userId [as selectByUserId] (/home/gildas/projects/marmelab/javascript-boilerplate/src/api/orders/orderRepository.js:24:61)
       at Object.userId [as selectByUserId] (/home/gildas/projects/marmelab/javascript-boilerplate/src/api/orders/orderRepository.js:24:61)
       at Object.userId [as selectByUserId] (/home/gildas/projects/marmelab/javascript-boilerplate/src/api/orders/orderRepository.js:24:61)
       at Object.userId [as selectByUserId] (/home/gildas/projects/marmelab/javascript-boilerplate/src/api/orders/orderRepository.js:24:61)
       at Object.userId [as selectByUserId] (/home/gildas/projects/marmelab/javascript-boilerplate/src/api/orders/orderRepository.js:24:61)
       at Object.userId [as selectByUserId] (/home/gildas/projects/marmelab/javascript-boilerplate/src/api/orders/orderRepository.js:24:61)
       at Object.userId [as selectByUserId] (/home/gildas/projects/marmelab/javascript-boilerplate/src/api/orders/orderRepository.js:24:61)
       at Object.userId [as selectByUserId] (/home/gildas/projects/marmelab/javascript-boilerplate/src/api/orders/orderRepository.js:24:61)
       at Object.userId [as selectByUserId] (/home/gildas/projects/marmelab/javascript-boilerplate/src/api/orders/orderRepository.js:24:61)
       at Object.userId [as selectByUserId] (/home/gildas/projects/marmelab/javascript-boilerplate/src/api/orders/orderRepository.js:24:61)
       at Object.userId [as selectByUserId] (/home/gildas/projects/marmelab/javascript-boilerplate/src/api/orders/orderRepository.js:24:61)
       at Object.userId [as selectByUserId] (/home/gildas/projects/marmelab/javascript-boilerplate/src/api/orders/orderRepository.js:24:61)
       at Object.userId [as selectByUserId] (/home/gildas/projects/marmelab/javascript-boilerplate/src/api/orders/orderRepository.js:24:61)
       at Object.userId [as selectByUserId] (/home/gildas/projects/marmelab/javascript-boilerplate/src/api/orders/orderRepository.js:24:61)
       at Object.userId [as selectByUserId] (/home/gildas/projects/marmelab/javascript-boilerplate/src/api/orders/orderRepository.js:24:61)
       at Object.userId [as selectByUserId] (/home/gildas/projects/marmelab/javascript-boilerplate/src/api/orders/orderRepository.js:24:61)
       at Object.userId [as selectByUserId] (/home/gildas/projects/marmelab/javascript-boilerplate/src/api/orders/orderRepository.js:24:61)
       at Object.userId [as selectByUserId] (/home/gildas/projects/marmelab/javascript-boilerplate/src/api/orders/orderRepository.js:24:61)
       at Object.userId [as selectByUserId] (/home/gildas/projects/marmelab/javascript-boilerplate/src/api/orders/orderRepository.js:24:61)
       at Object.userId [as selectByUserId] (/home/gildas/projects/marmelab/javascript-boilerplate/src/api/orders/orderRepository.js:24:61)
       at Object.userId [as selectByUserId] (/home/gildas/projects/marmelab/javascript-boilerplate/src/api/orders/orderRepository.js:24:61)
       at Object.userId [as selectByUserId] (/home/gildas/projects/marmelab/javascript-boilerplate/src/api/orders/orderRepository.js:24:61)
       at Object.userId [as selectByUserId] (/home/gildas/projects/marmelab/javascript-boilerplate/src/api/orders/orderRepository.js:24:61)
       at Object.userId [as selectByUserId] (/home/gildas/projects/marmelab/javascript-boilerplate/src/api/orders/orderRepository.js:24:61)
       at Object.userId [as selectByUserId] (/home/gildas/projects/marmelab/javascript-boilerplate/src/api/orders/orderRepository.js:24:61)
       at Object.userId [as selectByUserId] (/home/gildas/projects/marmelab/javascript-boilerplate/src/api/orders/orderRepository.js:24:61)
       at Object.userId [as selectByUserId] (/home/gildas/projects/marmelab/javascript-boilerplate/src/api/orders/orderRepository.js:24:61)
       at Object.userId [as selectByUserId] (/home/gildas/projects/marmelab/javascript-boilerplate/src/api/orders/orderRepository.js:24:61)
       at Object.userId [as selectByUserId] (/home/gildas/projects/marmelab/javascript-boilerplate/src/api/orders/orderRepository.js:24:61)
       at Object.userId [as selectByUserId] (/home/gildas/projects/marmelab/javascript-boilerplate/src/api/orders/orderRepository.js:24:61)
       at Object.userId [as selectByUserId] (/home/gildas/projects/marmelab/javascript-boilerplate/src/api/orders/orderRepository.js:24:61)
       at Object.userId [as selectByUserId] (/home/gildas/projects/marmelab/javascript-boilerplate/src/api/orders/orderRepository.js:24:61)
       at Object.userId [as selectByUserId] (/home/gildas/projects/marmelab/javascript-boilerplate/src/api/orders/orderRepository.js:24:61)
       at Object.userId [as selectByUserId] (/home/gildas/projects/marmelab/javascript-boilerplate/src/api/orders/orderRepository.js:24:61)
       at Object.userId [as selectByUserId] (/home/gildas/projects/marmelab/javascript-boilerplate/src/api/orders/orderRepository.js:24:61)
       at Object.userId [as selectByUserId] (/home/gildas/projects/marmelab/javascript-boilerplate/src/api/orders/orderRepository.js:24:61)
       at Object.userId [as selectByUserId] (/home/gildas/projects/marmelab/javascript-boilerplate/src/api/orders/orderRepository.js:24:61)
       at Object.userId [as selectByUserId] (/home/gildas/projects/marmelab/javascript-boilerplate/src/api/orders/orderRepository.js:24:61)
       at Object.userId [as selectByUserId] (/home/gildas/projects/marmelab/javascript-boilerplate/src/api/orders/orderRepository.js:24:61)
       at Object.userId [as selectByUserId] (/home/gildas/projects/marmelab/javascript-boilerplate/src/api/orders/orderRepository.js:24:61)
       at Object.userId [as selectByUserId] (/home/gildas/projects/marmelab/javascript-boilerplate/src/api/orders/orderRepository.js:24:61)
       at Object.userId [as selectByUserId] (/home/gildas/projects/marmelab/javascript-boilerplate/src/api/orders/orderRepository.js:24:61)
       at Object.userId [as selectByUserId] (/home/gildas/projects/marmelab/javascript-boilerplate/src/api/orders/orderRepository.js:24:61)
       at Object.userId [as selectByUserId] (/home/gildas/projects/marmelab/javascript-boilerplate/src/api/orders/orderRepository.js:24:61)
       at Object.userId [as selectByUserId] (/home/gildas/projects/marmelab/javascript-boilerplate/src/api/orders/orderRepository.js:24:61)
       at Object.userId [as selectByUserId] (/home/gildas/projects/marmelab/javascript-boilerplate/src/api/orders/orderRepository.js:24:61)
       at Object.userId [as selectByUserId] (/home/gildas/projects/marmelab/javascript-boilerplate/src/api/orders/orderRepository.js:24:61)
       at Object.userId [as selectByUserId] (/home/gildas/projects/marmelab/javascript-boilerplate/src/api/orders/orderRepository.js:24:61)
       at Object.userId [as selectByUserId] (/home/gildas/projects/marmelab/javascript-boilerplate/src/api/orders/orderRepository.js:24:61)
       at Object.userId [as selectByUserId] (/home/gildas/projects/marmelab/javascript-boilerplate/src/api/orders/orderRepository.js:24:61)
       at Object.userId [as selectByUserId] (/home/gildas/projects/marmelab/javascript-boilerplate/src/api/orders/orderRepository.js:24:61)
       at Object.userId [as selectByUserId] (/home/gildas/projects/marmelab/javascript-boilerplate/src/api/orders/orderRepository.js:24:61)
       at Object.userId [as selectByUserId] (/home/gildas/projects/marmelab/javascript-boilerplate/src/api/orders/orderRepository.js:24:61)
       at Object.userId [as selectByUserId] (/home/gildas/projects/marmelab/javascript-boilerplate/src/api/orders/orderRepository.js:24:61)
       at Object.userId [as selectByUserId] (/home/gildas/projects/marmelab/javascript-boilerplate/src/api/orders/orderRepository.js:24:61)
       at Object.userId [as selectByUserId] (/home/gildas/projects/marmelab/javascript-boilerplate/src/api/orders/orderRepository.js:24:61)
       at Object.userId [as selectByUserId] (/home/gildas/projects/marmelab/javascript-boilerplate/src/api/orders/orderRepository.js:24:61)
       at Object.userId [as selectByUserId] (/home/gildas/projects/marmelab/javascript-boilerplate/src/api/orders/orderRepository.js:24:61)
       at Object.userId [as selectByUserId] (/home/gildas/projects/marmelab/javascript-boilerplate/src/api/orders/orderRepository.js:24:61)
       at Object.userId [as selectByUserId] (/home/gildas/projects/marmelab/javascript-boilerplate/src/api/orders/orderRepository.js:24:61)
       at Object.userId [as selectByUserId] (/home/gildas/projects/marmelab/javascript-boilerplate/src/api/orders/orderRepository.js:24:61)
       at Object.userId [as selectByUserId] (/home/gildas/projects/marmelab/javascript-boilerplate/src/api/orders/orderRepository.js:24:61)
       at Object.userId [as selectByUserId] (/home/gildas/projects/marmelab/javascript-boilerplate/src/api/orders/orderRepository.js:24:61)
       at Object.userId [as selectByUserId] (/home/gildas/projects/marmelab/javascript-boilerplate/src/api/orders/orderRepository.js:24:61)
       at Object.userId [as selectByUserId] (/home/gildas/projects/marmelab/javascript-boilerplate/src/api/orders/orderRepository.js:24:61)
       at Object.userId [as selectByUserId] (/home/gildas/projects/marmelab/javascript-boilerplate/src/api/orders/orderRepository.js:24:61)
       at Object.userId [as selectByUserId] (/home/gildas/projects/marmelab/javascript-boilerplate/src/api/orders/orderRepository.js:24:61)
       at Object.userId [as selectByUserId] (/home/gildas/projects/marmelab/javascript-boilerplate/src/api/orders/orderRepository.js:24:61)
       at Object.userId [as selectByUserId] (/home/gildas/projects/marmelab/javascript-boilerplate/src/api/orders/orderRepository.js:24:61)
       at Object.userId [as selectByUserId] (/home/gildas/projects/marmelab/javascript-boilerplate/src/api/orders/orderRepository.js:24:61)
       at Object.userId [as selectByUserId] (/home/gildas/projects/marmelab/javascript-boilerplate/src/api/orders/orderRepository.js:24:61)
       at Object.userId [as selectByUserId] (/home/gildas/projects/marmelab/javascript-boilerplate/src/api/orders/orderRepository.js:24:61)
       at Object.userId [as selectByUserId] (/home/gildas/projects/marmelab/javascript-boilerplate/src/api/orders/orderRepository.js:24:61)
       at Object.userId [as selectByUserId] (/home/gildas/projects/marmelab/javascript-boilerplate/src/api/orders/orderRepository.js:24:61)
       at Object.userId [as selectByUserId] (/home/gildas/projects/marmelab/javascript-boilerplate/src/api/orders/orderRepository.js:24:61)
       at Object.userId [as selectByUserId] (/home/gildas/projects/marmelab/javascript-boilerplate/src/api/orders/orderRepository.js:24:61)
       at Object.userId [as selectByUserId] (/home/gildas/projects/marmelab/javascript-boilerplate/src/api/orders/orderRepository.js:24:61)
       at Object.userId [as selectByUserId] (/home/gildas/projects/marmelab/javascript-boilerplate/src/api/orders/orderRepository.js:24:61)
       at Object.userId [as selectByUserId] (/home/gildas/projects/marmelab/javascript-boilerplate/src/api/orders/orderRepository.js:24:61)
       at Object.userId [as selectByUserId] (/home/gildas/projects/marmelab/javascript-boilerplate/src/api/orders/orderRepository.js:24:61)
       at Object.userId [as selectByUserId] (/home/gildas/projects/marmelab/javascript-boilerplate/src/api/orders/orderRepository.js:24:61)
       at Object.userId [as selectByUserId] (/home/gildas/projects/marmelab/javascript-boilerplate/src/api/orders/orderRepository.js:24:61)
       at Object.userId [as selectByUserId] (/home/gildas/projects/marmelab/javascript-boilerplate/src/api/orders/orderRepository.js:24:61)
       at Object.userId [as selectByUserId] (/home/gildas/projects/marmelab/javascript-boilerplate/src/api/orders/orderRepository.js:24:61)
       at Object.userId [as selectByUserId] (/home/gildas/projects/marmelab/javascript-boilerplate/src/api/orders/orderRepository.js:24:61)
       at Object.userId [as selectByUserId] (/home/gildas/projects/marmelab/javascript-boilerplate/src/api/orders/orderRepository.js:24:61)
       at Object.userId [as selectByUserId] (/home/gildas/projects/marmelab/javascript-boilerplate/src/api/orders/orderRepository.js:24:61)
       at Object.userId [as selectByUserId] (/home/gildas/projects/marmelab/javascript-boilerplate/src/api/orders/orderRepository.js:24:61)
       at Object.userId [as selectByUserId] (/home/gildas/projects/marmelab/javascript-boilerplate/src/api/orders/orderRepository.js:24:61)
       at Object.userId [as selectByUserId] (/home/gildas/projects/marmelab/javascript-boilerplate/src/api/orders/orderRepository.js:24:61)
       at Object.userId [as selectByUserId] (/home/gildas/projects/marmelab/javascript-boilerplate/src/api/orders/orderRepository.js:24:61)
       at Object.userId [as selectByUserId] (/home/gildas/projects/marmelab/javascript-boilerplate/src/api/orders/orderRepository.js:24:61)
       at Object.userId [as selectByUserId] (/home/gildas/projects/marmelab/javascript-boilerplate/src/api/orders/orderRepository.js:24:61)
       at Object.userId [as selectByUserId] (/home/gildas/projects/marmelab/javascript-boilerplate/src/api/orders/orderRepository.js:24:61)
       at Object.userId [as selectByUserId] (/home/gildas/projects/marmelab/javascript-boilerplate/src/api/orders/orderRepository.js:24:61)
       at Object.userId [as selectByUserId] (/home/gildas/projects/marmelab/javascript-boilerplate/src/api/orders/orderRepository.js:24:61)
       at Object.userId [as selectByUserId] (/home/gildas/projects/marmelab/javascript-boilerplate/src/api/orders/orderRepository.js:24:61)
       at Object.userId [as selectByUserId] (/home/gildas/projects/marmelab/javascript-boilerplate/src/api/orders/orderRepository.js:24:61)
       at Object.userId [as selectByUserId] (/home/gildas/projects/marmelab/javascript-boilerplate/src/api/orders/orderRepository.js:24:61)
       at Object.userId [as selectByUserId] (/home/gildas/projects/marmelab/javascript-boilerplate/src/api/orders/orderRepository.js:24:61)
       at Object.userId [as selectByUserId] (/home/gildas/projects/marmelab/javascript-boilerplate/src/api/orders/orderRepository.js:24:61)
       at Object.userId [as selectByUserId] (/home/gildas/projects/marmelab/javascript-boilerplate/src/api/orders/orderRepository.js:24:61)
       at Object.userId [as selectByUserId] (/home/gildas/projects/marmelab/javascript-boilerplate/src/api/orders/orderRepository.js:24:61)
       at Object.userId [as selectByUserId] (/home/gildas/projects/marmelab/javascript-boilerplate/src/api/orders/orderRepository.js:24:61)
       at Object.userId [as selectByUserId] (/home/gildas/projects/marmelab/javascript-boilerplate/src/api/orders/orderRepository.js:24:61)
       at Object.userId [as selectByUserId] (/home/gildas/projects/marmelab/javascript-boilerplate/src/api/orders/orderRepository.js:24:61)
       at Object.userId [as selectByUserId] (/home/gildas/projects/marmelab/javascript-boilerplate/src/api/orders/orderRepository.js:24:61)
       at Object.userId [as selectByUserId] (/home/gildas/projects/marmelab/javascript-boilerplate/src/api/orders/orderRepository.js:24:61)
       at Object.userId [as selectByUserId] (/home/gildas/projects/marmelab/javascript-boilerplate/src/api/orders/orderRepository.js:24:61)
       at Object.userId [as selectByUserId] (/home/gildas/projects/marmelab/javascript-boilerplate/src/api/orders/orderRepository.js:24:61)
       at Object.userId [as selectByUserId] (/home/gildas/projects/marmelab/javascript-boilerplate/src/api/orders/orderRepository.js:24:61)
       at Object.userId [as selectByUserId] (/home/gildas/projects/marmelab/javascript-boilerplate/src/api/orders/orderRepository.js:24:61)
       at Object.userId [as selectByUserId] (/home/gildas/projects/marmelab/javascript-boilerplate/src/api/orders/orderRepository.js:24:61)
       at Object.userId [as selectByUserId] (/home/gildas/projects/marmelab/javascript-boilerplate/src/api/orders/orderRepository.js:24:61)
       at Object.userId [as selectByUserId] (/home/gildas/projects/marmelab/javascript-boilerplate/src/api/orders/orderRepository.js:24:61)
       at Object.userId [as selectByUserId] (/home/gildas/projects/marmelab/javascript-boilerplate/src/api/orders/orderRepository.js:24:61)
       at Object.userId [as selectByUserId] (/home/gildas/projects/marmelab/javascript-boilerplate/src/api/orders/orderRepository.js:24:61)
       at Object.userId [as selectByUserId] (/home/gildas/projects/marmelab/javascript-boilerplate/src/api/orders/orderRepository.js:24:61)
       at Object.userId [as selectByUserId] (/home/gildas/projects/marmelab/javascript-boilerplate/src/api/orders/orderRepository.js:24:61)
       at Object.userId [as selectByUserId] (/home/gildas/projects/marmelab/javascript-boilerplate/src/api/orders/orderRepository.js:24:61)
       at Object.userId [as selectByUserId] (/home/gildas/projects/marmelab/javascript-boilerplate/src/api/orders/orderRepository.js:24:61)
       at Object.userId [as selectByUserId] (/home/gildas/projects/marmelab/javascript-boilerplate/src/api/orders/orderRepository.js:24:61)
       at Object.userId [as selectByUserId] (/home/gildas/projects/marmelab/javascript-boilerplate/src/api/orders/orderRepository.js:24:61)
       at Object.userId [as selectByUserId] (/home/gildas/projects/marmelab/javascript-boilerplate/src/api/orders/orderRepository.js:24:61)
       at Object.userId [as selectByUserId] (/home/gildas/projects/marmelab/javascript-boilerplate/src/api/orders/orderRepository.js:24:61)
       at Object.userId [as selectByUserId] (/home/gildas/projects/marmelab/javascript-boilerplate/src/api/orders/orderRepository.js:24:61)
       at Object.userId [as selectByUserId] (/home/gildas/projects/marmelab/javascript-boilerplate/src/api/orders/orderRepository.js:24:61)
       at Object.userId [as selectByUserId] (/home/gildas/projects/marmelab/javascript-boilerplate/src/api/orders/orderRepository.js:24:61)
       at Object.userId [as selectByUserId] (/home/gildas/projects/marmelab/javascript-boilerplate/src/api/orders/orderRepository.js:24:61)
       at Object.userId [as selectByUserId] (/home/gildas/projects/marmelab/javascript-boilerplate/src/api/orders/orderRepository.js:24:61)
       at Object.userId [as selectByUserId] (/home/gildas/projects/marmelab/javascript-boilerplate/src/api/orders/orderRepository.js:24:61)
       at Object.userId [as selectByUserId] (/home/gildas/projects/marmelab/javascript-boilerplate/src/api/orders/orderRepository.js:24:61)
       at Object.userId [as selectByUserId] (/home/gildas/projects/marmelab/javascript-boilerplate/src/api/orders/orderRepository.js:24:61)
       at Object.userId [as selectByUserId] (/home/gildas/projects/marmelab/javascript-boilerplate/src/api/orders/orderRepository.js:24:61)
       at Object.userId [as selectByUserId] (/home/gildas/projects/marmelab/javascript-boilerplate/src/api/orders/orderRepository.js:24:61)
       at Object.userId [as selectByUserId] (/home/gildas/projects/marmelab/javascript-boilerplate/src/api/orders/orderRepository.js:24:61)
       at Object.userId [as selectByUserId] (/home/gildas/projects/marmelab/javascript-boilerplate/src/api/orders/orderRepository.js:24:61)
       at Object.userId [as selectByUserId] (/home/gildas/projects/marmelab/javascript-boilerplate/src/api/orders/orderRepository.js:24:61)
       at Object.userId [as selectByUserId] (/home/gildas/projects/marmelab/javascript-boilerplate/src/api/orders/orderRepository.js:24:61)
       at Object.userId [as selectByUserId] (/home/gildas/projects/marmelab/javascript-boilerplate/src/api/orders/orderRepository.js:24:61)
       at Object.userId [as selectByUserId] (/home/gildas/projects/marmelab/javascript-boilerplate/src/api/orders/orderRepository.js:24:61)
       at Object.userId [as selectByUserId] (/home/gildas/projects/marmelab/javascript-boilerplate/src/api/orders/orderRepository.js:24:61)
       at Object.userId [as selectByUserId] (/home/gildas/projects/marmelab/javascript-boilerplate/src/api/orders/orderRepository.js:24:61)
       at Object.userId [as selectByUserId] (/home/gildas/projects/marmelab/javascript-boilerplate/src/api/orders/orderRepository.js:24:61)
       at Object.userId [as selectByUserId] (/home/gildas/projects/marmelab/javascript-boilerplate/src/api/orders/orderRepository.js:24:61)
       at Object.userId [as selectByUserId] (/home/gildas/projects/marmelab/javascript-boilerplate/src/api/orders/orderRepository.js:24:61)
       at Object.userId [as selectByUserId] (/home/gildas/projects/marmelab/javascript-boilerplate/src/api/orders/orderRepository.js:24:61)
       at Object.userId [as selectByUserId] (/home/gildas/projects/marmelab/javascript-boilerplate/src/api/orders/orderRepository.js:24:61)
       at Object.userId [as selectByUserId] (/home/gildas/projects/marmelab/javascript-boilerplate/src/api/orders/orderRepository.js:24:61)
       at Object.userId [as selectByUserId] (/home/gildas/projects/marmelab/javascript-boilerplate/src/api/orders/orderRepository.js:24:61)
       at Object.userId [as selectByUserId] (/home/gildas/projects/marmelab/javascript-boilerplate/src/api/orders/orderRepository.js:24:61)
       at Object.userId [as selectByUserId] (/home/gildas/projects/marmelab/javascript-boilerplate/src/api/orders/orderRepository.js:24:61)
       at Object.userId [as selectByUserId] (/home/gildas/projects/marmelab/javascript-boilerplate/src/api/orders/orderRepository.js:24:61)
       at Object.userId [as selectByUserId] (/home/gildas/projects/marmelab/javascript-boilerplate/src/api/orders/orderRepository.js:24:61)
       at Object.userId [as selectByUserId] (/home/gildas/projects/marmelab/javascript-boilerplate/src/api/orders/orderRepository.js:24:61)
       at Object.userId [as selectByUserId] (/home/gildas/projects/marmelab/javascript-boilerplate/src/api/orders/orderRepository.js:24:61)
       at Object.userId [as selectByUserId] (/home/gildas/projects/marmelab/javascript-boilerplate/src/api/orders/orderRepository.js:24:61)
       at Object.userId [as selectByUserId] (/home/gildas/projects/marmelab/javascript-boilerplate/src/api/orders/orderRepository.js:24:61)
       at Object.userId [as selectByUserId] (/home/gildas/projects/marmelab/javascript-boilerplate/src/api/orders/orderRepository.js:24:61)
       at Object.userId [as selectByUserId] (/home/gildas/projects/marmelab/javascript-boilerplate/src/api/orders/orderRepository.js:24:61)
       at Object.userId [as selectByUserId] (/home/gildas/projects/marmelab/javascript-boilerplate/src/api/orders/orderRepository.js:24:61)
       at Object.userId [as selectByUserId] (/home/gildas/projects/marmelab/javascript-boilerplate/src/api/orders/orderRepository.js:24:61)
       at Object.userId [as selectByUserId] (/home/gildas/projects/marmelab/javascript-boilerplate/src/api/orders/orderRepository.js:24:61)
       at Object.userId [as selectByUserId] (/home/gildas/projects/marmelab/javascript-boilerplate/src/api/orders/orderRepository.js:24:61)
       at Object.userId [as selectByUserId] (/home/gildas/projects/marmelab/javascript-boilerplate/src/api/orders/orderRepository.js:24:61)
       at Object.userId [as selectByUserId] (/home/gildas/projects/marmelab/javascript-boilerplate/src/api/orders/orderRepository.js:24:61)
       at Object.userId [as selectByUserId] (/home/gildas/projects/marmelab/javascript-boilerplate/src/api/orders/orderRepository.js:24:61)
       at Object.userId [as selectByUserId] (/home/gildas/projects/marmelab/javascript-boilerplate/src/api/orders/orderRepository.js:24:61)
       at Object.userId [as selectByUserId] (/home/gildas/projects/marmelab/javascript-boilerplate/src/api/orders/orderRepository.js:24:61)
       at Object.userId [as selectByUserId] (/home/gildas/projects/marmelab/javascript-boilerplate/src/api/orders/orderRepository.js:24:61)
       at Object.userId [as selectByUserId] (/home/gildas/projects/marmelab/javascript-boilerplate/src/api/orders/orderRepository.js:24:61)
       at Object.userId [as selectByUserId] (/home/gildas/projects/marmelab/javascript-boilerplate/src/api/orders/orderRepository.js:24:61)
       at Object.userId [as selectByUserId] (/home/gildas/projects/marmelab/javascript-boilerplate/src/api/orders/orderRepository.js:24:61)
       at Object.userId [as selectByUserId] (/home/gildas/projects/marmelab/javascript-boilerplate/src/api/orders/orderRepository.js:24:61)
       at Object.userId [as selectByUserId] (/home/gildas/projects/marmelab/javascript-boilerplate/src/api/orders/orderRepository.js:24:61)
       at Object.userId [as selectByUserId] (/home/gildas/projects/marmelab/javascript-boilerplate/src/api/orders/orderRepository.js:24:61)
       at Object.userId [as selectByUserId] (/home/gildas/projects/marmelab/javascript-boilerplate/src/api/orders/orderRepository.js:24:61)
       at Object.userId [as selectByUserId] (/home/gildas/projects/marmelab/javascript-boilerplate/src/api/orders/orderRepository.js:24:61)
       at Object.userId [as selectByUserId] (/home/gildas/projects/marmelab/javascript-boilerplate/src/api/orders/orderRepository.js:24:61)
       at Object.userId [as selectByUserId] (/home/gildas/projects/marmelab/javascript-boilerplate/src/api/orders/orderRepository.js:24:61)
       at Object.userId [as selectByUserId] (/home/gildas/projects/marmelab/javascript-boilerplate/src/api/orders/orderRepository.js:24:61)
       at Object.userId [as selectByUserId] (/home/gildas/projects/marmelab/javascript-boilerplate/src/api/orders/orderRepository.js:24:61)
       at Object.userId [as selectByUserId] (/home/gildas/projects/marmelab/javascript-boilerplate/src/api/orders/orderRepository.js:24:61)
       at Object.userId [as selectByUserId] (/home/gildas/projects/marmelab/javascript-boilerplate/src/api/orders/orderRepository.js:24:61)
       at Object.userId [as selectByUserId] (/home/gildas/projects/marmelab/javascript-boilerplate/src/api/orders/orderRepository.js:24:61)
       at Object.userId [as selectByUserId] (/home/gildas/projects/marmelab/javascript-boilerplate/src/api/orders/orderRepository.js:24:61)
       at Object.userId [as selectByUserId] (/home/gildas/projects/marmelab/javascript-boilerplate/src/api/orders/orderRepository.js:24:61)
       at Object.userId [as selectByUserId] (/home/gildas/projects/marmelab/javascript-boilerplate/src/api/orders/orderRepository.js:24:61)
       at Object.userId [as selectByUserId] (/home/gildas/projects/marmelab/javascript-boilerplate/src/api/orders/orderRepository.js:24:61)
       at Object.userId [as selectByUserId] (/home/gildas/projects/marmelab/javascript-boilerplate/src/api/orders/orderRepository.js:24:61)
       at Object.userId [as selectByUserId] (/home/gildas/projects/marmelab/javascript-boilerplate/src/api/orders/orderRepository.js:24:61)
       at Object.userId [as selectByUserId] (/home/gildas/projects/marmelab/javascript-boilerplate/src/api/orders/orderRepository.js:24:61)
       at Object.userId [as selectByUserId] (/home/gildas/projects/marmelab/javascript-boilerplate/src/api/orders/orderRepository.js:24:61)
       at Object.userId [as selectByUserId] (/home/gildas/projects/marmelab/javascript-boilerplate/src/api/orders/orderRepository.js:24:61)
       at Object.userId [as selectByUserId] (/home/gildas/projects/marmelab/javascript-boilerplate/src/api/orders/orderRepository.js:24:61)
       at Object.userId [as selectByUserId] (/home/gildas/projects/marmelab/javascript-boilerplate/src/api/orders/orderRepository.js:24:61)
       at Object.userId [as selectByUserId] (/home/gildas/projects/marmelab/javascript-boilerplate/src/api/orders/orderRepository.js:24:61)
       at Object.userId [as selectByUserId] (/home/gildas/projects/marmelab/javascript-boilerplate/src/api/orders/orderRepository.js:24:61)
       at Object.userId [as selectByUserId] (/home/gildas/projects/marmelab/javascript-boilerplate/src/api/orders/orderRepository.js:24:61)
       at Object.userId [as selectByUserId] (/home/gildas/projects/marmelab/javascript-boilerplate/src/api/orders/orderRepository.js:24:61)
       at Object.userId [as selectByUserId] (/home/gildas/projects/marmelab/javascript-boilerplate/src/api/orders/orderRepository.js:24:61)
       at Object.userId [as selectByUserId] (/home/gildas/projects/marmelab/javascript-boilerplate/src/api/orders/orderRepository.js:24:61)
       at Object.userId [as selectByUserId] (/home/gildas/projects/marmelab/javascript-boilerplate/src/api/orders/orderRepository.js:24:61)
       at Object.userId [as selectByUserId] (/home/gildas/projects/marmelab/javascript-boilerplate/src/api/orders/orderRepository.js:24:61)
       at Object.userId [as selectByUserId] (/home/gildas/projects/marmelab/javascript-boilerplate/src/api/orders/orderRepository.js:24:61)
       at Object.userId [as selectByUserId] (/home/gildas/projects/marmelab/javascript-boilerplate/src/api/orders/orderRepository.js:24:61)
       at Object.userId [as selectByUserId] (/home/gildas/projects/marmelab/javascript-boilerplate/src/api/orders/orderRepository.js:24:61)
       at Object.userId [as selectByUserId] (/home/gildas/projects/marmelab/javascript-boilerplate/src/api/orders/orderRepository.js:24:61)
       at Object.userId [as selectByUserId] (/home/gildas/projects/marmelab/javascript-boilerplate/src/api/orders/orderRepository.js:24:61)
       at Object.userId [as selectByUserId] (/home/gildas/projects/marmelab/javascript-boilerplate/src/api/orders/orderRepository.js:24:61)
       at Object.userId [as selectByUserId] (/home/gildas/projects/marmelab/javascript-boilerplate/src/api/orders/orderRepository.js:24:61)
       at Object.userId [as selectByUserId] (/home/gildas/projects/marmelab/javascript-boilerplate/src/api/orders/orderRepository.js:24:61)
       at Object.userId [as selectByUserId] (/home/gildas/projects/marmelab/javascript-boilerplate/src/api/orders/orderRepository.js:24:61)
       at Object.userId [as selectByUserId] (/home/gildas/projects/marmelab/javascript-boilerplate/src/api/orders/orderRepository.js:24:61)
       at Object.userId [as selectByUserId] (/home/gildas/projects/marmelab/javascript-boilerplate/src/api/orders/orderRepository.js:24:61)
       at Object.userId [as selectByUserId] (/home/gildas/projects/marmelab/javascript-boilerplate/src/api/orders/orderRepository.js:24:61)
       at Object.userId [as selectByUserId] (/home/gildas/projects/marmelab/javascript-boilerplate/src/api/orders/orderRepository.js:24:61)
       at Object.userId [as selectByUserId] (/home/gildas/projects/marmelab/javascript-boilerplate/src/api/orders/orderRepository.js:24:61)
       at Object.userId [as selectByUserId] (/home/gildas/projects/marmelab/javascript-boilerplate/src/api/orders/orderRepository.js:24:61)
       at Object.userId [as selectByUserId] (/home/gildas/projects/marmelab/javascript-boilerplate/src/api/orders/orderRepository.js:24:61)
       at Object.userId [as selectByUserId] (/home/gildas/projects/marmelab/javascript-boilerplate/src/api/orders/orderRepository.js:24:61)
       at Object.userId [as selectByUserId] (/home/gildas/projects/marmelab/javascript-boilerplate/src/api/orders/orderRepository.js:24:61)
       at Object.userId [as selectByUserId] (/home/gildas/projects/marmelab/javascript-boilerplate/src/api/orders/orderRepository.js:24:61)
       at Object.userId [as selectByUserId] (/home/gildas/projects/marmelab/javascript-boilerplate/src/api/orders/orderRepository.js:24:61)
       at Object.userId [as selectByUserId] (/home/gildas/projects/marmelab/javascript-boilerplate/src/api/orders/orderRepository.js:24:61)
       at Object.userId [as selectByUserId] (/home/gildas/projects/marmelab/javascript-boilerplate/src/api/orders/orderRepository.js:24:61)
       at Object.userId [as selectByUserId] (/home/gildas/projects/marmelab/javascript-boilerplate/src/api/orders/orderRepository.js:24:61)
       at Object.userId [as selectByUserId] (/home/gildas/projects/marmelab/javascript-boilerplate/src/api/orders/orderRepository.js:24:61)
       at Object.userId [as selectByUserId] (/home/gildas/projects/marmelab/javascript-boilerplate/src/api/orders/orderRepository.js:24:61)
       at Object.userId [as selectByUserId] (/home/gildas/projects/marmelab/javascript-boilerplate/src/api/orders/orderRepository.js:24:61)
       at Object.userId [as selectByUserId] (/home/gildas/projects/marmelab/javascript-boilerplate/src/api/orders/orderRepository.js:24:61)
       at Object.userId [as selectByUserId] (/home/gildas/projects/marmelab/javascript-boilerplate/src/api/orders/orderRepository.js:24:61)
       at Object.userId [as selectByUserId] (/home/gildas/projects/marmelab/javascript-boilerplate/src/api/orders/orderRepository.js:24:61)
       at Object.userId [as selectByUserId] (/home/gildas/projects/marmelab/javascript-boilerplate/src/api/orders/orderRepository.js:24:61)
       at Object.userId [as selectByUserId] (/home/gildas/projects/marmelab/javascript-boilerplate/src/api/orders/orderRepository.js:24:61)
       at Object.userId [as selectByUserId] (/home/gildas/projects/marmelab/javascript-boilerplate/src/api/orders/orderRepository.js:24:61)
       at Object.userId [as selectByUserId] (/home/gildas/projects/marmelab/javascript-boilerplate/src/api/orders/orderRepository.js:24:61)
       at Object.userId [as selectByUserId] (/home/gildas/projects/marmelab/javascript-boilerplate/src/api/orders/orderRepository.js:24:61)
       at Object.userId [as selectByUserId] (/home/gildas/projects/marmelab/javascript-boilerplate/src/api/orders/orderRepository.js:24:61)
       at Object.userId [as selectByUserId] (/home/gildas/projects/marmelab/javascript-boilerplate/src/api/orders/orderRepository.js:24:61)
       at Object.userId [as selectByUserId] (/home/gildas/projects/marmelab/javascript-boilerplate/src/api/orders/orderRepository.js:24:61)
       at Object.userId [as selectByUserId] (/home/gildas/projects/marmelab/javascript-boilerplate/src/api/orders/orderRepository.js:24:61)
       at Object.userId [as selectByUserId] (/home/gildas/projects/marmelab/javascript-boilerplate/src/api/orders/orderRepository.js:24:61)
       at Object.userId [as selectByUserId] (/home/gildas/projects/marmelab/javascript-boilerplate/src/api/orders/orderRepository.js:24:61)
       at Object.userId [as selectByUserId] (/home/gildas/projects/marmelab/javascript-boilerplate/src/api/orders/orderRepository.js:24:61)
       at Object.userId [as selectByUserId] (/home/gildas/projects/marmelab/javascript-boilerplate/src/api/orders/orderRepository.js:24:61)
       at Object.userId [as selectByUserId] (/home/gildas/projects/marmelab/javascript-boilerplate/src/api/orders/orderRepository.js:24:61)
       at Object.userId [as selectByUserId] (/home/gildas/projects/marmelab/javascript-boilerplate/src/api/orders/orderRepository.js:24:61)
       at Object.userId [as selectByUserId] (/home/gildas/projects/marmelab/javascript-boilerplate/src/api/orders/orderRepository.js:24:61)
       at Object.userId [as selectByUserId] (/home/gildas/projects/marmelab/javascript-boilerplate/src/api/orders/orderRepository.js:24:61)
       at Object.userId [as selectByUserId] (/home/gildas/projects/marmelab/javascript-boilerplate/src/api/orders/orderRepository.js:24:61)
       at Object.userId [as selectByUserId] (/home/gildas/projects/marmelab/javascript-boilerplate/src/api/orders/orderRepository.js:24:61)
       at Object.userId [as selectByUserId] (/home/gildas/projects/marmelab/javascript-boilerplate/src/api/orders/orderRepository.js:24:61)
       at Object.userId [as selectByUserId] (/home/gildas/projects/marmelab/javascript-boilerplate/src/api/orders/orderRepository.js:24:61)
       at Object.userId [as selectByUserId] (/home/gildas/projects/marmelab/javascript-boilerplate/src/api/orders/orderRepository.js:24:61)
       at Object.userId [as selectByUserId] (/home/gildas/projects/marmelab/javascript-boilerplate/src/api/orders/orderRepository.js:24:61)
       at Object.userId [as selectByUserId] (/home/gildas/projects/marmelab/javascript-boilerplate/src/api/orders/orderRepository.js:24:61)
       at Object.userId [as selectByUserId] (/home/gildas/projects/marmelab/javascript-boilerplate/src/api/orders/orderRepository.js:24:61)
       at Object.userId [as selectByUserId] (/home/gildas/projects/marmelab/javascript-boilerplate/src/api/orders/orderRepository.js:24:61)
       at Object.userId [as selectByUserId] (/home/gildas/projects/marmelab/javascript-boilerplate/src/api/orders/orderRepository.js:24:61)
       at Object.userId [as selectByUserId] (/home/gildas/projects/marmelab/javascript-boilerplate/src/api/orders/orderRepository.js:24:61)
       at Object.userId [as selectByUserId] (/home/gildas/projects/marmelab/javascript-boilerplate/src/api/orders/orderRepository.js:24:61)
       at Object.userId [as selectByUserId] (/home/gildas/projects/marmelab/javascript-boilerplate/src/api/orders/orderRepository.js:24:61)
       at Object.userId [as selectByUserId] (/home/gildas/projects/marmelab/javascript-boilerplate/src/api/orders/orderRepository.js:24:61)
       at Object.userId [as selectByUserId] (/home/gildas/projects/marmelab/javascript-boilerplate/src/api/orders/orderRepository.js:24:61)
       at Object.userId [as selectByUserId] (/home/gildas/projects/marmelab/javascript-boilerplate/src/api/orders/orderRepository.js:24:61)
       at Object.userId [as selectByUserId] (/home/gildas/projects/marmelab/javascript-boilerplate/src/api/orders/orderRepository.js:24:61)
       at Object.userId [as selectByUserId] (/home/gildas/projects/marmelab/javascript-boilerplate/src/api/orders/orderRepository.js:24:61)
       at Object.userId [as selectByUserId] (/home/gildas/projects/marmelab/javascript-boilerplate/src/api/orders/orderRepository.js:24:61)
       at Object.userId [as selectByUserId] (/home/gildas/projects/marmelab/javascript-boilerplate/src/api/orders/orderRepository.js:24:61)
       at Object.userId [as selectByUserId] (/home/gildas/projects/marmelab/javascript-boilerplate/src/api/orders/orderRepository.js:24:61)
       at Object.userId [as selectByUserId] (/home/gildas/projects/marmelab/javascript-boilerplate/src/api/orders/orderRepository.js:24:61)
       at Object.userId [as selectByUserId] (/home/gildas/projects/marmelab/javascript-boilerplate/src/api/orders/orderRepository.js:24:61)
       at Object.userId [as selectByUserId] (/home/gildas/projects/marmelab/javascript-boilerplate/src/api/orders/orderRepository.js:24:61)
       at Object.userId [as selectByUserId] (/home/gildas/projects/marmelab/javascript-boilerplate/src/api/orders/orderRepository.js:24:61)
       at Object.userId [as selectByUserId] (/home/gildas/projects/marmelab/javascript-boilerplate/src/api/orders/orderRepository.js:24:61)
       at Object.userId [as selectByUserId] (/home/gildas/projects/marmelab/javascript-boilerplate/src/api/orders/orderRepository.js:24:61)
       at Object.userId [as selectByUserId] (/home/gildas/projects/marmelab/javascript-boilerplate/src/api/orders/orderRepository.js:24:61)
       at Object.userId [as selectByUserId] (/home/gildas/projects/marmelab/javascript-boilerplate/src/api/orders/orderRepository.js:24:61)
       at Object.userId [as selectByUserId] (/home/gildas/projects/marmelab/javascript-boilerplate/src/api/orders/orderRepository.js:24:61)
       at Object.userId [as selectByUserId] (/home/gildas/projects/marmelab/javascript-boilerplate/src/api/orders/orderRepository.js:24:61)
       at Object.userId [as selectByUserId] (/home/gildas/projects/marmelab/javascript-boilerplate/src/api/orders/orderRepository.js:24:61)
       at Object.userId [as selectByUserId] (/home/gildas/projects/marmelab/javascript-boilerplate/src/api/orders/orderRepository.js:24:61)
       at Object.userId [as selectByUserId] (/home/gildas/projects/marmelab/javascript-boilerplate/src/api/orders/orderRepository.js:24:61)
       at Object.userId [as selectByUserId] (/home/gildas/projects/marmelab/javascript-boilerplate/src/api/orders/orderRepository.js:24:61)
       at Object.userId [as selectByUserId] (/home/gildas/projects/marmelab/javascript-boilerplate/src/api/orders/orderRepository.js:24:61)
       at Object.userId [as selectByUserId] (/home/gildas/projects/marmelab/javascript-boilerplate/src/api/orders/orderRepository.js:24:61)
       at Object.userId [as selectByUserId] (/home/gildas/projects/marmelab/javascript-boilerplate/src/api/orders/orderRepository.js:24:61)
       at Object.userId [as selectByUserId] (/home/gildas/projects/marmelab/javascript-boilerplate/src/api/orders/orderRepository.js:24:61)
       at Object.userId [as selectByUserId] (/home/gildas/projects/marmelab/javascript-boilerplate/src/api/orders/orderRepository.js:24:61)
       at Object.userId [as selectByUserId] (/home/gildas/projects/marmelab/javascript-boilerplate/src/api/orders/orderRepository.js:24:61)
       at Object.userId [as selectByUserId] (/home/gildas/projects/marmelab/javascript-boilerplate/src/api/orders/orderRepository.js:24:61)
       at Object.userId [as selectByUserId] (/home/gildas/projects/marmelab/javascript-boilerplate/src/api/orders/orderRepository.js:24:61)
       at Object.userId [as selectByUserId] (/home/gildas/projects/marmelab/javascript-boilerplate/src/api/orders/orderRepository.js:24:61)
       at Object.userId [as selectByUserId] (/home/gildas/projects/marmelab/javascript-boilerplate/src/api/orders/orderRepository.js:24:61)
       at Object.userId [as selectByUserId] (/home/gildas/projects/marmelab/javascript-boilerplate/src/api/orders/orderRepository.js:24:61)
       at Object.userId [as selectByUserId] (/home/gildas/projects/marmelab/javascript-boilerplate/src/api/orders/orderRepository.js:24:61)
       at Object.userId [as selectByUserId] (/home/gildas/projects/marmelab/javascript-boilerplate/src/api/orders/orderRepository.js:24:61)
       at Object.userId [as selectByUserId] (/home/gildas/projects/marmelab/javascript-boilerplate/src/api/orders/orderRepository.js:24:61)
       at Object.userId [as selectByUserId] (/home/gildas/projects/marmelab/javascript-boilerplate/src/api/orders/orderRepository.js:24:61)
       at Object.userId [as selectByUserId] (/home/gildas/projects/marmelab/javascript-boilerplate/src/api/orders/orderRepository.js:24:61)
       at Object.userId [as selectByUserId] (/home/gildas/projects/marmelab/javascript-boilerplate/src/api/orders/orderRepository.js:24:61)
       at Object.userId [as selectByUserId] (/home/gildas/projects/marmelab/javascript-boilerplate/src/api/orders/orderRepository.js:24:61)
       at Object.userId [as selectByUserId] (/home/gildas/projects/marmelab/javascript-boilerplate/src/api/orders/orderRepository.js:24:61)
       at Object.userId [as selectByUserId] (/home/gildas/projects/marmelab/javascript-boilerplate/src/api/orders/orderRepository.js:24:61)
       at Object.userId [as selectByUserId] (/home/gildas/projects/marmelab/javascript-boilerplate/src/api/orders/orderRepository.js:24:61)
       at Object.userId [as selectByUserId] (/home/gildas/projects/marmelab/javascript-boilerplate/src/api/orders/orderRepository.js:24:61)
       at Object.userId [as selectByUserId] (/home/gildas/projects/marmelab/javascript-boilerplate/src/api/orders/orderRepository.js:24:61)
       at Object.userId [as selectByUserId] (/home/gildas/projects/marmelab/javascript-boilerplate/src/api/orders/orderRepository.js:24:61)
       at Object.userId [as selectByUserId] (/home/gildas/projects/marmelab/javascript-boilerplate/src/api/orders/orderRepository.js:24:61)
       at Object.userId [as selectByUserId] (/home/gildas/projects/marmelab/javascript-boilerplate/src/api/orders/orderRepository.js:24:61)
       at Object.userId [as selectByUserId] (/home/gildas/projects/marmelab/javascript-boilerplate/src/api/orders/orderRepository.js:24:61)
       at Object.userId [as selectByUserId] (/home/gildas/projects/marmelab/javascript-boilerplate/src/api/orders/orderRepository.js:24:61)
       at Object.userId [as selectByUserId] (/home/gildas/projects/marmelab/javascript-boilerplate/src/api/orders/orderRepository.js:24:61)
       at Object.userId [as selectByUserId] (/home/gildas/projects/marmelab/javascript-boilerplate/src/api/orders/orderRepository.js:24:61)
       at Object.userId [as selectByUserId] (/home/gildas/projects/marmelab/javascript-boilerplate/src/api/orders/orderRepository.js:24:61)
       at Object.userId [as selectByUserId] (/home/gildas/projects/marmelab/javascript-boilerplate/src/api/orders/orderRepository.js:24:61)
       at Object.userId [as selectByUserId] (/home/gildas/projects/marmelab/javascript-boilerplate/src/api/orders/orderRepository.js:24:61)
       at Object.userId [as selectByUserId] (/home/gildas/projects/marmelab/javascript-boilerplate/src/api/orders/orderRepository.js:24:61)
       at Object.userId [as selectByUserId] (/home/gildas/projects/marmelab/javascript-boilerplate/src/api/orders/orderRepository.js:24:61)
       at Object.userId [as selectByUserId] (/home/gildas/projects/marmelab/javascript-boilerplate/src/api/orders/orderRepository.js:24:61)
       at Object.userId [as selectByUserId] (/home/gildas/projects/marmelab/javascript-boilerplate/src/api/orders/orderRepository.js:24:61)
       at Object.userId [as selectByUserId] (/home/gildas/projects/marmelab/javascript-boilerplate/src/api/orders/orderRepository.js:24:61)
       at Object.userId [as selectByUserId] (/home/gildas/projects/marmelab/javascript-boilerplate/src/api/orders/orderRepository.js:24:61)
       at Object.userId [as selectByUserId] (/home/gildas/projects/marmelab/javascript-boilerplate/src/api/orders/orderRepository.js:24:61)
       at Object.userId [as selectByUserId] (/home/gildas/projects/marmelab/javascript-boilerplate/src/api/orders/orderRepository.js:24:61)
       at Object.userId [as selectByUserId] (/home/gildas/projects/marmelab/javascript-boilerplate/src/api/orders/orderRepository.js:24:61)
       at Object.userId [as selectByUserId] (/home/gildas/projects/marmelab/javascript-boilerplate/src/api/orders/orderRepository.js:24:61)
       at Object.userId [as selectByUserId] (/home/gildas/projects/marmelab/javascript-boilerplate/src/api/orders/orderRepository.js:24:61)
       at Object.userId [as selectByUserId] (/home/gildas/projects/marmelab/javascript-boilerplate/src/api/orders/orderRepository.js:24:61)
       at Object.userId [as selectByUserId] (/home/gildas/projects/marmelab/javascript-boilerplate/src/api/orders/orderRepository.js:24:61)
       at Object.userId [as selectByUserId] (/home/gildas/projects/marmelab/javascript-boilerplate/src/api/orders/orderRepository.js:24:61)
       at Object.userId [as selectByUserId] (/home/gildas/projects/marmelab/javascript-boilerplate/src/api/orders/orderRepository.js:24:61)
       at Object.userId [as selectByUserId] (/home/gildas/projects/marmelab/javascript-boilerplate/src/api/orders/orderRepository.js:24:61)
       at Object.userId [as selectByUserId] (/home/gildas/projects/marmelab/javascript-boilerplate/src/api/orders/orderRepository.js:24:61)
       at Object.userId [as selectByUserId] (/home/gildas/projects/marmelab/javascript-boilerplate/src/api/orders/orderRepository.js:24:61)
       at Object.userId [as selectByUserId] (/home/gildas/projects/marmelab/javascript-boilerplate/src/api/orders/orderRepository.js:24:61)
       at Object.userId [as selectByUserId] (/home/gildas/projects/marmelab/javascript-boilerplate/src/api/orders/orderRepository.js:24:61)
       at Object.userId [as selectByUserId] (/home/gildas/projects/marmelab/javascript-boilerplate/src/api/orders/orderRepository.js:24:61)
       at Object.userId [as selectByUserId] (/home/gildas/projects/marmelab/javascript-boilerplate/src/api/orders/orderRepository.js:24:61)
       at Object.userId [as selectByUserId] (/home/gildas/projects/marmelab/javascript-boilerplate/src/api/orders/orderRepository.js:24:61)
       at Object.userId [as selectByUserId] (/home/gildas/projects/marmelab/javascript-boilerplate/src/api/orders/orderRepository.js:24:61)
       at Object.userId [as selectByUserId] (/home/gildas/projects/marmelab/javascript-boilerplate/src/api/orders/orderRepository.js:24:61)
       at Object.userId [as selectByUserId] (/home/gildas/projects/marmelab/javascript-boilerplate/src/api/orders/orderRepository.js:24:61)
       at Object.userId [as selectByUserId] (/home/gildas/projects/marmelab/javascript-boilerplate/src/api/orders/orderRepository.js:24:61)
       at Object.userId [as selectByUserId] (/home/gildas/projects/marmelab/javascript-boilerplate/src/api/orders/orderRepository.js:24:61)
       at Object.userId [as selectByUserId] (/home/gildas/projects/marmelab/javascript-boilerplate/src/api/orders/orderRepository.js:24:61)
       at Object.userId [as selectByUserId] (/home/gildas/projects/marmelab/javascript-boilerplate/src/api/orders/orderRepository.js:24:61)
       at Object.userId [as selectByUserId] (/home/gildas/projects/marmelab/javascript-boilerplate/src/api/orders/orderRepository.js:24:61)
       at Object.userId [as selectByUserId] (/home/gildas/projects/marmelab/javascript-boilerplate/src/api/orders/orderRepository.js:24:61)
       at Object.userId [as selectByUserId] (/home/gildas/projects/marmelab/javascript-boilerplate/src/api/orders/orderRepository.js:24:61)
       at Object.userId [as selectByUserId] (/home/gildas/projects/marmelab/javascript-boilerplate/src/api/orders/orderRepository.js:24:61)
       at Object.userId [as selectByUserId] (/home/gildas/projects/marmelab/javascript-boilerplate/src/api/orders/orderRepository.js:24:61)
       at Object.userId [as selectByUserId] (/home/gildas/projects/marmelab/javascript-boilerplate/src/api/orders/orderRepository.js:24:61)
       at Object.userId [as selectByUserId] (/home/gildas/projects/marmelab/javascript-boilerplate/src/api/orders/orderRepository.js:24:61)
       at Object.userId [as selectByUserId] (/home/gildas/projects/marmelab/javascript-boilerplate/src/api/orders/orderRepository.js:24:61)
       at Object.userId [as selectByUserId] (/home/gildas/projects/marmelab/javascript-boilerplate/src/api/orders/orderRepository.js:24:61)
       at Object.userId [as selectByUserId] (/home/gildas/projects/marmelab/javascript-boilerplate/src/api/orders/orderRepository.js:24:61)
       at Object.userId [as selectByUserId] (/home/gildas/projects/marmelab/javascript-boilerplate/src/api/orders/orderRepository.js:24:61)
       at Object.userId [as selectByUserId] (/home/gildas/projects/marmelab/javascript-boilerplate/src/api/orders/orderRepository.js:24:61)
       at Object.userId [as selectByUserId] (/home/gildas/projects/marmelab/javascript-boilerplate/src/api/orders/orderRepository.js:24:61)
       at Object.userId [as selectByUserId] (/home/gildas/projects/marmelab/javascript-boilerplate/src/api/orders/orderRepository.js:24:61)
       at Object.userId [as selectByUserId] (/home/gildas/projects/marmelab/javascript-boilerplate/src/api/orders/orderRepository.js:24:61)
       at Object.userId [as selectByUserId] (/home/gildas/projects/marmelab/javascript-boilerplate/src/api/orders/orderRepository.js:24:61)
       at Object.userId [as selectByUserId] (/home/gildas/projects/marmelab/javascript-boilerplate/src/api/orders/orderRepository.js:24:61)
       at Object.userId [as selectByUserId] (/home/gildas/projects/marmelab/javascript-boilerplate/src/api/orders/orderRepository.js:24:61)
       at Object.userId [as selectByUserId] (/home/gildas/projects/marmelab/javascript-boilerplate/src/api/orders/orderRepository.js:24:61)
       at Object.userId [as selectByUserId] (/home/gildas/projects/marmelab/javascript-boilerplate/src/api/orders/orderRepository.js:24:61)
       at Object.userId [as selectByUserId] (/home/gildas/projects/marmelab/javascript-boilerplate/src/api/orders/orderRepository.js:24:61)
       at Object.userId [as selectByUserId] (/home/gildas/projects/marmelab/javascript-boilerplate/src/api/orders/orderRepository.js:24:61)
       at Object.userId [as selectByUserId] (/home/gildas/projects/marmelab/javascript-boilerplate/src/api/orders/orderRepository.js:24:61)
       at Object.userId [as selectByUserId] (/home/gildas/projects/marmelab/javascript-boilerplate/src/api/orders/orderRepository.js:24:61)
       at Object.userId [as selectByUserId] (/home/gildas/projects/marmelab/javascript-boilerplate/src/api/orders/orderRepository.js:24:61)
       at Object.userId [as selectByUserId] (/home/gildas/projects/marmelab/javascript-boilerplate/src/api/orders/orderRepository.js:24:61)
       at Object.userId [as selectByUserId] (/home/gildas/projects/marmelab/javascript-boilerplate/src/api/orders/orderRepository.js:24:61)
       at Object.userId [as selectByUserId] (/home/gildas/projects/marmelab/javascript-boilerplate/src/api/orders/orderRepository.js:24:61)
       at Object.userId [as selectByUserId] (/home/gildas/projects/marmelab/javascript-boilerplate/src/api/orders/orderRepository.js:24:61)
       at Object.userId [as selectByUserId] (/home/gildas/projects/marmelab/javascript-boilerplate/src/api/orders/orderRepository.js:24:61)
       at Object.userId [as selectByUserId] (/home/gildas/projects/marmelab/javascript-boilerplate/src/api/orders/orderRepository.js:24:61)
       at Object.userId [as selectByUserId] (/home/gildas/projects/marmelab/javascript-boilerplate/src/api/orders/orderRepository.js:24:61)
       at Object.userId [as selectByUserId] (/home/gildas/projects/marmelab/javascript-boilerplate/src/api/orders/orderRepository.js:24:61)
       at Object.userId [as selectByUserId] (/home/gildas/projects/marmelab/javascript-boilerplate/src/api/orders/orderRepository.js:24:61)
       at Object.userId [as selectByUserId] (/home/gildas/projects/marmelab/javascript-boilerplate/src/api/orders/orderRepository.js:24:61)
       at Object.userId [as selectByUserId] (/home/gildas/projects/marmelab/javascript-boilerplate/src/api/orders/orderRepository.js:24:61)
       at Object.userId [as selectByUserId] (/home/gildas/projects/marmelab/javascript-boilerplate/src/api/orders/orderRepository.js:24:61)
       at Object.userId [as selectByUserId] (/home/gildas/projects/marmelab/javascript-boilerplate/src/api/orders/orderRepository.js:24:61)
       at Object.userId [as selectByUserId] (/home/gildas/projects/marmelab/javascript-boilerplate/src/api/orders/orderRepository.js:24:61)
       at Object.userId [as selectByUserId] (/home/gildas/projects/marmelab/javascript-boilerplate/src/api/orders/orderRepository.js:24:61)
       at Object.userId [as selectByUserId] (/home/gildas/projects/marmelab/javascript-boilerplate/src/api/orders/orderRepository.js:24:61)
       at Object.userId [as selectByUserId] (/home/gildas/projects/marmelab/javascript-boilerplate/src/api/orders/orderRepository.js:24:61)
       at Object.userId [as selectByUserId] (/home/gildas/projects/marmelab/javascript-boilerplate/src/api/orders/orderRepository.js:24:61)
       at Object.userId [as selectByUserId] (/home/gildas/projects/marmelab/javascript-boilerplate/src/api/orders/orderRepository.js:24:61)
       at Object.userId [as selectByUserId] (/home/gildas/projects/marmelab/javascript-boilerplate/src/api/orders/orderRepository.js:24:61)
       at Object.userId [as selectByUserId] (/home/gildas/projects/marmelab/javascript-boilerplate/src/api/orders/orderRepository.js:24:61)
       at Object.userId [as selectByUserId] (/home/gildas/projects/marmelab/javascript-boilerplate/src/api/orders/orderRepository.js:24:61)
       at Object.userId [as selectByUserId] (/home/gildas/projects/marmelab/javascript-boilerplate/src/api/orders/orderRepository.js:24:61)
       at Object.userId [as selectByUserId] (/home/gildas/projects/marmelab/javascript-boilerplate/src/api/orders/orderRepository.js:24:61)
       at Object.userId [as selectByUserId] (/home/gildas/projects/marmelab/javascript-boilerplate/src/api/orders/orderRepository.js:24:61)
       at Object.userId [as selectByUserId] (/home/gildas/projects/marmelab/javascript-boilerplate/src/api/orders/orderRepository.js:24:61)
       at Object.userId [as selectByUserId] (/home/gildas/projects/marmelab/javascript-boilerplate/src/api/orders/orderRepository.js:24:61)
       at Object.userId [as selectByUserId] (/home/gildas/projects/marmelab/javascript-boilerplate/src/api/orders/orderRepository.js:24:61)
       at Object.userId [as selectByUserId] (/home/gildas/projects/marmelab/javascript-boilerplate/src/api/orders/orderRepository.js:24:61)
       at Object.userId [as selectByUserId] (/home/gildas/projects/marmelab/javascript-boilerplate/src/api/orders/orderRepository.js:24:61)
       at Object.userId [as selectByUserId] (/home/gildas/projects/marmelab/javascript-boilerplate/src/api/orders/orderRepository.js:24:61)
       at Object.userId [as selectByUserId] (/home/gildas/projects/marmelab/javascript-boilerplate/src/api/orders/orderRepository.js:24:61)
       at Object.userId [as selectByUserId] (/home/gildas/projects/marmelab/javascript-boilerplate/src/api/orders/orderRepository.js:24:61)
       at Object.userId [as selectByUserId] (/home/gildas/projects/marmelab/javascript-boilerplate/src/api/orders/orderRepository.js:24:61)
       at Object.userId [as selectByUserId] (/home/gildas/projects/marmelab/javascript-boilerplate/src/api/orders/orderRepository.js:24:61)
       at Object.userId [as selectByUserId] (/home/gildas/projects/marmelab/javascript-boilerplate/src/api/orders/orderRepository.js:24:61)
       at Object.userId [as selectByUserId] (/home/gildas/projects/marmelab/javascript-boilerplate/src/api/orders/orderRepository.js:24:61)
       at Object.userId [as selectByUserId] (/home/gildas/projects/marmelab/javascript-boilerplate/src/api/orders/orderRepository.js:24:61)
       at Object.userId [as selectByUserId] (/home/gildas/projects/marmelab/javascript-boilerplate/src/api/orders/orderRepository.js:24:61)
       at Object.userId [as selectByUserId] (/home/gildas/projects/marmelab/javascript-boilerplate/src/api/orders/orderRepository.js:24:61)
       at Object.userId [as selectByUserId] (/home/gildas/projects/marmelab/javascript-boilerplate/src/api/orders/orderRepository.js:24:61)
       at Object.userId [as selectByUserId] (/home/gildas/projects/marmelab/javascript-boilerplate/src/api/orders/orderRepository.js:24:61)
       at Object.userId [as selectByUserId] (/home/gildas/projects/marmelab/javascript-boilerplate/src/api/orders/orderRepository.js:24:61)
       at Object.userId [as selectByUserId] (/home/gildas/projects/marmelab/javascript-boilerplate/src/api/orders/orderRepository.js:24:61)
       at Object.userId [as selectByUserId] (/home/gildas/projects/marmelab/javascript-boilerplate/src/api/orders/orderRepository.js:24:61)
       at Object.userId [as selectByUserId] (/home/gildas/projects/marmelab/javascript-boilerplate/src/api/orders/orderRepository.js:24:61)
       at Object.userId [as selectByUserId] (/home/gildas/projects/marmelab/javascript-boilerplate/src/api/orders/orderRepository.js:24:61)
       at Object.userId [as selectByUserId] (/home/gildas/projects/marmelab/javascript-boilerplate/src/api/orders/orderRepository.js:24:61)
       at Object.userId [as selectByUserId] (/home/gildas/projects/marmelab/javascript-boilerplate/src/api/orders/orderRepository.js:24:61)
       at Object.userId [as selectByUserId] (/home/gildas/projects/marmelab/javascript-boilerplate/src/api/orders/orderRepository.js:24:61)
       at Object.userId [as selectByUserId] (/home/gildas/projects/marmelab/javascript-boilerplate/src/api/orders/orderRepository.js:24:61)
       at Object.userId [as selectByUserId] (/home/gildas/projects/marmelab/javascript-boilerplate/src/api/orders/orderRepository.js:24:61)
       at Object.userId [as selectByUserId] (/home/gildas/projects/marmelab/javascript-boilerplate/src/api/orders/orderRepository.js:24:61)
       at Object.userId [as selectByUserId] (/home/gildas/projects/marmelab/javascript-boilerplate/src/api/orders/orderRepository.js:24:61)
       at Object.userId [as selectByUserId] (/home/gildas/projects/marmelab/javascript-boilerplate/src/api/orders/orderRepository.js:24:61)
       at Object.userId [as selectByUserId] (/home/gildas/projects/marmelab/javascript-boilerplate/src/api/orders/orderRepository.js:24:61)
       at Object.userId [as selectByUserId] (/home/gildas/projects/marmelab/javascript-boilerplate/src/api/orders/orderRepository.js:24:61)
       at Object.userId [as selectByUserId] (/home/gildas/projects/marmelab/javascript-boilerplate/src/api/orders/orderRepository.js:24:61)
       at Object.userId [as selectByUserId] (/home/gildas/projects/marmelab/javascript-boilerplate/src/api/orders/orderRepository.js:24:61)
       at Object.userId [as selectByUserId] (/home/gildas/projects/marmelab/javascript-boilerplate/src/api/orders/orderRepository.js:24:61)
       at Object.userId [as selectByUserId] (/home/gildas/projects/marmelab/javascript-boilerplate/src/api/orders/orderRepository.js:24:61)
       at Object.userId [as selectByUserId] (/home/gildas/projects/marmelab/javascript-boilerplate/src/api/orders/orderRepository.js:24:61)
       at Object.userId [as selectByUserId] (/home/gildas/projects/marmelab/javascript-boilerplate/src/api/orders/orderRepository.js:24:61)
       at Object.userId [as selectByUserId] (/home/gildas/projects/marmelab/javascript-boilerplate/src/api/orders/orderRepository.js:24:61)
       at Object.userId [as selectByUserId] (/home/gildas/projects/marmelab/javascript-boilerplate/src/api/orders/orderRepository.js:24:61)
       at Object.userId [as selectByUserId] (/home/gildas/projects/marmelab/javascript-boilerplate/src/api/orders/orderRepository.js:24:61)
       at Object.userId [as selectByUserId] (/home/gildas/projects/marmelab/javascript-boilerplate/src/api/orders/orderRepository.js:24:61)
       at Object.userId [as selectByUserId] (/home/gildas/projects/marmelab/javascript-boilerplate/src/api/orders/orderRepository.js:24:61)
       at Object.userId [as selectByUserId] (/home/gildas/projects/marmelab/javascript-boilerplate/src/api/orders/orderRepository.js:24:61)
       at Object.userId [as selectByUserId] (/home/gildas/projects/marmelab/javascript-boilerplate/src/api/orders/orderRepository.js:24:61)
       at Object.userId [as selectByUserId] (/home/gildas/projects/marmelab/javascript-boilerplate/src/api/orders/orderRepository.js:24:61)
       at Object.userId [as selectByUserId] (/home/gildas/projects/marmelab/javascript-boilerplate/src/api/orders/orderRepository.js:24:61)
       at Object.userId [as selectByUserId] (/home/gildas/projects/marmelab/javascript-boilerplate/src/api/orders/orderRepository.js:24:61)
       at Object.userId [as selectByUserId] (/home/gildas/projects/marmelab/javascript-boilerplate/src/api/orders/orderRepository.js:24:61)
       at Object.userId [as selectByUserId] (/home/gildas/projects/marmelab/javascript-boilerplate/src/api/orders/orderRepository.js:24:61)
       at Object.userId [as selectByUserId] (/home/gildas/projects/marmelab/javascript-boilerplate/src/api/orders/orderRepository.js:24:61)
       at Object.userId [as selectByUserId] (/home/gildas/projects/marmelab/javascript-boilerplate/src/api/orders/orderRepository.js:24:61)
       at Object.userId [as selectByUserId] (/home/gildas/projects/marmelab/javascript-boilerplate/src/api/orders/orderRepository.js:24:61)
       at Object.userId [as selectByUserId] (/home/gildas/projects/marmelab/javascript-boilerplate/src/api/orders/orderRepository.js:24:61)
       at Object.userId [as selectByUserId] (/home/gildas/projects/marmelab/javascript-boilerplate/src/api/orders/orderRepository.js:24:61)
       at Object.userId [as selectByUserId] (/home/gildas/projects/marmelab/javascript-boilerplate/src/api/orders/orderRepository.js:24:61)
       at Object.userId [as selectByUserId] (/home/gildas/projects/marmelab/javascript-boilerplate/src/api/orders/orderRepository.js:24:61)
       at Object.userId [as selectByUserId] (/home/gildas/projects/marmelab/javascript-boilerplate/src/api/orders/orderRepository.js:24:61)
       at Object.userId [as selectByUserId] (/home/gildas/projects/marmelab/javascript-boilerplate/src/api/orders/orderRepository.js:24:61)
       at Object.userId [as selectByUserId] (/home/gildas/projects/marmelab/javascript-boilerplate/src/api/orders/orderRepository.js:24:61)
       at Object.userId [as selectByUserId] (/home/gildas/projects/marmelab/javascript-boilerplate/src/api/orders/orderRepository.js:24:61)
       at Object.userId [as selectByUserId] (/home/gildas/projects/marmelab/javascript-boilerplate/src/api/orders/orderRepository.js:24:61)
       at Object.userId [as selectByUserId] (/home/gildas/projects/marmelab/javascript-boilerplate/src/api/orders/orderRepository.js:24:61)
       at Object.userId [as selectByUserId] (/home/gildas/projects/marmelab/javascript-boilerplate/src/api/orders/orderRepository.js:24:61)
       at Object.userId [as selectByUserId] (/home/gildas/projects/marmelab/javascript-boilerplate/src/api/orders/orderRepository.js:24:61)
       at Object.userId [as selectByUserId] (/home/gildas/projects/marmelab/javascript-boilerplate/src/api/orders/orderRepository.js:24:61)
       at Object.userId [as selectByUserId] (/home/gildas/projects/marmelab/javascript-boilerplate/src/api/orders/orderRepository.js:24:61)
       at Object.userId [as selectByUserId] (/home/gildas/projects/marmelab/javascript-boilerplate/src/api/orders/orderRepository.js:24:61)
       at Object.userId [as selectByUserId] (/home/gildas/projects/marmelab/javascript-boilerplate/src/api/orders/orderRepository.js:24:61)
       at Object.userId [as selectByUserId] (/home/gildas/projects/marmelab/javascript-boilerplate/src/api/orders/orderRepository.js:24:61)
       at Object.userId [as selectByUserId] (/home/gildas/projects/marmelab/javascript-boilerplate/src/api/orders/orderRepository.js:24:61)
       at Object.userId [as selectByUserId] (/home/gildas/projects/marmelab/javascript-boilerplate/src/api/orders/orderRepository.js:24:61)
       at Object.userId [as selectByUserId] (/home/gildas/projects/marmelab/javascript-boilerplate/src/api/orders/orderRepository.js:24:61)
       at Object.userId [as selectByUserId] (/home/gildas/projects/marmelab/javascript-boilerplate/src/api/orders/orderRepository.js:24:61)
       at Object.userId [as selectByUserId] (/home/gildas/projects/marmelab/javascript-boilerplate/src/api/orders/orderRepository.js:24:61)
       at Object.userId [as selectByUserId] (/home/gildas/projects/marmelab/javascript-boilerplate/src/api/orders/orderRepository.js:24:61)
       at Object.userId [as selectByUserId] (/home/gildas/projects/marmelab/javascript-boilerplate/src/api/orders/orderRepository.js:24:61)
       at Object.userId [as selectByUserId] (/home/gildas/projects/marmelab/javascript-boilerplate/src/api/orders/orderRepository.js:24:61)
       at Object.userId [as selectByUserId] (/home/gildas/projects/marmelab/javascript-boilerplate/src/api/orders/orderRepository.js:24:61)
       at Object.userId [as selectByUserId] (/home/gildas/projects/marmelab/javascript-boilerplate/src/api/orders/orderRepository.js:24:61)
       at Object.userId [as selectByUserId] (/home/gildas/projects/marmelab/javascript-boilerplate/src/api/orders/orderRepository.js:24:61)
       at Object.userId [as selectByUserId] (/home/gildas/projects/marmelab/javascript-boilerplate/src/api/orders/orderRepository.js:24:61)
       at Object.userId [as selectByUserId] (/home/gildas/projects/marmelab/javascript-boilerplate/src/api/orders/orderRepository.js:24:61)
       at Object.userId [as selectByUserId] (/home/gildas/projects/marmelab/javascript-boilerplate/src/api/orders/orderRepository.js:24:61)
       at Object.userId [as selectByUserId] (/home/gildas/projects/marmelab/javascript-boilerplate/src/api/orders/orderRepository.js:24:61)
       at Object.userId [as selectByUserId] (/home/gildas/projects/marmelab/javascript-boilerplate/src/api/orders/orderRepository.js:24:61)
       at Object.userId [as selectByUserId] (/home/gildas/projects/marmelab/javascript-boilerplate/src/api/orders/orderRepository.js:24:61)
       at Object.userId [as selectByUserId] (/home/gildas/projects/marmelab/javascript-boilerplate/src/api/orders/orderRepository.js:24:61)
       at Object.userId [as selectByUserId] (/home/gildas/projects/marmelab/javascript-boilerplate/src/api/orders/orderRepository.js:24:61)
       at Object.userId [as selectByUserId] (/home/gildas/projects/marmelab/javascript-boilerplate/src/api/orders/orderRepository.js:24:61)
       at Object.userId [as selectByUserId] (/home/gildas/projects/marmelab/javascript-boilerplate/src/api/orders/orderRepository.js:24:61)
       at Object.userId [as selectByUserId] (/home/gildas/projects/marmelab/javascript-boilerplate/src/api/orders/orderRepository.js:24:61)
       at Object.userId [as selectByUserId] (/home/gildas/projects/marmelab/javascript-boilerplate/src/api/orders/orderRepository.js:24:61)
       at Object.userId [as selectByUserId] (/home/gildas/projects/marmelab/javascript-boilerplate/src/api/orders/orderRepository.js:24:61)
       at Object.userId [as selectByUserId] (/home/gildas/projects/marmelab/javascript-boilerplate/src/api/orders/orderRepository.js:24:61)
       at Object.userId [as selectByUserId] (/home/gildas/projects/marmelab/javascript-boilerplate/src/api/orders/orderRepository.js:24:61)
       at Object.userId [as selectByUserId] (/home/gildas/projects/marmelab/javascript-boilerplate/src/api/orders/orderRepository.js:24:61)
       at Object.userId [as selectByUserId] (/home/gildas/projects/marmelab/javascript-boilerplate/src/api/orders/orderRepository.js:24:61)
       at Object.userId [as selectByUserId] (/home/gildas/projects/marmelab/javascript-boilerplate/src/api/orders/orderRepository.js:24:61)
       at Object.userId [as selectByUserId] (/home/gildas/projects/marmelab/javascript-boilerplate/src/api/orders/orderRepository.js:24:61)
       at Object.userId [as selectByUserId] (/home/gildas/projects/marmelab/javascript-boilerplate/src/api/orders/orderRepository.js:24:61)
       at Object.userId [as selectByUserId] (/home/gildas/projects/marmelab/javascript-boilerplate/src/api/orders/orderRepository.js:24:61)
       at Object.userId [as selectByUserId] (/home/gildas/projects/marmelab/javascript-boilerplate/src/api/orders/orderRepository.js:24:61)
       at Object.userId [as selectByUserId] (/home/gildas/projects/marmelab/javascript-boilerplate/src/api/orders/orderRepository.js:24:61)
       at Object.userId [as selectByUserId] (/home/gildas/projects/marmelab/javascript-boilerplate/src/api/orders/orderRepository.js:24:61)
       at Object.userId [as selectByUserId] (/home/gildas/projects/marmelab/javascript-boilerplate/src/api/orders/orderRepository.js:24:61)
       at Object.userId [as selectByUserId] (/home/gildas/projects/marmelab/javascript-boilerplate/src/api/orders/orderRepository.js:24:61)
       at Object.userId [as selectByUserId] (/home/gildas/projects/marmelab/javascript-boilerplate/src/api/orders/orderRepository.js:24:61)
       at Object.userId [as selectByUserId] (/home/gildas/projects/marmelab/javascript-boilerplate/src/api/orders/orderRepository.js:24:61)
       at Object.userId [as selectByUserId] (/home/gildas/projects/marmelab/javascript-boilerplate/src/api/orders/orderRepository.js:24:61)
       at Object.userId [as selectByUserId] (/home/gildas/projects/marmelab/javascript-boilerplate/src/api/orders/orderRepository.js:24:61)
       at Object.userId [as selectByUserId] (/home/gildas/projects/marmelab/javascript-boilerplate/src/api/orders/orderRepository.js:24:61)
       at Object.userId [as selectByUserId] (/home/gildas/projects/marmelab/javascript-boilerplate/src/api/orders/orderRepository.js:24:61)
       at Object.userId [as selectByUserId] (/home/gildas/projects/marmelab/javascript-boilerplate/src/api/orders/orderRepository.js:24:61)
       at Object.userId [as selectByUserId] (/home/gildas/projects/marmelab/javascript-boilerplate/src/api/orders/orderRepository.js:24:61)
       at Object.userId [as selectByUserId] (/home/gildas/projects/marmelab/javascript-boilerplate/src/api/orders/orderRepository.js:24:61)
       at Object.userId [as selectByUserId] (/home/gildas/projects/marmelab/javascript-boilerplate/src/api/orders/orderRepository.js:24:61)
       at Object.userId [as selectByUserId] (/home/gildas/projects/marmelab/javascript-boilerplate/src/api/orders/orderRepository.js:24:61)
       at Object.userId [as selectByUserId] (/home/gildas/projects/marmelab/javascript-boilerplate/src/api/orders/orderRepository.js:24:61)
       at Object.userId [as selectByUserId] (/home/gildas/projects/marmelab/javascript-boilerplate/src/api/orders/orderRepository.js:24:61)
       at Object.userId [as selectByUserId] (/home/gildas/projects/marmelab/javascript-boilerplate/src/api/orders/orderRepository.js:24:61)
       at Object.userId [as selectByUserId] (/home/gildas/projects/marmelab/javascript-boilerplate/src/api/orders/orderRepository.js:24:61)
       at Object.userId [as selectByUserId] (/home/gildas/projects/marmelab/javascript-boilerplate/src/api/orders/orderRepository.js:24:61)
       at Object.userId [as selectByUserId] (/home/gildas/projects/marmelab/javascript-boilerplate/src/api/orders/orderRepository.js:24:61)
       at Object.userId [as selectByUserId] (/home/gildas/projects/marmelab/javascript-boilerplate/src/api/orders/orderRepository.js:24:61)
       at Object.userId [as selectByUserId] (/home/gildas/projects/marmelab/javascript-boilerplate/src/api/orders/orderRepository.js:24:61)
       at Object.userId [as selectByUserId] (/home/gildas/projects/marmelab/javascript-boilerplate/src/api/orders/orderRepository.js:24:61)
       at Object.userId [as selectByUserId] (/home/gildas/projects/marmelab/javascript-boilerplate/src/api/orders/orderRepository.js:24:61)
       at Object.userId [as selectByUserId] (/home/gildas/projects/marmelab/javascript-boilerplate/src/api/orders/orderRepository.js:24:61)
       at Object.userId [as selectByUserId] (/home/gildas/projects/marmelab/javascript-boilerplate/src/api/orders/orderRepository.js:24:61)
       at Object.userId [as selectByUserId] (/home/gildas/projects/marmelab/javascript-boilerplate/src/api/orders/orderRepository.js:24:61)
       at Object.userId [as selectByUserId] (/home/gildas/projects/marmelab/javascript-boilerplate/src/api/orders/orderRepository.js:24:61)
       at Object.userId [as selectByUserId] (/home/gildas/projects/marmelab/javascript-boilerplate/src/api/orders/orderRepository.js:24:61)
       at Object.userId [as selectByUserId] (/home/gildas/projects/marmelab/javascript-boilerplate/src/api/orders/orderRepository.js:24:61)
       at Object.userId [as selectByUserId] (/home/gildas/projects/marmelab/javascript-boilerplate/src/api/orders/orderRepository.js:24:61)
       at Object.userId [as selectByUserId] (/home/gildas/projects/marmelab/javascript-boilerplate/src/api/orders/orderRepository.js:24:61)
       at Object.userId [as selectByUserId] (/home/gildas/projects/marmelab/javascript-boilerplate/src/api/orders/orderRepository.js:24:61)
       at Object.userId [as selectByUserId] (/home/gildas/projects/marmelab/javascript-boilerplate/src/api/orders/orderRepository.js:24:61)
       at Object.userId [as selectByUserId] (/home/gildas/projects/marmelab/javascript-boilerplate/src/api/orders/orderRepository.js:24:61)
       at Object.userId [as selectByUserId] (/home/gildas/projects/marmelab/javascript-boilerplate/src/api/orders/orderRepository.js:24:61)
       at Object.userId [as selectByUserId] (/home/gildas/projects/marmelab/javascript-boilerplate/src/api/orders/orderRepository.js:24:61)
       at Object.userId [as selectByUserId] (/home/gildas/projects/marmelab/javascript-boilerplate/src/api/orders/orderRepository.js:24:61)
       at Object.userId [as selectByUserId] (/home/gildas/projects/marmelab/javascript-boilerplate/src/api/orders/orderRepository.js:24:61)
       at Object.userId [as selectByUserId] (/home/gildas/projects/marmelab/javascript-boilerplate/src/api/orders/orderRepository.js:24:61)
       at Object.userId [as selectByUserId] (/home/gildas/projects/marmelab/javascript-boilerplate/src/api/orders/orderRepository.js:24:61)
       at Object.userId [as selectByUserId] (/home/gildas/projects/marmelab/javascript-boilerplate/src/api/orders/orderRepository.js:24:61)
       at Object.userId [as selectByUserId] (/home/gildas/projects/marmelab/javascript-boilerplate/src/api/orders/orderRepository.js:24:61)
       at Object.userId [as selectByUserId] (/home/gildas/projects/marmelab/javascript-boilerplate/src/api/orders/orderRepository.js:24:61)
       at Object.userId [as selectByUserId] (/home/gildas/projects/marmelab/javascript-boilerplate/src/api/orders/orderRepository.js:24:61)
       at Object.userId [as selectByUserId] (/home/gildas/projects/marmelab/javascript-boilerplate/src/api/orders/orderRepository.js:24:61)
       at Object.userId [as selectByUserId] (/home/gildas/projects/marmelab/javascript-boilerplate/src/api/orders/orderRepository.js:24:61)
       at Object.userId [as selectByUserId] (/home/gildas/projects/marmelab/javascript-boilerplate/src/api/orders/orderRepository.js:24:61)
       at Object.userId [as selectByUserId] (/home/gildas/projects/marmelab/javascript-boilerplate/src/api/orders/orderRepository.js:24:61)
       at Object.userId [as selectByUserId] (/home/gildas/projects/marmelab/javascript-boilerplate/src/api/orders/orderRepository.js:24:61)
       at Object.userId [as selectByUserId] (/home/gildas/projects/marmelab/javascript-boilerplate/src/api/orders/orderRepository.js:24:61)
       at Object.userId [as selectByUserId] (/home/gildas/projects/marmelab/javascript-boilerplate/src/api/orders/orderRepository.js:24:61)
       at Object.userId [as selectByUserId] (/home/gildas/projects/marmelab/javascript-boilerplate/src/api/orders/orderRepository.js:24:61)
       at Object.userId [as selectByUserId] (/home/gildas/projects/marmelab/javascript-boilerplate/src/api/orders/orderRepository.js:24:61)
       at Object.userId [as selectByUserId] (/home/gildas/projects/marmelab/javascript-boilerplate/src/api/orders/orderRepository.js:24:61)
       at Object.userId [as selectByUserId] (/home/gildas/projects/marmelab/javascript-boilerplate/src/api/orders/orderRepository.js:24:61)
       at Object.userId [as selectByUserId] (/home/gildas/projects/marmelab/javascript-boilerplate/src/api/orders/orderRepository.js:24:61)
       at Object.userId [as selectByUserId] (/home/gildas/projects/marmelab/javascript-boilerplate/src/api/orders/orderRepository.js:24:61)
       at Object.userId [as selectByUserId] (/home/gildas/projects/marmelab/javascript-boilerplate/src/api/orders/orderRepository.js:24:61)
       at Object.userId [as selectByUserId] (/home/gildas/projects/marmelab/javascript-boilerplate/src/api/orders/orderRepository.js:24:61)
       at Object.userId [as selectByUserId] (/home/gildas/projects/marmelab/javascript-boilerplate/src/api/orders/orderRepository.js:24:61)
       at Object.userId [as selectByUserId] (/home/gildas/projects/marmelab/javascript-boilerplate/src/api/orders/orderRepository.js:24:61)
       at Object.userId [as selectByUserId] (/home/gildas/projects/marmelab/javascript-boilerplate/src/api/orders/orderRepository.js:24:61)
       at Object.userId [as selectByUserId] (/home/gildas/projects/marmelab/javascript-boilerplate/src/api/orders/orderRepository.js:24:61)
       at Object.userId [as selectByUserId] (/home/gildas/projects/marmelab/javascript-boilerplate/src/api/orders/orderRepository.js:24:61)
       at Object.userId [as selectByUserId] (/home/gildas/projects/marmelab/javascript-boilerplate/src/api/orders/orderRepository.js:24:61)
       at Object.userId [as selectByUserId] (/home/gildas/projects/marmelab/javascript-boilerplate/src/api/orders/orderRepository.js:24:61)
       at Object.userId [as selectByUserId] (/home/gildas/projects/marmelab/javascript-boilerplate/src/api/orders/orderRepository.js:24:61)
       at Object.userId [as selectByUserId] (/home/gildas/projects/marmelab/javascript-boilerplate/src/api/orders/orderRepository.js:24:61)
       at Object.userId [as selectByUserId] (/home/gildas/projects/marmelab/javascript-boilerplate/src/api/orders/orderRepository.js:24:61)
       at Object.userId [as selectByUserId] (/home/gildas/projects/marmelab/javascript-boilerplate/src/api/orders/orderRepository.js:24:61)
       at Object.userId [as selectByUserId] (/home/gildas/projects/marmelab/javascript-boilerplate/src/api/orders/orderRepository.js:24:61)
       at Object.userId [as selectByUserId] (/home/gildas/projects/marmelab/javascript-boilerplate/src/api/orders/orderRepository.js:24:61)
       at Object.userId [as selectByUserId] (/home/gildas/projects/marmelab/javascript-boilerplate/src/api/orders/orderRepository.js:24:61)
       at Object.userId [as selectByUserId] (/home/gildas/projects/marmelab/javascript-boilerplate/src/api/orders/orderRepository.js:24:61)
       at Object.userId [as selectByUserId] (/home/gildas/projects/marmelab/javascript-boilerplate/src/api/orders/orderRepository.js:24:61)
       at Object.userId [as selectByUserId] (/home/gildas/projects/marmelab/javascript-boilerplate/src/api/orders/orderRepository.js:24:61)
       at Object.userId [as selectByUserId] (/home/gildas/projects/marmelab/javascript-boilerplate/src/api/orders/orderRepository.js:24:61)
       at Object.userId [as selectByUserId] (/home/gildas/projects/marmelab/javascript-boilerplate/src/api/orders/orderRepository.js:24:61)
       at Object.userId [as selectByUserId] (/home/gildas/projects/marmelab/javascript-boilerplate/src/api/orders/orderRepository.js:24:61)
       at Object.userId [as selectByUserId] (/home/gildas/projects/marmelab/javascript-boilerplate/src/api/orders/orderRepository.js:24:61)
       at Object.userId [as selectByUserId] (/home/gildas/projects/marmelab/javascript-boilerplate/src/api/orders/orderRepository.js:24:61)
       at Object.userId [as selectByUserId] (/home/gildas/projects/marmelab/javascript-boilerplate/src/api/orders/orderRepository.js:24:61)
       at Object.userId [as selectByUserId] (/home/gildas/projects/marmelab/javascript-boilerplate/src/api/orders/orderRepository.js:24:61)
       at Object.userId [as selectByUserId] (/home/gildas/projects/marmelab/javascript-boilerplate/src/api/orders/orderRepository.js:24:61)
       at Object.userId [as selectByUserId] (/home/gildas/projects/marmelab/javascript-boilerplate/src/api/orders/orderRepository.js:24:61)
       at Object.userId [as selectByUserId] (/home/gildas/projects/marmelab/javascript-boilerplate/src/api/orders/orderRepository.js:24:61)
       at Object.userId [as selectByUserId] (/home/gildas/projects/marmelab/javascript-boilerplate/src/api/orders/orderRepository.js:24:61)
       at Object.userId [as selectByUserId] (/home/gildas/projects/marmelab/javascript-boilerplate/src/api/orders/orderRepository.js:24:61)
       at Object.userId [as selectByUserId] (/home/gildas/projects/marmelab/javascript-boilerplate/src/api/orders/orderRepository.js:24:61)
       at Object.userId [as selectByUserId] (/home/gildas/projects/marmelab/javascript-boilerplate/src/api/orders/orderRepository.js:24:61)
       at Object.userId [as selectByUserId] (/home/gildas/projects/marmelab/javascript-boilerplate/src/api/orders/orderRepository.js:24:61)
       at Object.userId [as selectByUserId] (/home/gildas/projects/marmelab/javascript-boilerplate/src/api/orders/orderRepository.js:24:61)
       at Object.userId [as selectByUserId] (/home/gildas/projects/marmelab/javascript-boilerplate/src/api/orders/orderRepository.js:24:61)
       at Object.userId [as selectByUserId] (/home/gildas/projects/marmelab/javascript-boilerplate/src/api/orders/orderRepository.js:24:61)
       at Object.userId [as selectByUserId] (/home/gildas/projects/marmelab/javascript-boilerplate/src/api/orders/orderRepository.js:24:61)
       at Object.userId [as selectByUserId] (/home/gildas/projects/marmelab/javascript-boilerplate/src/api/orders/orderRepository.js:24:61)
       at Object.userId [as selectByUserId] (/home/gildas/projects/marmelab/javascript-boilerplate/src/api/orders/orderRepository.js:24:61)
       at Object.userId [as selectByUserId] (/home/gildas/projects/marmelab/javascript-boilerplate/src/api/orders/orderRepository.js:24:61)
       at Object.userId [as selectByUserId] (/home/gildas/projects/marmelab/javascript-boilerplate/src/api/orders/orderRepository.js:24:61)
       at Object.userId [as selectByUserId] (/home/gildas/projects/marmelab/javascript-boilerplate/src/api/orders/orderRepository.js:24:61)
       at Object.userId [as selectByUserId] (/home/gildas/projects/marmelab/javascript-boilerplate/src/api/orders/orderRepository.js:24:61)
       at Object.userId [as selectByUserId] (/home/gildas/projects/marmelab/javascript-boilerplate/src/api/orders/orderRepository.js:24:61)
       at Object.userId [as selectByUserId] (/home/gildas/projects/marmelab/javascript-boilerplate/src/api/orders/orderRepository.js:24:61)
       at Object.userId [as selectByUserId] (/home/gildas/projects/marmelab/javascript-boilerplate/src/api/orders/orderRepository.js:24:61)
       at Object.userId [as selectByUserId] (/home/gildas/projects/marmelab/javascript-boilerplate/src/api/orders/orderRepository.js:24:61)
       at Object.userId [as selectByUserId] (/home/gildas/projects/marmelab/javascript-boilerplate/src/api/orders/orderRepository.js:24:61)
       at Object.userId [as selectByUserId] (/home/gildas/projects/marmelab/javascript-boilerplate/src/api/orders/orderRepository.js:24:61)
       at Object.userId [as selectByUserId] (/home/gildas/projects/marmelab/javascript-boilerplate/src/api/orders/orderRepository.js:24:61)
       at Object.userId [as selectByUserId] (/home/gildas/projects/marmelab/javascript-boilerplate/src/api/orders/orderRepository.js:24:61)
       at Object.userId [as selectByUserId] (/home/gildas/projects/marmelab/javascript-boilerplate/src/api/orders/orderRepository.js:24:61)
       at Object.userId [as selectByUserId] (/home/gildas/projects/marmelab/javascript-boilerplate/src/api/orders/orderRepository.js:24:61)
       at Object.userId [as selectByUserId] (/home/gildas/projects/marmelab/javascript-boilerplate/src/api/orders/orderRepository.js:24:61)
       at Object.userId [as selectByUserId] (/home/gildas/projects/marmelab/javascript-boilerplate/src/api/orders/orderRepository.js:24:61)
       at Object.userId [as selectByUserId] (/home/gildas/projects/marmelab/javascript-boilerplate/src/api/orders/orderRepository.js:24:61)
       at Object.userId [as selectByUserId] (/home/gildas/projects/marmelab/javascript-boilerplate/src/api/orders/orderRepository.js:24:61)
       at Object.userId [as selectByUserId] (/home/gildas/projects/marmelab/javascript-boilerplate/src/api/orders/orderRepository.js:24:61)
       at Object.userId [as selectByUserId] (/home/gildas/projects/marmelab/javascript-boilerplate/src/api/orders/orderRepository.js:24:61)
       at Object.userId [as selectByUserId] (/home/gildas/projects/marmelab/javascript-boilerplate/src/api/orders/orderRepository.js:24:61)
       at Object.userId [as selectByUserId] (/home/gildas/projects/marmelab/javascript-boilerplate/src/api/orders/orderRepository.js:24:61)
       at Object.userId [as selectByUserId] (/home/gildas/projects/marmelab/javascript-boilerplate/src/api/orders/orderRepository.js:24:61)
       at Object.userId [as selectByUserId] (/home/gildas/projects/marmelab/javascript-boilerplate/src/api/orders/orderRepository.js:24:61)
       at Object.userId [as selectByUserId] (/home/gildas/projects/marmelab/javascript-boilerplate/src/api/orders/orderRepository.js:24:61)
       at Object.userId [as selectByUserId] (/home/gildas/projects/marmelab/javascript-boilerplate/src/api/orders/orderRepository.js:24:61)
       at Object.userId [as selectByUserId] (/home/gildas/projects/marmelab/javascript-boilerplate/src/api/orders/orderRepository.js:24:61)
       at Object.userId [as selectByUserId] (/home/gildas/projects/marmelab/javascript-boilerplate/src/api/orders/orderRepository.js:24:61)
       at Object.userId [as selectByUserId] (/home/gildas/projects/marmelab/javascript-boilerplate/src/api/orders/orderRepository.js:24:61)
       at Object.userId [as selectByUserId] (/home/gildas/projects/marmelab/javascript-boilerplate/src/api/orders/orderRepository.js:24:61)
       at Object.userId [as selectByUserId] (/home/gildas/projects/marmelab/javascript-boilerplate/src/api/orders/orderRepository.js:24:61)
       at Object.userId [as selectByUserId] (/home/gildas/projects/marmelab/javascript-boilerplate/src/api/orders/orderRepository.js:24:61)
       at Object.userId [as selectByUserId] (/home/gildas/projects/marmelab/javascript-boilerplate/src/api/orders/orderRepository.js:24:61)
       at Object.userId [as selectByUserId] (/home/gildas/projects/marmelab/javascript-boilerplate/src/api/orders/orderRepository.js:24:61)
       at Object.userId [as selectByUserId] (/home/gildas/projects/marmelab/javascript-boilerplate/src/api/orders/orderRepository.js:24:61)
       at Object.userId [as selectByUserId] (/home/gildas/projects/marmelab/javascript-boilerplate/src/api/orders/orderRepository.js:24:61)
       at Object.userId [as selectByUserId] (/home/gildas/projects/marmelab/javascript-boilerplate/src/api/orders/orderRepository.js:24:61)
       at Object.userId [as selectByUserId] (/home/gildas/projects/marmelab/javascript-boilerplate/src/api/orders/orderRepository.js:24:61)
       at Object.userId [as selectByUserId] (/home/gildas/projects/marmelab/javascript-boilerplate/src/api/orders/orderRepository.js:24:61)
       at Object.userId [as selectByUserId] (/home/gildas/projects/marmelab/javascript-boilerplate/src/api/orders/orderRepository.js:24:61)
       at Object.userId [as selectByUserId] (/home/gildas/projects/marmelab/javascript-boilerplate/src/api/orders/orderRepository.js:24:61)
       at Object.userId [as selectByUserId] (/home/gildas/projects/marmelab/javascript-boilerplate/src/api/orders/orderRepository.js:24:61)
       at Object.userId [as selectByUserId] (/home/gildas/projects/marmelab/javascript-boilerplate/src/api/orders/orderRepository.js:24:61)
       at Object.userId [as selectByUserId] (/home/gildas/projects/marmelab/javascript-boilerplate/src/api/orders/orderRepository.js:24:61)
       at Object.userId [as selectByUserId] (/home/gildas/projects/marmelab/javascript-boilerplate/src/api/orders/orderRepository.js:24:61)
       at Object.userId [as selectByUserId] (/home/gildas/projects/marmelab/javascript-boilerplate/src/api/orders/orderRepository.js:24:61)
       at Object.userId [as selectByUserId] (/home/gildas/projects/marmelab/javascript-boilerplate/src/api/orders/orderRepository.js:24:61)
       at Object.userId [as selectByUserId] (/home/gildas/projects/marmelab/javascript-boilerplate/src/api/orders/orderRepository.js:24:61)
       at Object.userId [as selectByUserId] (/home/gildas/projects/marmelab/javascript-boilerplate/src/api/orders/orderRepository.js:24:61)
       at Object.userId [as selectByUserId] (/home/gildas/projects/marmelab/javascript-boilerplate/src/api/orders/orderRepository.js:24:61)
       at Object.userId [as selectByUserId] (/home/gildas/projects/marmelab/javascript-boilerplate/src/api/orders/orderRepository.js:24:61)
       at Object.userId [as selectByUserId] (/home/gildas/projects/marmelab/javascript-boilerplate/src/api/orders/orderRepository.js:24:61)
       at Object.userId [as selectByUserId] (/home/gildas/projects/marmelab/javascript-boilerplate/src/api/orders/orderRepository.js:24:61)
       at Object.userId [as selectByUserId] (/home/gildas/projects/marmelab/javascript-boilerplate/src/api/orders/orderRepository.js:24:61)
       at Object.userId [as selectByUserId] (/home/gildas/projects/marmelab/javascript-boilerplate/src/api/orders/orderRepository.js:24:61)
       at Object.userId [as selectByUserId] (/home/gildas/projects/marmelab/javascript-boilerplate/src/api/orders/orderRepository.js:24:61)
       at Object.userId [as selectByUserId] (/home/gildas/projects/marmelab/javascript-boilerplate/src/api/orders/orderRepository.js:24:61)
       at Object.userId [as selectByUserId] (/home/gildas/projects/marmelab/javascript-boilerplate/src/api/orders/orderRepository.js:24:61)
       at Object.userId [as selectByUserId] (/home/gildas/projects/marmelab/javascript-boilerplate/src/api/orders/orderRepository.js:24:61)
       at Object.userId [as selectByUserId] (/home/gildas/projects/marmelab/javascript-boilerplate/src/api/orders/orderRepository.js:24:61)
       at Object.userId [as selectByUserId] (/home/gildas/projects/marmelab/javascript-boilerplate/src/api/orders/orderRepository.js:24:61)
       at Object.userId [as selectByUserId] (/home/gildas/projects/marmelab/javascript-boilerplate/src/api/orders/orderRepository.js:24:61)
       at Object.userId [as selectByUserId] (/home/gildas/projects/marmelab/javascript-boilerplate/src/api/orders/orderRepository.js:24:61)
       at Object.userId [as selectByUserId] (/home/gildas/projects/marmelab/javascript-boilerplate/src/api/orders/orderRepository.js:24:61)
       at Object.userId [as selectByUserId] (/home/gildas/projects/marmelab/javascript-boilerplate/src/api/orders/orderRepository.js:24:61)
       at Object.userId [as selectByUserId] (/home/gildas/projects/marmelab/javascript-boilerplate/src/api/orders/orderRepository.js:24:61)
       at Object.userId [as selectByUserId] (/home/gildas/projects/marmelab/javascript-boilerplate/src/api/orders/orderRepository.js:24:61)
       at Object.userId [as selectByUserId] (/home/gildas/projects/marmelab/javascript-boilerplate/src/api/orders/orderRepository.js:24:61)
       at Object.userId [as selectByUserId] (/home/gildas/projects/marmelab/javascript-boilerplate/src/api/orders/orderRepository.js:24:61)
       at Object.userId [as selectByUserId] (/home/gildas/projects/marmelab/javascript-boilerplate/src/api/orders/orderRepository.js:24:61)
       at Object.userId [as selectByUserId] (/home/gildas/projects/marmelab/javascript-boilerplate/src/api/orders/orderRepository.js:24:61)
       at Object.userId [as selectByUserId] (/home/gildas/projects/marmelab/javascript-boilerplate/src/api/orders/orderRepository.js:24:61)
       at Object.userId [as selectByUserId] (/home/gildas/projects/marmelab/javascript-boilerplate/src/api/orders/orderRepository.js:24:61)
       at Object.userId [as selectByUserId] (/home/gildas/projects/marmelab/javascript-boilerplate/src/api/orders/orderRepository.js:24:61)
       at Object.userId [as selectByUserId] (/home/gildas/projects/marmelab/javascript-boilerplate/src/api/orders/orderRepository.js:24:61)
       at Object.userId [as selectByUserId] (/home/gildas/projects/marmelab/javascript-boilerplate/src/api/orders/orderRepository.js:24:61)
       at Object.userId [as selectByUserId] (/home/gildas/projects/marmelab/javascript-boilerplate/src/api/orders/orderRepository.js:24:61)
       at Object.userId [as selectByUserId] (/home/gildas/projects/marmelab/javascript-boilerplate/src/api/orders/orderRepository.js:24:61)
       at Object.userId [as selectByUserId] (/home/gildas/projects/marmelab/javascript-boilerplate/src/api/orders/orderRepository.js:24:61)
       at Object.userId [as selectByUserId] (/home/gildas/projects/marmelab/javascript-boilerplate/src/api/orders/orderRepository.js:24:61)
       at Object.userId [as selectByUserId] (/home/gildas/projects/marmelab/javascript-boilerplate/src/api/orders/orderRepository.js:24:61)
       at Object.userId [as selectByUserId] (/home/gildas/projects/marmelab/javascript-boilerplate/src/api/orders/orderRepository.js:24:61)
       at Object.userId [as selectByUserId] (/home/gildas/projects/marmelab/javascript-boilerplate/src/api/orders/orderRepository.js:24:61)
       at Object.userId [as selectByUserId] (/home/gildas/projects/marmelab/javascript-boilerplate/src/api/orders/orderRepository.js:24:61)
       at Object.userId [as selectByUserId] (/home/gildas/projects/marmelab/javascript-boilerplate/src/api/orders/orderRepository.js:24:61)
       at Object.userId [as selectByUserId] (/home/gildas/projects/marmelab/javascript-boilerplate/src/api/orders/orderRepository.js:24:61)
       at Object.userId [as selectByUserId] (/home/gildas/projects/marmelab/javascript-boilerplate/src/api/orders/orderRepository.js:24:61)
       at Object.userId [as selectByUserId] (/home/gildas/projects/marmelab/javascript-boilerplate/src/api/orders/orderRepository.js:24:61)
       at Object.userId [as selectByUserId] (/home/gildas/projects/marmelab/javascript-boilerplate/src/api/orders/orderRepository.js:24:61)
       at Object.userId [as selectByUserId] (/home/gildas/projects/marmelab/javascript-boilerplate/src/api/orders/orderRepository.js:24:61)
       at Object.userId [as selectByUserId] (/home/gildas/projects/marmelab/javascript-boilerplate/src/api/orders/orderRepository.js:24:61)
       at Object.userId [as selectByUserId] (/home/gildas/projects/marmelab/javascript-boilerplate/src/api/orders/orderRepository.js:24:61)
       at Object.userId [as selectByUserId] (/home/gildas/projects/marmelab/javascript-boilerplate/src/api/orders/orderRepository.js:24:61)
       at Object.userId [as selectByUserId] (/home/gildas/projects/marmelab/javascript-boilerplate/src/api/orders/orderRepository.js:24:61)
       at Object.userId [as selectByUserId] (/home/gildas/projects/marmelab/javascript-boilerplate/src/api/orders/orderRepository.js:24:61)
       at Object.userId [as selectByUserId] (/home/gildas/projects/marmelab/javascript-boilerplate/src/api/orders/orderRepository.js:24:61)
       at Object.userId [as selectByUserId] (/home/gildas/projects/marmelab/javascript-boilerplate/src/api/orders/orderRepository.js:24:61)
       at Object.userId [as selectByUserId] (/home/gildas/projects/marmelab/javascript-boilerplate/src/api/orders/orderRepository.js:24:61)
       at Object.userId [as selectByUserId] (/home/gildas/projects/marmelab/javascript-boilerplate/src/api/orders/orderRepository.js:24:61)
       at Object.userId [as selectByUserId] (/home/gildas/projects/marmelab/javascript-boilerplate/src/api/orders/orderRepository.js:24:61)
       at Object.userId [as selectByUserId] (/home/gildas/projects/marmelab/javascript-boilerplate/src/api/orders/orderRepository.js:24:61)
       at Object.userId [as selectByUserId] (/home/gildas/projects/marmelab/javascript-boilerplate/src/api/orders/orderRepository.js:24:61)
       at Object.userId [as selectByUserId] (/home/gildas/projects/marmelab/javascript-boilerplate/src/api/orders/orderRepository.js:24:61)
       at Object.userId [as selectByUserId] (/home/gildas/projects/marmelab/javascript-boilerplate/src/api/orders/orderRepository.js:24:61)
       at Object.userId [as selectByUserId] (/home/gildas/projects/marmelab/javascript-boilerplate/src/api/orders/orderRepository.js:24:61)
       at Object.userId [as selectByUserId] (/home/gildas/projects/marmelab/javascript-boilerplate/src/api/orders/orderRepository.js:24:61)
       at Object.userId [as selectByUserId] (/home/gildas/projects/marmelab/javascript-boilerplate/src/api/orders/orderRepository.js:24:61)
       at Object.userId [as selectByUserId] (/home/gildas/projects/marmelab/javascript-boilerplate/src/api/orders/orderRepository.js:24:61)
       at Object.userId [as selectByUserId] (/home/gildas/projects/marmelab/javascript-boilerplate/src/api/orders/orderRepository.js:24:61)
       at Object.userId [as selectByUserId] (/home/gildas/projects/marmelab/javascript-boilerplate/src/api/orders/orderRepository.js:24:61)
       at Object.userId [as selectByUserId] (/home/gildas/projects/marmelab/javascript-boilerplate/src/api/orders/orderRepository.js:24:61)
       at Object.userId [as selectByUserId] (/home/gildas/projects/marmelab/javascript-boilerplate/src/api/orders/orderRepository.js:24:61)
       at Object.userId [as selectByUserId] (/home/gildas/projects/marmelab/javascript-boilerplate/src/api/orders/orderRepository.js:24:61)
       at Object.userId [as selectByUserId] (/home/gildas/projects/marmelab/javascript-boilerplate/src/api/orders/orderRepository.js:24:61)
       at Object.userId [as selectByUserId] (/home/gildas/projects/marmelab/javascript-boilerplate/src/api/orders/orderRepository.js:24:61)
       at Object.userId [as selectByUserId] (/home/gildas/projects/marmelab/javascript-boilerplate/src/api/orders/orderRepository.js:24:61)
       at Object.userId [as selectByUserId] (/home/gildas/projects/marmelab/javascript-boilerplate/src/api/orders/orderRepository.js:24:61)
       at Object.userId [as selectByUserId] (/home/gildas/projects/marmelab/javascript-boilerplate/src/api/orders/orderRepository.js:24:61)
       at Object.userId [as selectByUserId] (/home/gildas/projects/marmelab/javascript-boilerplate/src/api/orders/orderRepository.js:24:61)
       at Object.userId [as selectByUserId] (/home/gildas/projects/marmelab/javascript-boilerplate/src/api/orders/orderRepository.js:24:61)
       at Object.userId [as selectByUserId] (/home/gildas/projects/marmelab/javascript-boilerplate/src/api/orders/orderRepository.js:24:61)
       at Object.userId [as selectByUserId] (/home/gildas/projects/marmelab/javascript-boilerplate/src/api/orders/orderRepository.js:24:61)
       at Object.userId [as selectByUserId] (/home/gildas/projects/marmelab/javascript-boilerplate/src/api/orders/orderRepository.js:24:61)
       at Object.userId [as selectByUserId] (/home/gildas/projects/marmelab/javascript-boilerplate/src/api/orders/orderRepository.js:24:61)
       at Object.userId [as selectByUserId] (/home/gildas/projects/marmelab/javascript-boilerplate/src/api/orders/orderRepository.js:24:61)
       at Object.userId [as selectByUserId] (/home/gildas/projects/marmelab/javascript-boilerplate/src/api/orders/orderRepository.js:24:61)
       at Object.userId [as selectByUserId] (/home/gildas/projects/marmelab/javascript-boilerplate/src/api/orders/orderRepository.js:24:61)
       at Object.userId [as selectByUserId] (/home/gildas/projects/marmelab/javascript-boilerplate/src/api/orders/orderRepository.js:24:61)
       at Object.userId [as selectByUserId] (/home/gildas/projects/marmelab/javascript-boilerplate/src/api/orders/orderRepository.js:24:61)
       at Object.userId [as selectByUserId] (/home/gildas/projects/marmelab/javascript-boilerplate/src/api/orders/orderRepository.js:24:61)
       at Object.userId [as selectByUserId] (/home/gildas/projects/marmelab/javascript-boilerplate/src/api/orders/orderRepository.js:24:61)
       at Object.userId [as selectByUserId] (/home/gildas/projects/marmelab/javascript-boilerplate/src/api/orders/orderRepository.js:24:61)
       at Object.userId [as selectByUserId] (/home/gildas/projects/marmelab/javascript-boilerplate/src/api/orders/orderRepository.js:24:61)
       at Object.userId [as selectByUserId] (/home/gildas/projects/marmelab/javascript-boilerplate/src/api/orders/orderRepository.js:24:61)
       at Object.userId [as selectByUserId] (/home/gildas/projects/marmelab/javascript-boilerplate/src/api/orders/orderRepository.js:24:61)
       at Object.userId [as selectByUserId] (/home/gildas/projects/marmelab/javascript-boilerplate/src/api/orders/orderRepository.js:24:61)
       at Object.userId [as selectByUserId] (/home/gildas/projects/marmelab/javascript-boilerplate/src/api/orders/orderRepository.js:24:61)
       at Object.userId [as selectByUserId] (/home/gildas/projects/marmelab/javascript-boilerplate/src/api/orders/orderRepository.js:24:61)
       at Object.userId [as selectByUserId] (/home/gildas/projects/marmelab/javascript-boilerplate/src/api/orders/orderRepository.js:24:61)
       at Object.userId [as selectByUserId] (/home/gildas/projects/marmelab/javascript-boilerplate/src/api/orders/orderRepository.js:24:61)
       at Object.userId [as selectByUserId] (/home/gildas/projects/marmelab/javascript-boilerplate/src/api/orders/orderRepository.js:24:61)
       at Object.userId [as selectByUserId] (/home/gildas/projects/marmelab/javascript-boilerplate/src/api/orders/orderRepository.js:24:61)
       at Object.userId [as selectByUserId] (/home/gildas/projects/marmelab/javascript-boilerplate/src/api/orders/orderRepository.js:24:61)
       at Object.userId [as selectByUserId] (/home/gildas/projects/marmelab/javascript-boilerplate/src/api/orders/orderRepository.js:24:61)
       at Object.userId [as selectByUserId] (/home/gildas/projects/marmelab/javascript-boilerplate/src/api/orders/orderRepository.js:24:61)
       at Object.userId [as selectByUserId] (/home/gildas/projects/marmelab/javascript-boilerplate/src/api/orders/orderRepository.js:24:61)
       at Object.userId [as selectByUserId] (/home/gildas/projects/marmelab/javascript-boilerplate/src/api/orders/orderRepository.js:24:61)
       at Object.userId [as selectByUserId] (/home/gildas/projects/marmelab/javascript-boilerplate/src/api/orders/orderRepository.js:24:61)
       at Object.userId [as selectByUserId] (/home/gildas/projects/marmelab/javascript-boilerplate/src/api/orders/orderRepository.js:24:61)
       at Object.userId [as selectByUserId] (/home/gildas/projects/marmelab/javascript-boilerplate/src/api/orders/orderRepository.js:24:61)
       at Object.userId [as selectByUserId] (/home/gildas/projects/marmelab/javascript-boilerplate/src/api/orders/orderRepository.js:24:61)
       at Object.userId [as selectByUserId] (/home/gildas/projects/marmelab/javascript-boilerplate/src/api/orders/orderRepository.js:24:61)
       at Object.userId [as selectByUserId] (/home/gildas/projects/marmelab/javascript-boilerplate/src/api/orders/orderRepository.js:24:61)
       at Object.userId [as selectByUserId] (/home/gildas/projects/marmelab/javascript-boilerplate/src/api/orders/orderRepository.js:24:61)
       at Object.userId [as selectByUserId] (/home/gildas/projects/marmelab/javascript-boilerplate/src/api/orders/orderRepository.js:24:61)
       at Object.userId [as selectByUserId] (/home/gildas/projects/marmelab/javascript-boilerplate/src/api/orders/orderRepository.js:24:61)
       at Object.userId [as selectByUserId] (/home/gildas/projects/marmelab/javascript-boilerplate/src/api/orders/orderRepository.js:24:61)
       at Object.userId [as selectByUserId] (/home/gildas/projects/marmelab/javascript-boilerplate/src/api/orders/orderRepository.js:24:61)
       at Object.userId [as selectByUserId] (/home/gildas/projects/marmelab/javascript-boilerplate/src/api/orders/orderRepository.js:24:61)
       at Object.userId [as selectByUserId] (/home/gildas/projects/marmelab/javascript-boilerplate/src/api/orders/orderRepository.js:24:61)
       at Object.userId [as selectByUserId] (/home/gildas/projects/marmelab/javascript-boilerplate/src/api/orders/orderRepository.js:24:61)
       at Object.userId [as selectByUserId] (/home/gildas/projects/marmelab/javascript-boilerplate/src/api/orders/orderRepository.js:24:61)
       at Object.userId [as selectByUserId] (/home/gildas/projects/marmelab/javascript-boilerplate/src/api/orders/orderRepository.js:24:61)
       at Object.userId [as selectByUserId] (/home/gildas/projects/marmelab/javascript-boilerplate/src/api/orders/orderRepository.js:24:61)
       at Object.userId [as selectByUserId] (/home/gildas/projects/marmelab/javascript-boilerplate/src/api/orders/orderRepository.js:24:61)
       at Object.userId [as selectByUserId] (/home/gildas/projects/marmelab/javascript-boilerplate/src/api/orders/orderRepository.js:24:61)
       at Object.userId [as selectByUserId] (/home/gildas/projects/marmelab/javascript-boilerplate/src/api/orders/orderRepository.js:24:61)
       at Object.userId [as selectByUserId] (/home/gildas/projects/marmelab/javascript-boilerplate/src/api/orders/orderRepository.js:24:61)
       at Object.userId [as selectByUserId] (/home/gildas/projects/marmelab/javascript-boilerplate/src/api/orders/orderRepository.js:24:61)
       at Object.userId [as selectByUserId] (/home/gildas/projects/marmelab/javascript-boilerplate/src/api/orders/orderRepository.js:24:61)
       at Object.userId [as selectByUserId] (/home/gildas/projects/marmelab/javascript-boilerplate/src/api/orders/orderRepository.js:24:61)
       at Object.userId [as selectByUserId] (/home/gildas/projects/marmelab/javascript-boilerplate/src/api/orders/orderRepository.js:24:61)
       at Object.userId [as selectByUserId] (/home/gildas/projects/marmelab/javascript-boilerplate/src/api/orders/orderRepository.js:24:61)
       at Object.userId [as selectByUserId] (/home/gildas/projects/marmelab/javascript-boilerplate/src/api/orders/orderRepository.js:24:61)
       at Object.userId [as selectByUserId] (/home/gildas/projects/marmelab/javascript-boilerplate/src/api/orders/orderRepository.js:24:61)
       at Object.userId [as selectByUserId] (/home/gildas/projects/marmelab/javascript-boilerplate/src/api/orders/orderRepository.js:24:61)
       at Object.userId [as selectByUserId] (/home/gildas/projects/marmelab/javascript-boilerplate/src/api/orders/orderRepository.js:24:61)
       at Object.userId [as selectByUserId] (/home/gildas/projects/marmelab/javascript-boilerplate/src/api/orders/orderRepository.js:24:61)
       at Object.userId [as selectByUserId] (/home/gildas/projects/marmelab/javascript-boilerplate/src/api/orders/orderRepository.js:24:61)
       at Object.userId [as selectByUserId] (/home/gildas/projects/marmelab/javascript-boilerplate/src/api/orders/orderRepository.js:24:61)
       at Object.userId [as selectByUserId] (/home/gildas/projects/marmelab/javascript-boilerplate/src/api/orders/orderRepository.js:24:61)
       at Object.userId [as selectByUserId] (/home/gildas/projects/marmelab/javascript-boilerplate/src/api/orders/orderRepository.js:24:61)
       at Object.userId [as selectByUserId] (/home/gildas/projects/marmelab/javascript-boilerplate/src/api/orders/orderRepository.js:24:61)
       at Object.userId [as selectByUserId] (/home/gildas/projects/marmelab/javascript-boilerplate/src/api/orders/orderRepository.js:24:61)
       at Object.userId [as selectByUserId] (/home/gildas/projects/marmelab/javascript-boilerplate/src/api/orders/orderRepository.js:24:61)
       at Object.userId [as selectByUserId] (/home/gildas/projects/marmelab/javascript-boilerplate/src/api/orders/orderRepository.js:24:61)
       at Object.userId [as selectByUserId] (/home/gildas/projects/marmelab/javascript-boilerplate/src/api/orders/orderRepository.js:24:61)
       at Object.userId [as selectByUserId] (/home/gildas/projects/marmelab/javascript-boilerplate/src/api/orders/orderRepository.js:24:61)
       at Object.userId [as selectByUserId] (/home/gildas/projects/marmelab/javascript-boilerplate/src/api/orders/orderRepository.js:24:61)
       at Object.userId [as selectByUserId] (/home/gildas/projects/marmelab/javascript-boilerplate/src/api/orders/orderRepository.js:24:61)
       at Object.userId [as selectByUserId] (/home/gildas/projects/marmelab/javascript-boilerplate/src/api/orders/orderRepository.js:24:61)
       at Object.userId [as selectByUserId] (/home/gildas/projects/marmelab/javascript-boilerplate/src/api/orders/orderRepository.js:24:61)
       at Object.userId [as selectByUserId] (/home/gildas/projects/marmelab/javascript-boilerplate/src/api/orders/orderRepository.js:24:61)
       at Object.userId [as selectByUserId] (/home/gildas/projects/marmelab/javascript-boilerplate/src/api/orders/orderRepository.js:24:61)
       at Object.userId [as selectByUserId] (/home/gildas/projects/marmelab/javascript-boilerplate/src/api/orders/orderRepository.js:24:61)
       at Object.userId [as selectByUserId] (/home/gildas/projects/marmelab/javascript-boilerplate/src/api/orders/orderRepository.js:24:61)
       at Object.userId [as selectByUserId] (/home/gildas/projects/marmelab/javascript-boilerplate/src/api/orders/orderRepository.js:24:61)
       at Object.userId [as selectByUserId] (/home/gildas/projects/marmelab/javascript-boilerplate/src/api/orders/orderRepository.js:24:61)
       at Object.userId [as selectByUserId] (/home/gildas/projects/marmelab/javascript-boilerplate/src/api/orders/orderRepository.js:24:61)
       at Object.userId [as selectByUserId] (/home/gildas/projects/marmelab/javascript-boilerplate/src/api/orders/orderRepository.js:24:61)
       at Object.userId [as selectByUserId] (/home/gildas/projects/marmelab/javascript-boilerplate/src/api/orders/orderRepository.js:24:61)
       at Object.userId [as selectByUserId] (/home/gildas/projects/marmelab/javascript-boilerplate/src/api/orders/orderRepository.js:24:61)
       at Object.userId [as selectByUserId] (/home/gildas/projects/marmelab/javascript-boilerplate/src/api/orders/orderRepository.js:24:61)
       at Object.userId [as selectByUserId] (/home/gildas/projects/marmelab/javascript-boilerplate/src/api/orders/orderRepository.js:24:61)
       at Object.userId [as selectByUserId] (/home/gildas/projects/marmelab/javascript-boilerplate/src/api/orders/orderRepository.js:24:61)
       at Object.userId [as selectByUserId] (/home/gildas/projects/marmelab/javascript-boilerplate/src/api/orders/orderRepository.js:24:61)
       at Object.userId [as selectByUserId] (/home/gildas/projects/marmelab/javascript-boilerplate/src/api/orders/orderRepository.js:24:61)
       at Object.userId [as selectByUserId] (/home/gildas/projects/marmelab/javascript-boilerplate/src/api/orders/orderRepository.js:24:61)
       at Object.userId [as selectByUserId] (/home/gildas/projects/marmelab/javascript-boilerplate/src/api/orders/orderRepository.js:24:61)
       at Object.userId [as selectByUserId] (/home/gildas/projects/marmelab/javascript-boilerplate/src/api/orders/orderRepository.js:24:61)
       at Object.userId [as selectByUserId] (/home/gildas/projects/marmelab/javascript-boilerplate/src/api/orders/orderRepository.js:24:61)
       at Object.userId [as selectByUserId] (/home/gildas/projects/marmelab/javascript-boilerplate/src/api/orders/orderRepository.js:24:61)
       at Object.userId [as selectByUserId] (/home/gildas/projects/marmelab/javascript-boilerplate/src/api/orders/orderRepository.js:24:61)
       at Object.userId [as selectByUserId] (/home/gildas/projects/marmelab/javascript-boilerplate/src/api/orders/orderRepository.js:24:61)
       at Object.userId [as selectByUserId] (/home/gildas/projects/marmelab/javascript-boilerplate/src/api/orders/orderRepository.js:24:61)
       at Object.userId [as selectByUserId] (/home/gildas/projects/marmelab/javascript-boilerplate/src/api/orders/orderRepository.js:24:61)
       at Object.userId [as selectByUserId] (/home/gildas/projects/marmelab/javascript-boilerplate/src/api/orders/orderRepository.js:24:61)
       at Object.userId [as selectByUserId] (/home/gildas/projects/marmelab/javascript-boilerplate/src/api/orders/orderRepository.js:24:61)
       at Object.userId [as selectByUserId] (/home/gildas/projects/marmelab/javascript-boilerplate/src/api/orders/orderRepository.js:24:61)
       at Object.userId [as selectByUserId] (/home/gildas/projects/marmelab/javascript-boilerplate/src/api/orders/orderRepository.js:24:61)
       at Object.userId [as selectByUserId] (/home/gildas/projects/marmelab/javascript-boilerplate/src/api/orders/orderRepository.js:24:61)
       at Object.userId [as selectByUserId] (/home/gildas/projects/marmelab/javascript-boilerplate/src/api/orders/orderRepository.js:24:61)
       at Object.userId [as selectByUserId] (/home/gildas/projects/marmelab/javascript-boilerplate/src/api/orders/orderRepository.js:24:61)
       at Object.userId [as selectByUserId] (/home/gildas/projects/marmelab/javascript-boilerplate/src/api/orders/orderRepository.js:24:61)
       at Object.userId [as selectByUserId] (/home/gildas/projects/marmelab/javascript-boilerplate/src/api/orders/orderRepository.js:24:61)
       at Object.userId [as selectByUserId] (/home/gildas/projects/marmelab/javascript-boilerplate/src/api/orders/orderRepository.js:24:61)
       at Object.userId [as selectByUserId] (/home/gildas/projects/marmelab/javascript-boilerplate/src/api/orders/orderRepository.js:24:61)
       at Object.userId [as selectByUserId] (/home/gildas/projects/marmelab/javascript-boilerplate/src/api/orders/orderRepository.js:24:61)
       at Object.userId [as selectByUserId] (/home/gildas/projects/marmelab/javascript-boilerplate/src/api/orders/orderRepository.js:24:61)
       at Object.userId [as selectByUserId] (/home/gildas/projects/marmelab/javascript-boilerplate/src/api/orders/orderRepository.js:24:61)
       at Object.userId [as selectByUserId] (/home/gildas/projects/marmelab/javascript-boilerplate/src/api/orders/orderRepository.js:24:61)
       at Object.userId [as selectByUserId] (/home/gildas/projects/marmelab/javascript-boilerplate/src/api/orders/orderRepository.js:24:61)
       at Object.userId [as selectByUserId] (/home/gildas/projects/marmelab/javascript-boilerplate/src/api/orders/orderRepository.js:24:61)
       at Object.userId [as selectByUserId] (/home/gildas/projects/marmelab/javascript-boilerplate/src/api/orders/orderRepository.js:24:61)
       at Object.userId [as selectByUserId] (/home/gildas/projects/marmelab/javascript-boilerplate/src/api/orders/orderRepository.js:24:61)
       at Object.userId [as selectByUserId] (/home/gildas/projects/marmelab/javascript-boilerplate/src/api/orders/orderRepository.js:24:61)
       at Object.userId [as selectByUserId] (/home/gildas/projects/marmelab/javascript-boilerplate/src/api/orders/orderRepository.js:24:61)
       at Object.userId [as selectByUserId] (/home/gildas/projects/marmelab/javascript-boilerplate/src/api/orders/orderRepository.js:24:61)
       at Object.userId [as selectByUserId] (/home/gildas/projects/marmelab/javascript-boilerplate/src/api/orders/orderRepository.js:24:61)
       at Object.userId [as selectByUserId] (/home/gildas/projects/marmelab/javascript-boilerplate/src/api/orders/orderRepository.js:24:61)
       at Object.userId [as selectByUserId] (/home/gildas/projects/marmelab/javascript-boilerplate/src/api/orders/orderRepository.js:24:61)
       at Object.userId [as selectByUserId] (/home/gildas/projects/marmelab/javascript-boilerplate/src/api/orders/orderRepository.js:24:61)
       at Object.userId [as selectByUserId] (/home/gildas/projects/marmelab/javascript-boilerplate/src/api/orders/orderRepository.js:24:61)
       at Object.userId [as selectByUserId] (/home/gildas/projects/marmelab/javascript-boilerplate/src/api/orders/orderRepository.js:24:61)
       at Object.userId [as selectByUserId] (/home/gildas/projects/marmelab/javascript-boilerplate/src/api/orders/orderRepository.js:24:61)
       at Object.userId [as selectByUserId] (/home/gildas/projects/marmelab/javascript-boilerplate/src/api/orders/orderRepository.js:24:61)
       at Object.userId [as selectByUserId] (/home/gildas/projects/marmelab/javascript-boilerplate/src/api/orders/orderRepository.js:24:61)
       at Object.userId [as selectByUserId] (/home/gildas/projects/marmelab/javascript-boilerplate/src/api/orders/orderRepository.js:24:61)
       at Object.userId [as selectByUserId] (/home/gildas/projects/marmelab/javascript-boilerplate/src/api/orders/orderRepository.js:24:61)
       at Object.userId [as selectByUserId] (/home/gildas/projects/marmelab/javascript-boilerplate/src/api/orders/orderRepository.js:24:61)
       at Object.userId [as selectByUserId] (/home/gildas/projects/marmelab/javascript-boilerplate/src/api/orders/orderRepository.js:24:61)
       at Object.userId [as selectByUserId] (/home/gildas/projects/marmelab/javascript-boilerplate/src/api/orders/orderRepository.js:24:61)
       at Object.userId [as selectByUserId] (/home/gildas/projects/marmelab/javascript-boilerplate/src/api/orders/orderRepository.js:24:61)
       at Object.userId [as selectByUserId] (/home/gildas/projects/marmelab/javascript-boilerplate/src/api/orders/orderRepository.js:24:61)
       at Object.userId [as selectByUserId] (/home/gildas/projects/marmelab/javascript-boilerplate/src/api/orders/orderRepository.js:24:61)
       at Object.userId [as selectByUserId] (/home/gildas/projects/marmelab/javascript-boilerplate/src/api/orders/orderRepository.js:24:61)
       at Object.userId [as selectByUserId] (/home/gildas/projects/marmelab/javascript-boilerplate/src/api/orders/orderRepository.js:24:61)
       at Object.userId [as selectByUserId] (/home/gildas/projects/marmelab/javascript-boilerplate/src/api/orders/orderRepository.js:24:61)
       at Object.userId [as selectByUserId] (/home/gildas/projects/marmelab/javascript-boilerplate/src/api/orders/orderRepository.js:24:61)
       at Object.userId [as selectByUserId] (/home/gildas/projects/marmelab/javascript-boilerplate/src/api/orders/orderRepository.js:24:61)
       at Object.userId [as selectByUserId] (/home/gildas/projects/marmelab/javascript-boilerplate/src/api/orders/orderRepository.js:24:61)
       at Object.userId [as selectByUserId] (/home/gildas/projects/marmelab/javascript-boilerplate/src/api/orders/orderRepository.js:24:61)
       at Object.userId [as selectByUserId] (/home/gildas/projects/marmelab/javascript-boilerplate/src/api/orders/orderRepository.js:24:61)
       at Object.userId [as selectByUserId] (/home/gildas/projects/marmelab/javascript-boilerplate/src/api/orders/orderRepository.js:24:61)
       at Object.userId [as selectByUserId] (/home/gildas/projects/marmelab/javascript-boilerplate/src/api/orders/orderRepository.js:24:61)
       at Object.userId [as selectByUserId] (/home/gildas/projects/marmelab/javascript-boilerplate/src/api/orders/orderRepository.js:24:61)
       at Object.userId [as selectByUserId] (/home/gildas/projects/marmelab/javascript-boilerplate/src/api/orders/orderRepository.js:24:61)
       at Object.userId [as selectByUserId] (/home/gildas/projects/marmelab/javascript-boilerplate/src/api/orders/orderRepository.js:24:61)
       at Object.userId [as selectByUserId] (/home/gildas/projects/marmelab/javascript-boilerplate/src/api/orders/orderRepository.js:24:61)
       at Object.userId [as selectByUserId] (/home/gildas/projects/marmelab/javascript-boilerplate/src/api/orders/orderRepository.js:24:61)
       at Object.userId [as selectByUserId] (/home/gildas/projects/marmelab/javascript-boilerplate/src/api/orders/orderRepository.js:24:61)
       at Object.userId [as selectByUserId] (/home/gildas/projects/marmelab/javascript-boilerplate/src/api/orders/orderRepository.js:24:61)
       at Object.userId [as selectByUserId] (/home/gildas/projects/marmelab/javascript-boilerplate/src/api/orders/orderRepository.js:24:61)
       at Object.userId [as selectByUserId] (/home/gildas/projects/marmelab/javascript-boilerplate/src/api/orders/orderRepository.js:24:61)
       at Object.userId [as selectByUserId] (/home/gildas/projects/marmelab/javascript-boilerplate/src/api/orders/orderRepository.js:24:61)
       at Object.userId [as selectByUserId] (/home/gildas/projects/marmelab/javascript-boilerplate/src/api/orders/orderRepository.js:24:61)
       at Object.userId [as selectByUserId] (/home/gildas/projects/marmelab/javascript-boilerplate/src/api/orders/orderRepository.js:24:61)
       at Object.userId [as selectByUserId] (/home/gildas/projects/marmelab/javascript-boilerplate/src/api/orders/orderRepository.js:24:61)
       at Object.userId [as selectByUserId] (/home/gildas/projects/marmelab/javascript-boilerplate/src/api/orders/orderRepository.js:24:61)
       at Object.userId [as selectByUserId] (/home/gildas/projects/marmelab/javascript-boilerplate/src/api/orders/orderRepository.js:24:61)
       at Object.userId [as selectByUserId] (/home/gildas/projects/marmelab/javascript-boilerplate/src/api/orders/orderRepository.js:24:61)
       at Object.userId [as selectByUserId] (/home/gildas/projects/marmelab/javascript-boilerplate/src/api/orders/orderRepository.js:24:61)
       at Object.userId [as selectByUserId] (/home/gildas/projects/marmelab/javascript-boilerplate/src/api/orders/orderRepository.js:24:61)
       at Object.userId [as selectByUserId] (/home/gildas/projects/marmelab/javascript-boilerplate/src/api/orders/orderRepository.js:24:61)
       at Object.userId [as selectByUserId] (/home/gildas/projects/marmelab/javascript-boilerplate/src/api/orders/orderRepository.js:24:61)
       at Object.userId [as selectByUserId] (/home/gildas/projects/marmelab/javascript-boilerplate/src/api/orders/orderRepository.js:24:61)
       at Object.userId [as selectByUserId] (/home/gildas/projects/marmelab/javascript-boilerplate/src/api/orders/orderRepository.js:24:61)
       at Object.userId [as selectByUserId] (/home/gildas/projects/marmelab/javascript-boilerplate/src/api/orders/orderRepository.js:24:61)
       at Object.userId [as selectByUserId] (/home/gildas/projects/marmelab/javascript-boilerplate/src/api/orders/orderRepository.js:24:61)
       at Object.userId [as selectByUserId] (/home/gildas/projects/marmelab/javascript-boilerplate/src/api/orders/orderRepository.js:24:61)
       at Object.userId [as selectByUserId] (/home/gildas/projects/marmelab/javascript-boilerplate/src/api/orders/orderRepository.js:24:61)
       at Object.userId [as selectByUserId] (/home/gildas/projects/marmelab/javascript-boilerplate/src/api/orders/orderRepository.js:24:61)
       at Object.userId [as selectByUserId] (/home/gildas/projects/marmelab/javascript-boilerplate/src/api/orders/orderRepository.js:24:61)
       at Object.userId [as selectByUserId] (/home/gildas/projects/marmelab/javascript-boilerplate/src/api/orders/orderRepository.js:24:61)
       at Object.userId [as selectByUserId] (/home/gildas/projects/marmelab/javascript-boilerplate/src/api/orders/orderRepository.js:24:61)
       at Object.userId [as selectByUserId] (/home/gildas/projects/marmelab/javascript-boilerplate/src/api/orders/orderRepository.js:24:61)
       at Object.userId [as selectByUserId] (/home/gildas/projects/marmelab/javascript-boilerplate/src/api/orders/orderRepository.js:24:61)
       at Object.userId [as selectByUserId] (/home/gildas/projects/marmelab/javascript-boilerplate/src/api/orders/orderRepository.js:24:61)
       at Object.userId [as selectByUserId] (/home/gildas/projects/marmelab/javascript-boilerplate/src/api/orders/orderRepository.js:24:61)
       at Object.userId [as selectByUserId] (/home/gildas/projects/marmelab/javascript-boilerplate/src/api/orders/orderRepository.js:24:61)
       at Object.userId [as selectByUserId] (/home/gildas/projects/marmelab/javascript-boilerplate/src/api/orders/orderRepository.js:24:61)
       at Object.userId [as selectByUserId] (/home/gildas/projects/marmelab/javascript-boilerplate/src/api/orders/orderRepository.js:24:61)
       at Object.userId [as selectByUserId] (/home/gildas/projects/marmelab/javascript-boilerplate/src/api/orders/orderRepository.js:24:61)
       at Object.userId [as selectByUserId] (/home/gildas/projects/marmelab/javascript-boilerplate/src/api/orders/orderRepository.js:24:61)
       at Object.userId [as selectByUserId] (/home/gildas/projects/marmelab/javascript-boilerplate/src/api/orders/orderRepository.js:24:61)
       at Object.userId [as selectByUserId] (/home/gildas/projects/marmelab/javascript-boilerplate/src/api/orders/orderRepository.js:24:61)
       at Object.userId [as selectByUserId] (/home/gildas/projects/marmelab/javascript-boilerplate/src/api/orders/orderRepository.js:24:61)
       at Object.userId [as selectByUserId] (/home/gildas/projects/marmelab/javascript-boilerplate/src/api/orders/orderRepository.js:24:61)
       at Object.userId [as selectByUserId] (/home/gildas/projects/marmelab/javascript-boilerplate/src/api/orders/orderRepository.js:24:61)
       at Object.userId [as selectByUserId] (/home/gildas/projects/marmelab/javascript-boilerplate/src/api/orders/orderRepository.js:24:61)
       at Object.userId [as selectByUserId] (/home/gildas/projects/marmelab/javascript-boilerplate/src/api/orders/orderRepository.js:24:61)
       at Object.userId [as selectByUserId] (/home/gildas/projects/marmelab/javascript-boilerplate/src/api/orders/orderRepository.js:24:61)
       at Object.userId [as selectByUserId] (/home/gildas/projects/marmelab/javascript-boilerplate/src/api/orders/orderRepository.js:24:61)
       at Object.userId [as selectByUserId] (/home/gildas/projects/marmelab/javascript-boilerplate/src/api/orders/orderRepository.js:24:61)
       at Object.userId [as selectByUserId] (/home/gildas/projects/marmelab/javascript-boilerplate/src/api/orders/orderRepository.js:24:61)
       at Object.userId [as selectByUserId] (/home/gildas/projects/marmelab/javascript-boilerplate/src/api/orders/orderRepository.js:24:61)
       at Object.userId [as selectByUserId] (/home/gildas/projects/marmelab/javascript-boilerplate/src/api/orders/orderRepository.js:24:61)
       at Object.userId [as selectByUserId] (/home/gildas/projects/marmelab/javascript-boilerplate/src/api/orders/orderRepository.js:24:61)
       at Object.userId [as selectByUserId] (/home/gildas/projects/marmelab/javascript-boilerplate/src/api/orders/orderRepository.js:24:61)
       at Object.userId [as selectByUserId] (/home/gildas/projects/marmelab/javascript-boilerplate/src/api/orders/orderRepository.js:24:61)
       at Object.userId [as selectByUserId] (/home/gildas/projects/marmelab/javascript-boilerplate/src/api/orders/orderRepository.js:24:61)
       at Object.userId [as selectByUserId] (/home/gildas/projects/marmelab/javascript-boilerplate/src/api/orders/orderRepository.js:24:61)
       at Object.userId [as selectByUserId] (/home/gildas/projects/marmelab/javascript-boilerplate/src/api/orders/orderRepository.js:24:61)
       at Object.userId [as selectByUserId] (/home/gildas/projects/marmelab/javascript-boilerplate/src/api/orders/orderRepository.js:24:61)
       at Object.userId [as selectByUserId] (/home/gildas/projects/marmelab/javascript-boilerplate/src/api/orders/orderRepository.js:24:61)
       at Object.userId [as selectByUserId] (/home/gildas/projects/marmelab/javascript-boilerplate/src/api/orders/orderRepository.js:24:61)
       at Object.userId [as selectByUserId] (/home/gildas/projects/marmelab/javascript-boilerplate/src/api/orders/orderRepository.js:24:61)
       at Object.userId [as selectByUserId] (/home/gildas/projects/marmelab/javascript-boilerplate/src/api/orders/orderRepository.js:24:61)
       at Object.userId [as selectByUserId] (/home/gildas/projects/marmelab/javascript-boilerplate/src/api/orders/orderRepository.js:24:61)
       at Object.userId [as selectByUserId] (/home/gildas/projects/marmelab/javascript-boilerplate/src/api/orders/orderRepository.js:24:61)
       at Object.userId [as selectByUserId] (/home/gildas/projects/marmelab/javascript-boilerplate/src/api/orders/orderRepository.js:24:61)
       at Object.userId [as selectByUserId] (/home/gildas/projects/marmelab/javascript-boilerplate/src/api/orders/orderRepository.js:24:61)
       at Object.userId [as selectByUserId] (/home/gildas/projects/marmelab/javascript-boilerplate/src/api/orders/orderRepository.js:24:61)
       at Object.userId [as selectByUserId] (/home/gildas/projects/marmelab/javascript-boilerplate/src/api/orders/orderRepository.js:24:61)
       at Object.userId [as selectByUserId] (/home/gildas/projects/marmelab/javascript-boilerplate/src/api/orders/orderRepository.js:24:61)
       at Object.userId [as selectByUserId] (/home/gildas/projects/marmelab/javascript-boilerplate/src/api/orders/orderRepository.js:24:61)
       at Object.userId [as selectByUserId] (/home/gildas/projects/marmelab/javascript-boilerplate/src/api/orders/orderRepository.js:24:61)
       at Object.userId [as selectByUserId] (/home/gildas/projects/marmelab/javascript-boilerplate/src/api/orders/orderRepository.js:24:61)
       at Object.userId [as selectByUserId] (/home/gildas/projects/marmelab/javascript-boilerplate/src/api/orders/orderRepository.js:24:61)
       at Object.userId [as selectByUserId] (/home/gildas/projects/marmelab/javascript-boilerplate/src/api/orders/orderRepository.js:24:61)
       at Object.userId [as selectByUserId] (/home/gildas/projects/marmelab/javascript-boilerplate/src/api/orders/orderRepository.js:24:61)
       at Object.userId [as selectByUserId] (/home/gildas/projects/marmelab/javascript-boilerplate/src/api/orders/orderRepository.js:24:61)
       at Object.userId [as selectByUserId] (/home/gildas/projects/marmelab/javascript-boilerplate/src/api/orders/orderRepository.js:24:61)
       at Object.userId [as selectByUserId] (/home/gildas/projects/marmelab/javascript-boilerplate/src/api/orders/orderRepository.js:24:61)
       at Object.userId [as selectByUserId] (/home/gildas/projects/marmelab/javascript-boilerplate/src/api/orders/orderRepository.js:24:61)
       at Object.userId [as selectByUserId] (/home/gildas/projects/marmelab/javascript-boilerplate/src/api/orders/orderRepository.js:24:61)
       at Object.userId [as selectByUserId] (/home/gildas/projects/marmelab/javascript-boilerplate/src/api/orders/orderRepository.js:24:61)
       at Object.userId [as selectByUserId] (/home/gildas/projects/marmelab/javascript-boilerplate/src/api/orders/orderRepository.js:24:61)
       at Object.userId [as selectByUserId] (/home/gildas/projects/marmelab/javascript-boilerplate/src/api/orders/orderRepository.js:24:61)
       at Object.userId [as selectByUserId] (/home/gildas/projects/marmelab/javascript-boilerplate/src/api/orders/orderRepository.js:24:61)
       at Object.userId [as selectByUserId] (/home/gildas/projects/marmelab/javascript-boilerplate/src/api/orders/orderRepository.js:24:61)
       at Object.userId [as selectByUserId] (/home/gildas/projects/marmelab/javascript-boilerplate/src/api/orders/orderRepository.js:24:61)
       at Object.userId [as selectByUserId] (/home/gildas/projects/marmelab/javascript-boilerplate/src/api/orders/orderRepository.js:24:61)
       at Object.userId [as selectByUserId] (/home/gildas/projects/marmelab/javascript-boilerplate/src/api/orders/orderRepository.js:24:61)
       at Object.userId [as selectByUserId] (/home/gildas/projects/marmelab/javascript-boilerplate/src/api/orders/orderRepository.js:24:61)
       at Object.userId [as selectByUserId] (/home/gildas/projects/marmelab/javascript-boilerplate/src/api/orders/orderRepository.js:24:61)
       at Object.userId [as selectByUserId] (/home/gildas/projects/marmelab/javascript-boilerplate/src/api/orders/orderRepository.js:24:61)
       at Object.userId [as selectByUserId] (/home/gildas/projects/marmelab/javascript-boilerplate/src/api/orders/orderRepository.js:24:61)
       at Object.userId [as selectByUserId] (/home/gildas/projects/marmelab/javascript-boilerplate/src/api/orders/orderRepository.js:24:61)
       at Object.userId [as selectByUserId] (/home/gildas/projects/marmelab/javascript-boilerplate/src/api/orders/orderRepository.js:24:61)
       at Object.userId [as selectByUserId] (/home/gildas/projects/marmelab/javascript-boilerplate/src/api/orders/orderRepository.js:24:61)
       at Object.userId [as selectByUserId] (/home/gildas/projects/marmelab/javascript-boilerplate/src/api/orders/orderRepository.js:24:61)
       at Object.userId [as selectByUserId] (/home/gildas/projects/marmelab/javascript-boilerplate/src/api/orders/orderRepository.js:24:61)
       at Object.userId [as selectByUserId] (/home/gildas/projects/marmelab/javascript-boilerplate/src/api/orders/orderRepository.js:24:61)
       at Object.userId [as selectByUserId] (/home/gildas/projects/marmelab/javascript-boilerplate/src/api/orders/orderRepository.js:24:61)
       at Object.userId [as selectByUserId] (/home/gildas/projects/marmelab/javascript-boilerplate/src/api/orders/orderRepository.js:24:61)
       at Object.userId [as selectByUserId] (/home/gildas/projects/marmelab/javascript-boilerplate/src/api/orders/orderRepository.js:24:61)
       at Object.userId [as selectByUserId] (/home/gildas/projects/marmelab/javascript-boilerplate/src/api/orders/orderRepository.js:24:61)
       at Object.userId [as selectByUserId] (/home/gildas/projects/marmelab/javascript-boilerplate/src/api/orders/orderRepository.js:24:61)
       at Object.userId [as selectByUserId] (/home/gildas/projects/marmelab/javascript-boilerplate/src/api/orders/orderRepository.js:24:61)
       at Object.userId [as selectByUserId] (/home/gildas/projects/marmelab/javascript-boilerplate/src/api/orders/orderRepository.js:24:61)
       at Object.userId [as selectByUserId] (/home/gildas/projects/marmelab/javascript-boilerplate/src/api/orders/orderRepository.js:24:61)
       at Object.userId [as selectByUserId] (/home/gildas/projects/marmelab/javascript-boilerplate/src/api/orders/orderRepository.js:24:61)
       at Object.userId [as selectByUserId] (/home/gildas/projects/marmelab/javascript-boilerplate/src/api/orders/orderRepository.js:24:61)
       at Object.userId [as selectByUserId] (/home/gildas/projects/marmelab/javascript-boilerplate/src/api/orders/orderRepository.js:24:61)
       at Object.userId [as selectByUserId] (/home/gildas/projects/marmelab/javascript-boilerplate/src/api/orders/orderRepository.js:24:61)
       at Object.userId [as selectByUserId] (/home/gildas/projects/marmelab/javascript-boilerplate/src/api/orders/orderRepository.js:24:61)
       at Object.userId [as selectByUserId] (/home/gildas/projects/marmelab/javascript-boilerplate/src/api/orders/orderRepository.js:24:61)
       at Object.userId [as selectByUserId] (/home/gildas/projects/marmelab/javascript-boilerplate/src/api/orders/orderRepository.js:24:61)
       at Object.userId [as selectByUserId] (/home/gildas/projects/marmelab/javascript-boilerplate/src/api/orders/orderRepository.js:24:61)
       at Object.userId [as selectByUserId] (/home/gildas/projects/marmelab/javascript-boilerplate/src/api/orders/orderRepository.js:24:61)
       at Object.userId [as selectByUserId] (/home/gildas/projects/marmelab/javascript-boilerplate/src/api/orders/orderRepository.js:24:61)
       at Object.userId [as selectByUserId] (/home/gildas/projects/marmelab/javascript-boilerplate/src/api/orders/orderRepository.js:24:61)
       at Object.userId [as selectByUserId] (/home/gildas/projects/marmelab/javascript-boilerplate/src/api/orders/orderRepository.js:24:61)
       at Object.userId [as selectByUserId] (/home/gildas/projects/marmelab/javascript-boilerplate/src/api/orders/orderRepository.js:24:61)
       at Object.userId [as selectByUserId] (/home/gildas/projects/marmelab/javascript-boilerplate/src/api/orders/orderRepository.js:24:61)
       at Object.userId [as selectByUserId] (/home/gildas/projects/marmelab/javascript-boilerplate/src/api/orders/orderRepository.js:24:61)
       at Object.userId [as selectByUserId] (/home/gildas/projects/marmelab/javascript-boilerplate/src/api/orders/orderRepository.js:24:61)
       at Object.userId [as selectByUserId] (/home/gildas/projects/marmelab/javascript-boilerplate/src/api/orders/orderRepository.js:24:61)
       at Object.userId [as selectByUserId] (/home/gildas/projects/marmelab/javascript-boilerplate/src/api/orders/orderRepository.js:24:61)
       at Object.userId [as selectByUserId] (/home/gildas/projects/marmelab/javascript-boilerplate/src/api/orders/orderRepository.js:24:61)
       at Object.userId [as selectByUserId] (/home/gildas/projects/marmelab/javascript-boilerplate/src/api/orders/orderRepository.js:24:61)
       at Object.userId [as selectByUserId] (/home/gildas/projects/marmelab/javascript-boilerplate/src/api/orders/orderRepository.js:24:61)
       at Object.userId [as selectByUserId] (/home/gildas/projects/marmelab/javascript-boilerplate/src/api/orders/orderRepository.js:24:61)
       at Object.userId [as selectByUserId] (/home/gildas/projects/marmelab/javascript-boilerplate/src/api/orders/orderRepository.js:24:61)
       at Object.userId [as selectByUserId] (/home/gildas/projects/marmelab/javascript-boilerplate/src/api/orders/orderRepository.js:24:61)
       at Object.userId [as selectByUserId] (/home/gildas/projects/marmelab/javascript-boilerplate/src/api/orders/orderRepository.js:24:61)
       at Object.userId [as selectByUserId] (/home/gildas/projects/marmelab/javascript-boilerplate/src/api/orders/orderRepository.js:24:61)
       at Object.userId [as selectByUserId] (/home/gildas/projects/marmelab/javascript-boilerplate/src/api/orders/orderRepository.js:24:61)
       at Object.userId [as selectByUserId] (/home/gildas/projects/marmelab/javascript-boilerplate/src/api/orders/orderRepository.js:24:61)
       at Object.userId [as selectByUserId] (/home/gildas/projects/marmelab/javascript-boilerplate/src/api/orders/orderRepository.js:24:61)
       at Object.userId [as selectByUserId] (/home/gildas/projects/marmelab/javascript-boilerplate/src/api/orders/orderRepository.js:24:61)
       at Object.userId [as selectByUserId] (/home/gildas/projects/marmelab/javascript-boilerplate/src/api/orders/orderRepository.js:24:61)
       at Object.userId [as selectByUserId] (/home/gildas/projects/marmelab/javascript-boilerplate/src/api/orders/orderRepository.js:24:61)
       at Object.userId [as selectByUserId] (/home/gildas/projects/marmelab/javascript-boilerplate/src/api/orders/orderRepository.js:24:61)
       at Object.userId [as selectByUserId] (/home/gildas/projects/marmelab/javascript-boilerplate/src/api/orders/orderRepository.js:24:61)
       at Object.userId [as selectByUserId] (/home/gildas/projects/marmelab/javascript-boilerplate/src/api/orders/orderRepository.js:24:61)
       at Object.userId [as selectByUserId] (/home/gildas/projects/marmelab/javascript-boilerplate/src/api/orders/orderRepository.js:24:61)
       at Object.userId [as selectByUserId] (/home/gildas/projects/marmelab/javascript-boilerplate/src/api/orders/orderRepository.js:24:61)
       at Object.userId [as selectByUserId] (/home/gildas/projects/marmelab/javascript-boilerplate/src/api/orders/orderRepository.js:24:61)
       at Object.userId [as selectByUserId] (/home/gildas/projects/marmelab/javascript-boilerplate/src/api/orders/orderRepository.js:24:61)
       at Object.userId [as selectByUserId] (/home/gildas/projects/marmelab/javascript-boilerplate/src/api/orders/orderRepository.js:24:61)
       at Object.userId [as selectByUserId] (/home/gildas/projects/marmelab/javascript-boilerplate/src/api/orders/orderRepository.js:24:61)
       at Object.userId [as selectByUserId] (/home/gildas/projects/marmelab/javascript-boilerplate/src/api/orders/orderRepository.js:24:61)
       at Object.userId [as selectByUserId] (/home/gildas/projects/marmelab/javascript-boilerplate/src/api/orders/orderRepository.js:24:61)
       at Object.userId [as selectByUserId] (/home/gildas/projects/marmelab/javascript-boilerplate/src/api/orders/orderRepository.js:24:61)
       at Object.userId [as selectByUserId] (/home/gildas/projects/marmelab/javascript-boilerplate/src/api/orders/orderRepository.js:24:61)
       at Object.userId [as selectByUserId] (/home/gildas/projects/marmelab/javascript-boilerplate/src/api/orders/orderRepository.js:24:61)
       at Object.userId [as selectByUserId] (/home/gildas/projects/marmelab/javascript-boilerplate/src/api/orders/orderRepository.js:24:61)
       at Object.userId [as selectByUserId] (/home/gildas/projects/marmelab/javascript-boilerplate/src/api/orders/orderRepository.js:24:61)
       at Object.userId [as selectByUserId] (/home/gildas/projects/marmelab/javascript-boilerplate/src/api/orders/orderRepository.js:24:61)
       at Object.userId [as selectByUserId] (/home/gildas/projects/marmelab/javascript-boilerplate/src/api/orders/orderRepository.js:24:61)
       at Object.userId [as selectByUserId] (/home/gildas/projects/marmelab/javascript-boilerplate/src/api/orders/orderRepository.js:24:61)
       at Object.userId [as selectByUserId] (/home/gildas/projects/marmelab/javascript-boilerplate/src/api/orders/orderRepository.js:24:61)
       at Object.userId [as selectByUserId] (/home/gildas/projects/marmelab/javascript-boilerplate/src/api/orders/orderRepository.js:24:61)
       at Object.userId [as selectByUserId] (/home/gildas/projects/marmelab/javascript-boilerplate/src/api/orders/orderRepository.js:24:61)
       at Object.userId [as selectByUserId] (/home/gildas/projects/marmelab/javascript-boilerplate/src/api/orders/orderRepository.js:24:61)
       at Object.userId [as selectByUserId] (/home/gildas/projects/marmelab/javascript-boilerplate/src/api/orders/orderRepository.js:24:61)
       at Object.userId [as selectByUserId] (/home/gildas/projects/marmelab/javascript-boilerplate/src/api/orders/orderRepository.js:24:61)
       at Object.userId [as selectByUserId] (/home/gildas/projects/marmelab/javascript-boilerplate/src/api/orders/orderRepository.js:24:61)
       at Object.userId [as selectByUserId] (/home/gildas/projects/marmelab/javascript-boilerplate/src/api/orders/orderRepository.js:24:61)
       at Object.userId [as selectByUserId] (/home/gildas/projects/marmelab/javascript-boilerplate/src/api/orders/orderRepository.js:24:61)
       at Object.userId [as selectByUserId] (/home/gildas/projects/marmelab/javascript-boilerplate/src/api/orders/orderRepository.js:24:61)
       at Object.userId [as selectByUserId] (/home/gildas/projects/marmelab/javascript-boilerplate/src/api/orders/orderRepository.js:24:61)
       at Object.userId [as selectByUserId] (/home/gildas/projects/marmelab/javascript-boilerplate/src/api/orders/orderRepository.js:24:61)
       at Object.userId [as selectByUserId] (/home/gildas/projects/marmelab/javascript-boilerplate/src/api/orders/orderRepository.js:24:61)
       at Object.userId [as selectByUserId] (/home/gildas/projects/marmelab/javascript-boilerplate/src/api/orders/orderRepository.js:24:61)
       at Object.userId [as selectByUserId] (/home/gildas/projects/marmelab/javascript-boilerplate/src/api/orders/orderRepository.js:24:61)
       at Object.userId [as selectByUserId] (/home/gildas/projects/marmelab/javascript-boilerplate/src/api/orders/orderRepository.js:24:61)
       at Object.userId [as selectByUserId] (/home/gildas/projects/marmelab/javascript-boilerplate/src/api/orders/orderRepository.js:24:61)
       at Object.userId [as selectByUserId] (/home/gildas/projects/marmelab/javascript-boilerplate/src/api/orders/orderRepository.js:24:61)
       at Object.userId [as selectByUserId] (/home/gildas/projects/marmelab/javascript-boilerplate/src/api/orders/orderRepository.js:24:61)
       at Object.userId [as selectByUserId] (/home/gildas/projects/marmelab/javascript-boilerplate/src/api/orders/orderRepository.js:24:61)
       at Object.userId [as selectByUserId] (/home/gildas/projects/marmelab/javascript-boilerplate/src/api/orders/orderRepository.js:24:61)
       at Object.userId [as selectByUserId] (/home/gildas/projects/marmelab/javascript-boilerplate/src/api/orders/orderRepository.js:24:61)
       at Object.userId [as selectByUserId] (/home/gildas/projects/marmelab/javascript-boilerplate/src/api/orders/orderRepository.js:24:61)
       at Object.userId [as selectByUserId] (/home/gildas/projects/marmelab/javascript-boilerplate/src/api/orders/orderRepository.js:24:61)
       at Object.userId [as selectByUserId] (/home/gildas/projects/marmelab/javascript-boilerplate/src/api/orders/orderRepository.js:24:61)
       at Object.userId [as selectByUserId] (/home/gildas/projects/marmelab/javascript-boilerplate/src/api/orders/orderRepository.js:24:61)
       at Object.userId [as selectByUserId] (/home/gildas/projects/marmelab/javascript-boilerplate/src/api/orders/orderRepository.js:24:61)
       at Object.userId [as selectByUserId] (/home/gildas/projects/marmelab/javascript-boilerplate/src/api/orders/orderRepository.js:24:61)
       at Object.userId [as selectByUserId] (/home/gildas/projects/marmelab/javascript-boilerplate/src/api/orders/orderRepository.js:24:61)
       at Object.userId [as selectByUserId] (/home/gildas/projects/marmelab/javascript-boilerplate/src/api/orders/orderRepository.js:24:61)
       at Object.userId [as selectByUserId] (/home/gildas/projects/marmelab/javascript-boilerplate/src/api/orders/orderRepository.js:24:61)
       at Object.userId [as selectByUserId] (/home/gildas/projects/marmelab/javascript-boilerplate/src/api/orders/orderRepository.js:24:61)
       at Object.userId [as selectByUserId] (/home/gildas/projects/marmelab/javascript-boilerplate/src/api/orders/orderRepository.js:24:61)
       at Object.userId [as selectByUserId] (/home/gildas/projects/marmelab/javascript-boilerplate/src/api/orders/orderRepository.js:24:61)
       at Object.userId [as selectByUserId] (/home/gildas/projects/marmelab/javascript-boilerplate/src/api/orders/orderRepository.js:24:61)
       at Object.userId [as selectByUserId] (/home/gildas/projects/marmelab/javascript-boilerplate/src/api/orders/orderRepository.js:24:61)
       at Object.userId [as selectByUserId] (/home/gildas/projects/marmelab/javascript-boilerplate/src/api/orders/orderRepository.js:24:61)
       at Object.userId [as selectByUserId] (/home/gildas/projects/marmelab/javascript-boilerplate/src/api/orders/orderRepository.js:24:61)
       at Object.userId [as selectByUserId] (/home/gildas/projects/marmelab/javascript-boilerplate/src/api/orders/orderRepository.js:24:61)
       at Object.userId [as selectByUserId] (/home/gildas/projects/marmelab/javascript-boilerplate/src/api/orders/orderRepository.js:24:61)
       at Object.userId [as selectByUserId] (/home/gildas/projects/marmelab/javascript-boilerplate/src/api/orders/orderRepository.js:24:61)
       at Object.userId [as selectByUserId] (/home/gildas/projects/marmelab/javascript-boilerplate/src/api/orders/orderRepository.js:24:61)
       at Object.userId [as selectByUserId] (/home/gildas/projects/marmelab/javascript-boilerplate/src/api/orders/orderRepository.js:24:61)
       at Object.userId [as selectByUserId] (/home/gildas/projects/marmelab/javascript-boilerplate/src/api/orders/orderRepository.js:24:61)
       at Object.userId [as selectByUserId] (/home/gildas/projects/marmelab/javascript-boilerplate/src/api/orders/orderRepository.js:24:61)
       at Object.userId [as selectByUserId] (/home/gildas/projects/marmelab/javascript-boilerplate/src/api/orders/orderRepository.js:24:61)
       at Object.userId [as selectByUserId] (/home/gildas/projects/marmelab/javascript-boilerplate/src/api/orders/orderRepository.js:24:61)
       at Object.userId [as selectByUserId] (/home/gildas/projects/marmelab/javascript-boilerplate/src/api/orders/orderRepository.js:24:61)
       at Object.userId [as selectByUserId] (/home/gildas/projects/marmelab/javascript-boilerplate/src/api/orders/orderRepository.js:24:61)
       at Object.userId [as selectByUserId] (/home/gildas/projects/marmelab/javascript-boilerplate/src/api/orders/orderRepository.js:24:61)
       at Object.userId [as selectByUserId] (/home/gildas/projects/marmelab/javascript-boilerplate/src/api/orders/orderRepository.js:24:61)
       at Object.userId [as selectByUserId] (/home/gildas/projects/marmelab/javascript-boilerplate/src/api/orders/orderRepository.js:24:61)
       at Object.userId [as selectByUserId] (/home/gildas/projects/marmelab/javascript-boilerplate/src/api/orders/orderRepository.js:24:61)
       at Object.userId [as selectByUserId] (/home/gildas/projects/marmelab/javascript-boilerplate/src/api/orders/orderRepository.js:24:61)
       at Object.userId [as selectByUserId] (/home/gildas/projects/marmelab/javascript-boilerplate/src/api/orders/orderRepository.js:24:61)
       at Object.userId [as selectByUserId] (/home/gildas/projects/marmelab/javascript-boilerplate/src/api/orders/orderRepository.js:24:61)
       at Object.userId [as selectByUserId] (/home/gildas/projects/marmelab/javascript-boilerplate/src/api/orders/orderRepository.js:24:61)
       at Object.userId [as selectByUserId] (/home/gildas/projects/marmelab/javascript-boilerplate/src/api/orders/orderRepository.js:24:61)
       at Object.userId [as selectByUserId] (/home/gildas/projects/marmelab/javascript-boilerplate/src/api/orders/orderRepository.js:24:61)
       at Object.userId [as selectByUserId] (/home/gildas/projects/marmelab/javascript-boilerplate/src/api/orders/orderRepository.js:24:61)
       at Object.userId [as selectByUserId] (/home/gildas/projects/marmelab/javascript-boilerplate/src/api/orders/orderRepository.js:24:61)
       at Object.userId [as selectByUserId] (/home/gildas/projects/marmelab/javascript-boilerplate/src/api/orders/orderRepository.js:24:61)
       at Object.userId [as selectByUserId] (/home/gildas/projects/marmelab/javascript-boilerplate/src/api/orders/orderRepository.js:24:61)
       at Object.userId [as selectByUserId] (/home/gildas/projects/marmelab/javascript-boilerplate/src/api/orders/orderRepository.js:24:61)
       at Object.userId [as selectByUserId] (/home/gildas/projects/marmelab/javascript-boilerplate/src/api/orders/orderRepository.js:24:61)
       at Object.userId [as selectByUserId] (/home/gildas/projects/marmelab/javascript-boilerplate/src/api/orders/orderRepository.js:24:61)
       at Object.userId [as selectByUserId] (/home/gildas/projects/marmelab/javascript-boilerplate/src/api/orders/orderRepository.js:24:61)
       at Object.userId [as selectByUserId] (/home/gildas/projects/marmelab/javascript-boilerplate/src/api/orders/orderRepository.js:24:61)
       at Object.userId [as selectByUserId] (/home/gildas/projects/marmelab/javascript-boilerplate/src/api/orders/orderRepository.js:24:61)
       at Object.userId [as selectByUserId] (/home/gildas/projects/marmelab/javascript-boilerplate/src/api/orders/orderRepository.js:24:61)
       at Object.userId [as selectByUserId] (/home/gildas/projects/marmelab/javascript-boilerplate/src/api/orders/orderRepository.js:24:61)
       at Object.userId [as selectByUserId] (/home/gildas/projects/marmelab/javascript-boilerplate/src/api/orders/orderRepository.js:24:61)
       at Object.userId [as selectByUserId] (/home/gildas/projects/marmelab/javascript-boilerplate/src/api/orders/orderRepository.js:24:61)
       at Object.userId [as selectByUserId] (/home/gildas/projects/marmelab/javascript-boilerplate/src/api/orders/orderRepository.js:24:61)
       at Object.userId [as selectByUserId] (/home/gildas/projects/marmelab/javascript-boilerplate/src/api/orders/orderRepository.js:24:61)
       at Object.userId [as selectByUserId] (/home/gildas/projects/marmelab/javascript-boilerplate/src/api/orders/orderRepository.js:24:61)
       at Object.userId [as selectByUserId] (/home/gildas/projects/marmelab/javascript-boilerplate/src/api/orders/orderRepository.js:24:61)
       at Object.userId [as selectByUserId] (/home/gildas/projects/marmelab/javascript-boilerplate/src/api/orders/orderRepository.js:24:61)
       at Object.userId [as selectByUserId] (/home/gildas/projects/marmelab/javascript-boilerplate/src/api/orders/orderRepository.js:24:61)
       at Object.userId [as selectByUserId] (/home/gildas/projects/marmelab/javascript-boilerplate/src/api/orders/orderRepository.js:24:61)
       at Object.userId [as selectByUserId] (/home/gildas/projects/marmelab/javascript-boilerplate/src/api/orders/orderRepository.js:24:61)
       at Object.userId [as selectByUserId] (/home/gildas/projects/marmelab/javascript-boilerplate/src/api/orders/orderRepository.js:24:61)
       at Object.userId [as selectByUserId] (/home/gildas/projects/marmelab/javascript-boilerplate/src/api/orders/orderRepository.js:24:61)
       at Object.userId [as selectByUserId] (/home/gildas/projects/marmelab/javascript-boilerplate/src/api/orders/orderRepository.js:24:61)
       at Object.userId [as selectByUserId] (/home/gildas/projects/marmelab/javascript-boilerplate/src/api/orders/orderRepository.js:24:61)
       at Object.userId [as selectByUserId] (/home/gildas/projects/marmelab/javascript-boilerplate/src/api/orders/orderRepository.js:24:61)
       at Object.userId [as selectByUserId] (/home/gildas/projects/marmelab/javascript-boilerplate/src/api/orders/orderRepository.js:24:61)
       at Object.userId [as selectByUserId] (/home/gildas/projects/marmelab/javascript-boilerplate/src/api/orders/orderRepository.js:24:61)
       at Object.userId [as selectByUserId] (/home/gildas/projects/marmelab/javascript-boilerplate/src/api/orders/orderRepository.js:24:61)
       at Object.userId [as selectByUserId] (/home/gildas/projects/marmelab/javascript-boilerplate/src/api/orders/orderRepository.js:24:61)
       at Object.userId [as selectByUserId] (/home/gildas/projects/marmelab/javascript-boilerplate/src/api/orders/orderRepository.js:24:61)
       at Object.userId [as selectByUserId] (/home/gildas/projects/marmelab/javascript-boilerplate/src/api/orders/orderRepository.js:24:61)
       at Object.userId [as selectByUserId] (/home/gildas/projects/marmelab/javascript-boilerplate/src/api/orders/orderRepository.js:24:61)
       at Object.userId [as selectByUserId] (/home/gildas/projects/marmelab/javascript-boilerplate/src/api/orders/orderRepository.js:24:61)
       at Object.userId [as selectByUserId] (/home/gildas/projects/marmelab/javascript-boilerplate/src/api/orders/orderRepository.js:24:61)
       at Object.userId [as selectByUserId] (/home/gildas/projects/marmelab/javascript-boilerplate/src/api/orders/orderRepository.js:24:61)
       at Object.userId [as selectByUserId] (/home/gildas/projects/marmelab/javascript-boilerplate/src/api/orders/orderRepository.js:24:61)
       at Object.userId [as selectByUserId] (/home/gildas/projects/marmelab/javascript-boilerplate/src/api/orders/orderRepository.js:24:61)
       at Object.userId [as selectByUserId] (/home/gildas/projects/marmelab/javascript-boilerplate/src/api/orders/orderRepository.js:24:61)
       at Object.userId [as selectByUserId] (/home/gildas/projects/marmelab/javascript-boilerplate/src/api/orders/orderRepository.js:24:61)
       at Object.userId [as selectByUserId] (/home/gildas/projects/marmelab/javascript-boilerplate/src/api/orders/orderRepository.js:24:61)
       at Object.userId [as selectByUserId] (/home/gildas/projects/marmelab/javascript-boilerplate/src/api/orders/orderRepository.js:24:61)
       at Object.userId [as selectByUserId] (/home/gildas/projects/marmelab/javascript-boilerplate/src/api/orders/orderRepository.js:24:61)
       at Object.userId [as selectByUserId] (/home/gildas/projects/marmelab/javascript-boilerplate/src/api/orders/orderRepository.js:24:61)
       at Object.userId [as selectByUserId] (/home/gildas/projects/marmelab/javascript-boilerplate/src/api/orders/orderRepository.js:24:61)
       at Object.userId [as selectByUserId] (/home/gildas/projects/marmelab/javascript-boilerplate/src/api/orders/orderRepository.js:24:61)
       at Object.userId [as selectByUserId] (/home/gildas/projects/marmelab/javascript-boilerplate/src/api/orders/orderRepository.js:24:61)
       at Object.userId [as selectByUserId] (/home/gildas/projects/marmelab/javascript-boilerplate/src/api/orders/orderRepository.js:24:61)
       at Object.userId [as selectByUserId] (/home/gildas/projects/marmelab/javascript-boilerplate/src/api/orders/orderRepository.js:24:61)
       at Object.userId [as selectByUserId] (/home/gildas/projects/marmelab/javascript-boilerplate/src/api/orders/orderRepository.js:24:61)
       at Object.userId [as selectByUserId] (/home/gildas/projects/marmelab/javascript-boilerplate/src/api/orders/orderRepository.js:24:61)
       at Object.userId [as selectByUserId] (/home/gildas/projects/marmelab/javascript-boilerplate/src/api/orders/orderRepository.js:24:61)
       at Object.userId [as selectByUserId] (/home/gildas/projects/marmelab/javascript-boilerplate/src/api/orders/orderRepository.js:24:61)
       at Object.userId [as selectByUserId] (/home/gildas/projects/marmelab/javascript-boilerplate/src/api/orders/orderRepository.js:24:61)
       at Object.userId [as selectByUserId] (/home/gildas/projects/marmelab/javascript-boilerplate/src/api/orders/orderRepository.js:24:61)
       at Object.userId [as selectByUserId] (/home/gildas/projects/marmelab/javascript-boilerplate/src/api/orders/orderRepository.js:24:61)
       at Object.userId [as selectByUserId] (/home/gildas/projects/marmelab/javascript-boilerplate/src/api/orders/orderRepository.js:24:61)
       at Object.userId [as selectByUserId] (/home/gildas/projects/marmelab/javascript-boilerplate/src/api/orders/orderRepository.js:24:61)
       at Object.userId [as selectByUserId] (/home/gildas/projects/marmelab/javascript-boilerplate/src/api/orders/orderRepository.js:24:61)
       at Object.userId [as selectByUserId] (/home/gildas/projects/marmelab/javascript-boilerplate/src/api/orders/orderRepository.js:24:61)
       at Object.userId [as selectByUserId] (/home/gildas/projects/marmelab/javascript-boilerplate/src/api/orders/orderRepository.js:24:61)
       at Object.userId [as selectByUserId] (/home/gildas/projects/marmelab/javascript-boilerplate/src/api/orders/orderRepository.js:24:61)
       at Object.userId [as selectByUserId] (/home/gildas/projects/marmelab/javascript-boilerplate/src/api/orders/orderRepository.js:24:61)
       at Object.userId [as selectByUserId] (/home/gildas/projects/marmelab/javascript-boilerplate/src/api/orders/orderRepository.js:24:61)
       at Object.userId [as selectByUserId] (/home/gildas/projects/marmelab/javascript-boilerplate/src/api/orders/orderRepository.js:24:61)
       at Object.userId [as selectByUserId] (/home/gildas/projects/marmelab/javascript-boilerplate/src/api/orders/orderRepository.js:24:61)
       at Object.userId [as selectByUserId] (/home/gildas/projects/marmelab/javascript-boilerplate/src/api/orders/orderRepository.js:24:61)
       at Object.userId [as selectByUserId] (/home/gildas/projects/marmelab/javascript-boilerplate/src/api/orders/orderRepository.js:24:61)
       at Object.userId [as selectByUserId] (/home/gildas/projects/marmelab/javascript-boilerplate/src/api/orders/orderRepository.js:24:61)
       at Object.userId [as selectByUserId] (/home/gildas/projects/marmelab/javascript-boilerplate/src/api/orders/orderRepository.js:24:61)
       at Object.userId [as selectByUserId] (/home/gildas/projects/marmelab/javascript-boilerplate/src/api/orders/orderRepository.js:24:61)
       at Object.userId [as selectByUserId] (/home/gildas/projects/marmelab/javascript-boilerplate/src/api/orders/orderRepository.js:24:61)
       at Object.userId [as selectByUserId] (/home/gildas/projects/marmelab/javascript-boilerplate/src/api/orders/orderRepository.js:24:61)
       at Object.userId [as selectByUserId] (/home/gildas/projects/marmelab/javascript-boilerplate/src/api/orders/orderRepository.js:24:61)
       at Object.userId [as selectByUserId] (/home/gildas/projects/marmelab/javascript-boilerplate/src/api/orders/orderRepository.js:24:61)
       at Object.userId [as selectByUserId] (/home/gildas/projects/marmelab/javascript-boilerplate/src/api/orders/orderRepository.js:24:61)
       at Object.userId [as selectByUserId] (/home/gildas/projects/marmelab/javascript-boilerplate/src/api/orders/orderRepository.js:24:61)
       at Object.userId [as selectByUserId] (/home/gildas/projects/marmelab/javascript-boilerplate/src/api/orders/orderRepository.js:24:61)
       at Object.userId [as selectByUserId] (/home/gildas/projects/marmelab/javascript-boilerplate/src/api/orders/orderRepository.js:24:61)
       at Object.userId [as selectByUserId] (/home/gildas/projects/marmelab/javascript-boilerplate/src/api/orders/orderRepository.js:24:61)
       at Object.userId [as selectByUserId] (/home/gildas/projects/marmelab/javascript-boilerplate/src/api/orders/orderRepository.js:24:61)
       at Object.userId [as selectByUserId] (/home/gildas/projects/marmelab/javascript-boilerplate/src/api/orders/orderRepository.js:24:61)
       at Object.userId [as selectByUserId] (/home/gildas/projects/marmelab/javascript-boilerplate/src/api/orders/orderRepository.js:24:61)
       at Object.userId [as selectByUserId] (/home/gildas/projects/marmelab/javascript-boilerplate/src/api/orders/orderRepository.js:24:61)
       at Object.userId [as selectByUserId] (/home/gildas/projects/marmelab/javascript-boilerplate/src/api/orders/orderRepository.js:24:61)
       at Object.userId [as selectByUserId] (/home/gildas/projects/marmelab/javascript-boilerplate/src/api/orders/orderRepository.js:24:61)
       at Object.userId [as selectByUserId] (/home/gildas/projects/marmelab/javascript-boilerplate/src/api/orders/orderRepository.js:24:61)
       at Object.userId [as selectByUserId] (/home/gildas/projects/marmelab/javascript-boilerplate/src/api/orders/orderRepository.js:24:61)
       at Object.userId [as selectByUserId] (/home/gildas/projects/marmelab/javascript-boilerplate/src/api/orders/orderRepository.js:24:61)
       at Object.userId [as selectByUserId] (/home/gildas/projects/marmelab/javascript-boilerplate/src/api/orders/orderRepository.js:24:61)
       at Object.userId [as selectByUserId] (/home/gildas/projects/marmelab/javascript-boilerplate/src/api/orders/orderRepository.js:24:61)
       at Object.userId [as selectByUserId] (/home/gildas/projects/marmelab/javascript-boilerplate/src/api/orders/orderRepository.js:24:61)
       at Object.userId [as selectByUserId] (/home/gildas/projects/marmelab/javascript-boilerplate/src/api/orders/orderRepository.js:24:61)
       at Object.userId [as selectByUserId] (/home/gildas/projects/marmelab/javascript-boilerplate/src/api/orders/orderRepository.js:24:61)
       at Object.userId [as selectByUserId] (/home/gildas/projects/marmelab/javascript-boilerplate/src/api/orders/orderRepository.js:24:61)
       at Object.userId [as selectByUserId] (/home/gildas/projects/marmelab/javascript-boilerplate/src/api/orders/orderRepository.js:24:61)
       at Object.userId [as selectByUserId] (/home/gildas/projects/marmelab/javascript-boilerplate/src/api/orders/orderRepository.js:24:61)
       at Object.userId [as selectByUserId] (/home/gildas/projects/marmelab/javascript-boilerplate/src/api/orders/orderRepository.js:24:61)
       at Object.userId [as selectByUserId] (/home/gildas/projects/marmelab/javascript-boilerplate/src/api/orders/orderRepository.js:24:61)
       at Object.userId [as selectByUserId] (/home/gildas/projects/marmelab/javascript-boilerplate/src/api/orders/orderRepository.js:24:61)
       at Object.userId [as selectByUserId] (/home/gildas/projects/marmelab/javascript-boilerplate/src/api/orders/orderRepository.js:24:61)
       at Object.userId [as selectByUserId] (/home/gildas/projects/marmelab/javascript-boilerplate/src/api/orders/orderRepository.js:24:61)
       at Object.userId [as selectByUserId] (/home/gildas/projects/marmelab/javascript-boilerplate/src/api/orders/orderRepository.js:24:61)
       at Object.userId [as selectByUserId] (/home/gildas/projects/marmelab/javascript-boilerplate/src/api/orders/orderRepository.js:24:61)
       at Object.userId [as selectByUserId] (/home/gildas/projects/marmelab/javascript-boilerplate/src/api/orders/orderRepository.js:24:61)
       at Object.userId [as selectByUserId] (/home/gildas/projects/marmelab/javascript-boilerplate/src/api/orders/orderRepository.js:24:61)
       at Object.userId [as selectByUserId] (/home/gildas/projects/marmelab/javascript-boilerplate/src/api/orders/orderRepository.js:24:61)
       at Object.userId [as selectByUserId] (/home/gildas/projects/marmelab/javascript-boilerplate/src/api/orders/orderRepository.js:24:61)
       at Object.userId [as selectByUserId] (/home/gildas/projects/marmelab/javascript-boilerplate/src/api/orders/orderRepository.js:24:61)
       at Object.userId [as selectByUserId] (/home/gildas/projects/marmelab/javascript-boilerplate/src/api/orders/orderRepository.js:24:61)
       at Object.userId [as selectByUserId] (/home/gildas/projects/marmelab/javascript-boilerplate/src/api/orders/orderRepository.js:24:61)
       at Object.userId [as selectByUserId] (/home/gildas/projects/marmelab/javascript-boilerplate/src/api/orders/orderRepository.js:24:61)
       at Object.userId [as selectByUserId] (/home/gildas/projects/marmelab/javascript-boilerplate/src/api/orders/orderRepository.js:24:61)
       at Object.userId [as selectByUserId] (/home/gildas/projects/marmelab/javascript-boilerplate/src/api/orders/orderRepository.js:24:61)
       at Object.userId [as selectByUserId] (/home/gildas/projects/marmelab/javascript-boilerplate/src/api/orders/orderRepository.js:24:61)
       at Object.userId [as selectByUserId] (/home/gildas/projects/marmelab/javascript-boilerplate/src/api/orders/orderRepository.js:24:61)
       at Object.userId [as selectByUserId] (/home/gildas/projects/marmelab/javascript-boilerplate/src/api/orders/orderRepository.js:24:61)
       at Object.userId [as selectByUserId] (/home/gildas/projects/marmelab/javascript-boilerplate/src/api/orders/orderRepository.js:24:61)
       at Object.userId [as selectByUserId] (/home/gildas/projects/marmelab/javascript-boilerplate/src/api/orders/orderRepository.js:24:61)
       at Object.userId [as selectByUserId] (/home/gildas/projects/marmelab/javascript-boilerplate/src/api/orders/orderRepository.js:24:61)
       at Object.userId [as selectByUserId] (/home/gildas/projects/marmelab/javascript-boilerplate/src/api/orders/orderRepository.js:24:61)
       at Object.userId [as selectByUserId] (/home/gildas/projects/marmelab/javascript-boilerplate/src/api/orders/orderRepository.js:24:61)
       at Object.userId [as selectByUserId] (/home/gildas/projects/marmelab/javascript-boilerplate/src/api/orders/orderRepository.js:24:61)
       at Object.userId [as selectByUserId] (/home/gildas/projects/marmelab/javascript-boilerplate/src/api/orders/orderRepository.js:24:61)
       at Object.userId [as selectByUserId] (/home/gildas/projects/marmelab/javascript-boilerplate/src/api/orders/orderRepository.js:24:61)
       at Object.userId [as selectByUserId] (/home/gildas/projects/marmelab/javascript-boilerplate/src/api/orders/orderRepository.js:24:61)
       at Object.userId [as selectByUserId] (/home/gildas/projects/marmelab/javascript-boilerplate/src/api/orders/orderRepository.js:24:61)
       at Object.userId [as selectByUserId] (/home/gildas/projects/marmelab/javascript-boilerplate/src/api/orders/orderRepository.js:24:61)
       at Object.userId [as selectByUserId] (/home/gildas/projects/marmelab/javascript-boilerplate/src/api/orders/orderRepository.js:24:61)
       at Object.userId [as selectByUserId] (/home/gildas/projects/marmelab/javascript-boilerplate/src/api/orders/orderRepository.js:24:61)
       at Object.userId [as selectByUserId] (/home/gildas/projects/marmelab/javascript-boilerplate/src/api/orders/orderRepository.js:24:61)
       at Object.userId [as selectByUserId] (/home/gildas/projects/marmelab/javascript-boilerplate/src/api/orders/orderRepository.js:24:61)
       at Object.userId [as selectByUserId] (/home/gildas/projects/marmelab/javascript-boilerplate/src/api/orders/orderRepository.js:24:61)
       at Object.userId [as selectByUserId] (/home/gildas/projects/marmelab/javascript-boilerplate/src/api/orders/orderRepository.js:24:61)
       at Object.userId [as selectByUserId] (/home/gildas/projects/marmelab/javascript-boilerplate/src/api/orders/orderRepository.js:24:61)
       at Object.userId [as selectByUserId] (/home/gildas/projects/marmelab/javascript-boilerplate/src/api/orders/orderRepository.js:24:61)
       at Object.userId [as selectByUserId] (/home/gildas/projects/marmelab/javascript-boilerplate/src/api/orders/orderRepository.js:24:61)
       at Object.userId [as selectByUserId] (/home/gildas/projects/marmelab/javascript-boilerplate/src/api/orders/orderRepository.js:24:61)
       at Object.userId [as selectByUserId] (/home/gildas/projects/marmelab/javascript-boilerplate/src/api/orders/orderRepository.js:24:61)
       at Object.userId [as selectByUserId] (/home/gildas/projects/marmelab/javascript-boilerplate/src/api/orders/orderRepository.js:24:61)
       at Object.userId [as selectByUserId] (/home/gildas/projects/marmelab/javascript-boilerplate/src/api/orders/orderRepository.js:24:61)
       at Object.userId [as selectByUserId] (/home/gildas/projects/marmelab/javascript-boilerplate/src/api/orders/orderRepository.js:24:61)
       at Object.userId [as selectByUserId] (/home/gildas/projects/marmelab/javascript-boilerplate/src/api/orders/orderRepository.js:24:61)
       at Object.userId [as selectByUserId] (/home/gildas/projects/marmelab/javascript-boilerplate/src/api/orders/orderRepository.js:24:61)
       at Object.userId [as selectByUserId] (/home/gildas/projects/marmelab/javascript-boilerplate/src/api/orders/orderRepository.js:24:61)
       at Object.userId [as selectByUserId] (/home/gildas/projects/marmelab/javascript-boilerplate/src/api/orders/orderRepository.js:24:61)
       at Object.userId [as selectByUserId] (/home/gildas/projects/marmelab/javascript-boilerplate/src/api/orders/orderRepository.js:24:61)
       at Object.userId [as selectByUserId] (/home/gildas/projects/marmelab/javascript-boilerplate/src/api/orders/orderRepository.js:24:61)
       at Object.userId [as selectByUserId] (/home/gildas/projects/marmelab/javascript-boilerplate/src/api/orders/orderRepository.js:24:61)
       at Object.userId [as selectByUserId] (/home/gildas/projects/marmelab/javascript-boilerplate/src/api/orders/orderRepository.js:24:61)
       at Object.userId [as selectByUserId] (/home/gildas/projects/marmelab/javascript-boilerplate/src/api/orders/orderRepository.js:24:61)
       at Object.userId [as selectByUserId] (/home/gildas/projects/marmelab/javascript-boilerplate/src/api/orders/orderRepository.js:24:61)
       at Object.userId [as selectByUserId] (/home/gildas/projects/marmelab/javascript-boilerplate/src/api/orders/orderRepository.js:24:61)
       at Object.userId [as selectByUserId] (/home/gildas/projects/marmelab/javascript-boilerplate/src/api/orders/orderRepository.js:24:61)
       at Object.userId [as selectByUserId] (/home/gildas/projects/marmelab/javascript-boilerplate/src/api/orders/orderRepository.js:24:61)
       at Object.userId [as selectByUserId] (/home/gildas/projects/marmelab/javascript-boilerplate/src/api/orders/orderRepository.js:24:61)
       at Object.userId [as selectByUserId] (/home/gildas/projects/marmelab/javascript-boilerplate/src/api/orders/orderRepository.js:24:61)
       at Object.userId [as selectByUserId] (/home/gildas/projects/marmelab/javascript-boilerplate/src/api/orders/orderRepository.js:24:61)
       at Object.userId [as selectByUserId] (/home/gildas/projects/marmelab/javascript-boilerplate/src/api/orders/orderRepository.js:24:61)
       at Object.userId [as selectByUserId] (/home/gildas/projects/marmelab/javascript-boilerplate/src/api/orders/orderRepository.js:24:61)
       at Object.userId [as selectByUserId] (/home/gildas/projects/marmelab/javascript-boilerplate/src/api/orders/orderRepository.js:24:61)
       at Object.userId [as selectByUserId] (/home/gildas/projects/marmelab/javascript-boilerplate/src/api/orders/orderRepository.js:24:61)
       at Object.userId [as selectByUserId] (/home/gildas/projects/marmelab/javascript-boilerplate/src/api/orders/orderRepository.js:24:61)
       at Object.userId [as selectByUserId] (/home/gildas/projects/marmelab/javascript-boilerplate/src/api/orders/orderRepository.js:24:61)
       at Object.userId [as selectByUserId] (/home/gildas/projects/marmelab/javascript-boilerplate/src/api/orders/orderRepository.js:24:61)
       at Object.userId [as selectByUserId] (/home/gildas/projects/marmelab/javascript-boilerplate/src/api/orders/orderRepository.js:24:61)
       at Object.userId [as selectByUserId] (/home/gildas/projects/marmelab/javascript-boilerplate/src/api/orders/orderRepository.js:24:61)
       at Object.userId [as selectByUserId] (/home/gildas/projects/marmelab/javascript-boilerplate/src/api/orders/orderRepository.js:24:61)
       at Object.userId [as selectByUserId] (/home/gildas/projects/marmelab/javascript-boilerplate/src/api/orders/orderRepository.js:24:61)
       at Object.userId [as selectByUserId] (/home/gildas/projects/marmelab/javascript-boilerplate/src/api/orders/orderRepository.js:24:61)
       at Object.userId [as selectByUserId] (/home/gildas/projects/marmelab/javascript-boilerplate/src/api/orders/orderRepository.js:24:61)
       at Object.userId [as selectByUserId] (/home/gildas/projects/marmelab/javascript-boilerplate/src/api/orders/orderRepository.js:24:61)
       at Object.userId [as selectByUserId] (/home/gildas/projects/marmelab/javascript-boilerplate/src/api/orders/orderRepository.js:24:61)
       at Object.userId [as selectByUserId] (/home/gildas/projects/marmelab/javascript-boilerplate/src/api/orders/orderRepository.js:24:61)
       at Object.userId [as selectByUserId] (/home/gildas/projects/marmelab/javascript-boilerplate/src/api/orders/orderRepository.js:24:61)
       at Object.userId [as selectByUserId] (/home/gildas/projects/marmelab/javascript-boilerplate/src/api/orders/orderRepository.js:24:61)
       at Object.userId [as selectByUserId] (/home/gildas/projects/marmelab/javascript-boilerplate/src/api/orders/orderRepository.js:24:61)
       at Object.userId [as selectByUserId] (/home/gildas/projects/marmelab/javascript-boilerplate/src/api/orders/orderRepository.js:24:61)
       at Object.userId [as selectByUserId] (/home/gildas/projects/marmelab/javascript-boilerplate/src/api/orders/orderRepository.js:24:61)
       at Object.userId [as selectByUserId] (/home/gildas/projects/marmelab/javascript-boilerplate/src/api/orders/orderRepository.js:24:61)
       at Object.userId [as selectByUserId] (/home/gildas/projects/marmelab/javascript-boilerplate/src/api/orders/orderRepository.js:24:61)
       at Object.userId [as selectByUserId] (/home/gildas/projects/marmelab/javascript-boilerplate/src/api/orders/orderRepository.js:24:61)
       at Object.userId [as selectByUserId] (/home/gildas/projects/marmelab/javascript-boilerplate/src/api/orders/orderRepository.js:24:61)
       at Object.userId [as selectByUserId] (/home/gildas/projects/marmelab/javascript-boilerplate/src/api/orders/orderRepository.js:24:61)
       at Object.userId [as selectByUserId] (/home/gildas/projects/marmelab/javascript-boilerplate/src/api/orders/orderRepository.js:24:61)
       at Object.userId [as selectByUserId] (/home/gildas/projects/marmelab/javascript-boilerplate/src/api/orders/orderRepository.js:24:61)
       at Object.userId [as selectByUserId] (/home/gildas/projects/marmelab/javascript-boilerplate/src/api/orders/orderRepository.js:24:61)
       at Object.userId [as selectByUserId] (/home/gildas/projects/marmelab/javascript-boilerplate/src/api/orders/orderRepository.js:24:61)
       at Object.userId [as selectByUserId] (/home/gildas/projects/marmelab/javascript-boilerplate/src/api/orders/orderRepository.js:24:61)
       at Object.userId [as selectByUserId] (/home/gildas/projects/marmelab/javascript-boilerplate/src/api/orders/orderRepository.js:24:61)
       at Object.userId [as selectByUserId] (/home/gildas/projects/marmelab/javascript-boilerplate/src/api/orders/orderRepository.js:24:61)
       at Object.userId [as selectByUserId] (/home/gildas/projects/marmelab/javascript-boilerplate/src/api/orders/orderRepository.js:24:61)
       at Object.userId [as selectByUserId] (/home/gildas/projects/marmelab/javascript-boilerplate/src/api/orders/orderRepository.js:24:61)
       at Object.userId [as selectByUserId] (/home/gildas/projects/marmelab/javascript-boilerplate/src/api/orders/orderRepository.js:24:61)
       at Object.userId [as selectByUserId] (/home/gildas/projects/marmelab/javascript-boilerplate/src/api/orders/orderRepository.js:24:61)
       at Object.userId [as selectByUserId] (/home/gildas/projects/marmelab/javascript-boilerplate/src/api/orders/orderRepository.js:24:61)
       at Object.userId [as selectByUserId] (/home/gildas/projects/marmelab/javascript-boilerplate/src/api/orders/orderRepository.js:24:61)
       at Object.userId [as selectByUserId] (/home/gildas/projects/marmelab/javascript-boilerplate/src/api/orders/orderRepository.js:24:61)
       at Object.userId [as selectByUserId] (/home/gildas/projects/marmelab/javascript-boilerplate/src/api/orders/orderRepository.js:24:61)
       at Object.userId [as selectByUserId] (/home/gildas/projects/marmelab/javascript-boilerplate/src/api/orders/orderRepository.js:24:61)
       at Object.userId [as selectByUserId] (/home/gildas/projects/marmelab/javascript-boilerplate/src/api/orders/orderRepository.js:24:61)
       at Object.userId [as selectByUserId] (/home/gildas/projects/marmelab/javascript-boilerplate/src/api/orders/orderRepository.js:24:61)
       at Object.userId [as selectByUserId] (/home/gildas/projects/marmelab/javascript-boilerplate/src/api/orders/orderRepository.js:24:61)
       at Object.userId [as selectByUserId] (/home/gildas/projects/marmelab/javascript-boilerplate/src/api/orders/orderRepository.js:24:61)
       at Object.userId [as selectByUserId] (/home/gildas/projects/marmelab/javascript-boilerplate/src/api/orders/orderRepository.js:24:61)
       at Object.userId [as selectByUserId] (/home/gildas/projects/marmelab/javascript-boilerplate/src/api/orders/orderRepository.js:24:61)
       at Object.userId [as selectByUserId] (/home/gildas/projects/marmelab/javascript-boilerplate/src/api/orders/orderRepository.js:24:61)
       at Object.userId [as selectByUserId] (/home/gildas/projects/marmelab/javascript-boilerplate/src/api/orders/orderRepository.js:24:61)
       at Object.userId [as selectByUserId] (/home/gildas/projects/marmelab/javascript-boilerplate/src/api/orders/orderRepository.js:24:61)
       at Object.userId [as selectByUserId] (/home/gildas/projects/marmelab/javascript-boilerplate/src/api/orders/orderRepository.js:24:61)
       at Object.userId [as selectByUserId] (/home/gildas/projects/marmelab/javascript-boilerplate/src/api/orders/orderRepository.js:24:61)
       at Object.userId [as selectByUserId] (/home/gildas/projects/marmelab/javascript-boilerplate/src/api/orders/orderRepository.js:24:61)
       at Object.userId [as selectByUserId] (/home/gildas/projects/marmelab/javascript-boilerplate/src/api/orders/orderRepository.js:24:61)
       at Object.userId [as selectByUserId] (/home/gildas/projects/marmelab/javascript-boilerplate/src/api/orders/orderRepository.js:24:61)
       at Object.userId [as selectByUserId] (/home/gildas/projects/marmelab/javascript-boilerplate/src/api/orders/orderRepository.js:24:61)
       at Object.userId [as selectByUserId] (/home/gildas/projects/marmelab/javascript-boilerplate/src/api/orders/orderRepository.js:24:61)
       at Object.userId [as selectByUserId] (/home/gildas/projects/marmelab/javascript-boilerplate/src/api/orders/orderRepository.js:24:61)
       at Object.userId [as selectByUserId] (/home/gildas/projects/marmelab/javascript-boilerplate/src/api/orders/orderRepository.js:24:61)
       at Object.userId [as selectByUserId] (/home/gildas/projects/marmelab/javascript-boilerplate/src/api/orders/orderRepository.js:24:61)
       at Object.userId [as selectByUserId] (/home/gildas/projects/marmelab/javascript-boilerplate/src/api/orders/orderRepository.js:24:61)
       at Object.userId [as selectByUserId] (/home/gildas/projects/marmelab/javascript-boilerplate/src/api/orders/orderRepository.js:24:61)
       at Object.userId [as selectByUserId] (/home/gildas/projects/marmelab/javascript-boilerplate/src/api/orders/orderRepository.js:24:61)
       at Object.userId [as selectByUserId] (/home/gildas/projects/marmelab/javascript-boilerplate/src/api/orders/orderRepository.js:24:61)
       at Object.userId [as selectByUserId] (/home/gildas/projects/marmelab/javascript-boilerplate/src/api/orders/orderRepository.js:24:61)
       at Object.userId [as selectByUserId] (/home/gildas/projects/marmelab/javascript-boilerplate/src/api/orders/orderRepository.js:24:61)
       at Object.userId [as selectByUserId] (/home/gildas/projects/marmelab/javascript-boilerplate/src/api/orders/orderRepository.js:24:61)
       at Object.userId [as selectByUserId] (/home/gildas/projects/marmelab/javascript-boilerplate/src/api/orders/orderRepository.js:24:61)
       at Object.userId [as selectByUserId] (/home/gildas/projects/marmelab/javascript-boilerplate/src/api/orders/orderRepository.js:24:61)
       at Object.userId [as selectByUserId] (/home/gildas/projects/marmelab/javascript-boilerplate/src/api/orders/orderRepository.js:24:61)
       at Object.userId [as selectByUserId] (/home/gildas/projects/marmelab/javascript-boilerplate/src/api/orders/orderRepository.js:24:61)
       at Object.userId [as selectByUserId] (/home/gildas/projects/marmelab/javascript-boilerplate/src/api/orders/orderRepository.js:24:61)
       at Object.userId [as selectByUserId] (/home/gildas/projects/marmelab/javascript-boilerplate/src/api/orders/orderRepository.js:24:61)
       at Object.userId [as selectByUserId] (/home/gildas/projects/marmelab/javascript-boilerplate/src/api/orders/orderRepository.js:24:61)
       at Object.userId [as selectByUserId] (/home/gildas/projects/marmelab/javascript-boilerplate/src/api/orders/orderRepository.js:24:61)
       at Object.userId [as selectByUserId] (/home/gildas/projects/marmelab/javascript-boilerplate/src/api/orders/orderRepository.js:24:61)
       at Object.userId [as selectByUserId] (/home/gildas/projects/marmelab/javascript-boilerplate/src/api/orders/orderRepository.js:24:61)
       at Object.userId [as selectByUserId] (/home/gildas/projects/marmelab/javascript-boilerplate/src/api/orders/orderRepository.js:24:61)
       at Object.userId [as selectByUserId] (/home/gildas/projects/marmelab/javascript-boilerplate/src/api/orders/orderRepository.js:24:61)
       at Object.userId [as selectByUserId] (/home/gildas/projects/marmelab/javascript-boilerplate/src/api/orders/orderRepository.js:24:61)
       at Object.userId [as selectByUserId] (/home/gildas/projects/marmelab/javascript-boilerplate/src/api/orders/orderRepository.js:24:61)
       at Object.userId [as selectByUserId] (/home/gildas/projects/marmelab/javascript-boilerplate/src/api/orders/orderRepository.js:24:61)
       at Object.userId [as selectByUserId] (/home/gildas/projects/marmelab/javascript-boilerplate/src/api/orders/orderRepository.js:24:61)
       at Object.userId [as selectByUserId] (/home/gildas/projects/marmelab/javascript-boilerplate/src/api/orders/orderRepository.js:24:61)
       at Object.userId [as selectByUserId] (/home/gildas/projects/marmelab/javascript-boilerplate/src/api/orders/orderRepository.js:24:61)
       at Object.userId [as selectByUserId] (/home/gildas/projects/marmelab/javascript-boilerplate/src/api/orders/orderRepository.js:24:61)
       at Object.userId [as selectByUserId] (/home/gildas/projects/marmelab/javascript-boilerplate/src/api/orders/orderRepository.js:24:61)
       at Object.userId [as selectByUserId] (/home/gildas/projects/marmelab/javascript-boilerplate/src/api/orders/orderRepository.js:24:61)
       at Object.userId [as selectByUserId] (/home/gildas/projects/marmelab/javascript-boilerplate/src/api/orders/orderRepository.js:24:61)
       at Object.userId [as selectByUserId] (/home/gildas/projects/marmelab/javascript-boilerplate/src/api/orders/orderRepository.js:24:61)
       at Object.userId [as selectByUserId] (/home/gildas/projects/marmelab/javascript-boilerplate/src/api/orders/orderRepository.js:24:61)
       at Object.userId [as selectByUserId] (/home/gildas/projects/marmelab/javascript-boilerplate/src/api/orders/orderRepository.js:24:61)
       at Object.userId [as selectByUserId] (/home/gildas/projects/marmelab/javascript-boilerplate/src/api/orders/orderRepository.js:24:61)
       at Object.userId [as selectByUserId] (/home/gildas/projects/marmelab/javascript-boilerplate/src/api/orders/orderRepository.js:24:61)
       at Object.userId [as selectByUserId] (/home/gildas/projects/marmelab/javascript-boilerplate/src/api/orders/orderRepository.js:24:61)
       at Object.userId [as selectByUserId] (/home/gildas/projects/marmelab/javascript-boilerplate/src/api/orders/orderRepository.js:24:61)
       at Object.userId [as selectByUserId] (/home/gildas/projects/marmelab/javascript-boilerplate/src/api/orders/orderRepository.js:24:61)
       at Object.userId [as selectByUserId] (/home/gildas/projects/marmelab/javascript-boilerplate/src/api/orders/orderRepository.js:24:61)
       at Object.userId [as selectByUserId] (/home/gildas/projects/marmelab/javascript-boilerplate/src/api/orders/orderRepository.js:24:61)
       at Object.userId [as selectByUserId] (/home/gildas/projects/marmelab/javascript-boilerplate/src/api/orders/orderRepository.js:24:61)
       at Object.userId [as selectByUserId] (/home/gildas/projects/marmelab/javascript-boilerplate/src/api/orders/orderRepository.js:24:61)
       at Object.userId [as selectByUserId] (/home/gildas/projects/marmelab/javascript-boilerplate/src/api/orders/orderRepository.js:24:61)
       at Object.userId [as selectByUserId] (/home/gildas/projects/marmelab/javascript-boilerplate/src/api/orders/orderRepository.js:24:61)
       at Object.userId [as selectByUserId] (/home/gildas/projects/marmelab/javascript-boilerplate/src/api/orders/orderRepository.js:24:61)
       at Object.userId [as selectByUserId] (/home/gildas/projects/marmelab/javascript-boilerplate/src/api/orders/orderRepository.js:24:61)
       at Object.userId [as selectByUserId] (/home/gildas/projects/marmelab/javascript-boilerplate/src/api/orders/orderRepository.js:24:61)
       at Object.userId [as selectByUserId] (/home/gildas/projects/marmelab/javascript-boilerplate/src/api/orders/orderRepository.js:24:61)
       at Object.userId [as selectByUserId] (/home/gildas/projects/marmelab/javascript-boilerplate/src/api/orders/orderRepository.js:24:61)
       at Object.userId [as selectByUserId] (/home/gildas/projects/marmelab/javascript-boilerplate/src/api/orders/orderRepository.js:24:61)
       at Object.userId [as selectByUserId] (/home/gildas/projects/marmelab/javascript-boilerplate/src/api/orders/orderRepository.js:24:61)
       at Object.userId [as selectByUserId] (/home/gildas/projects/marmelab/javascript-boilerplate/src/api/orders/orderRepository.js:24:61)
       at Object.userId [as selectByUserId] (/home/gildas/projects/marmelab/javascript-boilerplate/src/api/orders/orderRepository.js:24:61)
       at Object.userId [as selectByUserId] (/home/gildas/projects/marmelab/javascript-boilerplate/src/api/orders/orderRepository.js:24:61)
       at Object.userId [as selectByUserId] (/home/gildas/projects/marmelab/javascript-boilerplate/src/api/orders/orderRepository.js:24:61)
       at Object.userId [as selectByUserId] (/home/gildas/projects/marmelab/javascript-boilerplate/src/api/orders/orderRepository.js:24:61)
       at Object.userId [as selectByUserId] (/home/gildas/projects/marmelab/javascript-boilerplate/src/api/orders/orderRepository.js:24:61)
       at Object.userId [as selectByUserId] (/home/gildas/projects/marmelab/javascript-boilerplate/src/api/orders/orderRepository.js:24:61)
       at Object.userId [as selectByUserId] (/home/gildas/projects/marmelab/javascript-boilerplate/src/api/orders/orderRepository.js:24:61)
       at Object.userId [as selectByUserId] (/home/gildas/projects/marmelab/javascript-boilerplate/src/api/orders/orderRepository.js:24:61)
       at Object.userId [as selectByUserId] (/home/gildas/projects/marmelab/javascript-boilerplate/src/api/orders/orderRepository.js:24:61)
       at Object.userId [as selectByUserId] (/home/gildas/projects/marmelab/javascript-boilerplate/src/api/orders/orderRepository.js:24:61)
       at Object.userId [as selectByUserId] (/home/gildas/projects/marmelab/javascript-boilerplate/src/api/orders/orderRepository.js:24:61)
       at Object.userId [as selectByUserId] (/home/gildas/projects/marmelab/javascript-boilerplate/src/api/orders/orderRepository.js:24:61)
       at Object.userId [as selectByUserId] (/home/gildas/projects/marmelab/javascript-boilerplate/src/api/orders/orderRepository.js:24:61)
       at Object.userId [as selectByUserId] (/home/gildas/projects/marmelab/javascript-boilerplate/src/api/orders/orderRepository.js:24:61)
       at Object.userId [as selectByUserId] (/home/gildas/projects/marmelab/javascript-boilerplate/src/api/orders/orderRepository.js:24:61)
       at Object.userId [as selectByUserId] (/home/gildas/projects/marmelab/javascript-boilerplate/src/api/orders/orderRepository.js:24:61)
       at Object.userId [as selectByUserId] (/home/gildas/projects/marmelab/javascript-boilerplate/src/api/orders/orderRepository.js:24:61)
       at Object.userId [as selectByUserId] (/home/gildas/projects/marmelab/javascript-boilerplate/src/api/orders/orderRepository.js:24:61)
       at Object.userId [as selectByUserId] (/home/gildas/projects/marmelab/javascript-boilerplate/src/api/orders/orderRepository.js:24:61)
       at Object.userId [as selectByUserId] (/home/gildas/projects/marmelab/javascript-boilerplate/src/api/orders/orderRepository.js:24:61)
       at Object.userId [as selectByUserId] (/home/gildas/projects/marmelab/javascript-boilerplate/src/api/orders/orderRepository.js:24:61)
       at Object.userId [as selectByUserId] (/home/gildas/projects/marmelab/javascript-boilerplate/src/api/orders/orderRepository.js:24:61)
       at Object.userId [as selectByUserId] (/home/gildas/projects/marmelab/javascript-boilerplate/src/api/orders/orderRepository.js:24:61)
       at Object.userId [as selectByUserId] (/home/gildas/projects/marmelab/javascript-boilerplate/src/api/orders/orderRepository.js:24:61)
       at Object.userId [as selectByUserId] (/home/gildas/projects/marmelab/javascript-boilerplate/src/api/orders/orderRepository.js:24:61)
       at Object.userId [as selectByUserId] (/home/gildas/projects/marmelab/javascript-boilerplate/src/api/orders/orderRepository.js:24:61)
       at Object.userId [as selectByUserId] (/home/gildas/projects/marmelab/javascript-boilerplate/src/api/orders/orderRepository.js:24:61)
       at Object.userId [as selectByUserId] (/home/gildas/projects/marmelab/javascript-boilerplate/src/api/orders/orderRepository.js:24:61)
       at Object.userId [as selectByUserId] (/home/gildas/projects/marmelab/javascript-boilerplate/src/api/orders/orderRepository.js:24:61)
       at Object.userId [as selectByUserId] (/home/gildas/projects/marmelab/javascript-boilerplate/src/api/orders/orderRepository.js:24:61)
       at Object.userId [as selectByUserId] (/home/gildas/projects/marmelab/javascript-boilerplate/src/api/orders/orderRepository.js:24:61)
       at Object.userId [as selectByUserId] (/home/gildas/projects/marmelab/javascript-boilerplate/src/api/orders/orderRepository.js:24:61)
       at Object.userId [as selectByUserId] (/home/gildas/projects/marmelab/javascript-boilerplate/src/api/orders/orderRepository.js:24:61)
       at Object.userId [as selectByUserId] (/home/gildas/projects/marmelab/javascript-boilerplate/src/api/orders/orderRepository.js:24:61)
       at Object.userId [as selectByUserId] (/home/gildas/projects/marmelab/javascript-boilerplate/src/api/orders/orderRepository.js:24:61)
       at Object.userId [as selectByUserId] (/home/gildas/projects/marmelab/javascript-boilerplate/src/api/orders/orderRepository.js:24:61)
       at Object.userId [as selectByUserId] (/home/gildas/projects/marmelab/javascript-boilerplate/src/api/orders/orderRepository.js:24:61)
       at Object.userId [as selectByUserId] (/home/gildas/projects/marmelab/javascript-boilerplate/src/api/orders/orderRepository.js:24:61)
       at Object.userId [as selectByUserId] (/home/gildas/projects/marmelab/javascript-boilerplate/src/api/orders/orderRepository.js:24:61)
       at Object.userId [as selectByUserId] (/home/gildas/projects/marmelab/javascript-boilerplate/src/api/orders/orderRepository.js:24:61)
       at Object.userId [as selectByUserId] (/home/gildas/projects/marmelab/javascript-boilerplate/src/api/orders/orderRepository.js:24:61)
       at Object.userId [as selectByUserId] (/home/gildas/projects/marmelab/javascript-boilerplate/src/api/orders/orderRepository.js:24:61)
       at Object.userId [as selectByUserId] (/home/gildas/projects/marmelab/javascript-boilerplate/src/api/orders/orderRepository.js:24:61)
       at Object.userId [as selectByUserId] (/home/gildas/projects/marmelab/javascript-boilerplate/src/api/orders/orderRepository.js:24:61)
       at Object.userId [as selectByUserId] (/home/gildas/projects/marmelab/javascript-boilerplate/src/api/orders/orderRepository.js:24:61)
       at Object.userId [as selectByUserId] (/home/gildas/projects/marmelab/javascript-boilerplate/src/api/orders/orderRepository.js:24:61)
       at Object.userId [as selectByUserId] (/home/gildas/projects/marmelab/javascript-boilerplate/src/api/orders/orderRepository.js:24:61)
       at Object.userId [as selectByUserId] (/home/gildas/projects/marmelab/javascript-boilerplate/src/api/orders/orderRepository.js:24:61)
       at Object.userId [as selectByUserId] (/home/gildas/projects/marmelab/javascript-boilerplate/src/api/orders/orderRepository.js:24:61)
       at Object.userId [as selectByUserId] (/home/gildas/projects/marmelab/javascript-boilerplate/src/api/orders/orderRepository.js:24:61)
       at Object.userId [as selectByUserId] (/home/gildas/projects/marmelab/javascript-boilerplate/src/api/orders/orderRepository.js:24:61)
       at Object.userId [as selectByUserId] (/home/gildas/projects/marmelab/javascript-boilerplate/src/api/orders/orderRepository.js:24:61)
       at Object.userId [as selectByUserId] (/home/gildas/projects/marmelab/javascript-boilerplate/src/api/orders/orderRepository.js:24:61)
       at Object.userId [as selectByUserId] (/home/gildas/projects/marmelab/javascript-boilerplate/src/api/orders/orderRepository.js:24:61)
       at Object.userId [as selectByUserId] (/home/gildas/projects/marmelab/javascript-boilerplate/src/api/orders/orderRepository.js:24:61)
       at Object.userId [as selectByUserId] (/home/gildas/projects/marmelab/javascript-boilerplate/src/api/orders/orderRepository.js:24:61)
       at Object.userId [as selectByUserId] (/home/gildas/projects/marmelab/javascript-boilerplate/src/api/orders/orderRepository.js:24:61)
       at Object.userId [as selectByUserId] (/home/gildas/projects/marmelab/javascript-boilerplate/src/api/orders/orderRepository.js:24:61)
       at Object.userId [as selectByUserId] (/home/gildas/projects/marmelab/javascript-boilerplate/src/api/orders/orderRepository.js:24:61)
       at Object.userId [as selectByUserId] (/home/gildas/projects/marmelab/javascript-boilerplate/src/api/orders/orderRepository.js:24:61)
       at Object.userId [as selectByUserId] (/home/gildas/projects/marmelab/javascript-boilerplate/src/api/orders/orderRepository.js:24:61)
       at Object.userId [as selectByUserId] (/home/gildas/projects/marmelab/javascript-boilerplate/src/api/orders/orderRepository.js:24:61)
       at Object.userId [as selectByUserId] (/home/gildas/projects/marmelab/javascript-boilerplate/src/api/orders/orderRepository.js:24:61)
       at Object.userId [as selectByUserId] (/home/gildas/projects/marmelab/javascript-boilerplate/src/api/orders/orderRepository.js:24:61)
       at Object.userId [as selectByUserId] (/home/gildas/projects/marmelab/javascript-boilerplate/src/api/orders/orderRepository.js:24:61)
       at Object.userId [as selectByUserId] (/home/gildas/projects/marmelab/javascript-boilerplate/src/api/orders/orderRepository.js:24:61)
       at Object.userId [as selectByUserId] (/home/gildas/projects/marmelab/javascript-boilerplate/src/api/orders/orderRepository.js:24:61)
       at Object.userId [as selectByUserId] (/home/gildas/projects/marmelab/javascript-boilerplate/src/api/orders/orderRepository.js:24:61)
       at Object.userId [as selectByUserId] (/home/gildas/projects/marmelab/javascript-boilerplate/src/api/orders/orderRepository.js:24:61)
       at Object.userId [as selectByUserId] (/home/gildas/projects/marmelab/javascript-boilerplate/src/api/orders/orderRepository.js:24:61)
       at Object.userId [as selectByUserId] (/home/gildas/projects/marmelab/javascript-boilerplate/src/api/orders/orderRepository.js:24:61)
       at Object.userId [as selectByUserId] (/home/gildas/projects/marmelab/javascript-boilerplate/src/api/orders/orderRepository.js:24:61)
       at Object.userId [as selectByUserId] (/home/gildas/projects/marmelab/javascript-boilerplate/src/api/orders/orderRepository.js:24:61)
       at Object.userId [as selectByUserId] (/home/gildas/projects/marmelab/javascript-boilerplate/src/api/orders/orderRepository.js:24:61)
       at Object.userId [as selectByUserId] (/home/gildas/projects/marmelab/javascript-boilerplate/src/api/orders/orderRepository.js:24:61)
       at Object.userId [as selectByUserId] (/home/gildas/projects/marmelab/javascript-boilerplate/src/api/orders/orderRepository.js:24:61)
       at Object.userId [as selectByUserId] (/home/gildas/projects/marmelab/javascript-boilerplate/src/api/orders/orderRepository.js:24:61)
       at Object.userId [as selectByUserId] (/home/gildas/projects/marmelab/javascript-boilerplate/src/api/orders/orderRepository.js:24:61)
       at Object.userId [as selectByUserId] (/home/gildas/projects/marmelab/javascript-boilerplate/src/api/orders/orderRepository.js:24:61)
       at Object.userId [as selectByUserId] (/home/gildas/projects/marmelab/javascript-boilerplate/src/api/orders/orderRepository.js:24:61)
       at Object.userId [as selectByUserId] (/home/gildas/projects/marmelab/javascript-boilerplate/src/api/orders/orderRepository.js:24:61)
       at Object.userId [as selectByUserId] (/home/gildas/projects/marmelab/javascript-boilerplate/src/api/orders/orderRepository.js:24:61)
       at Object.userId [as selectByUserId] (/home/gildas/projects/marmelab/javascript-boilerplate/src/api/orders/orderRepository.js:24:61)
       at Object.userId [as selectByUserId] (/home/gildas/projects/marmelab/javascript-boilerplate/src/api/orders/orderRepository.js:24:61)
       at Object.userId [as selectByUserId] (/home/gildas/projects/marmelab/javascript-boilerplate/src/api/orders/orderRepository.js:24:61)
       at Object.userId [as selectByUserId] (/home/gildas/projects/marmelab/javascript-boilerplate/src/api/orders/orderRepository.js:24:61)
       at Object.userId [as selectByUserId] (/home/gildas/projects/marmelab/javascript-boilerplate/src/api/orders/orderRepository.js:24:61)
       at Object.userId [as selectByUserId] (/home/gildas/projects/marmelab/javascript-boilerplate/src/api/orders/orderRepository.js:24:61)
       at Object.userId [as selectByUserId] (/home/gildas/projects/marmelab/javascript-boilerplate/src/api/orders/orderRepository.js:24:61)
       at Object.userId [as selectByUserId] (/home/gildas/projects/marmelab/javascript-boilerplate/src/api/orders/orderRepository.js:24:61)
       at Object.userId [as selectByUserId] (/home/gildas/projects/marmelab/javascript-boilerplate/src/api/orders/orderRepository.js:24:61)
       at Object.userId [as selectByUserId] (/home/gildas/projects/marmelab/javascript-boilerplate/src/api/orders/orderRepository.js:24:61)
       at Object.userId [as selectByUserId] (/home/gildas/projects/marmelab/javascript-boilerplate/src/api/orders/orderRepository.js:24:61)
       at Object.userId [as selectByUserId] (/home/gildas/projects/marmelab/javascript-boilerplate/src/api/orders/orderRepository.js:24:61)
       at Object.userId [as selectByUserId] (/home/gildas/projects/marmelab/javascript-boilerplate/src/api/orders/orderRepository.js:24:61)
       at Object.userId [as selectByUserId] (/home/gildas/projects/marmelab/javascript-boilerplate/src/api/orders/orderRepository.js:24:61)
       at Object.userId [as selectByUserId] (/home/gildas/projects/marmelab/javascript-boilerplate/src/api/orders/orderRepository.js:24:61)
       at Object.userId [as selectByUserId] (/home/gildas/projects/marmelab/javascript-boilerplate/src/api/orders/orderRepository.js:24:61)
       at Object.userId [as selectByUserId] (/home/gildas/projects/marmelab/javascript-boilerplate/src/api/orders/orderRepository.js:24:61)
       at Object.userId [as selectByUserId] (/home/gildas/projects/marmelab/javascript-boilerplate/src/api/orders/orderRepository.js:24:61)
       at Object.userId [as selectByUserId] (/home/gildas/projects/marmelab/javascript-boilerplate/src/api/orders/orderRepository.js:24:61)
       at Object.userId [as selectByUserId] (/home/gildas/projects/marmelab/javascript-boilerplate/src/api/orders/orderRepository.js:24:61)
       at Object.userId [as selectByUserId] (/home/gildas/projects/marmelab/javascript-boilerplate/src/api/orders/orderRepository.js:24:61)
       at Object.userId [as selectByUserId] (/home/gildas/projects/marmelab/javascript-boilerplate/src/api/orders/orderRepository.js:24:61)
       at Object.userId [as selectByUserId] (/home/gildas/projects/marmelab/javascript-boilerplate/src/api/orders/orderRepository.js:24:61)
       at Object.userId [as selectByUserId] (/home/gildas/projects/marmelab/javascript-boilerplate/src/api/orders/orderRepository.js:24:61)
       at Object.userId [as selectByUserId] (/home/gildas/projects/marmelab/javascript-boilerplate/src/api/orders/orderRepository.js:24:61)
       at Object.userId [as selectByUserId] (/home/gildas/projects/marmelab/javascript-boilerplate/src/api/orders/orderRepository.js:24:61)
       at Object.userId [as selectByUserId] (/home/gildas/projects/marmelab/javascript-boilerplate/src/api/orders/orderRepository.js:24:61)
       at Object.userId [as selectByUserId] (/home/gildas/projects/marmelab/javascript-boilerplate/src/api/orders/orderRepository.js:24:61)
       at Object.userId [as selectByUserId] (/home/gildas/projects/marmelab/javascript-boilerplate/src/api/orders/orderRepository.js:24:61)
       at Object.userId [as selectByUserId] (/home/gildas/projects/marmelab/javascript-boilerplate/src/api/orders/orderRepository.js:24:61)
       at Object.userId [as selectByUserId] (/home/gildas/projects/marmelab/javascript-boilerplate/src/api/orders/orderRepository.js:24:61)
       at Object.userId [as selectByUserId] (/home/gildas/projects/marmelab/javascript-boilerplate/src/api/orders/orderRepository.js:24:61)
       at Object.userId [as selectByUserId] (/home/gildas/projects/marmelab/javascript-boilerplate/src/api/orders/orderRepository.js:24:61)
       at Object.userId [as selectByUserId] (/home/gildas/projects/marmelab/javascript-boilerplate/src/api/orders/orderRepository.js:24:61)
       at Object.userId [as selectByUserId] (/home/gildas/projects/marmelab/javascript-boilerplate/src/api/orders/orderRepository.js:24:61)
       at Object.userId [as selectByUserId] (/home/gildas/projects/marmelab/javascript-boilerplate/src/api/orders/orderRepository.js:24:61)
       at Object.userId [as selectByUserId] (/home/gildas/projects/marmelab/javascript-boilerplate/src/api/orders/orderRepository.js:24:61)
       at Object.userId [as selectByUserId] (/home/gildas/projects/marmelab/javascript-boilerplate/src/api/orders/orderRepository.js:24:61)
       at Object.userId [as selectByUserId] (/home/gildas/projects/marmelab/javascript-boilerplate/src/api/orders/orderRepository.js:24:61)
       at Object.userId [as selectByUserId] (/home/gildas/projects/marmelab/javascript-boilerplate/src/api/orders/orderRepository.js:24:61)
       at Object.userId [as selectByUserId] (/home/gildas/projects/marmelab/javascript-boilerplate/src/api/orders/orderRepository.js:24:61)
       at Object.userId [as selectByUserId] (/home/gildas/projects/marmelab/javascript-boilerplate/src/api/orders/orderRepository.js:24:61)
       at Object.userId [as selectByUserId] (/home/gildas/projects/marmelab/javascript-boilerplate/src/api/orders/orderRepository.js:24:61)
       at Object.userId [as selectByUserId] (/home/gildas/projects/marmelab/javascript-boilerplate/src/api/orders/orderRepository.js:24:61)
       at Object.userId [as selectByUserId] (/home/gildas/projects/marmelab/javascript-boilerplate/src/api/orders/orderRepository.js:24:61)
       at Object.userId [as selectByUserId] (/home/gildas/projects/marmelab/javascript-boilerplate/src/api/orders/orderRepository.js:24:61)
       at Object.userId [as selectByUserId] (/home/gildas/projects/marmelab/javascript-boilerplate/src/api/orders/orderRepository.js:24:61)
       at Object.userId [as selectByUserId] (/home/gildas/projects/marmelab/javascript-boilerplate/src/api/orders/orderRepository.js:24:61)
       at Object.userId [as selectByUserId] (/home/gildas/projects/marmelab/javascript-boilerplate/src/api/orders/orderRepository.js:24:61)
       at Object.userId [as selectByUserId] (/home/gildas/projects/marmelab/javascript-boilerplate/src/api/orders/orderRepository.js:24:61)
       at Object.userId [as selectByUserId] (/home/gildas/projects/marmelab/javascript-boilerplate/src/api/orders/orderRepository.js:24:61)
       at Object.userId [as selectByUserId] (/home/gildas/projects/marmelab/javascript-boilerplate/src/api/orders/orderRepository.js:24:61)
       at Object.userId [as selectByUserId] (/home/gildas/projects/marmelab/javascript-boilerplate/src/api/orders/orderRepository.js:24:61)
       at Object.userId [as selectByUserId] (/home/gildas/projects/marmelab/javascript-boilerplate/src/api/orders/orderRepository.js:24:61)
       at Object.userId [as selectByUserId] (/home/gildas/projects/marmelab/javascript-boilerplate/src/api/orders/orderRepository.js:24:61)
       at Object.userId [as selectByUserId] (/home/gildas/projects/marmelab/javascript-boilerplate/src/api/orders/orderRepository.js:24:61)
       at Object.userId [as selectByUserId] (/home/gildas/projects/marmelab/javascript-boilerplate/src/api/orders/orderRepository.js:24:61)
       at Object.userId [as selectByUserId] (/home/gildas/projects/marmelab/javascript-boilerplate/src/api/orders/orderRepository.js:24:61)
       at Object.userId [as selectByUserId] (/home/gildas/projects/marmelab/javascript-boilerplate/src/api/orders/orderRepository.js:24:61)
       at Object.userId [as selectByUserId] (/home/gildas/projects/marmelab/javascript-boilerplate/src/api/orders/orderRepository.js:24:61)
       at Object.userId [as selectByUserId] (/home/gildas/projects/marmelab/javascript-boilerplate/src/api/orders/orderRepository.js:24:61)
       at Object.userId [as selectByUserId] (/home/gildas/projects/marmelab/javascript-boilerplate/src/api/orders/orderRepository.js:24:61)
       at Object.userId [as selectByUserId] (/home/gildas/projects/marmelab/javascript-boilerplate/src/api/orders/orderRepository.js:24:61)
       at Object.userId [as selectByUserId] (/home/gildas/projects/marmelab/javascript-boilerplate/src/api/orders/orderRepository.js:24:61)
       at Object.userId [as selectByUserId] (/home/gildas/projects/marmelab/javascript-boilerplate/src/api/orders/orderRepository.js:24:61)
       at Object.userId [as selectByUserId] (/home/gildas/projects/marmelab/javascript-boilerplate/src/api/orders/orderRepository.js:24:61)
       at Object.userId [as selectByUserId] (/home/gildas/projects/marmelab/javascript-boilerplate/src/api/orders/orderRepository.js:24:61)
       at Object.userId [as selectByUserId] (/home/gildas/projects/marmelab/javascript-boilerplate/src/api/orders/orderRepository.js:24:61)
       at Object.userId [as selectByUserId] (/home/gildas/projects/marmelab/javascript-boilerplate/src/api/orders/orderRepository.js:24:61)
       at Object.userId [as selectByUserId] (/home/gildas/projects/marmelab/javascript-boilerplate/src/api/orders/orderRepository.js:24:61)
       at Object.userId [as selectByUserId] (/home/gildas/projects/marmelab/javascript-boilerplate/src/api/orders/orderRepository.js:24:61)
       at Object.userId [as selectByUserId] (/home/gildas/projects/marmelab/javascript-boilerplate/src/api/orders/orderRepository.js:24:61)
       at Object.userId [as selectByUserId] (/home/gildas/projects/marmelab/javascript-boilerplate/src/api/orders/orderRepository.js:24:61)
       at Object.userId [as selectByUserId] (/home/gildas/projects/marmelab/javascript-boilerplate/src/api/orders/orderRepository.js:24:61)
       at Object.userId [as selectByUserId] (/home/gildas/projects/marmelab/javascript-boilerplate/src/api/orders/orderRepository.js:24:61)
       at Object.userId [as selectByUserId] (/home/gildas/projects/marmelab/javascript-boilerplate/src/api/orders/orderRepository.js:24:61)
       at Object.userId [as selectByUserId] (/home/gildas/projects/marmelab/javascript-boilerplate/src/api/orders/orderRepository.js:24:61)
       at Object.userId [as selectByUserId] (/home/gildas/projects/marmelab/javascript-boilerplate/src/api/orders/orderRepository.js:24:61)
       at Object.userId [as selectByUserId] (/home/gildas/projects/marmelab/javascript-boilerplate/src/api/orders/orderRepository.js:24:61)
       at Object.userId [as selectByUserId] (/home/gildas/projects/marmelab/javascript-boilerplate/src/api/orders/orderRepository.js:24:61)
       at Object.userId [as selectByUserId] (/home/gildas/projects/marmelab/javascript-boilerplate/src/api/orders/orderRepository.js:24:61)
       at Object.userId [as selectByUserId] (/home/gildas/projects/marmelab/javascript-boilerplate/src/api/orders/orderRepository.js:24:61)
       at Object.userId [as selectByUserId] (/home/gildas/projects/marmelab/javascript-boilerplate/src/api/orders/orderRepository.js:24:61)
       at Object.userId [as selectByUserId] (/home/gildas/projects/marmelab/javascript-boilerplate/src/api/orders/orderRepository.js:24:61)
       at Object.userId [as selectByUserId] (/home/gildas/projects/marmelab/javascript-boilerplate/src/api/orders/orderRepository.js:24:61)
       at Object.userId [as selectByUserId] (/home/gildas/projects/marmelab/javascript-boilerplate/src/api/orders/orderRepository.js:24:61)
       at Object.userId [as selectByUserId] (/home/gildas/projects/marmelab/javascript-boilerplate/src/api/orders/orderRepository.js:24:61)
       at Object.userId [as selectByUserId] (/home/gildas/projects/marmelab/javascript-boilerplate/src/api/orders/orderRepository.js:24:61)
       at Object.userId [as selectByUserId] (/home/gildas/projects/marmelab/javascript-boilerplate/src/api/orders/orderRepository.js:24:61)
       at Object.userId [as selectByUserId] (/home/gildas/projects/marmelab/javascript-boilerplate/src/api/orders/orderRepository.js:24:61)
       at Object.userId [as selectByUserId] (/home/gildas/projects/marmelab/javascript-boilerplate/src/api/orders/orderRepository.js:24:61)
       at Object.userId [as selectByUserId] (/home/gildas/projects/marmelab/javascript-boilerplate/src/api/orders/orderRepository.js:24:61)
       at Object.userId [as selectByUserId] (/home/gildas/projects/marmelab/javascript-boilerplate/src/api/orders/orderRepository.js:24:61)
       at Object.userId [as selectByUserId] (/home/gildas/projects/marmelab/javascript-boilerplate/src/api/orders/orderRepository.js:24:61)
       at Object.userId [as selectByUserId] (/home/gildas/projects/marmelab/javascript-boilerplate/src/api/orders/orderRepository.js:24:61)
       at Object.userId [as selectByUserId] (/home/gildas/projects/marmelab/javascript-boilerplate/src/api/orders/orderRepository.js:24:61)
       at Object.userId [as selectByUserId] (/home/gildas/projects/marmelab/javascript-boilerplate/src/api/orders/orderRepository.js:24:61)
       at Object.userId [as selectByUserId] (/home/gildas/projects/marmelab/javascript-boilerplate/src/api/orders/orderRepository.js:24:61)
       at Object.userId [as selectByUserId] (/home/gildas/projects/marmelab/javascript-boilerplate/src/api/orders/orderRepository.js:24:61)
       at Object.userId [as selectByUserId] (/home/gildas/projects/marmelab/javascript-boilerplate/src/api/orders/orderRepository.js:24:61)
       at Object.userId [as selectByUserId] (/home/gildas/projects/marmelab/javascript-boilerplate/src/api/orders/orderRepository.js:24:61)
       at Object.userId [as selectByUserId] (/home/gildas/projects/marmelab/javascript-boilerplate/src/api/orders/orderRepository.js:24:61)
       at Object.userId [as selectByUserId] (/home/gildas/projects/marmelab/javascript-boilerplate/src/api/orders/orderRepository.js:24:61)
       at Object.userId [as selectByUserId] (/home/gildas/projects/marmelab/javascript-boilerplate/src/api/orders/orderRepository.js:24:61)
       at Object.userId [as selectByUserId] (/home/gildas/projects/marmelab/javascript-boilerplate/src/api/orders/orderRepository.js:24:61)
       at Object.userId [as selectByUserId] (/home/gildas/projects/marmelab/javascript-boilerplate/src/api/orders/orderRepository.js:24:61)
       at Object.userId [as selectByUserId] (/home/gildas/projects/marmelab/javascript-boilerplate/src/api/orders/orderRepository.js:24:61)
       at Object.userId [as selectByUserId] (/home/gildas/projects/marmelab/javascript-boilerplate/src/api/orders/orderRepository.js:24:61)
       at Object.userId [as selectByUserId] (/home/gildas/projects/marmelab/javascript-boilerplate/src/api/orders/orderRepository.js:24:61)
       at Object.userId [as selectByUserId] (/home/gildas/projects/marmelab/javascript-boilerplate/src/api/orders/orderRepository.js:24:61)
       at Object.userId [as selectByUserId] (/home/gildas/projects/marmelab/javascript-boilerplate/src/api/orders/orderRepository.js:24:61)
       at Object.userId [as selectByUserId] (/home/gildas/projects/marmelab/javascript-boilerplate/src/api/orders/orderRepository.js:24:61)
       at Object.userId [as selectByUserId] (/home/gildas/projects/marmelab/javascript-boilerplate/src/api/orders/orderRepository.js:24:61)
       at Object.userId [as selectByUserId] (/home/gildas/projects/marmelab/javascript-boilerplate/src/api/orders/orderRepository.js:24:61)
       at Object.userId [as selectByUserId] (/home/gildas/projects/marmelab/javascript-boilerplate/src/api/orders/orderRepository.js:24:61)
       at Object.userId [as selectByUserId] (/home/gildas/projects/marmelab/javascript-boilerplate/src/api/orders/orderRepository.js:24:61)
       at Object.userId [as selectByUserId] (/home/gildas/projects/marmelab/javascript-boilerplate/src/api/orders/orderRepository.js:24:61)
       at Object.userId [as selectByUserId] (/home/gildas/projects/marmelab/javascript-boilerplate/src/api/orders/orderRepository.js:24:61)
       at Object.userId [as selectByUserId] (/home/gildas/projects/marmelab/javascript-boilerplate/src/api/orders/orderRepository.js:24:61)
       at Object.userId [as selectByUserId] (/home/gildas/projects/marmelab/javascript-boilerplate/src/api/orders/orderRepository.js:24:61)
       at Object.userId [as selectByUserId] (/home/gildas/projects/marmelab/javascript-boilerplate/src/api/orders/orderRepository.js:24:61)
       at Object.userId [as selectByUserId] (/home/gildas/projects/marmelab/javascript-boilerplate/src/api/orders/orderRepository.js:24:61)
       at Object.userId [as selectByUserId] (/home/gildas/projects/marmelab/javascript-boilerplate/src/api/orders/orderRepository.js:24:61)
       at Object.userId [as selectByUserId] (/home/gildas/projects/marmelab/javascript-boilerplate/src/api/orders/orderRepository.js:24:61)
       at Object.userId [as selectByUserId] (/home/gildas/projects/marmelab/javascript-boilerplate/src/api/orders/orderRepository.js:24:61)
       at Object.userId [as selectByUserId] (/home/gildas/projects/marmelab/javascript-boilerplate/src/api/orders/orderRepository.js:24:61)
       at Object.userId [as selectByUserId] (/home/gildas/projects/marmelab/javascript-boilerplate/src/api/orders/orderRepository.js:24:61)
       at Object.userId [as selectByUserId] (/home/gildas/projects/marmelab/javascript-boilerplate/src/api/orders/orderRepository.js:24:61)
       at Object.userId [as selectByUserId] (/home/gildas/projects/marmelab/javascript-boilerplate/src/api/orders/orderRepository.js:24:61)
       at Object.userId [as selectByUserId] (/home/gildas/projects/marmelab/javascript-boilerplate/src/api/orders/orderRepository.js:24:61)
       at Object.userId [as selectByUserId] (/home/gildas/projects/marmelab/javascript-boilerplate/src/api/orders/orderRepository.js:24:61)
       at Object.userId [as selectByUserId] (/home/gildas/projects/marmelab/javascript-boilerplate/src/api/orders/orderRepository.js:24:61)
       at Object.userId [as selectByUserId] (/home/gildas/projects/marmelab/javascript-boilerplate/src/api/orders/orderRepository.js:24:61)
       at Object.userId [as selectByUserId] (/home/gildas/projects/marmelab/javascript-boilerplate/src/api/orders/orderRepository.js:24:61)
       at Object.userId [as selectByUserId] (/home/gildas/projects/marmelab/javascript-boilerplate/src/api/orders/orderRepository.js:24:61)
       at Object.userId [as selectByUserId] (/home/gildas/projects/marmelab/javascript-boilerplate/src/api/orders/orderRepository.js:24:61)
       at Object.userId [as selectByUserId] (/home/gildas/projects/marmelab/javascript-boilerplate/src/api/orders/orderRepository.js:24:61)
       at Object.userId [as selectByUserId] (/home/gildas/projects/marmelab/javascript-boilerplate/src/api/orders/orderRepository.js:24:61)
       at Object.userId [as selectByUserId] (/home/gildas/projects/marmelab/javascript-boilerplate/src/api/orders/orderRepository.js:24:61)
       at Object.userId [as selectByUserId] (/home/gildas/projects/marmelab/javascript-boilerplate/src/api/orders/orderRepository.js:24:61)
       at Object.userId [as selectByUserId] (/home/gildas/projects/marmelab/javascript-boilerplate/src/api/orders/orderRepository.js:24:61)
       at Object.userId [as selectByUserId] (/home/gildas/projects/marmelab/javascript-boilerplate/src/api/orders/orderRepository.js:24:61)
       at Object.userId [as selectByUserId] (/home/gildas/projects/marmelab/javascript-boilerplate/src/api/orders/orderRepository.js:24:61)
       at Object.userId [as selectByUserId] (/home/gildas/projects/marmelab/javascript-boilerplate/src/api/orders/orderRepository.js:24:61)
       at Object.userId [as selectByUserId] (/home/gildas/projects/marmelab/javascript-boilerplate/src/api/orders/orderRepository.js:24:61)
       at Object.userId [as selectByUserId] (/home/gildas/projects/marmelab/javascript-boilerplate/src/api/orders/orderRepository.js:24:61)
       at Object.userId [as selectByUserId] (/home/gildas/projects/marmelab/javascript-boilerplate/src/api/orders/orderRepository.js:24:61)
       at Object.userId [as selectByUserId] (/home/gildas/projects/marmelab/javascript-boilerplate/src/api/orders/orderRepository.js:24:61)
       at Object.userId [as selectByUserId] (/home/gildas/projects/marmelab/javascript-boilerplate/src/api/orders/orderRepository.js:24:61)
       at Object.userId [as selectByUserId] (/home/gildas/projects/marmelab/javascript-boilerplate/src/api/orders/orderRepository.js:24:61)
       at Object.userId [as selectByUserId] (/home/gildas/projects/marmelab/javascript-boilerplate/src/api/orders/orderRepository.js:24:61)
       at Object.userId [as selectByUserId] (/home/gildas/projects/marmelab/javascript-boilerplate/src/api/orders/orderRepository.js:24:61)
       at Object.userId [as selectByUserId] (/home/gildas/projects/marmelab/javascript-boilerplate/src/api/orders/orderRepository.js:24:61)
       at Object.userId [as selectByUserId] (/home/gildas/projects/marmelab/javascript-boilerplate/src/api/orders/orderRepository.js:24:61)
       at Object.userId [as selectByUserId] (/home/gildas/projects/marmelab/javascript-boilerplate/src/api/orders/orderRepository.js:24:61)
       at Object.userId [as selectByUserId] (/home/gildas/projects/marmelab/javascript-boilerplate/src/api/orders/orderRepository.js:24:61)
       at Object.userId [as selectByUserId] (/home/gildas/projects/marmelab/javascript-boilerplate/src/api/orders/orderRepository.js:24:61)
       at Object.userId [as selectByUserId] (/home/gildas/projects/marmelab/javascript-boilerplate/src/api/orders/orderRepository.js:24:61)
       at Object.userId [as selectByUserId] (/home/gildas/projects/marmelab/javascript-boilerplate/src/api/orders/orderRepository.js:24:61)
       at Object.userId [as selectByUserId] (/home/gildas/projects/marmelab/javascript-boilerplate/src/api/orders/orderRepository.js:24:61)
       at Object.userId [as selectByUserId] (/home/gildas/projects/marmelab/javascript-boilerplate/src/api/orders/orderRepository.js:24:61)
       at Object.userId [as selectByUserId] (/home/gildas/projects/marmelab/javascript-boilerplate/src/api/orders/orderRepository.js:24:61)
       at Object.userId [as selectByUserId] (/home/gildas/projects/marmelab/javascript-boilerplate/src/api/orders/orderRepository.js:24:61)
       at Object.userId [as selectByUserId] (/home/gildas/projects/marmelab/javascript-boilerplate/src/api/orders/orderRepository.js:24:61)
       at Object.userId [as selectByUserId] (/home/gildas/projects/marmelab/javascript-boilerplate/src/api/orders/orderRepository.js:24:61)
       at Object.userId [as selectByUserId] (/home/gildas/projects/marmelab/javascript-boilerplate/src/api/orders/orderRepository.js:24:61)
       at Object.userId [as selectByUserId] (/home/gildas/projects/marmelab/javascript-boilerplate/src/api/orders/orderRepository.js:24:61)
       at Object.userId [as selectByUserId] (/home/gildas/projects/marmelab/javascript-boilerplate/src/api/orders/orderRepository.js:24:61)
       at Object.userId [as selectByUserId] (/home/gildas/projects/marmelab/javascript-boilerplate/src/api/orders/orderRepository.js:24:61)
       at Object.userId [as selectByUserId] (/home/gildas/projects/marmelab/javascript-boilerplate/src/api/orders/orderRepository.js:24:61)
       at Object.userId [as selectByUserId] (/home/gildas/projects/marmelab/javascript-boilerplate/src/api/orders/orderRepository.js:24:61)
       at Object.userId [as selectByUserId] (/home/gildas/projects/marmelab/javascript-boilerplate/src/api/orders/orderRepository.js:24:61)
       at Object.userId [as selectByUserId] (/home/gildas/projects/marmelab/javascript-boilerplate/src/api/orders/orderRepository.js:24:61)
       at Object.userId [as selectByUserId] (/home/gildas/projects/marmelab/javascript-boilerplate/src/api/orders/orderRepository.js:24:61)
       at Object.userId [as selectByUserId] (/home/gildas/projects/marmelab/javascript-boilerplate/src/api/orders/orderRepository.js:24:61)
       at Object.userId [as selectByUserId] (/home/gildas/projects/marmelab/javascript-boilerplate/src/api/orders/orderRepository.js:24:61)
       at Object.userId [as selectByUserId] (/home/gildas/projects/marmelab/javascript-boilerplate/src/api/orders/orderRepository.js:24:61)
       at Object.userId [as selectByUserId] (/home/gildas/projects/marmelab/javascript-boilerplate/src/api/orders/orderRepository.js:24:61)
       at Object.userId [as selectByUserId] (/home/gildas/projects/marmelab/javascript-boilerplate/src/api/orders/orderRepository.js:24:61)
       at Object.userId [as selectByUserId] (/home/gildas/projects/marmelab/javascript-boilerplate/src/api/orders/orderRepository.js:24:61)
       at Object.userId [as selectByUserId] (/home/gildas/projects/marmelab/javascript-boilerplate/src/api/orders/orderRepository.js:24:61)
       at Object.userId [as selectByUserId] (/home/gildas/projects/marmelab/javascript-boilerplate/src/api/orders/orderRepository.js:24:61)
       at Object.userId [as selectByUserId] (/home/gildas/projects/marmelab/javascript-boilerplate/src/api/orders/orderRepository.js:24:61)
       at Object.userId [as selectByUserId] (/home/gildas/projects/marmelab/javascript-boilerplate/src/api/orders/orderRepository.js:24:61)
       at Object.userId [as selectByUserId] (/home/gildas/projects/marmelab/javascript-boilerplate/src/api/orders/orderRepository.js:24:61)
       at Object.userId [as selectByUserId] (/home/gildas/projects/marmelab/javascript-boilerplate/src/api/orders/orderRepository.js:24:61)
       at Object.userId [as selectByUserId] (/home/gildas/projects/marmelab/javascript-boilerplate/src/api/orders/orderRepository.js:24:61)
       at Object.userId [as selectByUserId] (/home/gildas/projects/marmelab/javascript-boilerplate/src/api/orders/orderRepository.js:24:61)
       at Object.userId [as selectByUserId] (/home/gildas/projects/marmelab/javascript-boilerplate/src/api/orders/orderRepository.js:24:61)
       at Object.userId [as selectByUserId] (/home/gildas/projects/marmelab/javascript-boilerplate/src/api/orders/orderRepository.js:24:61)
       at Object.userId [as selectByUserId] (/home/gildas/projects/marmelab/javascript-boilerplate/src/api/orders/orderRepository.js:24:61)
       at Object.userId [as selectByUserId] (/home/gildas/projects/marmelab/javascript-boilerplate/src/api/orders/orderRepository.js:24:61)
       at Object.userId [as selectByUserId] (/home/gildas/projects/marmelab/javascript-boilerplate/src/api/orders/orderRepository.js:24:61)
       at Object.userId [as selectByUserId] (/home/gildas/projects/marmelab/javascript-boilerplate/src/api/orders/orderRepository.js:24:61)
       at Object.userId [as selectByUserId] (/home/gildas/projects/marmelab/javascript-boilerplate/src/api/orders/orderRepository.js:24:61)
       at Object.userId [as selectByUserId] (/home/gildas/projects/marmelab/javascript-boilerplate/src/api/orders/orderRepository.js:24:61)
       at Object.userId [as selectByUserId] (/home/gildas/projects/marmelab/javascript-boilerplate/src/api/orders/orderRepository.js:24:61)
       at Object.userId [as selectByUserId] (/home/gildas/projects/marmelab/javascript-boilerplate/src/api/orders/orderRepository.js:24:61)
       at Object.userId [as selectByUserId] (/home/gildas/projects/marmelab/javascript-boilerplate/src/api/orders/orderRepository.js:24:61)
       at Object.userId [as selectByUserId] (/home/gildas/projects/marmelab/javascript-boilerplate/src/api/orders/orderRepository.js:24:61)
       at Object.userId [as selectByUserId] (/home/gildas/projects/marmelab/javascript-boilerplate/src/api/orders/orderRepository.js:24:61)
       at Object.userId [as selectByUserId] (/home/gildas/projects/marmelab/javascript-boilerplate/src/api/orders/orderRepository.js:24:61)
       at Object.userId [as selectByUserId] (/home/gildas/projects/marmelab/javascript-boilerplate/src/api/orders/orderRepository.js:24:61)
       at Object.userId [as selectByUserId] (/home/gildas/projects/marmelab/javascript-boilerplate/src/api/orders/orderRepository.js:24:61)
       at Object.userId [as selectByUserId] (/home/gildas/projects/marmelab/javascript-boilerplate/src/api/orders/orderRepository.js:24:61)
       at Object.userId [as selectByUserId] (/home/gildas/projects/marmelab/javascript-boilerplate/src/api/orders/orderRepository.js:24:61)
       at Object.userId [as selectByUserId] (/home/gildas/projects/marmelab/javascript-boilerplate/src/api/orders/orderRepository.js:24:61)
       at Object.userId [as selectByUserId] (/home/gildas/projects/marmelab/javascript-boilerplate/src/api/orders/orderRepository.js:24:61)
       at Object.userId [as selectByUserId] (/home/gildas/projects/marmelab/javascript-boilerplate/src/api/orders/orderRepository.js:24:61)
       at Object.userId [as selectByUserId] (/home/gildas/projects/marmelab/javascript-boilerplate/src/api/orders/orderRepository.js:24:61)
       at Object.userId [as selectByUserId] (/home/gildas/projects/marmelab/javascript-boilerplate/src/api/orders/orderRepository.js:24:61)
       at Object.userId [as selectByUserId] (/home/gildas/projects/marmelab/javascript-boilerplate/src/api/orders/orderRepository.js:24:61)
       at Object.userId [as selectByUserId] (/home/gildas/projects/marmelab/javascript-boilerplate/src/api/orders/orderRepository.js:24:61)
       at Object.userId [as selectByUserId] (/home/gildas/projects/marmelab/javascript-boilerplate/src/api/orders/orderRepository.js:24:61)
       at Object.userId [as selectByUserId] (/home/gildas/projects/marmelab/javascript-boilerplate/src/api/orders/orderRepository.js:24:61)
       at Object.userId [as selectByUserId] (/home/gildas/projects/marmelab/javascript-boilerplate/src/api/orders/orderRepository.js:24:61)
       at Object.userId [as selectByUserId] (/home/gildas/projects/marmelab/javascript-boilerplate/src/api/orders/orderRepository.js:24:61)
       at Object.userId [as selectByUserId] (/home/gildas/projects/marmelab/javascript-boilerplate/src/api/orders/orderRepository.js:24:61)
       at Object.userId [as selectByUserId] (/home/gildas/projects/marmelab/javascript-boilerplate/src/api/orders/orderRepository.js:24:61)
       at Object.userId [as selectByUserId] (/home/gildas/projects/marmelab/javascript-boilerplate/src/api/orders/orderRepository.js:24:61)
       at Object.userId [as selectByUserId] (/home/gildas/projects/marmelab/javascript-boilerplate/src/api/orders/orderRepository.js:24:61)
       at Object.userId [as selectByUserId] (/home/gildas/projects/marmelab/javascript-boilerplate/src/api/orders/orderRepository.js:24:61)
       at Object.userId [as selectByUserId] (/home/gildas/projects/marmelab/javascript-boilerplate/src/api/orders/orderRepository.js:24:61)
       at Object.userId [as selectByUserId] (/home/gildas/projects/marmelab/javascript-boilerplate/src/api/orders/orderRepository.js:24:61)
       at Object.userId [as selectByUserId] (/home/gildas/projects/marmelab/javascript-boilerplate/src/api/orders/orderRepository.js:24:61)
       at Object.userId [as selectByUserId] (/home/gildas/projects/marmelab/javascript-boilerplate/src/api/orders/orderRepository.js:24:61)
       at Object.userId [as selectByUserId] (/home/gildas/projects/marmelab/javascript-boilerplate/src/api/orders/orderRepository.js:24:61)
       at Object.userId [as selectByUserId] (/home/gildas/projects/marmelab/javascript-boilerplate/src/api/orders/orderRepository.js:24:61)
       at Object.userId [as selectByUserId] (/home/gildas/projects/marmelab/javascript-boilerplate/src/api/orders/orderRepository.js:24:61)
       at Object.userId [as selectByUserId] (/home/gildas/projects/marmelab/javascript-boilerplate/src/api/orders/orderRepository.js:24:61)
       at Object.userId [as selectByUserId] (/home/gildas/projects/marmelab/javascript-boilerplate/src/api/orders/orderRepository.js:24:61)
       at Object.userId [as selectByUserId] (/home/gildas/projects/marmelab/javascript-boilerplate/src/api/orders/orderRepository.js:24:61)
       at Object.userId [as selectByUserId] (/home/gildas/projects/marmelab/javascript-boilerplate/src/api/orders/orderRepository.js:24:61)
       at Object.userId [as selectByUserId] (/home/gildas/projects/marmelab/javascript-boilerplate/src/api/orders/orderRepository.js:24:61)
       at Object.userId [as selectByUserId] (/home/gildas/projects/marmelab/javascript-boilerplate/src/api/orders/orderRepository.js:24:61)
       at Object.userId [as selectByUserId] (/home/gildas/projects/marmelab/javascript-boilerplate/src/api/orders/orderRepository.js:24:61)
       at Object.userId [as selectByUserId] (/home/gildas/projects/marmelab/javascript-boilerplate/src/api/orders/orderRepository.js:24:61)
       at Object.userId [as selectByUserId] (/home/gildas/projects/marmelab/javascript-boilerplate/src/api/orders/orderRepository.js:24:61)
       at Object.userId [as selectByUserId] (/home/gildas/projects/marmelab/javascript-boilerplate/src/api/orders/orderRepository.js:24:61)
       at Object.userId [as selectByUserId] (/home/gildas/projects/marmelab/javascript-boilerplate/src/api/orders/orderRepository.js:24:61)
       at /home/gildas/projects/marmelab/javascript-boilerplate/src/api/orders/orderApiRoutes.js:38:61
       at next (native)
       at c (/home/gildas/projects/marmelab/javascript-boilerplate/src/api/orders/orderApiRoutes.js:54:99)
       at /home/gildas/projects/marmelab/javascript-boilerplate/src/api/orders/orderApiRoutes.js:54:198
       at __async (/home/gildas/projects/marmelab/javascript-boilerplate/src/api/orders/orderApiRoutes.js:54:28)
       at Object.getOrdersForUser (/home/gildas/projects/marmelab/javascript-boilerplate/src/api/orders/orderApiRoutes.js:36:35)
       at /home/gildas/projects/marmelab/javascript-boilerplate/node_modules/koa-route/index.js:37:35
       at dispatch (/home/gildas/projects/marmelab/javascript-boilerplate/node_modules/koa-compose/index.js:44:32)
       at next (/home/gildas/projects/marmelab/javascript-boilerplate/node_modules/koa-compose/index.js:45:18)
       at /home/gildas/projects/marmelab/javascript-boilerplate/node_modules/koa-route/index.js:28:41
       at dispatch (/home/gildas/projects/marmelab/javascript-boilerplate/node_modules/koa-compose/index.js:44:32)
       at next (/home/gildas/projects/marmelab/javascript-boilerplate/node_modules/koa-compose/index.js:45:18)
       at /home/gildas/projects/marmelab/javascript-boilerplate/src/api/lib/middlewares/tokenChecker.js:28:11
       at next (native)
       at c (/home/gildas/projects/marmelab/javascript-boilerplate/src/api/lib/middlewares/tokenChecker.js:31:99)
       at process._tickCallback (internal/process/next_tick.js:103:7) }
      1) should return all connected user's orders


  0 passing (447ms)
  1 failing

  1) /api/orders GET should return all connected user's orders:

      Error: "Not Found"
      + expected - actual

      -404
      +200
      
      at assert (node_modules/expect/lib/assert.js:29:9)
      at Expectation.toEqual (node_modules/expect/lib/Expectation.js:81:30)
      at src/api/e2e/public/apiOrders.js:69:32
      at next (native)
      at c (src/api/e2e/public/apiOrders.js:156:99)
      at process._tickCallback (internal/process/next_tick.js:103:7)



makefile:174 : la recette pour la cible « test-api-functional » a échouée
make: *** [test-api-functional] Erreur 1
NODE_ENV=test ./node_modules/.bin/db-migrate \
	--migrations-dir=./src/migrations \
	--config=config/database.js \
	-e api \
	reset
[INFO] Processed migration 20160221144552-order-product
[INFO] Processed migration 20160211095720-order
[INFO] Processed migration 20160211094942-product
[INFO] Processed migration 20160119145322-user
[INFO] Done
NODE_ENV=test ./node_modules/.bin/db-migrate \
	--migrations-dir=./src/migrations \
	--config=config/database.js \
	-e api \
	up
[INFO] Processed migration 20160119145322-user
[INFO] Processed migration 20160211094942-product
[INFO] Processed migration 20160211095720-order
[INFO] Processed migration 20160221144552-order-product
[INFO] Done
NODE_ENV=test NODE_PORT=3010 ./node_modules/.bin/mocha \
	--require=reify \
	--require=async-to-gen/register \
	--recursive \
	./src/api/e2e
makefile:174 : la recette pour la cible « test-api-functional » a échouée
make: *** [test-api-functional] Interrompre
NODE_ENV=test ./node_modules/.bin/db-migrate \
	--migrations-dir=./src/migrations \
	--config=config/database.js \
	-e api \
	reset
[INFO] Processed migration 20160221144552-order-product
[INFO] Processed migration 20160211095720-order
[INFO] Processed migration 20160211094942-product
[INFO] Processed migration 20160119145322-user
[INFO] Done
NODE_ENV=test ./node_modules/.bin/db-migrate \
	--migrations-dir=./src/migrations \
	--config=config/database.js \
	-e api \
	up
makefile:217 : la recette pour la cible « reset-test-database » a échouée
make: *** [reset-test-database] Interrompre
